uv :   File "Z:\code\doc_vault\examples\basic_usage_v2.py", line 1
At line:1 char:1
+ uv run python examples/basic_usage_v2.py > test_output.txt 2>&1; Get- ...
+ ~~~~~~~~~~~~~~~~~~~~~~~~~~~~~~~~~~~~~~~~~~~~~~~~~~~~~~~~~~~~~~~
    + CategoryInfo          : NotSpecified: (  File "Z:\code..._v2.py", line 1:String) [], RemoteException
    + FullyQualifiedErrorId : NativeCommandError
 
    [-][[-]+[-]][-][[-][[-]+[-]][-]S[-][[-]+[-]][-]U[-][[-]+[-]][-]C[-][[-]+[-]][-]C[-][[-]+[-]][-]E[-][[-]+[-]][-]S[-][[-]+[-]]
[-]S[-][[-]+[-]][-]][-][[-]+[-]][-][[-][[-]+[-]][-][[-][[-]+[-]][-]S[-][[-]+[-]][-]U[-][[-]+[-]][-]C[-][[-]+[-]][-]C[-][[-]+[-]]
[-]E[-][[-]+[-]][-]S[-][[-]+[-]][-]S[-][[-]+[-]][-]][-][[-]+[-]][-]I[-][[-]+[-]][-][[-][[-]+[-]][-]S[-][[-]+[-]][-]U[-][[-]+[-]]
[-]C[-][[-]+[-]][-]C[-][[-]+[-]][-]E[-][[-]+[-]][-]S[-][[-]+[-]][-]S[-][[-]+[-]][-]][-][[-]+[-]][-]N[-][[-]+[-]][-][[-][[-]+[-]]
[-]S[-][[-]+[-]][-]U[-][[-]+[-]][-]C[-][[-]+[-]][-]C[-][[-]+[-]][-]E[-][[-]+[-]][-]S[-][[-]+[-]][-]S[-][[-]+[-]][-]][-][[-]+[-]]
[-]F[-][[-]+[-]][-][[-][[-]+[-]][-]S[-][[-]+[-]][-]U[-][[-]+[-]][-]C[-][[-]+[-]][-]C[-][[-]+[-]][-]E[-][[-]+[-]][-]S[-][[-]+[-]]
[-]S[-][[-]+[-]][-]][-][[-]+[-]][-]O[-][[-]+[-]][-][[-][[-]+[-]][-]S[-][[-]+[-]][-]U[-][[-]+[-]][-]C[-][[-]+[-]][-]C[-][[-]+[-]]
[-]E[-][[-]+[-]][-]S[-][[-]+[-]][-]S[-][[-]+[-]][-]][-][[-]+[-]][-]][-][[-]+[-]][-][[-][[-]+[-]][-]S[-][[-]+[-]][-]U[-][[-]+[-]]
[-]C[-][[-]+[-]][-]C[-][[-]+[-]][-]E[-][[-]+[-]][-]S[-][[-]+[-]][-]S[-][[-]+[-]][-]][-][[-]+[-]][-][[-][[-]+[-]][-][[-][[-]+[-]]
[-]S[-][[-]+[-]][-]U[-][[-]+[-]][-]C[-][[-]+[-]][-]C[-][[-]+[-]][-]E[-][[-]+[-]][-]S[-][[-]+[-]][-]S[-][[-]+[-]][-]][-][[-]+[-]]
[-][[-][[-]+[-]][-][[-][[-]+[-]][-]S[-][[-]+[-]][-]U[-][[-]+[-]][-]C[-][[-]+[-]][-]C[-][[-]+[-]][-]E[-][[-]+[-]][-]S[-][[-]+[-]]
[-]S[-][[-]+[-]][-]][-][[-]+[-]][-]I[-][[-]+[-]][-][[-][[-]+[-]][-]S[-][[-]+[-]][-]U[-][[-]+[-]][-]C[-][[-]+[-]][-]C[-][[-]+[-]]
[-]E[-][[-]+[-]][-]S[-][[-]+[-]][-]S[-][[-]+[-]][-]][-][[-]+[-]][-]N[-][[-]+[-]][-][[-][[-]+[-]][-]S[-][[-]+[-]][-]U[-][[-]+[-]]
[-]C[-][[-]+[-]][-]C[-][[-]+[-]][-]E[-][[-]+[-]][-]S[-][[-]+[-]][-]S[-][[-]+[-]][-]][-][[-]+[-]][-]F[-][[-]+[-]][-][[-][[-]+[-]]
[-]S[-][[-]+[-]][-]U[-][[-]+[-]][-]C[-][[-]+[-]][-]C[-][[-]+[-]][-]E[-][[-]+[-]][-]S[-][[-]+[-]][-]S[-][[-]+[-]][-]][-][[-]+[-]]
[-]O[-][[-]+[-]][-][[-][[-]+[-]][-]S[-][[-]+[-]][-]U[-][[-]+[-]][-]C[-][[-]+[-]][-]C[-][[-]+[-]][-]E[-][[-]+[-]][-]S[-][[-]+[-]]
[-]S[-][[-]+[-]][-]][-][[-]+[-]][-]][-][[-]+[-]][-][[-][[-]+[-]][-]S[-][[-]+[-]][-]U[-][[-]+[-]][-]C[-][[-]+[-]][-]C[-][[-]+[-]]
[-]E[-][[-]+[-]][-]S[-][[-]+[-]][-]S[-][[-]+[-]][-]][-][[-]+[-]][-]>[-][[-]+[-]][-][[-][[-]+[-]][-]S[-][[-]+[-]][-]U[-][[-]+[-]]
[-]C[-][[-]+[-]][-]C[-][[-]+[-]][-]E[-][[-]+[-]][-]S[-][[-]+[-]][-]S[-][[-]+[-]][-]][-][[-]+[-]][-][[-][[-]+[-]][-][[-][[-]+[-]]
[-]S[-][[-]+[-]][-]U[-][[-]+[-]][-]C[-][[-]+[-]][-]C[-][[-]+[-]][-]E[-][[-]+[-]][-]S[-][[-]+[-]][-]S[-][[-]+[-]][-]][-][[-]+[-]]
[-]I[-][[-]+[-]][-][[-][[-]+[-]][-]S[-][[-]+[-]][-]U[-][[-]+[-]][-]C[-][[-]+[-]][-]C[-][[-]+[-]][-]E[-][[-]+[-]][-]S[-][[-]+[-]]
[-]S[-][[-]+[-]][-]][-][[-]+[-]][-]N[-][[-]+[-]][-][[-][[-]+[-]][-]S[-][[-]+[-]][-]U[-][[-]+[-]][-]C[-][[-]+[-]][-]C[-][[-]+[-]]
[-]E[-][[-]+[-]][-]S[-][[-]+[-]][-]S[-][[-]+[-]][-]][-][[-]+[-]][-]F[-][[-]+[-]][-][[-][[-]+[-]][-]S[-][[-]+[-]][-]U[-][[-]+[-]]
[-]C[-][[-]+[-]][-]C[-][[-]+[-]][-]E[-][[-]+[-]][-]S[-][[-]+[-]][-]S[-][[-]+[-]][-]][-][[-]+[-]][-]O[-][[-]+[-]][-][[-][[-]+[-]]
[-]S[-][[-]+[-]][-]U[-][[-]+[-]][-]C[-][[-]+[-]][-]C[-][[-]+[-]][-]E[-][[-]+[-]][-]S[-][[-]+[-]][-]S[-][[-]+[-]][-]][-][[-]+[-]]
[-]][-][[-]+[-]][-][[-][[-]+[-]][-]S[-][[-]+[-]][-]U[-][[-]+[-]][-]C[-][[-]+[-]][-]C[-][[-]+[-]][-]E[-][[-]+[-]][-]S[-][[-]+[-]]
[-]S[-][[-]+[-]][-]][-][[-]+[-]][-]][-][[-]+[-]][-][[-][[-]+[-]][-]S[-][[-]+[-]][-]U[-][[-]+[-]][-]C[-][[-]+[-]][-]C[-][[-]+[-]]
[-]E[-][[-]+[-]][-]S[-][[-]+[-]][-]S[-][[-]+[-]][-]][-][[-]+[-]][-][[-][[-]+[-]][-][[-][[-]+[-]][-]S[-][[-]+[-]][-]U[-][[-]+[-]]
[-]C[-][[-]+[-]][-]C[-][[-]+[-]][-]E[-][[-]+[-]][-]S[-][[-]+[-]][-]S[-][[-]+[-]][-]][-][[-]+[-]][-]I[-][[-]+[-]][-][[-][[-]+[-]]
[-]S[-][[-]+[-]][-]U[-][[-]+[-]][-]C[-][[-]+[-]][-]C[-][[-]+[-]][-]E[-][[-]+[-]][-]S[-][[-]+[-]][-]S[-][[-]+[-]][-]][-][[-]+[-]]
[-]N[-][[-]+[-]][-][[-][[-]+[-]][-]S[-][[-]+[-]][-]U[-][[-]+[-]][-]C[-][[-]+[-]][-]C[-][[-]+[-]][-]E[-][[-]+[-]][-]S[-][[-]+[-]]
[-]S[-][[-]+[-]][-]][-][[-]+[-]][-]F[-][[-]+[-]][-][[-][[-]+[-]][-]S[-][[-]+[-]][-]U[-][[-]+[-]][-]C[-][[-]+[-]][-]C[-][[-]+[-]]
[-]E[-][[-]+[-]][-]S[-][[-]+[-]][-]S[-][[-]+[-]][-]][-][[-]+[-]][-]O[-][[-]+[-]][-][[-][[-]+[-]][-]S[-][[-]+[-]][-]U[-][[-]+[-]]
[-]C[-][[-]+[-]][-]C[-][[-]+[-]][-]E[-][[-]+[-]][-]S[-][[-]+[-]][-]S[-][[-]+[-]][-]][-][[-]+[-]][-]][-][[-]+[-]][-][[-][[-]+[-]]
[-]S[-][[-]+[-]][-]U[-][[-]+[-]][-]C[-][[-]+[-]][-]C[-][[-]+[-]][-]E[-][[-]+[-]][-]S[-][[-]+[-]][-]S[-][[-]+[-]][-]][-][[-]+[-]]
[-][[-][[-]+[-]][-][[-][[-]+[-]][-]S[-][[-]+[-]][-]U[-][[-]+[-]][-]C[-][[-]+[-]][-]C[-][[-]+[-]][-]E[-][[-]+[-]][-]S[-][[-]+[-]]
[-]S[-][[-]+[-]][-]][-][[-]+[-]][-][[-][[-]+[-]][-][[-][[-]+[-]][-]S[-][[-]+[-]][-]U[-][[-]+[-]][-]C[-][[-]+[-]][-]C[-][[-]+[-]]
[-]E[-][[-]+[-]][-]S[-][[-]+[-]][-]S[-][[-]+[-]][-]][-][[-]+[-]][-]I[-][[-]+[-]][-][[-][[-]+[-]][-]S[-][[-]+[-]][-]U[-][[-]+[-]]
[-]C[-][[-]+[-]][-]C[-][[-]+[-]][-]E[-][[-]+[-]][-]S[-][[-]+[-]][-]S[-][[-]+[-]][-]][-][[-]+[-]][-]N[-][[-]+[-]][-][[-][[-]+[-]]
[-]S[-][[-]+[-]][-]U[-][[-]+[-]][-]C[-][[-]+[-]][-]C[-][[-]+[-]][-]E[-][[-]+[-]][-]S[-][[-]+[-]][-]S[-][[-]+[-]][-]][-][[-]+[-]]
[-]F[-][[-]+[-]][-][[-][[-]+[-]][-]S[-][[-]+[-]][-]U[-][[-]+[-]][-]C[-][[-]+[-]][-]C[-][[-]+[-]][-]E[-][[-]+[-]][-]S[-][[-]+[-]]
[-]S[-][[-]+[-]][-]][-][[-]+[-]][-]O[-][[-]+[-]][-][[-][[-]+[-]][-]S[-][[-]+[-]][-]U[-][[-]+[-]][-]C[-][[-]+[-]][-]C[-][[-]+[-]]
[-]E[-][[-]+[-]][-]S[-][[-]+[-]][-]S[-][[-]+[-]][-]][-][[-]+[-]][-]][-][[-]+[-]][-][[-][[-]+[-]][-]S[-][[-]+[-]][-]U[-][[-]+[-]]
[-]C[-][[-]+[-]][-]C[-][[-]+[-]][-]E[-][[-]+[-]][-]S[-][[-]+[-]][-]S[-][[-]+[-]][-]][-][[-]+[-]][-][[-][[-]+[-]][-][[-][[-]+[-]]
[-]S[-][[-]+[-]][-]U[-][[-]+[-]][-]C[-][[-]+[-]][-]C[-][[-]+[-]][-]E[-][[-]+[-]][-]S[-][[-]+[-]][-]S[-][[-]+[-]][-]][-][[-]+[-]]
[-][[-][[-]+[-]][-][[-][[-]+[-]][-]S[-][[-]+[-]][-]U[-][[-]+[-]][-]C[-][[-]+[-]][-]C[-][[-]+[-]][-]E[-][[-]+[-]][-]S[-][[-]+[-]]
[-]S[-][[-]+[-]][-]][-][[-]+[-]][-]I[-][[-]+[-]][-][[-][[-]+[-]][-]S[-][[-]+[-]][-]U[-][[-]+[-]][-]C[-][[-]+[-]][-]C[-][[-]+[-]]
[-]E[-][[-]+[-]][-]S[-][[-]+[-]][-]S[-][[-]+[-]][-]][-][[-]+[-]][-]N[-][[-]+[-]][-][[-][[-]+[-]][-]S[-][[-]+[-]][-]U[-][[-]+[-]]
[-]C[-][[-]+[-]][-]C[-][[-]+[-]][-]E[-][[-]+[-]][-]S[-][[-]+[-]][-]S[-][[-]+[-]][-]][-][[-]+[-]][-]F[-][[-]+[-]][-][[-][[-]+[-]]
[-]S[-][[-]+[-]][-]U[-][[-]+[-]][-]C[-][[-]+[-]][-]C[-][[-]+[-]][-]E[-][[-]+[-]][-]S[-][[-]+[-]][-]S[-][[-]+[-]][-]][-][[-]+[-]]
[-]O[-][[-]+[-]][-][[-][[-]+[-]][-]S[-][[-]+[-]][-]U[-][[-]+[-]][-]C[-][[-]+[-]][-]C[-][[-]+[-]][-]E[-][[-]+[-]][-]S[-][[-]+[-]]
[-]S[-][[-]+[-]][-]][-][[-]+[-]][-]][-][[-]+[-]][-][[-][[-]+[-]][-]S[-][[-]+[-]][-]U[-][[-]+[-]][-]C[-][[-]+[-]][-]C[-][[-]+[-]]
[-]E[-][[-]+[-]][-]S[-][[-]+[-]][-]S[-][[-]+[-]][-]][-][[-]+[-]][-]>[-][[-]+[-]][-][[-][[-]+[-]][-]S[-][[-]+[-]][-]U[-][[-]+[-]]
[-]C[-][[-]+[-]][-]C[-][[-]+[-]][-]E[-][[-]+[-]][-]S[-][[-]+[-]][-]S[-][[-]+[-]][-]][-][[-]+[-]][-][[-][[-]+[-]][-][[-][[-]+[-]]
[-]S[-][[-]+[-]][-]U[-][[-]+[-]][-]C[-][[-]+[-]][-]C[-][[-]+[-]][-]E[-][[-]+[-]][-]S[-][[-]+[-]][-]S[-][[-]+[-]][-]][-][[-]+[-]]
[-]I[-][[-]+[-]][-][[-][[-]+[-]][-]S[-][[-]+[-]][-]U[-][[-]+[-]][-]C[-][[-]+[-]][-]C[-][[-]+[-]][-]E[-][[-]+[-]][-]S[-][[-]+[-]]
[-]S[-][[-]+[-]][-]][-][[-]+[-]][-]N[-][[-]+[-]][-][[-][[-]+[-]][-]S[-][[-]+[-]][-]U[-][[-]+[-]][-]C[-][[-]+[-]][-]C[-][[-]+[-]]
[-]E[-][[-]+[-]][-]S[-][[-]+[-]][-]S[-][[-]+[-]][-]][-][[-]+[-]][-]F[-][[-]+[-]][-][[-][[-]+[-]][-]S[-][[-]+[-]][-]U[-][[-]+[-]]
[-]C[-][[-]+[-]][-]C[-][[-]+[-]][-]E[-][[-]+[-]][-]S[-][[-]+[-]][-]S[-][[-]+[-]][-]][-][[-]+[-]][-]O[-][[-]+[-]][-][[-][[-]+[-]]
[-]S[-][[-]+[-]][-]U[-][[-]+[-]][-]C[-][[-]+[-]][-]C[-][[-]+[-]][-]E[-][[-]+[-]][-]S[-][[-]+[-]][-]S[-][[-]+[-]][-]][-][[-]+[-]]
[-]][-][[-]+[-]][-][[-][[-]+[-]][-]S[-][[-]+[-]][-]U[-][[-]+[-]][-]C[-][[-]+[-]][-]C[-][[-]+[-]][-]E[-][[-]+[-]][-]S[-][[-]+[-]]
[-]S[-][[-]+[-]][-]][-][[-]+[-]][-]][-][[-]+[-]][-][[-][[-]+[-]][-]S[-][[-]+[-]][-]U[-][[-]+[-]][-]C[-][[-]+[-]][-]C[-][[-]+[-]]
[-]E[-][[-]+[-]][-]S[-][[-]+[-]][-]S[-][[-]+[-]][-]][-][[-]+[-]][-][[-][[-]+[-]][-][[-][[-]+[-]][-]S[-][[-]+[-]][-]U[-][[-]+[-]]
[-]C[-][[-]+[-]][-]C[-][[-]+[-]][-]E[-][[-]+[-]][-]S[-][[-]+[-]][-]S[-][[-]+[-]][-]][-][[-]+[-]][-]I[-][[-]+[-]][-][[-][[-]+[-]]
[-]S[-][[-]+[-]][-]U[-][[-]+[-]][-]C[-][[-]+[-]][-]C[-][[-]+[-]][-]E[-][[-]+[-]][-]S[-][[-]+[-]][-]S[-][[-]+[-]][-]][-][[-]+[-]]
[-]N[-][[-]+[-]][-][[-][[-]+[-]][-]S[-][[-]+[-]][-]U[-][[-]+[-]][-]C[-][[-]+[-]][-]C[-][[-]+[-]][-]E[-][[-]+[-]][-]S[-][[-]+[-]]
[-]S[-][[-]+[-]][-]][-][[-]+[-]][-]F[-][[-]+[-]][-][[-][[-]+[-]][-]S[-][[-]+[-]][-]U[-][[-]+[-]][-]C[-][[-]+[-]][-]C[-][[-]+[-]]
[-]E[-][[-]+[-]][-]S[-][[-]+[-]][-]S[-][[-]+[-]][-]][-][[-]+[-]][-]O[-][[-]+[-]][-][[-][[-]+[-]][-]S[-][[-]+[-]][-]U[-][[-]+[-]]
[-]C[-][[-]+[-]][-]C[-][[-]+[-]][-]E[-][[-]+[-]][-]S[-][[-]+[-]][-]S[-][[-]+[-]][-]][-][[-]+[-]][-]][-][[-]+[-]][-][[-][[-]+[-]]
[-]S[-][[-]+[-]][-]U[-][[-]+[-]][-]C[-][[-]+[-]][-]C[-][[-]+[-]][-]E[-][[-]+[-]][-]S[-][[-]+[-]][-]S[-][[-]+[-]][-]][-][[-]+[-]]
[-]O[-][[-]+[-]][-][[-][[-]+[-]][-]S[-][[-]+[-]][-]U[-][[-]+[-]][-]C[-][[-]+[-]][-]C[-][[-]+[-]][-]E[-][[-]+[-]][-]S[-][[-]+[-]]
[-]S[-][[-]+[-]][-]][-][[-]+[-]][-][[-][[-]+[-]][-][[-][[-]+[-]][-]S[-][[-]+[-]][-]U[-][[-]+[-]][-]C[-][[-]+[-]][-]C[-][[-]+[-]]
[-]E[-][[-]+[-]][-]S[-][[-]+[-]][-]S[-][[-]+[-]][-]][-][[-]+[-]][-]I[-][[-]+[-]][-][[-][[-]+[-]][-]S[-][[-]+[-]][-]U[-][[-]+[-]]
[-]C[-][[-]+[-]][-]C[-][[-]+[-]][-]E[-][[-]+[-]][-]S[-][[-]+[-]][-]S[-][[-]+[-]][-]][-][[-]+[-]][-]N[-][[-]+[-]][-][[-][[-]+[-]]
[-]S[-][[-]+[-]][-]U[-][[-]+[-]][-]C[-][[-]+[-]][-]C[-][[-]+[-]][-]E[-][[-]+[-]][-]S[-][[-]+[-]][-]S[-][[-]+[-]][-]][-][[-]+[-]]
[-]F[-][[-]+[-]][-][[-][[-]+[-]][-]S[-][[-]+[-]][-]U[-][[-]+[-]][-]C[-][[-]+[-]][-]C[-][[-]+[-]][-]E[-][[-]+[-]][-]S[-][[-]+[-]]
[-]S[-][[-]+[-]][-]][-][[-]+[-]][-]O[-][[-]+[-]][-][[-][[-]+[-]][-]S[-][[-]+[-]][-]U[-][[-]+[-]][-]C[-][[-]+[-]][-]C[-][[-]+[-]]
[-]E[-][[-]+[-]][-]S[-][[-]+[-]][-]S[-][[-]+[-]][-]][-][[-]+[-]][-]][-][[-]+[-]][-][[-][[-]+[-]][-]S[-][[-]+[-]][-]U[-][[-]+[-]]
[-]C[-][[-]+[-]][-]C[-][[-]+[-]][-]E[-][[-]+[-]][-]S[-][[-]+[-]][-]S[-][[-]+[-]][-]][-][[-]+[-]][-][[-][[-]+[-]][-][[-][[-]+[-]]
[-]S[-][[-]+[-]][-]U[-][[-]+[-]][-]C[-][[-]+[-]][-]C[-][[-]+[-]][-]E[-][[-]+[-]][-]S[-][[-]+[-]][-]S[-][[-]+[-]][-]][-][[-]+[-]]
[-][[-][[-]+[-]][-][[-][[-]+[-]][-]S[-][[-]+[-]][-]U[-][[-]+[-]][-]C[-][[-]+[-]][-]C[-][[-]+[-]][-]E[-][[-]+[-]][-]S[-][[-]+[-]]
[-]S[-][[-]+[-]][-]][-][[-]+[-]][-]I[-][[-]+[-]][-][[-][[-]+[-]][-]S[-][[-]+[-]][-]U[-][[-]+[-]][-]C[-][[-]+[-]][-]C[-][[-]+[-]]
[-]E[-][[-]+[-]][-]S[-][[-]+[-]][-]S[-][[-]+[-]][-]][-][[-]+[-]][-]N[-][[-]+[-]][-][[-][[-]+[-]][-]S[-][[-]+[-]][-]U[-][[-]+[-]]
[-]C[-][[-]+[-]][-]C[-][[-]+[-]][-]E[-][[-]+[-]][-]S[-][[-]+[-]][-]S[-][[-]+[-]][-]][-][[-]+[-]][-]F[-][[-]+[-]][-][[-][[-]+[-]]
[-]S[-][[-]+[-]][-]U[-][[-]+[-]][-]C[-][[-]+[-]][-]C[-][[-]+[-]][-]E[-][[-]+[-]][-]S[-][[-]+[-]][-]S[-][[-]+[-]][-]][-][[-]+[-]]
[-]O[-][[-]+[-]][-][[-][[-]+[-]][-]S[-][[-]+[-]][-]U[-][[-]+[-]][-]C[-][[-]+[-]][-]C[-][[-]+[-]][-]E[-][[-]+[-]][-]S[-][[-]+[-]]
[-]S[-][[-]+[-]][-]][-][[-]+[-]][-]][-][[-]+[-]][-][[-][[-]+[-]][-]S[-][[-]+[-]][-]U[-][[-]+[-]][-]C[-][[-]+[-]][-]C[-][[-]+[-]]
[-]E[-][[-]+[-]][-]S[-][[-]+[-]][-]S[-][[-]+[-]][-]][-][[-]+[-]][-]>[-][[-]+[-]][-][[-][[-]+[-]][-]S[-][[-]+[-]][-]U[-][[-]+[-]]
[-]C[-][[-]+[-]][-]C[-][[-]+[-]][-]E[-][[-]+[-]][-]S[-][[-]+[-]][-]S[-][[-]+[-]][-]][-][[-]+[-]][-][[-][[-]+[-]][-][[-][[-]+[-]]
[-]S[-][[-]+[-]][-]U[-][[-]+[-]][-]C[-][[-]+[-]][-]C[-][[-]+[-]][-]E[-][[-]+[-]][-]S[-][[-]+[-]][-]S[-][[-]+[-]][-]][-][[-]+[-]]
[-]I[-][[-]+[-]][-][[-][[-]+[-]][-]S[-][[-]+[-]][-]U[-][[-]+[-]][-]C[-][[-]+[-]][-]C[-][[-]+[-]][-]E[-][[-]+[-]][-]S[-][[-]+[-]]
[-]S[-][[-]+[-]][-]][-][[-]+[-]][-]N[-][[-]+[-]][-][[-][[-]+[-]][-]S[-][[-]+[-]][-]U[-][[-]+[-]][-]C[-][[-]+[-]][-]C[-][[-]+[-]]
[-]E[-][[-]+[-]][-]S[-][[-]+[-]][-]S[-][[-]+[-]][-]][-][[-]+[-]][-]F[-][[-]+[-]][-][[-][[-]+[-]][-]S[-][[-]+[-]][-]U[-][[-]+[-]]
[-]C[-][[-]+[-]][-]C[-][[-]+[-]][-]E[-][[-]+[-]][-]S[-][[-]+[-]][-]S[-][[-]+[-]][-]][-][[-]+[-]][-]O[-][[-]+[-]][-][[-][[-]+[-]]
[-]S[-][[-]+[-]][-]U[-][[-]+[-]][-]C[-][[-]+[-]][-]C[-][[-]+[-]][-]E[-][[-]+[-]][-]S[-][[-]+[-]][-]S[-][[-]+[-]][-]][-][[-]+[-]]
[-]][-][[-]+[-]][-][[-][[-]+[-]][-]S[-][[-]+[-]][-]U[-][[-]+[-]][-]C[-][[-]+[-]][-]C[-][[-]+[-]][-]E[-][[-]+[-]][-]S[-][[-]+[-]]
[-]S[-][[-]+[-]][-]][-][[-]+[-]][-]][-][[-]+[-]][-][[-][[-]+[-]][-]S[-][[-]+[-]][-]U[-][[-]+[-]][-]C[-][[-]+[-]][-]C[-][[-]+[-]]
[-]E[-][[-]+[-]][-]S[-][[-]+[-]][-]S[-][[-]+[-]][-]][-][[-]+[-]][-][[-][[-]+[-]][-][[-][[-]+[-]][-]S[-][[-]+[-]][-]U[-][[-]+[-]]
[-]C[-][[-]+[-]][-]C[-][[-]+[-]][-]E[-][[-]+[-]][-]S[-][[-]+[-]][-]S[-][[-]+[-]][-]][-][[-]+[-]][-]I[-][[-]+[-]][-][[-][[-]+[-]]
[-]S[-][[-]+[-]][-]U[-][[-]+[-]][-]C[-][[-]+[-]][-]C[-][[-]+[-]][-]E[-][[-]+[-]][-]S[-][[-]+[-]][-]S[-][[-]+[-]][-]][-][[-]+[-]]
[-]N[-][[-]+[-]][-][[-][[-]+[-]][-]S[-][[-]+[-]][-]U[-][[-]+[-]][-]C[-][[-]+[-]][-]C[-][[-]+[-]][-]E[-][[-]+[-]][-]S[-][[-]+[-]]
[-]S[-][[-]+[-]][-]][-][[-]+[-]][-]F[-][[-]+[-]][-][[-][[-]+[-]][-]S[-][[-]+[-]][-]U[-][[-]+[-]][-]C[-][[-]+[-]][-]C[-][[-]+[-]]
[-]E[-][[-]+[-]][-]S[-][[-]+[-]][-]S[-][[-]+[-]][-]][-][[-]+[-]][-]O[-][[-]+[-]][-][[-][[-]+[-]][-]S[-][[-]+[-]][-]U[-][[-]+[-]]
[-]C[-][[-]+[-]][-]C[-][[-]+[-]][-]E[-][[-]+[-]][-]S[-][[-]+[-]][-]S[-][[-]+[-]][-]][-][[-]+[-]][-]][-][[-]+[-]][-][[-][[-]+[-]]
[-]S[-][[-]+[-]][-]U[-][[-]+[-]][-]C[-][[-]+[-]][-]C[-][[-]+[-]][-]E[-][[-]+[-]][-]S[-][[-]+[-]][-]S[-][[-]+[-]][-]][-][[-]+[-]]
[-]K[-][[-]+[-]][-][[-][[-]+[-]][-]S[-][[-]+[-]][-]U[-][[-]+[-]][-]C[-][[-]+[-]][-]C[-][[-]+[-]][-]E[-][[-]+[-]][-]S[-][[-]+[-]]
[-]S[-][[-]+[-]][-]][-][[-]+[-]][-][[-][[-]+[-]][-][[-][[-]+[-]][-]S[-][[-]+[-]][-]U[-][[-]+[-]][-]C[-][[-]+[-]][-]C[-][[-]+[-]]
[-]E[-][[-]+[-]][-]S[-][[-]+[-]][-]S[-][[-]+[-]][-]][-][[-]+[-]][-]I[-][[-]+[-]][-][[-][[-]+[-]][-]S[-][[-]+[-]][-]U[-][[-]+[-]]
[-]C[-][[-]+[-]][-]C[-][[-]+[-]][-]E[-][[-]+[-]][-]S[-][[-]+[-]][-]S[-][[-]+[-]][-]][-][[-]+[-]][-]N[-][[-]+[-]][-][[-][[-]+[-]]
[-]S[-][[-]+[-]][-]U[-][[-]+[-]][-]C[-][[-]+[-]][-]C[-][[-]+[-]][-]E[-][[-]+[-]][-]S[-][[-]+[-]][-]S[-][[-]+[-]][-]][-][[-]+[-]]
[-]F[-][[-]+[-]][-][[-][[-]+[-]][-]S[-][[-]+[-]][-]U[-][[-]+[-]][-]C[-][[-]+[-]][-]C[-][[-]+[-]][-]E[-][[-]+[-]][-]S[-][[-]+[-]]
[-]S[-][[-]+[-]][-]][-][[-]+[-]][-]O[-][[-]+[-]][-][[-][[-]+[-]][-]S[-][[-]+[-]][-]U[-][[-]+[-]][-]C[-][[-]+[-]][-]C[-][[-]+[-]]
[-]E[-][[-]+[-]][-]S[-][[-]+[-]][-]S[-][[-]+[-]][-]][-][[-]+[-]][-]][-][[-]+[-]][-][[-][[-]+[-]][-]S[-][[-]+[-]][-]U[-][[-]+[-]]
[-]C[-][[-]+[-]][-]C[-][[-]+[-]][-]E[-][[-]+[-]][-]S[-][[-]+[-]][-]S[-][[-]+[-]][-]][-][[-]+[-]][-][[-][[-]+[-]][-][[-][[-]+[-]]
[-]S[-][[-]+[-]][-]U[-][[-]+[-]][-]C[-][[-]+[-]][-]C[-][[-]+[-]][-]E[-][[-]+[-]][-]S[-][[-]+[-]][-]S[-][[-]+[-]][-]][-][[-]+[-]]
[-][[-][[-]+[-]][-][[-][[-]+[-]][-]S[-][[-]+[-]][-]U[-][[-]+[-]][-]C[-][[-]+[-]][-]C[-][[-]+[-]][-]E[-][[-]+[-]][-]S[-][[-]+[-]]
[-]S[-][[-]+[-]][-]][-][[-]+[-]][-]I[-][[-]+[-]][-][[-][[-]+[-]][-]S[-][[-]+[-]][-]U[-][[-]+[-]][-]C[-][[-]+[-]][-]C[-][[-]+[-]]
[-]E[-][[-]+[-]][-]S[-][[-]+[-]][-]S[-][[-]+[-]][-]][-][[-]+[-]][-]N[-][[-]+[-]][-][[-][[-]+[-]][-]S[-][[-]+[-]][-]U[-][[-]+[-]]
[-]C[-][[-]+[-]][-]C[-][[-]+[-]][-]E[-][[-]+[-]][-]S[-][[-]+[-]][-]S[-][[-]+[-]][-]][-][[-]+[-]][-]F[-][[-]+[-]][-][[-][[-]+[-]]
[-]S[-][[-]+[-]][-]U[-][[-]+[-]][-]C[-][[-]+[-]][-]C[-][[-]+[-]][-]E[-][[-]+[-]][-]S[-][[-]+[-]][-]S[-][[-]+[-]][-]][-][[-]+[-]]
[-]O[-][[-]+[-]][-][[-][[-]+[-]][-]S[-][[-]+[-]][-]U[-][[-]+[-]][-]C[-][[-]+[-]][-]C[-][[-]+[-]][-]E[-][[-]+[-]][-]S[-][[-]+[-]]
[-]S[-][[-]+[-]][-]][-][[-]+[-]][-]][-][[-]+[-]][-][[-][[-]+[-]][-]S[-][[-]+[-]][-]U[-][[-]+[-]][-]C[-][[-]+[-]][-]C[-][[-]+[-]]
[-]E[-][[-]+[-]][-]S[-][[-]+[-]][-]S[-][[-]+[-]][-]][-][[-]+[-]][-]>[-][[-]+[-]][-][[-][[-]+[-]][-]S[-][[-]+[-]][-]U[-][[-]+[-]]
[-]C[-][[-]+[-]][-]C[-][[-]+[-]][-]E[-][[-]+[-]][-]S[-][[-]+[-]][-]S[-][[-]+[-]][-]][-][[-]+[-]][-][[-][[-]+[-]][-][[-][[-]+[-]]
[-]S[-][[-]+[-]][-]U[-][[-]+[-]][-]C[-][[-]+[-]][-]C[-][[-]+[-]][-]E[-][[-]+[-]][-]S[-][[-]+[-]][-]S[-][[-]+[-]][-]][-][[-]+[-]]
[-]I[-][[-]+[-]][-][[-][[-]+[-]][-]S[-][[-]+[-]][-]U[-][[-]+[-]][-]C[-][[-]+[-]][-]C[-][[-]+[-]][-]E[-][[-]+[-]][-]S[-][[-]+[-]]
[-]S[-][[-]+[-]][-]][-][[-]+[-]][-]N[-][[-]+[-]][-][[-][[-]+[-]][-]S[-][[-]+[-]][-]U[-][[-]+[-]][-]C[-][[-]+[-]][-]C[-][[-]+[-]]
[-]E[-][[-]+[-]][-]S[-][[-]+[-]][-]S[-][[-]+[-]][-]][-][[-]+[-]][-]F[-][[-]+[-]][-][[-][[-]+[-]][-]S[-][[-]+[-]][-]U[-][[-]+[-]]
[-]C[-][[-]+[-]][-]C[-][[-]+[-]][-]E[-][[-]+[-]][-]S[-][[-]+[-]][-]S[-][[-]+[-]][-]][-][[-]+[-]][-]O[-][[-]+[-]][-][[-][[-]+[-]]
[-]S[-][[-]+[-]][-]U[-][[-]+[-]][-]C[-][[-]+[-]][-]C[-][[-]+[-]][-]E[-][[-]+[-]][-]S[-][[-]+[-]][-]S[-][[-]+[-]][-]][-][[-]+[-]]
[-]][-][[-]+[-]][-][[-][[-]+[-]][-]S[-][[-]+[-]][-]U[-][[-]+[-]][-]C[-][[-]+[-]][-]C[-][[-]+[-]][-]E[-][[-]+[-]][-]S[-][[-]+[-]]
[-]S[-][[-]+[-]][-]][-][[-]+[-]][-]][-][[-]+[-]][-][[-][[-]+[-]][-]S[-][[-]+[-]][-]U[-][[-]+[-]][-]C[-][[-]+[-]][-]C[-][[-]+[-]]
[-]E[-][[-]+[-]][-]S[-][[-]+[-]][-]S[-][[-]+[-]][-]][-][[-]+[-]][-][[-][[-]+[-]][-][[-][[-]+[-]][-]S[-][[-]+[-]][-]U[-][[-]+[-]]
[-]C[-][[-]+[-]][-]C[-][[-]+[-]][-]E[-][[-]+[-]][-]S[-][[-]+[-]][-]S[-][[-]+[-]][-]][-][[-]+[-]][-]I[-][[-]+[-]][-][[-][[-]+[-]]
[-]S[-][[-]+[-]][-]U[-][[-]+[-]][-]C[-][[-]+[-]][-]C[-][[-]+[-]][-]E[-][[-]+[-]][-]S[-][[-]+[-]][-]S[-][[-]+[-]][-]][-][[-]+[-]]
[-]N[-][[-]+[-]][-][[-][[-]+[-]][-]S[-][[-]+[-]][-]U[-][[-]+[-]][-]C[-][[-]+[-]][-]C[-][[-]+[-]][-]E[-][[-]+[-]][-]S[-][[-]+[-]]
[-]S[-][[-]+[-]][-]][-][[-]+[-]][-]F[-][[-]+[-]][-][[-][[-]+[-]][-]S[-][[-]+[-]][-]U[-][[-]+[-]][-]C[-][[-]+[-]][-]C[-][[-]+[-]]
[-]E[-][[-]+[-]][-]S[-][[-]+[-]][-]S[-][[-]+[-]][-]][-][[-]+[-]][-]O[-][[-]+[-]][-][[-][[-]+[-]][-]S[-][[-]+[-]][-]U[-][[-]+[-]]
[-]C[-][[-]+[-]][-]C[-][[-]+[-]][-]E[-][[-]+[-]][-]S[-][[-]+[-]][-]S[-][[-]+[-]][-]][-][[-]+[-]][-]][-][[-]+[-]][-][[-][[-]+[-]]
[-]S[-][[-]+[-]][-]U[-][[-]+[-]][-]C[-][[-]+[-]][-]C[-][[-]+[-]][-]E[-][[-]+[-]][-]S[-][[-]+[-]][-]S[-][[-]+[-]][-]][-][[-]+[-]]
[-]][-][[-]+[-]][-][[-][[-]+[-]][-]S[-][[-]+[-]][-]U[-][[-]+[-]][-]C[-][[-]+[-]][-]C[-][[-]+[-]][-]E[-][[-]+[-]][-]S[-][[-]+[-]]
[-]S[-][[-]+[-]][-]][-][[-]+[-]][-][[-][[-]+[-]][-][[-][[-]+[-]][-]S[-][[-]+[-]][-]U[-][[-]+[-]][-]C[-][[-]+[-]][-]C[-][[-]+[-]]
[-]E[-][[-]+[-]][-]S[-][[-]+[-]][-]S[-][[-]+[-]][-]][-][[-]+[-]][-]I[-][[-]+[-]][-][[-][[-]+[-]][-]S[-][[-]+[-]][-]U[-][[-]+[-]]
[-]C[-][[-]+[-]][-]C[-][[-]+[-]][-]E[-][[-]+[-]][-]S[-][[-]+[-]][-]S[-][[-]+[-]][-]][-][[-]+[-]][-]N[-][[-]+[-]][-][[-][[-]+[-]]
[-]S[-][[-]+[-]][-]U[-][[-]+[-]][-]C[-][[-]+[-]][-]C[-][[-]+[-]][-]E[-][[-]+[-]][-]S[-][[-]+[-]][-]S[-][[-]+[-]][-]][-][[-]+[-]]
[-]F[-][[-]+[-]][-][[-][[-]+[-]][-]S[-][[-]+[-]][-]U[-][[-]+[-]][-]C[-][[-]+[-]][-]C[-][[-]+[-]][-]E[-][[-]+[-]][-]S[-][[-]+[-]]
[-]S[-][[-]+[-]][-]][-][[-]+[-]][-]O[-][[-]+[-]][-][[-][[-]+[-]][-]S[-][[-]+[-]][-]U[-][[-]+[-]][-]C[-][[-]+[-]][-]C[-][[-]+[-]]
[-]E[-][[-]+[-]][-]S[-][[-]+[-]][-]S[-][[-]+[-]][-]][-][[-]+[-]][-]][-][[-]+[-]][-][[-][[-]+[-]][-]S[-][[-]+[-]][-]U[-][[-]+[-]]
[-]C[-][[-]+[-]][-]C[-][[-]+[-]][-]E[-][[-]+[-]][-]S[-][[-]+[-]][-]S[-][[-]+[-]][-]][-][[-]+[-]][-][[-][[-]+[-]][-][[-][[-]+[-]]
[-]S[-][[-]+[-]][-]U[-][[-]+[-]][-]C[-][[-]+[-]][-]C[-][[-]+[-]][-]E[-][[-]+[-]][-]S[-][[-]+[-]][-]S[-][[-]+[-]][-]][-][[-]+[-]]
[-][[-][[-]+[-]][-][[-][[-]+[-]][-]S[-][[-]+[-]][-]U[-][[-]+[-]][-]C[-][[-]+[-]][-]C[-][[-]+[-]][-]E[-][[-]+[-]][-]S[-][[-]+[-]]
[-]S[-][[-]+[-]][-]][-][[-]+[-]][-]I[-][[-]+[-]][-][[-][[-]+[-]][-]S[-][[-]+[-]][-]U[-][[-]+[-]][-]C[-][[-]+[-]][-]C[-][[-]+[-]]
[-]E[-][[-]+[-]][-]S[-][[-]+[-]][-]S[-][[-]+[-]][-]][-][[-]+[-]][-]N[-][[-]+[-]][-][[-][[-]+[-]][-]S[-][[-]+[-]][-]U[-][[-]+[-]]
[-]C[-][[-]+[-]][-]C[-][[-]+[-]][-]E[-][[-]+[-]][-]S[-][[-]+[-]][-]S[-][[-]+[-]][-]][-][[-]+[-]][-]F[-][[-]+[-]][-][[-][[-]+[-]]
[-]S[-][[-]+[-]][-]U[-][[-]+[-]][-]C[-][[-]+[-]][-]C[-][[-]+[-]][-]E[-][[-]+[-]][-]S[-][[-]+[-]][-]S[-][[-]+[-]][-]][-][[-]+[-]]
[-]O[-][[-]+[-]][-][[-][[-]+[-]][-]S[-][[-]+[-]][-]U[-][[-]+[-]][-]C[-][[-]+[-]][-]C[-][[-]+[-]][-]E[-][[-]+[-]][-]S[-][[-]+[-]]
[-]S[-][[-]+[-]][-]][-][[-]+[-]][-]][-][[-]+[-]][-][[-][[-]+[-]][-]S[-][[-]+[-]][-]U[-][[-]+[-]][-]C[-][[-]+[-]][-]C[-][[-]+[-]]
[-]E[-][[-]+[-]][-]S[-][[-]+[-]][-]S[-][[-]+[-]][-]][-][[-]+[-]][-]>[-][[-]+[-]][-][[-][[-]+[-]][-]S[-][[-]+[-]][-]U[-][[-]+[-]]
[-]C[-][[-]+[-]][-]C[-][[-]+[-]][-]E[-][[-]+[-]][-]S[-][[-]+[-]][-]S[-][[-]+[-]][-]][-][[-]+[-]][-][[-][[-]+[-]][-][[-][[-]+[-]]
[-]S[-][[-]+[-]][-]U[-][[-]+[-]][-]C[-][[-]+[-]][-]C[-][[-]+[-]][-]E[-][[-]+[-]][-]S[-][[-]+[-]][-]S[-][[-]+[-]][-]][-][[-]+[-]]
[-]I[-][[-]+[-]][-][[-][[-]+[-]][-]S[-][[-]+[-]][-]U[-][[-]+[-]][-]C[-][[-]+[-]][-]C[-][[-]+[-]][-]E[-][[-]+[-]][-]S[-][[-]+[-]]
[-]S[-][[-]+[-]][-]][-][[-]+[-]][-]N[-][[-]+[-]][-][[-][[-]+[-]][-]S[-][[-]+[-]][-]U[-][[-]+[-]][-]C[-][[-]+[-]][-]C[-][[-]+[-]]
[-]E[-][[-]+[-]][-]S[-][[-]+[-]][-]S[-][[-]+[-]][-]][-][[-]+[-]][-]F[-][[-]+[-]][-][[-][[-]+[-]][-]S[-][[-]+[-]][-]U[-][[-]+[-]]
[-]C[-][[-]+[-]][-]C[-][[-]+[-]][-]E[-][[-]+[-]][-]S[-][[-]+[-]][-]S[-][[-]+[-]][-]][-][[-]+[-]][-]O[-][[-]+[-]][-][[-][[-]+[-]]
[-]S[-][[-]+[-]][-]U[-][[-]+[-]][-]C[-][[-]+[-]][-]C[-][[-]+[-]][-]E[-][[-]+[-]][-]S[-][[-]+[-]][-]S[-][[-]+[-]][-]][-][[-]+[-]]
[-]][-][[-]+[-]][-][[-][[-]+[-]][-]S[-][[-]+[-]][-]U[-][[-]+[-]][-]C[-][[-]+[-]][-]C[-][[-]+[-]][-]E[-][[-]+[-]][-]S[-][[-]+[-]]
[-]S[-][[-]+[-]][-]][-][[-]+[-]][-]][-][[-]+[-]][-][[-][[-]+[-]][-]S[-][[-]+[-]][-]U[-][[-]+[-]][-]C[-][[-]+[-]][-]C[-][[-]+[-]]
[-]E[-][[-]+[-]][-]S[-][[-]+[-]][-]S[-][[-]+[-]][-]][-][[-]+[-]][-][[-][[-]+[-]][-][[-][[-]+[-]][-]S[-][[-]+[-]][-]U[-][[-]+[-]]
[-]C[-][[-]+[-]][-]C[-][[-]+[-]][-]E[-][[-]+[-]][-]S[-][[-]+[-]][-]S[-][[-]+[-]][-]][-][[-]+[-]][-]I[-][[-]+[-]][-][[-][[-]+[-]]
[-]S[-][[-]+[-]][-]U[-][[-]+[-]][-]C[-][[-]+[-]][-]C[-][[-]+[-]][-]E[-][[-]+[-]][-]S[-][[-]+[-]][-]S[-][[-]+[-]][-]][-][[-]+[-]]
[-]N[-][[-]+[-]][-][[-][[-]+[-]][-]S[-][[-]+[-]][-]U[-][[-]+[-]][-]C[-][[-]+[-]][-]C[-][[-]+[-]][-]E[-][[-]+[-]][-]S[-][[-]+[-]]
[-]S[-][[-]+[-]][-]][-][[-]+[-]][-]F[-][[-]+[-]][-][[-][[-]+[-]][-]S[-][[-]+[-]][-]U[-][[-]+[-]][-]C[-][[-]+[-]][-]C[-][[-]+[-]]
[-]E[-][[-]+[-]][-]S[-][[-]+[-]][-]S[-][[-]+[-]][-]][-][[-]+[-]][-]O[-][[-]+[-]][-][[-][[-]+[-]][-]S[-][[-]+[-]][-]U[-][[-]+[-]]
[-]C[-][[-]+[-]][-]C[-][[-]+[-]][-]E[-][[-]+[-]][-]S[-][[-]+[-]][-]S[-][[-]+[-]][-]][-][[-]+[-]][-]][-][[-]+[-]][-][[-][[-]+[-]]
[-]S[-][[-]+[-]][-]U[-][[-]+[-]][-]C[-][[-]+[-]][-]C[-][[-]+[-]][-]E[-][[-]+[-]][-]S[-][[-]+[-]][-]S[-][[-]+[-]][-]][-][[-]+[-]]
[-][[-][[-]+[-]][-][[-][[-]+[-]][-]S[-][[-]+[-]][-]U[-][[-]+[-]][-]C[-][[-]+[-]][-]C[-][[-]+[-]][-]E[-][[-]+[-]][-]S[-][[-]+[-]]
[-]S[-][[-]+[-]][-]][-][[-]+[-]][-][[-][[-]+[-]][-][[-][[-]+[-]][-]S[-][[-]+[-]][-]U[-][[-]+[-]][-]C[-][[-]+[-]][-]C[-][[-]+[-]]
[-]E[-][[-]+[-]][-]S[-][[-]+[-]][-]S[-][[-]+[-]][-]][-][[-]+[-]][-]I[-][[-]+[-]][-][[-][[-]+[-]][-]S[-][[-]+[-]][-]U[-][[-]+[-]]
[-]C[-][[-]+[-]][-]C[-][[-]+[-]][-]E[-][[-]+[-]][-]S[-][[-]+[-]][-]S[-][[-]+[-]][-]][-][[-]+[-]][-]N[-][[-]+[-]][-][[-][[-]+[-]]
[-]S[-][[-]+[-]][-]U[-][[-]+[-]][-]C[-][[-]+[-]][-]C[-][[-]+[-]][-]E[-][[-]+[-]][-]S[-][[-]+[-]][-]S[-][[-]+[-]][-]][-][[-]+[-]]
[-]F[-][[-]+[-]][-][[-][[-]+[-]][-]S[-][[-]+[-]][-]U[-][[-]+[-]][-]C[-][[-]+[-]][-]C[-][[-]+[-]][-]E[-][[-]+[-]][-]S[-][[-]+[-]]
[-]S[-][[-]+[-]][-]][-][[-]+[-]][-]O[-][[-]+[-]][-][[-][[-]+[-]][-]S[-][[-]+[-]][-]U[-][[-]+[-]][-]C[-][[-]+[-]][-]C[-][[-]+[-]]
[-]E[-][[-]+[-]][-]S[-][[-]+[-]][-]S[-][[-]+[-]][-]][-][[-]+[-]][-]][-][[-]+[-]][-][[-][[-]+[-]][-]S[-][[-]+[-]][-]U[-][[-]+[-]]
[-]C[-][[-]+[-]][-]C[-][[-]+[-]][-]E[-][[-]+[-]][-]S[-][[-]+[-]][-]S[-][[-]+[-]][-]][-][[-]+[-]][-][[-][[-]+[-]][-][[-][[-]+[-]]
[-]S[-][[-]+[-]][-]U[-][[-]+[-]][-]C[-][[-]+[-]][-]C[-][[-]+[-]][-]E[-][[-]+[-]][-]S[-][[-]+[-]][-]S[-][[-]+[-]][-]][-][[-]+[-]]
[-][[-][[-]+[-]][-][[-][[-]+[-]][-]S[-][[-]+[-]][-]U[-][[-]+[-]][-]C[-][[-]+[-]][-]C[-][[-]+[-]][-]E[-][[-]+[-]][-]S[-][[-]+[-]]
[-]S[-][[-]+[-]][-]][-][[-]+[-]][-]I[-][[-]+[-]][-][[-][[-]+[-]][-]S[-][[-]+[-]][-]U[-][[-]+[-]][-]C[-][[-]+[-]][-]C[-][[-]+[-]]
[-]E[-][[-]+[-]][-]S[-][[-]+[-]][-]S[-][[-]+[-]][-]][-][[-]+[-]][-]N[-][[-]+[-]][-][[-][[-]+[-]][-]S[-][[-]+[-]][-]U[-][[-]+[-]]
[-]C[-][[-]+[-]][-]C[-][[-]+[-]][-]E[-][[-]+[-]][-]S[-][[-]+[-]][-]S[-][[-]+[-]][-]][-][[-]+[-]][-]F[-][[-]+[-]][-][[-][[-]+[-]]
[-]S[-][[-]+[-]][-]U[-][[-]+[-]][-]C[-][[-]+[-]][-]C[-][[-]+[-]][-]E[-][[-]+[-]][-]S[-][[-]+[-]][-]S[-][[-]+[-]][-]][-][[-]+[-]]
[-]O[-][[-]+[-]][-][[-][[-]+[-]][-]S[-][[-]+[-]][-]U[-][[-]+[-]][-]C[-][[-]+[-]][-]C[-][[-]+[-]][-]E[-][[-]+[-]][-]S[-][[-]+[-]]
[-]S[-][[-]+[-]][-]][-][[-]+[-]][-]][-][[-]+[-]][-][[-][[-]+[-]][-]S[-][[-]+[-]][-]U[-][[-]+[-]][-]C[-][[-]+[-]][-]C[-][[-]+[-]]
[-]E[-][[-]+[-]][-]S[-][[-]+[-]][-]S[-][[-]+[-]][-]][-][[-]+[-]][-]>[-][[-]+[-]][-][[-][[-]+[-]][-]S[-][[-]+[-]][-]U[-][[-]+[-]]
[-]C[-][[-]+[-]][-]C[-][[-]+[-]][-]E[-][[-]+[-]][-]S[-][[-]+[-]][-]S[-][[-]+[-]][-]][-][[-]+[-]][-][[-][[-]+[-]][-][[-][[-]+[-]]
[-]S[-][[-]+[-]][-]U[-][[-]+[-]][-]C[-][[-]+[-]][-]C[-][[-]+[-]][-]E[-][[-]+[-]][-]S[-][[-]+[-]][-]S[-][[-]+[-]][-]][-][[-]+[-]]
[-]I[-][[-]+[-]][-][[-][[-]+[-]][-]S[-][[-]+[-]][-]U[-][[-]+[-]][-]C[-][[-]+[-]][-]C[-][[-]+[-]][-]E[-][[-]+[-]][-]S[-][[-]+[-]]
[-]S[-][[-]+[-]][-]][-][[-]+[-]][-]N[-][[-]+[-]][-][[-][[-]+[-]][-]S[-][[-]+[-]][-]U[-][[-]+[-]][-]C[-][[-]+[-]][-]C[-][[-]+[-]]
[-]E[-][[-]+[-]][-]S[-][[-]+[-]][-]S[-][[-]+[-]][-]][-][[-]+[-]][-]F[-][[-]+[-]][-][[-][[-]+[-]][-]S[-][[-]+[-]][-]U[-][[-]+[-]]
[-]C[-][[-]+[-]][-]C[-][[-]+[-]][-]E[-][[-]+[-]][-]S[-][[-]+[-]][-]S[-][[-]+[-]][-]][-][[-]+[-]][-]O[-][[-]+[-]][-][[-][[-]+[-]]
[-]S[-][[-]+[-]][-]U[-][[-]+[-]][-]C[-][[-]+[-]][-]C[-][[-]+[-]][-]E[-][[-]+[-]][-]S[-][[-]+[-]][-]S[-][[-]+[-]][-]][-][[-]+[-]]
[-]][-][[-]+[-]][-][[-][[-]+[-]][-]S[-][[-]+[-]][-]U[-][[-]+[-]][-]C[-][[-]+[-]][-]C[-][[-]+[-]][-]E[-][[-]+[-]][-]S[-][[-]+[-]]
[-]S[-][[-]+[-]][-]][-][[-]+[-]][-]][-][[-]+[-]][-][[-][[-]+[-]][-]S[-][[-]+[-]][-]U[-][[-]+[-]][-]C[-][[-]+[-]][-]C[-][[-]+[-]]
[-]E[-][[-]+[-]][-]S[-][[-]+[-]][-]S[-][[-]+[-]][-]][-][[-]+[-]][-][[-][[-]+[-]][-][[-][[-]+[-]][-]S[-][[-]+[-]][-]U[-][[-]+[-]]
[-]C[-][[-]+[-]][-]C[-][[-]+[-]][-]E[-][[-]+[-]][-]S[-][[-]+[-]][-]S[-][[-]+[-]][-]][-][[-]+[-]][-]I[-][[-]+[-]][-][[-][[-]+[-]]
[-]S[-][[-]+[-]][-]U[-][[-]+[-]][-]C[-][[-]+[-]][-]C[-][[-]+[-]][-]E[-][[-]+[-]][-]S[-][[-]+[-]][-]S[-][[-]+[-]][-]][-][[-]+[-]]
[-]N[-][[-]+[-]][-][[-][[-]+[-]][-]S[-][[-]+[-]][-]U[-][[-]+[-]][-]C[-][[-]+[-]][-]C[-][[-]+[-]][-]E[-][[-]+[-]][-]S[-][[-]+[-]]
[-]S[-][[-]+[-]][-]][-][[-]+[-]][-]F[-][[-]+[-]][-][[-][[-]+[-]][-]S[-][[-]+[-]][-]U[-][[-]+[-]][-]C[-][[-]+[-]][-]C[-][[-]+[-]]
[-]E[-][[-]+[-]][-]S[-][[-]+[-]][-]S[-][[-]+[-]][-]][-][[-]+[-]][-]O[-][[-]+[-]][-][[-][[-]+[-]][-]S[-][[-]+[-]][-]U[-][[-]+[-]]
[-]C[-][[-]+[-]][-]C[-][[-]+[-]][-]E[-][[-]+[-]][-]S[-][[-]+[-]][-]S[-][[-]+[-]][-]][-][[-]+[-]][-]][-][[-]+[-]][-][[-][[-]+[-]]
[-]S[-][[-]+[-]][-]U[-][[-]+[-]][-]C[-][[-]+[-]][-]C[-][[-]+[-]][-]E[-][[-]+[-]][-]S[-][[-]+[-]][-]S[-][[-]+[-]][-]][-][[-]+[-]]
[-][[-][[-]+[-]][-][[-][[-]+[-]][-]S[-][[-]+[-]][-]U[-][[-]+[-]][-]C[-][[-]+[-]][-]C[-][[-]+[-]][-]E[-][[-]+[-]][-]S[-][[-]+[-]]
[-]S[-][[-]+[-]][-]][-][[-]+[-]][-][[-][[-]+[-]][-][[-][[-]+[-]][-]S[-][[-]+[-]][-]U[-][[-]+[-]][-]C[-][[-]+[-]][-]C[-][[-]+[-]]
[-]E[-][[-]+[-]][-]S[-][[-]+[-]][-]S[-][[-]+[-]][-]][-][[-]+[-]][-]I[-][[-]+[-]][-][[-][[-]+[-]][-]S[-][[-]+[-]][-]U[-][[-]+[-]]
[-]C[-][[-]+[-]][-]C[-][[-]+[-]][-]E[-][[-]+[-]][-]S[-][[-]+[-]][-]S[-][[-]+[-]][-]][-][[-]+[-]][-]N[-][[-]+[-]][-][[-][[-]+[-]]
[-]S[-][[-]+[-]][-]U[-][[-]+[-]][-]C[-][[-]+[-]][-]C[-][[-]+[-]][-]E[-][[-]+[-]][-]S[-][[-]+[-]][-]S[-][[-]+[-]][-]][-][[-]+[-]]
[-]F[-][[-]+[-]][-][[-][[-]+[-]][-]S[-][[-]+[-]][-]U[-][[-]+[-]][-]C[-][[-]+[-]][-]C[-][[-]+[-]][-]E[-][[-]+[-]][-]S[-][[-]+[-]]
[-]S[-][[-]+[-]][-]][-][[-]+[-]][-]O[-][[-]+[-]][-][[-][[-]+[-]][-]S[-][[-]+[-]][-]U[-][[-]+[-]][-]C[-][[-]+[-]][-]C[-][[-]+[-]]
[-]E[-][[-]+[-]][-]S[-][[-]+[-]][-]S[-][[-]+[-]][-]][-][[-]+[-]][-]][-][[-]+[-]][-][[-][[-]+[-]][-]S[-][[-]+[-]][-]U[-][[-]+[-]]
[-]C[-][[-]+[-]][-]C[-][[-]+[-]][-]E[-][[-]+[-]][-]S[-][[-]+[-]][-]S[-][[-]+[-]][-]][-][[-]+[-]][-][[-][[-]+[-]][-][[-][[-]+[-]]
[-]S[-][[-]+[-]][-]U[-][[-]+[-]][-]C[-][[-]+[-]][-]C[-][[-]+[-]][-]E[-][[-]+[-]][-]S[-][[-]+[-]][-]S[-][[-]+[-]][-]][-][[-]+[-]]
[-][[-][[-]+[-]][-][[-][[-]+[-]][-]S[-][[-]+[-]][-]U[-][[-]+[-]][-]C[-][[-]+[-]][-]C[-][[-]+[-]][-]E[-][[-]+[-]][-]S[-][[-]+[-]]
[-]S[-][[-]+[-]][-]][-][[-]+[-]][-]I[-][[-]+[-]][-][[-][[-]+[-]][-]S[-][[-]+[-]][-]U[-][[-]+[-]][-]C[-][[-]+[-]][-]C[-][[-]+[-]]
[-]E[-][[-]+[-]][-]S[-][[-]+[-]][-]S[-][[-]+[-]][-]][-][[-]+[-]][-]N[-][[-]+[-]][-][[-][[-]+[-]][-]S[-][[-]+[-]][-]U[-][[-]+[-]]
[-]C[-][[-]+[-]][-]C[-][[-]+[-]][-]E[-][[-]+[-]][-]S[-][[-]+[-]][-]S[-][[-]+[-]][-]][-][[-]+[-]][-]F[-][[-]+[-]][-][[-][[-]+[-]]
[-]S[-][[-]+[-]][-]U[-][[-]+[-]][-]C[-][[-]+[-]][-]C[-][[-]+[-]][-]E[-][[-]+[-]][-]S[-][[-]+[-]][-]S[-][[-]+[-]][-]][-][[-]+[-]]
[-]O[-][[-]+[-]][-][[-][[-]+[-]][-]S[-][[-]+[-]][-]U[-][[-]+[-]][-]C[-][[-]+[-]][-]C[-][[-]+[-]][-]E[-][[-]+[-]][-]S[-][[-]+[-]]
[-]S[-][[-]+[-]][-]][-][[-]+[-]][-]][-][[-]+[-]][-][[-][[-]+[-]][-]S[-][[-]+[-]][-]U[-][[-]+[-]][-]C[-][[-]+[-]][-]C[-][[-]+[-]]
[-]E[-][[-]+[-]][-]S[-][[-]+[-]][-]S[-][[-]+[-]][-]][-][[-]+[-]][-]>[-][[-]+[-]][-][[-][[-]+[-]][-]S[-][[-]+[-]][-]U[-][[-]+[-]]
[-]C[-][[-]+[-]][-]C[-][[-]+[-]][-]E[-][[-]+[-]][-]S[-][[-]+[-]][-]S[-][[-]+[-]][-]][-][[-]+[-]][-][[-][[-]+[-]][-][[-][[-]+[-]]
[-]S[-][[-]+[-]][-]U[-][[-]+[-]][-]C[-][[-]+[-]][-]C[-][[-]+[-]][-]E[-][[-]+[-]][-]S[-][[-]+[-]][-]S[-][[-]+[-]][-]][-][[-]+[-]]
[-]I[-][[-]+[-]][-][[-][[-]+[-]][-]S[-][[-]+[-]][-]U[-][[-]+[-]][-]C[-][[-]+[-]][-]C[-][[-]+[-]][-]E[-][[-]+[-]][-]S[-][[-]+[-]]
[-]S[-][[-]+[-]][-]][-][[-]+[-]][-]N[-][[-]+[-]][-][[-][[-]+[-]][-]S[-][[-]+[-]][-]U[-][[-]+[-]][-]C[-][[-]+[-]][-]C[-][[-]+[-]]
[-]E[-][[-]+[-]][-]S[-][[-]+[-]][-]S[-][[-]+[-]][-]][-][[-]+[-]][-]F[-][[-]+[-]][-][[-][[-]+[-]][-]S[-][[-]+[-]][-]U[-][[-]+[-]]
[-]C[-][[-]+[-]][-]C[-][[-]+[-]][-]E[-][[-]+[-]][-]S[-][[-]+[-]][-]S[-][[-]+[-]][-]][-][[-]+[-]][-]O[-][[-]+[-]][-][[-][[-]+[-]]
[-]S[-][[-]+[-]][-]U[-][[-]+[-]][-]C[-][[-]+[-]][-]C[-][[-]+[-]][-]E[-][[-]+[-]][-]S[-][[-]+[-]][-]S[-][[-]+[-]][-]][-][[-]+[-]]
[-]][-][[-]+[-]][-][[-][[-]+[-]][-]S[-][[-]+[-]][-]U[-][[-]+[-]][-]C[-][[-]+[-]][-]C[-][[-]+[-]][-]E[-][[-]+[-]][-]S[-][[-]+[-]]
[-]S[-][[-]+[-]][-]][-][[-]+[-]][-]][-][[-]+[-]][-][[-][[-]+[-]][-]S[-][[-]+[-]][-]U[-][[-]+[-]][-]C[-][[-]+[-]][-]C[-][[-]+[-]]
[-]E[-][[-]+[-]][-]S[-][[-]+[-]][-]S[-][[-]+[-]][-]][-][[-]+[-]][-][[-][[-]+[-]][-][[-][[-]+[-]][-]S[-][[-]+[-]][-]U[-][[-]+[-]]
[-]C[-][[-]+[-]][-]C[-][[-]+[-]][-]E[-][[-]+[-]][-]S[-][[-]+[-]][-]S[-][[-]+[-]][-]][-][[-]+[-]][-]I[-][[-]+[-]][-][[-][[-]+[-]]
[-]S[-][[-]+[-]][-]U[-][[-]+[-]][-]C[-][[-]+[-]][-]C[-][[-]+[-]][-]E[-][[-]+[-]][-]S[-][[-]+[-]][-]S[-][[-]+[-]][-]][-][[-]+[-]]
[-]N[-][[-]+[-]][-][[-][[-]+[-]][-]S[-][[-]+[-]][-]U[-][[-]+[-]][-]C[-][[-]+[-]][-]C[-][[-]+[-]][-]E[-][[-]+[-]][-]S[-][[-]+[-]]
[-]S[-][[-]+[-]][-]][-][[-]+[-]][-]F[-][[-]+[-]][-][[-][[-]+[-]][-]S[-][[-]+[-]][-]U[-][[-]+[-]][-]C[-][[-]+[-]][-]C[-][[-]+[-]]
[-]E[-][[-]+[-]][-]S[-][[-]+[-]][-]S[-][[-]+[-]][-]][-][[-]+[-]][-]O[-][[-]+[-]][-][[-][[-]+[-]][-]S[-][[-]+[-]][-]U[-][[-]+[-]]
[-]C[-][[-]+[-]][-]C[-][[-]+[-]][-]E[-][[-]+[-]][-]S[-][[-]+[-]][-]S[-][[-]+[-]][-]][-][[-]+[-]][-]][-][[-]+[-]][-][[-][[-]+[-]]
[-]S[-][[-]+[-]][-]U[-][[-]+[-]][-]C[-][[-]+[-]][-]C[-][[-]+[-]][-]E[-][[-]+[-]][-]S[-][[-]+[-]][-]S[-][[-]+[-]][-]][-][[-]+[-]]
[-]O[-][[-]+[-]][-][[-][[-]+[-]][-]S[-][[-]+[-]][-]U[-][[-]+[-]][-]C[-][[-]+[-]][-]C[-][[-]+[-]][-]E[-][[-]+[-]][-]S[-][[-]+[-]]
[-]S[-][[-]+[-]][-]][-][[-]+[-]][-][[-][[-]+[-]][-][[-][[-]+[-]][-]S[-][[-]+[-]][-]U[-][[-]+[-]][-]C[-][[-]+[-]][-]C[-][[-]+[-]]
[-]E[-][[-]+[-]][-]S[-][[-]+[-]][-]S[-][[-]+[-]][-]][-][[-]+[-]][-]I[-][[-]+[-]][-][[-][[-]+[-]][-]S[-][[-]+[-]][-]U[-][[-]+[-]]
[-]C[-][[-]+[-]][-]C[-][[-]+[-]][-]E[-][[-]+[-]][-]S[-][[-]+[-]][-]S[-][[-]+[-]][-]][-][[-]+[-]][-]N[-][[-]+[-]][-][[-][[-]+[-]]
[-]S[-][[-]+[-]][-]U[-][[-]+[-]][-]C[-][[-]+[-]][-]C[-][[-]+[-]][-]E[-][[-]+[-]][-]S[-][[-]+[-]][-]S[-][[-]+[-]][-]][-][[-]+[-]]
[-]F[-][[-]+[-]][-][[-][[-]+[-]][-]S[-][[-]+[-]][-]U[-][[-]+[-]][-]C[-][[-]+[-]][-]C[-][[-]+[-]][-]E[-][[-]+[-]][-]S[-][[-]+[-]]
[-]S[-][[-]+[-]][-]][-][[-]+[-]][-]O[-][[-]+[-]][-][[-][[-]+[-]][-]S[-][[-]+[-]][-]U[-][[-]+[-]][-]C[-][[-]+[-]][-]C[-][[-]+[-]]
[-]E[-][[-]+[-]][-]S[-][[-]+[-]][-]S[-][[-]+[-]][-]][-][[-]+[-]][-]][-][[-]+[-]][-][[-][[-]+[-]][-]S[-][[-]+[-]][-]U[-][[-]+[-]]
[-]C[-][[-]+[-]][-]C[-][[-]+[-]][-]E[-][[-]+[-]][-]S[-][[-]+[-]][-]S[-][[-]+[-]][-]][-][[-]+[-]][-][[-][[-]+[-]][-][[-][[-]+[-]]
[-]S[-][[-]+[-]][-]U[-][[-]+[-]][-]C[-][[-]+[-]][-]C[-][[-]+[-]][-]E[-][[-]+[-]][-]S[-][[-]+[-]][-]S[-][[-]+[-]][-]][-][[-]+[-]]
[-][[-][[-]+[-]][-][[-][[-]+[-]][-]S[-][[-]+[-]][-]U[-][[-]+[-]][-]C[-][[-]+[-]][-]C[-][[-]+[-]][-]E[-][[-]+[-]][-]S[-][[-]+[-]]
[-]S[-][[-]+[-]][-]][-][[-]+[-]][-]I[-][[-]+[-]][-][[-][[-]+[-]][-]S[-][[-]+[-]][-]U[-][[-]+[-]][-]C[-][[-]+[-]][-]C[-][[-]+[-]]
[-]E[-][[-]+[-]][-]S[-][[-]+[-]][-]S[-][[-]+[-]][-]][-][[-]+[-]][-]N[-][[-]+[-]][-][[-][[-]+[-]][-]S[-][[-]+[-]][-]U[-][[-]+[-]]
[-]C[-][[-]+[-]][-]C[-][[-]+[-]][-]E[-][[-]+[-]][-]S[-][[-]+[-]][-]S[-][[-]+[-]][-]][-][[-]+[-]][-]F[-][[-]+[-]][-][[-][[-]+[-]]
[-]S[-][[-]+[-]][-]U[-][[-]+[-]][-]C[-][[-]+[-]][-]C[-][[-]+[-]][-]E[-][[-]+[-]][-]S[-][[-]+[-]][-]S[-][[-]+[-]][-]][-][[-]+[-]]
[-]O[-][[-]+[-]][-][[-][[-]+[-]][-]S[-][[-]+[-]][-]U[-][[-]+[-]][-]C[-][[-]+[-]][-]C[-][[-]+[-]][-]E[-][[-]+[-]][-]S[-][[-]+[-]]
[-]S[-][[-]+[-]][-]][-][[-]+[-]][-]][-][[-]+[-]][-][[-][[-]+[-]][-]S[-][[-]+[-]][-]U[-][[-]+[-]][-]C[-][[-]+[-]][-]C[-][[-]+[-]]
[-]E[-][[-]+[-]][-]S[-][[-]+[-]][-]S[-][[-]+[-]][-]][-][[-]+[-]][-]>[-][[-]+[-]][-][[-][[-]+[-]][-]S[-][[-]+[-]][-]U[-][[-]+[-]]
[-]C[-][[-]+[-]][-]C[-][[-]+[-]][-]E[-][[-]+[-]][-]S[-][[-]+[-]][-]S[-][[-]+[-]][-]][-][[-]+[-]][-][[-][[-]+[-]][-][[-][[-]+[-]]
[-]S[-][[-]+[-]][-]U[-][[-]+[-]][-]C[-][[-]+[-]][-]C[-][[-]+[-]][-]E[-][[-]+[-]][-]S[-][[-]+[-]][-]S[-][[-]+[-]][-]][-][[-]+[-]]
[-]I[-][[-]+[-]][-][[-][[-]+[-]][-]S[-][[-]+[-]][-]U[-][[-]+[-]][-]C[-][[-]+[-]][-]C[-][[-]+[-]][-]E[-][[-]+[-]][-]S[-][[-]+[-]]
[-]S[-][[-]+[-]][-]][-][[-]+[-]][-]N[-][[-]+[-]][-][[-][[-]+[-]][-]S[-][[-]+[-]][-]U[-][[-]+[-]][-]C[-][[-]+[-]][-]C[-][[-]+[-]]
[-]E[-][[-]+[-]][-]S[-][[-]+[-]][-]S[-][[-]+[-]][-]][-][[-]+[-]][-]F[-][[-]+[-]][-][[-][[-]+[-]][-]S[-][[-]+[-]][-]U[-][[-]+[-]]
[-]C[-][[-]+[-]][-]C[-][[-]+[-]][-]E[-][[-]+[-]][-]S[-][[-]+[-]][-]S[-][[-]+[-]][-]][-][[-]+[-]][-]O[-][[-]+[-]][-][[-][[-]+[-]]
[-]S[-][[-]+[-]][-]U[-][[-]+[-]][-]C[-][[-]+[-]][-]C[-][[-]+[-]][-]E[-][[-]+[-]][-]S[-][[-]+[-]][-]S[-][[-]+[-]][-]][-][[-]+[-]]
[-]][-][[-]+[-]][-][[-][[-]+[-]][-]S[-][[-]+[-]][-]U[-][[-]+[-]][-]C[-][[-]+[-]][-]C[-][[-]+[-]][-]E[-][[-]+[-]][-]S[-][[-]+[-]]
[-]S[-][[-]+[-]][-]][-][[-]+[-]][-]][-][[-]+[-]][-][[-][[-]+[-]][-]S[-][[-]+[-]][-]U[-][[-]+[-]][-]C[-][[-]+[-]][-]C[-][[-]+[-]]
[-]E[-][[-]+[-]][-]S[-][[-]+[-]][-]S[-][[-]+[-]][-]][-][[-]+[-]][-][[-][[-]+[-]][-][[-][[-]+[-]][-]S[-][[-]+[-]][-]U[-][[-]+[-]]
[-]C[-][[-]+[-]][-]C[-][[-]+[-]][-]E[-][[-]+[-]][-]S[-][[-]+[-]][-]S[-][[-]+[-]][-]][-][[-]+[-]][-]I[-][[-]+[-]][-][[-][[-]+[-]]
[-]S[-][[-]+[-]][-]U[-][[-]+[-]][-]C[-][[-]+[-]][-]C[-][[-]+[-]][-]E[-][[-]+[-]][-]S[-][[-]+[-]][-]S[-][[-]+[-]][-]][-][[-]+[-]]
[-]N[-][[-]+[-]][-][[-][[-]+[-]][-]S[-][[-]+[-]][-]U[-][[-]+[-]][-]C[-][[-]+[-]][-]C[-][[-]+[-]][-]E[-][[-]+[-]][-]S[-][[-]+[-]]
[-]S[-][[-]+[-]][-]][-][[-]+[-]][-]F[-][[-]+[-]][-][[-][[-]+[-]][-]S[-][[-]+[-]][-]U[-][[-]+[-]][-]C[-][[-]+[-]][-]C[-][[-]+[-]]
[-]E[-][[-]+[-]][-]S[-][[-]+[-]][-]S[-][[-]+[-]][-]][-][[-]+[-]][-]O[-][[-]+[-]][-][[-][[-]+[-]][-]S[-][[-]+[-]][-]U[-][[-]+[-]]
[-]C[-][[-]+[-]][-]C[-][[-]+[-]][-]E[-][[-]+[-]][-]S[-][[-]+[-]][-]S[-][[-]+[-]][-]][-][[-]+[-]][-]][-][[-]+[-]][-][[-][[-]+[-]]
[-]S[-][[-]+[-]][-]U[-][[-]+[-]][-]C[-][[-]+[-]][-]C[-][[-]+[-]][-]E[-][[-]+[-]][-]S[-][[-]+[-]][-]S[-][[-]+[-]][-]][-][[-]+[-]]
[-]K[-][[-]+[-]][-][[-][[-]+[-]][-]S[-][[-]+[-]][-]U[-][[-]+[-]][-]C[-][[-]+[-]][-]C[-][[-]+[-]][-]E[-][[-]+[-]][-]S[-][[-]+[-]]
[-]S[-][[-]+[-]][-]][-][[-]+[-]][-][[-][[-]+[-]][-][[-][[-]+[-]][-]S[-][[-]+[-]][-]U[-][[-]+[-]][-]C[-][[-]+[-]][-]C[-][[-]+[-]]
[-]E[-][[-]+[-]][-]S[-][[-]+[-]][-]S[-][[-]+[-]][-]][-][[-]+[-]][-]I[-][[-]+[-]][-][[-][[-]+[-]][-]S[-][[-]+[-]][-]U[-][[-]+[-]]
[-]C[-][[-]+[-]][-]C[-][[-]+[-]][-]E[-][[-]+[-]][-]S[-][[-]+[-]][-]S[-][[-]+[-]][-]][-][[-]+[-]][-]N[-][[-]+[-]][-][[-][[-]+[-]]
[-]S[-][[-]+[-]][-]U[-][[-]+[-]][-]C[-][[-]+[-]][-]C[-][[-]+[-]][-]E[-][[-]+[-]][-]S[-][[-]+[-]][-]S[-][[-]+[-]][-]][-][[-]+[-]]
[-]F[-][[-]+[-]][-][[-][[-]+[-]][-]S[-][[-]+[-]][-]U[-][[-]+[-]][-]C[-][[-]+[-]][-]C[-][[-]+[-]][-]E[-][[-]+[-]][-]S[-][[-]+[-]]
[-]S[-][[-]+[-]][-]][-][[-]+[-]][-]O[-][[-]+[-]][-][[-][[-]+[-]][-]S[-][[-]+[-]][-]U[-][[-]+[-]][-]C[-][[-]+[-]][-]C[-][[-]+[-]]
[-]E[-][[-]+[-]][-]S[-][[-]+[-]][-]S[-][[-]+[-]][-]][-][[-]+[-]][-]][-][[-]+[-]][-][[-][[-]+[-]][-]S[-][[-]+[-]][-]U[-][[-]+[-]]
[-]C[-][[-]+[-]][-]C[-][[-]+[-]][-]E[-][[-]+[-]][-]S[-][[-]+[-]][-]S[-][[-]+[-]][-]][-][[-]+[-]][-][[-][[-]+[-]][-][[-][[-]+[-]]
[-]S[-][[-]+[-]][-]U[-][[-]+[-]][-]C[-][[-]+[-]][-]C[-][[-]+[-]][-]E[-][[-]+[-]][-]S[-][[-]+[-]][-]S[-][[-]+[-]][-]][-][[-]+[-]]
[-][[-][[-]+[-]][-][[-][[-]+[-]][-]S[-][[-]+[-]][-]U[-][[-]+[-]][-]C[-][[-]+[-]][-]C[-][[-]+[-]][-]E[-][[-]+[-]][-]S[-][[-]+[-]]
[-]S[-][[-]+[-]][-]][-][[-]+[-]][-]I[-][[-]+[-]][-][[-][[-]+[-]][-]S[-][[-]+[-]][-]U[-][[-]+[-]][-]C[-][[-]+[-]][-]C[-][[-]+[-]]
[-]E[-][[-]+[-]][-]S[-][[-]+[-]][-]S[-][[-]+[-]][-]][-][[-]+[-]][-]N[-][[-]+[-]][-][[-][[-]+[-]][-]S[-][[-]+[-]][-]U[-][[-]+[-]]
[-]C[-][[-]+[-]][-]C[-][[-]+[-]][-]E[-][[-]+[-]][-]S[-][[-]+[-]][-]S[-][[-]+[-]][-]][-][[-]+[-]][-]F[-][[-]+[-]][-][[-][[-]+[-]]
[-]S[-][[-]+[-]][-]U[-][[-]+[-]][-]C[-][[-]+[-]][-]C[-][[-]+[-]][-]E[-][[-]+[-]][-]S[-][[-]+[-]][-]S[-][[-]+[-]][-]][-][[-]+[-]]
[-]O[-][[-]+[-]][-][[-][[-]+[-]][-]S[-][[-]+[-]][-]U[-][[-]+[-]][-]C[-][[-]+[-]][-]C[-][[-]+[-]][-]E[-][[-]+[-]][-]S[-][[-]+[-]]
[-]S[-][[-]+[-]][-]][-][[-]+[-]][-]][-][[-]+[-]][-][[-][[-]+[-]][-]S[-][[-]+[-]][-]U[-][[-]+[-]][-]C[-][[-]+[-]][-]C[-][[-]+[-]]
[-]E[-][[-]+[-]][-]S[-][[-]+[-]][-]S[-][[-]+[-]][-]][-][[-]+[-]][-]>[-][[-]+[-]][-][[-][[-]+[-]][-]S[-][[-]+[-]][-]U[-][[-]+[-]]
[-]C[-][[-]+[-]][-]C[-][[-]+[-]][-]E[-][[-]+[-]][-]S[-][[-]+[-]][-]S[-][[-]+[-]][-]][-][[-]+[-]][-][[-][[-]+[-]][-][[-][[-]+[-]]
[-]S[-][[-]+[-]][-]U[-][[-]+[-]][-]C[-][[-]+[-]][-]C[-][[-]+[-]][-]E[-][[-]+[-]][-]S[-][[-]+[-]][-]S[-][[-]+[-]][-]][-][[-]+[-]]
[-]I[-][[-]+[-]][-][[-][[-]+[-]][-]S[-][[-]+[-]][-]U[-][[-]+[-]][-]C[-][[-]+[-]][-]C[-][[-]+[-]][-]E[-][[-]+[-]][-]S[-][[-]+[-]]
[-]S[-][[-]+[-]][-]][-][[-]+[-]][-]N[-][[-]+[-]][-][[-][[-]+[-]][-]S[-][[-]+[-]][-]U[-][[-]+[-]][-]C[-][[-]+[-]][-]C[-][[-]+[-]]
[-]E[-][[-]+[-]][-]S[-][[-]+[-]][-]S[-][[-]+[-]][-]][-][[-]+[-]][-]F[-][[-]+[-]][-][[-][[-]+[-]][-]S[-][[-]+[-]][-]U[-][[-]+[-]]
[-]C[-][[-]+[-]][-]C[-][[-]+[-]][-]E[-][[-]+[-]][-]S[-][[-]+[-]][-]S[-][[-]+[-]][-]][-][[-]+[-]][-]O[-][[-]+[-]][-][[-][[-]+[-]]
[-]S[-][[-]+[-]][-]U[-][[-]+[-]][-]C[-][[-]+[-]][-]C[-][[-]+[-]][-]E[-][[-]+[-]][-]S[-][[-]+[-]][-]S[-][[-]+[-]][-]][-][[-]+[-]]
[-]][-][[-]+[-]][-][[-][[-]+[-]][-]S[-][[-]+[-]][-]U[-][[-]+[-]][-]C[-][[-]+[-]][-]C[-][[-]+[-]][-]E[-][[-]+[-]][-]S[-][[-]+[-]]
[-]S[-][[-]+[-]][-]][-][[-]+[-]][-]][-][[-]+[-]][-][[-][[-]+[-]][-]S[-][[-]+[-]][-]U[-][[-]+[-]][-]C[-][[-]+[-]][-]C[-][[-]+[-]]
[-]E[-][[-]+[-]][-]S[-][[-]+[-]][-]S[-][[-]+[-]][-]][-][[-]+[-]][-][[-][[-]+[-]][-][[-][[-]+[-]][-]S[-][[-]+[-]][-]U[-][[-]+[-]]
[-]C[-][[-]+[-]][-]C[-][[-]+[-]][-]E[-][[-]+[-]][-]S[-][[-]+[-]][-]S[-][[-]+[-]][-]][-][[-]+[-]][-]I[-][[-]+[-]][-][[-][[-]+[-]]
[-]S[-][[-]+[-]][-]U[-][[-]+[-]][-]C[-][[-]+[-]][-]C[-][[-]+[-]][-]E[-][[-]+[-]][-]S[-][[-]+[-]][-]S[-][[-]+[-]][-]][-][[-]+[-]]
[-]N[-][[-]+[-]][-][[-][[-]+[-]][-]S[-][[-]+[-]][-]U[-][[-]+[-]][-]C[-][[-]+[-]][-]C[-][[-]+[-]][-]E[-][[-]+[-]][-]S[-][[-]+[-]]
[-]S[-][[-]+[-]][-]][-][[-]+[-]][-]F[-][[-]+[-]][-][[-][[-]+[-]][-]S[-][[-]+[-]][-]U[-][[-]+[-]][-]C[-][[-]+[-]][-]C[-][[-]+[-]]
[-]E[-][[-]+[-]][-]S[-][[-]+[-]][-]S[-][[-]+[-]][-]][-][[-]+[-]][-]O[-][[-]+[-]][-][[-][[-]+[-]][-]S[-][[-]+[-]][-]U[-][[-]+[-]]
[-]C[-][[-]+[-]][-]C[-][[-]+[-]][-]E[-][[-]+[-]][-]S[-][[-]+[-]][-]S[-][[-]+[-]][-]][-][[-]+[-]][-]][-][[-]+[-]][-][[-][[-]+[-]]
[-]S[-][[-]+[-]][-]U[-][[-]+[-]][-]C[-][[-]+[-]][-]C[-][[-]+[-]][-]E[-][[-]+[-]][-]S[-][[-]+[-]][-]S[-][[-]+[-]][-]][-][[-]+[-]]
[-]][-][[-]+[-]][-][[-][[-]+[-]][-]S[-][[-]+[-]][-]U[-][[-]+[-]][-]C[-][[-]+[-]][-]C[-][[-]+[-]][-]E[-][[-]+[-]][-]S[-][[-]+[-]]
[-]S[-][[-]+[-]][-]][-][[-]+[-]][-][[-][[-]+[-]][-][[-][[-]+[-]][-]S[-][[-]+[-]][-]U[-][[-]+[-]][-]C[-][[-]+[-]][-]C[-][[-]+[-]]
[-]E[-][[-]+[-]][-]S[-][[-]+[-]][-]S[-][[-]+[-]][-]][-][[-]+[-]][-]I[-][[-]+[-]][-][[-][[-]+[-]][-]S[-][[-]+[-]][-]U[-][[-]+[-]]
[-]C[-][[-]+[-]][-]C[-][[-]+[-]][-]E[-][[-]+[-]][-]S[-][[-]+[-]][-]S[-][[-]+[-]][-]][-][[-]+[-]][-]N[-][[-]+[-]][-][[-][[-]+[-]]
[-]S[-][[-]+[-]][-]U[-][[-]+[-]][-]C[-][[-]+[-]][-]C[-][[-]+[-]][-]E[-][[-]+[-]][-]S[-][[-]+[-]][-]S[-][[-]+[-]][-]][-][[-]+[-]]
[-]F[-][[-]+[-]][-][[-][[-]+[-]][-]S[-][[-]+[-]][-]U[-][[-]+[-]][-]C[-][[-]+[-]][-]C[-][[-]+[-]][-]E[-][[-]+[-]][-]S[-][[-]+[-]]
[-]S[-][[-]+[-]][-]][-][[-]+[-]][-]O[-][[-]+[-]][-][[-][[-]+[-]][-]S[-][[-]+[-]][-]U[-][[-]+[-]][-]C[-][[-]+[-]][-]C[-][[-]+[-]]
[-]E[-][[-]+[-]][-]S[-][[-]+[-]][-]S[-][[-]+[-]][-]][-][[-]+[-]][-]][-][[-]+[-]][-][[-][[-]+[-]][-]S[-][[-]+[-]][-]U[-][[-]+[-]]
[-]C[-][[-]+[-]][-]C[-][[-]+[-]][-]E[-][[-]+[-]][-]S[-][[-]+[-]][-]S[-][[-]+[-]][-]][-][[-]+[-]][-][[-][[-]+[-]][-][[-][[-]+[-]]
[-]S[-][[-]+[-]][-]U[-][[-]+[-]][-]C[-][[-]+[-]][-]C[-][[-]+[-]][-]E[-][[-]+[-]][-]S[-][[-]+[-]][-]S[-][[-]+[-]][-]][-][[-]+[-]]
[-][[-][[-]+[-]][-][[-][[-]+[-]][-]S[-][[-]+[-]][-]U[-][[-]+[-]][-]C[-][[-]+[-]][-]C[-][[-]+[-]][-]E[-][[-]+[-]][-]S[-][[-]+[-]]
[-]S[-][[-]+[-]][-]][-][[-]+[-]][-]I[-][[-]+[-]][-][[-][[-]+[-]][-]S[-][[-]+[-]][-]U[-][[-]+[-]][-]C[-][[-]+[-]][-]C[-][[-]+[-]]
[-]E[-][[-]+[-]][-]S[-][[-]+[-]][-]S[-][[-]+[-]][-]][-][[-]+[-]][-]N[-][[-]+[-]][-][[-][[-]+[-]][-]S[-][[-]+[-]][-]U[-][[-]+[-]]
[-]C[-][[-]+[-]][-]C[-][[-]+[-]][-]E[-][[-]+[-]][-]S[-][[-]+[-]][-]S[-][[-]+[-]][-]][-][[-]+[-]][-]F[-][[-]+[-]][-][[-][[-]+[-]]
[-]S[-][[-]+[-]][-]U[-][[-]+[-]][-]C[-][[-]+[-]][-]C[-][[-]+[-]][-]E[-][[-]+[-]][-]S[-][[-]+[-]][-]S[-][[-]+[-]][-]][-][[-]+[-]]
[-]O[-][[-]+[-]][-][[-][[-]+[-]][-]S[-][[-]+[-]][-]U[-][[-]+[-]][-]C[-][[-]+[-]][-]C[-][[-]+[-]][-]E[-][[-]+[-]][-]S[-][[-]+[-]]
[-]S[-][[-]+[-]][-]][-][[-]+[-]][-]][-][[-]+[-]][-][[-][[-]+[-]][-]S[-][[-]+[-]][-]U[-][[-]+[-]][-]C[-][[-]+[-]][-]C[-][[-]+[-]]
[-]E[-][[-]+[-]][-]S[-][[-]+[-]][-]S[-][[-]+[-]][-]][-][[-]+[-]][-]>[-][[-]+[-]][-][[-][[-]+[-]][-]S[-][[-]+[-]][-]U[-][[-]+[-]]
[-]C[-][[-]+[-]][-]C[-][[-]+[-]][-]E[-][[-]+[-]][-]S[-][[-]+[-]][-]S[-][[-]+[-]][-]][-][[-]+[-]][-][[-][[-]+[-]][-][[-][[-]+[-]]
[-]S[-][[-]+[-]][-]U[-][[-]+[-]][-]C[-][[-]+[-]][-]C[-][[-]+[-]][-]E[-][[-]+[-]][-]S[-][[-]+[-]][-]S[-][[-]+[-]][-]][-][[-]+[-]]
[-]I[-][[-]+[-]][-][[-][[-]+[-]][-]S[-][[-]+[-]][-]U[-][[-]+[-]][-]C[-][[-]+[-]][-]C[-][[-]+[-]][-]E[-][[-]+[-]][-]S[-][[-]+[-]]
[-]S[-][[-]+[-]][-]][-][[-]+[-]][-]N[-][[-]+[-]][-][[-][[-]+[-]][-]S[-][[-]+[-]][-]U[-][[-]+[-]][-]C[-][[-]+[-]][-]C[-][[-]+[-]]
[-]E[-][[-]+[-]][-]S[-][[-]+[-]][-]S[-][[-]+[-]][-]][-][[-]+[-]][-]F[-][[-]+[-]][-][[-][[-]+[-]][-]S[-][[-]+[-]][-]U[-][[-]+[-]]
[-]C[-][[-]+[-]][-]C[-][[-]+[-]][-]E[-][[-]+[-]][-]S[-][[-]+[-]][-]S[-][[-]+[-]][-]][-][[-]+[-]][-]O[-][[-]+[-]][-][[-][[-]+[-]]
[-]S[-][[-]+[-]][-]U[-][[-]+[-]][-]C[-][[-]+[-]][-]C[-][[-]+[-]][-]E[-][[-]+[-]][-]S[-][[-]+[-]][-]S[-][[-]+[-]][-]][-][[-]+[-]]
[-]][-][[-]+[-]][-][[-][[-]+[-]][-]S[-][[-]+[-]][-]U[-][[-]+[-]][-]C[-][[-]+[-]][-]C[-][[-]+[-]][-]E[-][[-]+[-]][-]S[-][[-]+[-]]
[-]S[-][[-]+[-]][-]][-][[-]+[-]][-]][-][[-]+[-]][-][[-][[-]+[-]][-]S[-][[-]+[-]][-]U[-][[-]+[-]][-]C[-][[-]+[-]][-]C[-][[-]+[-]]
[-]E[-][[-]+[-]][-]S[-][[-]+[-]][-]S[-][[-]+[-]][-]][-][[-]+[-]][-][[-][[-]+[-]][-][[-][[-]+[-]][-]S[-][[-]+[-]][-]U[-][[-]+[-]]
[-]C[-][[-]+[-]][-]C[-][[-]+[-]][-]E[-][[-]+[-]][-]S[-][[-]+[-]][-]S[-][[-]+[-]][-]][-][[-]+[-]][-]I[-][[-]+[-]][-][[-][[-]+[-]]
[-]S[-][[-]+[-]][-]U[-][[-]+[-]][-]C[-][[-]+[-]][-]C[-][[-]+[-]][-]E[-][[-]+[-]][-]S[-][[-]+[-]][-]S[-][[-]+[-]][-]][-][[-]+[-]]
[-]N[-][[-]+[-]][-][[-][[-]+[-]][-]S[-][[-]+[-]][-]U[-][[-]+[-]][-]C[-][[-]+[-]][-]C[-][[-]+[-]][-]E[-][[-]+[-]][-]S[-][[-]+[-]]
[-]S[-][[-]+[-]][-]][-][[-]+[-]][-]F[-][[-]+[-]][-][[-][[-]+[-]][-]S[-][[-]+[-]][-]U[-][[-]+[-]][-]C[-][[-]+[-]][-]C[-][[-]+[-]]
[-]E[-][[-]+[-]][-]S[-][[-]+[-]][-]S[-][[-]+[-]][-]][-][[-]+[-]][-]O[-][[-]+[-]][-][[-][[-]+[-]][-]S[-][[-]+[-]][-]U[-][[-]+[-]]
[-]C[-][[-]+[-]][-]C[-][[-]+[-]][-]E[-][[-]+[-]][-]S[-][[-]+[-]][-]S[-][[-]+[-]][-]][-][[-]+[-]][-]][-][[-]+[-]][-][[-][[-]+[-]]
[-]S[-][[-]+[-]][-]U[-][[-]+[-]][-]C[-][[-]+[-]][-]C[-][[-]+[-]][-]E[-][[-]+[-]][-]S[-][[-]+[-]][-]S[-][[-]+[-]][-]][-][[-]+[-]]
[-]*[-][[-]+[-]][-][[-][[-]+[-]][-]S[-][[-]+[-]][-]U[-][[-]+[-]][-]C[-][[-]+[-]][-]C[-][[-]+[-]][-]E[-][[-]+[-]][-]S[-][[-]+[-]]
[-]S[-][[-]+[-]][-]][-][[-]+[-]][-][[-][[-]+[-]][-][[-][[-]+[-]][-]S[-][[-]+[-]][-]U[-][[-]+[-]][-]C[-][[-]+[-]][-]C[-][[-]+[-]]
[-]E[-][[-]+[-]][-]S[-][[-]+[-]][-]S[-][[-]+[-]][-]][-][[-]+[-]][-]I[-][[-]+[-]][-][[-][[-]+[-]][-]S[-][[-]+[-]][-]U[-][[-]+[-]]
[-]C[-][[-]+[-]][-]C[-][[-]+[-]][-]E[-][[-]+[-]][-]S[-][[-]+[-]][-]S[-][[-]+[-]][-]][-][[-]+[-]][-]N[-][[-]+[-]][-][[-][[-]+[-]]
[-]S[-][[-]+[-]][-]U[-][[-]+[-]][-]C[-][[-]+[-]][-]C[-][[-]+[-]][-]E[-][[-]+[-]][-]S[-][[-]+[-]][-]S[-][[-]+[-]][-]][-][[-]+[-]]
[-]F[-][[-]+[-]][-][[-][[-]+[-]][-]S[-][[-]+[-]][-]U[-][[-]+[-]][-]C[-][[-]+[-]][-]C[-][[-]+[-]][-]E[-][[-]+[-]][-]S[-][[-]+[-]]
[-]S[-][[-]+[-]][-]][-][[-]+[-]][-]O[-][[-]+[-]][-][[-][[-]+[-]][-]S[-][[-]+[-]][-]U[-][[-]+[-]][-]C[-][[-]+[-]][-]C[-][[-]+[-]]
[-]E[-][[-]+[-]][-]S[-][[-]+[-]][-]S[-][[-]+[-]][-]][-][[-]+[-]][-]][-][[-]+[-]][-][[-][[-]+[-]][-]S[-][[-]+[-]][-]U[-][[-]+[-]]
[-]C[-][[-]+[-]][-]C[-][[-]+[-]][-]E[-][[-]+[-]][-]S[-][[-]+[-]][-]S[-][[-]+[-]][-]][-][[-]+[-]][-][[-][[-]+[-]][-][[-][[-]+[-]]
[-]S[-][[-]+[-]][-]U[-][[-]+[-]][-]C[-][[-]+[-]][-]C[-][[-]+[-]][-]E[-][[-]+[-]][-]S[-][[-]+[-]][-]S[-][[-]+[-]][-]][-][[-]+[-]]
[-][[-][[-]+[-]][-][[-][[-]+[-]][-]S[-][[-]+[-]][-]U[-][[-]+[-]][-]C[-][[-]+[-]][-]C[-][[-]+[-]][-]E[-][[-]+[-]][-]S[-][[-]+[-]]
[-]S[-][[-]+[-]][-]][-][[-]+[-]][-]I[-][[-]+[-]][-][[-][[-]+[-]][-]S[-][[-]+[-]][-]U[-][[-]+[-]][-]C[-][[-]+[-]][-]C[-][[-]+[-]]
[-]E[-][[-]+[-]][-]S[-][[-]+[-]][-]S[-][[-]+[-]][-]][-][[-]+[-]][-]N[-][[-]+[-]][-][[-][[-]+[-]][-]S[-][[-]+[-]][-]U[-][[-]+[-]]
[-]C[-][[-]+[-]][-]C[-][[-]+[-]][-]E[-][[-]+[-]][-]S[-][[-]+[-]][-]S[-][[-]+[-]][-]][-][[-]+[-]][-]F[-][[-]+[-]][-][[-][[-]+[-]]
[-]S[-][[-]+[-]][-]U[-][[-]+[-]][-]C[-][[-]+[-]][-]C[-][[-]+[-]][-]E[-][[-]+[-]][-]S[-][[-]+[-]][-]S[-][[-]+[-]][-]][-][[-]+[-]]
[-]O[-][[-]+[-]][-][[-][[-]+[-]][-]S[-][[-]+[-]][-]U[-][[-]+[-]][-]C[-][[-]+[-]][-]C[-][[-]+[-]][-]E[-][[-]+[-]][-]S[-][[-]+[-]]
[-]S[-][[-]+[-]][-]][-][[-]+[-]][-]][-][[-]+[-]][-][[-][[-]+[-]][-]S[-][[-]+[-]][-]U[-][[-]+[-]][-]C[-][[-]+[-]][-]C[-][[-]+[-]]
[-]E[-][[-]+[-]][-]S[-][[-]+[-]][-]S[-][[-]+[-]][-]][-][[-]+[-]][-]>[-][[-]+[-]][-][[-][[-]+[-]][-]S[-][[-]+[-]][-]U[-][[-]+[-]]
[-]C[-][[-]+[-]][-]C[-][[-]+[-]][-]E[-][[-]+[-]][-]S[-][[-]+[-]][-]S[-][[-]+[-]][-]][-][[-]+[-]][-][[-][[-]+[-]][-][[-][[-]+[-]]
[-]S[-][[-]+[-]][-]U[-][[-]+[-]][-]C[-][[-]+[-]][-]C[-][[-]+[-]][-]E[-][[-]+[-]][-]S[-][[-]+[-]][-]S[-][[-]+[-]][-]][-][[-]+[-]]
[-]I[-][[-]+[-]][-][[-][[-]+[-]][-]S[-][[-]+[-]][-]U[-][[-]+[-]][-]C[-][[-]+[-]][-]C[-][[-]+[-]][-]E[-][[-]+[-]][-]S[-][[-]+[-]]
[-]S[-][[-]+[-]][-]][-][[-]+[-]][-]N[-][[-]+[-]][-][[-][[-]+[-]][-]S[-][[-]+[-]][-]U[-][[-]+[-]][-]C[-][[-]+[-]][-]C[-][[-]+[-]]
[-]E[-][[-]+[-]][-]S[-][[-]+[-]][-]S[-][[-]+[-]][-]][-][[-]+[-]][-]F[-][[-]+[-]][-][[-][[-]+[-]][-]S[-][[-]+[-]][-]U[-][[-]+[-]]
[-]C[-][[-]+[-]][-]C[-][[-]+[-]][-]E[-][[-]+[-]][-]S[-][[-]+[-]][-]S[-][[-]+[-]][-]][-][[-]+[-]][-]O[-][[-]+[-]][-][[-][[-]+[-]]
[-]S[-][[-]+[-]][-]U[-][[-]+[-]][-]C[-][[-]+[-]][-]C[-][[-]+[-]][-]E[-][[-]+[-]][-]S[-][[-]+[-]][-]S[-][[-]+[-]][-]][-][[-]+[-]]
[-]][-][[-]+[-]][-][[-][[-]+[-]][-]S[-][[-]+[-]][-]U[-][[-]+[-]][-]C[-][[-]+[-]][-]C[-][[-]+[-]][-]E[-][[-]+[-]][-]S[-][[-]+[-]]
[-]S[-][[-]+[-]][-]][-][[-]+[-]][-]][-][[-]+[-]][-][[-][[-]+[-]][-]S[-][[-]+[-]][-]U[-][[-]+[-]][-]C[-][[-]+[-]][-]C[-][[-]+[-]]
[-]E[-][[-]+[-]][-]S[-][[-]+[-]][-]S[-][[-]+[-]][-]][-][[-]+[-]][-][[-][[-]+[-]][-][[-][[-]+[-]][-]S[-][[-]+[-]][-]U[-][[-]+[-]]
[-]C[-][[-]+[-]][-]C[-][[-]+[-]][-]E[-][[-]+[-]][-]S[-][[-]+[-]][-]S[-][[-]+[-]][-]][-][[-]+[-]][-]I[-][[-]+[-]][-][[-][[-]+[-]]
[-]S[-][[-]+[-]][-]U[-][[-]+[-]][-]C[-][[-]+[-]][-]C[-][[-]+[-]][-]E[-][[-]+[-]][-]S[-][[-]+[-]][-]S[-][[-]+[-]][-]][-][[-]+[-]]
[-]N[-][[-]+[-]][-][[-][[-]+[-]][-]S[-][[-]+[-]][-]U[-][[-]+[-]][-]C[-][[-]+[-]][-]C[-][[-]+[-]][-]E[-][[-]+[-]][-]S[-][[-]+[-]]
[-]S[-][[-]+[-]][-]][-][[-]+[-]][-]F[-][[-]+[-]][-][[-][[-]+[-]][-]S[-][[-]+[-]][-]U[-][[-]+[-]][-]C[-][[-]+[-]][-]C[-][[-]+[-]]
[-]E[-][[-]+[-]][-]S[-][[-]+[-]][-]S[-][[-]+[-]][-]][-][[-]+[-]][-]O[-][[-]+[-]][-][[-][[-]+[-]][-]S[-][[-]+[-]][-]U[-][[-]+[-]]
[-]C[-][[-]+[-]][-]C[-][[-]+[-]][-]E[-][[-]+[-]][-]S[-][[-]+[-]][-]S[-][[-]+[-]][-]][-][[-]+[-]][-]][-][[-]+[-]][-][[-][[-]+[-]]
[-]S[-][[-]+[-]][-]U[-][[-]+[-]][-]C[-][[-]+[-]][-]C[-][[-]+[-]][-]E[-][[-]+[-]][-]S[-][[-]+[-]][-]S[-][[-]+[-]][-]][-][[-]+[-]]
[-][[-][[-]+[-]][-][[-][[-]+[-]][-]S[-][[-]+[-]][-]U[-][[-]+[-]][-]C[-][[-]+[-]][-]C[-][[-]+[-]][-]E[-][[-]+[-]][-]S[-][[-]+[-]]
[-]S[-][[-]+[-]][-]][-][[-]+[-]][-][[-][[-]+[-]][-][[-][[-]+[-]][-]S[-][[-]+[-]][-]U[-][[-]+[-]][-]C[-][[-]+[-]][-]C[-][[-]+[-]]
[-]E[-][[-]+[-]][-]S[-][[-]+[-]][-]S[-][[-]+[-]][-]][-][[-]+[-]][-]I[-][[-]+[-]][-][[-][[-]+[-]][-]S[-][[-]+[-]][-]U[-][[-]+[-]]
[-]C[-][[-]+[-]][-]C[-][[-]+[-]][-]E[-][[-]+[-]][-]S[-][[-]+[-]][-]S[-][[-]+[-]][-]][-][[-]+[-]][-]N[-][[-]+[-]][-][[-][[-]+[-]]
[-]S[-][[-]+[-]][-]U[-][[-]+[-]][-]C[-][[-]+[-]][-]C[-][[-]+[-]][-]E[-][[-]+[-]][-]S[-][[-]+[-]][-]S[-][[-]+[-]][-]][-][[-]+[-]]
[-]F[-][[-]+[-]][-][[-][[-]+[-]][-]S[-][[-]+[-]][-]U[-][[-]+[-]][-]C[-][[-]+[-]][-]C[-][[-]+[-]][-]E[-][[-]+[-]][-]S[-][[-]+[-]]
[-]S[-][[-]+[-]][-]][-][[-]+[-]][-]O[-][[-]+[-]][-][[-][[-]+[-]][-]S[-][[-]+[-]][-]U[-][[-]+[-]][-]C[-][[-]+[-]][-]C[-][[-]+[-]]
[-]E[-][[-]+[-]][-]S[-][[-]+[-]][-]S[-][[-]+[-]][-]][-][[-]+[-]][-]][-][[-]+[-]][-][[-][[-]+[-]][-]S[-][[-]+[-]][-]U[-][[-]+[-]]
[-]C[-][[-]+[-]][-]C[-][[-]+[-]][-]E[-][[-]+[-]][-]S[-][[-]+[-]][-]S[-][[-]+[-]][-]][-][[-]+[-]][-][[-][[-]+[-]][-][[-][[-]+[-]]
[-]S[-][[-]+[-]][-]U[-][[-]+[-]][-]C[-][[-]+[-]][-]C[-][[-]+[-]][-]E[-][[-]+[-]][-]S[-][[-]+[-]][-]S[-][[-]+[-]][-]][-][[-]+[-]]
[-][[-][[-]+[-]][-][[-][[-]+[-]][-]S[-][[-]+[-]][-]U[-][[-]+[-]][-]C[-][[-]+[-]][-]C[-][[-]+[-]][-]E[-][[-]+[-]][-]S[-][[-]+[-]]
[-]S[-][[-]+[-]][-]][-][[-]+[-]][-]I[-][[-]+[-]][-][[-][[-]+[-]][-]S[-][[-]+[-]][-]U[-][[-]+[-]][-]C[-][[-]+[-]][-]C[-][[-]+[-]]
[-]E[-][[-]+[-]][-]S[-][[-]+[-]][-]S[-][[-]+[-]][-]][-][[-]+[-]][-]N[-][[-]+[-]][-][[-][[-]+[-]][-]S[-][[-]+[-]][-]U[-][[-]+[-]]
[-]C[-][[-]+[-]][-]C[-][[-]+[-]][-]E[-][[-]+[-]][-]S[-][[-]+[-]][-]S[-][[-]+[-]][-]][-][[-]+[-]][-]F[-][[-]+[-]][-][[-][[-]+[-]]
[-]S[-][[-]+[-]][-]U[-][[-]+[-]][-]C[-][[-]+[-]][-]C[-][[-]+[-]][-]E[-][[-]+[-]][-]S[-][[-]+[-]][-]S[-][[-]+[-]][-]][-][[-]+[-]]
[-]O[-][[-]+[-]][-][[-][[-]+[-]][-]S[-][[-]+[-]][-]U[-][[-]+[-]][-]C[-][[-]+[-]][-]C[-][[-]+[-]][-]E[-][[-]+[-]][-]S[-][[-]+[-]]
[-]S[-][[-]+[-]][-]][-][[-]+[-]][-]][-][[-]+[-]][-][[-][[-]+[-]][-]S[-][[-]+[-]][-]U[-][[-]+[-]][-]C[-][[-]+[-]][-]C[-][[-]+[-]]
[-]E[-][[-]+[-]][-]S[-][[-]+[-]][-]S[-][[-]+[-]][-]][-][[-]+[-]][-]>[-][[-]+[-]][-][[-][[-]+[-]][-]S[-][[-]+[-]][-]U[-][[-]+[-]]
[-]C[-][[-]+[-]][-]C[-][[-]+[-]][-]E[-][[-]+[-]][-]S[-][[-]+[-]][-]S[-][[-]+[-]][-]][-][[-]+[-]][-][[-][[-]+[-]][-][[-][[-]+[-]]
[-]S[-][[-]+[-]][-]U[-][[-]+[-]][-]C[-][[-]+[-]][-]C[-][[-]+[-]][-]E[-][[-]+[-]][-]S[-][[-]+[-]][-]S[-][[-]+[-]][-]][-][[-]+[-]]
[-]I[-][[-]+[-]][-][[-][[-]+[-]][-]S[-][[-]+[-]][-]U[-][[-]+[-]][-]C[-][[-]+[-]][-]C[-][[-]+[-]][-]E[-][[-]+[-]][-]S[-][[-]+[-]]
[-]S[-][[-]+[-]][-]][-][[-]+[-]][-]N[-][[-]+[-]][-][[-][[-]+[-]][-]S[-][[-]+[-]][-]U[-][[-]+[-]][-]C[-][[-]+[-]][-]C[-][[-]+[-]]
[-]E[-][[-]+[-]][-]S[-][[-]+[-]][-]S[-][[-]+[-]][-]][-][[-]+[-]][-]F[-][[-]+[-]][-][[-][[-]+[-]][-]S[-][[-]+[-]][-]U[-][[-]+[-]]
[-]C[-][[-]+[-]][-]C[-][[-]+[-]][-]E[-][[-]+[-]][-]S[-][[-]+[-]][-]S[-][[-]+[-]][-]][-][[-]+[-]][-]O[-][[-]+[-]][-][[-][[-]+[-]]
[-]S[-][[-]+[-]][-]U[-][[-]+[-]][-]C[-][[-]+[-]][-]C[-][[-]+[-]][-]E[-][[-]+[-]][-]S[-][[-]+[-]][-]S[-][[-]+[-]][-]][-][[-]+[-]]
[-]][-][[-]+[-]][-][[-][[-]+[-]][-]S[-][[-]+[-]][-]U[-][[-]+[-]][-]C[-][[-]+[-]][-]C[-][[-]+[-]][-]E[-][[-]+[-]][-]S[-][[-]+[-]]
[-]S[-][[-]+[-]][-]][-][[-]+[-]][-]][-][[-]+[-]][-][[-][[-]+[-]][-]S[-][[-]+[-]][-]U[-][[-]+[-]][-]C[-][[-]+[-]][-]C[-][[-]+[-]]
[-]E[-][[-]+[-]][-]S[-][[-]+[-]][-]S[-][[-]+[-]][-]][-][[-]+[-]][-][[-][[-]+[-]][-][[-][[-]+[-]][-]S[-][[-]+[-]][-]U[-][[-]+[-]]
[-]C[-][[-]+[-]][-]C[-][[-]+[-]][-]E[-][[-]+[-]][-]S[-][[-]+[-]][-]S[-][[-]+[-]][-]][-][[-]+[-]][-]I[-][[-]+[-]][-][[-][[-]+[-]]
[-]S[-][[-]+[-]][-]U[-][[-]+[-]][-]C[-][[-]+[-]][-]C[-][[-]+[-]][-]E[-][[-]+[-]][-]S[-][[-]+[-]][-]S[-][[-]+[-]][-]][-][[-]+[-]]
[-]N[-][[-]+[-]][-][[-][[-]+[-]][-]S[-][[-]+[-]][-]U[-][[-]+[-]][-]C[-][[-]+[-]][-]C[-][[-]+[-]][-]E[-][[-]+[-]][-]S[-][[-]+[-]]
[-]S[-][[-]+[-]][-]][-][[-]+[-]][-]F[-][[-]+[-]][-][[-][[-]+[-]][-]S[-][[-]+[-]][-]U[-][[-]+[-]][-]C[-][[-]+[-]][-]C[-][[-]+[-]]
[-]E[-][[-]+[-]][-]S[-][[-]+[-]][-]S[-][[-]+[-]][-]][-][[-]+[-]][-]O[-][[-]+[-]][-][[-][[-]+[-]][-]S[-][[-]+[-]][-]U[-][[-]+[-]]
[-]C[-][[-]+[-]][-]C[-][[-]+[-]][-]E[-][[-]+[-]][-]S[-][[-]+[-]][-]S[-][[-]+[-]][-]][-][[-]+[-]][-]][-][[-]+[-]][-][[-][[-]+[-]]
[-]S[-][[-]+[-]][-]U[-][[-]+[-]][-]C[-][[-]+[-]][-]C[-][[-]+[-]][-]E[-][[-]+[-]][-]S[-][[-]+[-]][-]S[-][[-]+[-]][-]][-][[-]+[-]]
[-]O[-][[-]+[-]][-][[-][[-]+[-]][-]S[-][[-]+[-]][-]U[-][[-]+[-]][-]C[-][[-]+[-]][-]C[-][[-]+[-]][-]E[-][[-]+[-]][-]S[-][[-]+[-]]
[-]S[-][[-]+[-]][-]][-][[-]+[-]][-][[-][[-]+[-]][-][[-][[-]+[-]][-]S[-][[-]+[-]][-]U[-][[-]+[-]][-]C[-][[-]+[-]][-]C[-][[-]+[-]]
[-]E[-][[-]+[-]][-]S[-][[-]+[-]][-]S[-][[-]+[-]][-]][-][[-]+[-]][-]I[-][[-]+[-]][-][[-][[-]+[-]][-]S[-][[-]+[-]][-]U[-][[-]+[-]]
[-]C[-][[-]+[-]][-]C[-][[-]+[-]][-]E[-][[-]+[-]][-]S[-][[-]+[-]][-]S[-][[-]+[-]][-]][-][[-]+[-]][-]N[-][[-]+[-]][-][[-][[-]+[-]]
[-]S[-][[-]+[-]][-]U[-][[-]+[-]][-]C[-][[-]+[-]][-]C[-][[-]+[-]][-]E[-][[-]+[-]][-]S[-][[-]+[-]][-]S[-][[-]+[-]][-]][-][[-]+[-]]
[-]F[-][[-]+[-]][-][[-][[-]+[-]][-]S[-][[-]+[-]][-]U[-][[-]+[-]][-]C[-][[-]+[-]][-]C[-][[-]+[-]][-]E[-][[-]+[-]][-]S[-][[-]+[-]]
[-]S[-][[-]+[-]][-]][-][[-]+[-]][-]O[-][[-]+[-]][-][[-][[-]+[-]][-]S[-][[-]+[-]][-]U[-][[-]+[-]][-]C[-][[-]+[-]][-]C[-][[-]+[-]]
[-]E[-][[-]+[-]][-]S[-][[-]+[-]][-]S[-][[-]+[-]][-]][-][[-]+[-]][-]][-][[-]+[-]][-][[-][[-]+[-]][-]S[-][[-]+[-]][-]U[-][[-]+[-]]
[-]C[-][[-]+[-]][-]C[-][[-]+[-]][-]E[-][[-]+[-]][-]S[-][[-]+[-]][-]S[-][[-]+[-]][-]][-][[-]+[-]][-][[-][[-]+[-]][-][[-][[-]+[-]]
[-]S[-][[-]+[-]][-]U[-][[-]+[-]][-]C[-][[-]+[-]][-]C[-][[-]+[-]][-]E[-][[-]+[-]][-]S[-][[-]+[-]][-]S[-][[-]+[-]][-]][-][[-]+[-]]
[-][[-][[-]+[-]][-][[-][[-]+[-]][-]S[-][[-]+[-]][-]U[-][[-]+[-]][-]C[-][[-]+[-]][-]C[-][[-]+[-]][-]E[-][[-]+[-]][-]S[-][[-]+[-]]
[-]S[-][[-]+[-]][-]][-][[-]+[-]][-]I[-][[-]+[-]][-][[-][[-]+[-]][-]S[-][[-]+[-]][-]U[-][[-]+[-]][-]C[-][[-]+[-]][-]C[-][[-]+[-]]
[-]E[-][[-]+[-]][-]S[-][[-]+[-]][-]S[-][[-]+[-]][-]][-][[-]+[-]][-]N[-][[-]+[-]][-][[-][[-]+[-]][-]S[-][[-]+[-]][-]U[-][[-]+[-]]
[-]C[-][[-]+[-]][-]C[-][[-]+[-]][-]E[-][[-]+[-]][-]S[-][[-]+[-]][-]S[-][[-]+[-]][-]][-][[-]+[-]][-]F[-][[-]+[-]][-][[-][[-]+[-]]
[-]S[-][[-]+[-]][-]U[-][[-]+[-]][-]C[-][[-]+[-]][-]C[-][[-]+[-]][-]E[-][[-]+[-]][-]S[-][[-]+[-]][-]S[-][[-]+[-]][-]][-][[-]+[-]]
[-]O[-][[-]+[-]][-][[-][[-]+[-]][-]S[-][[-]+[-]][-]U[-][[-]+[-]][-]C[-][[-]+[-]][-]C[-][[-]+[-]][-]E[-][[-]+[-]][-]S[-][[-]+[-]]
[-]S[-][[-]+[-]][-]][-][[-]+[-]][-]][-][[-]+[-]][-][[-][[-]+[-]][-]S[-][[-]+[-]][-]U[-][[-]+[-]][-]C[-][[-]+[-]][-]C[-][[-]+[-]]
[-]E[-][[-]+[-]][-]S[-][[-]+[-]][-]S[-][[-]+[-]][-]][-][[-]+[-]][-]>[-][[-]+[-]][-][[-][[-]+[-]][-]S[-][[-]+[-]][-]U[-][[-]+[-]]
[-]C[-][[-]+[-]][-]C[-][[-]+[-]][-]E[-][[-]+[-]][-]S[-][[-]+[-]][-]S[-][[-]+[-]][-]][-][[-]+[-]][-][[-][[-]+[-]][-][[-][[-]+[-]]
[-]S[-][[-]+[-]][-]U[-][[-]+[-]][-]C[-][[-]+[-]][-]C[-][[-]+[-]][-]E[-][[-]+[-]][-]S[-][[-]+[-]][-]S[-][[-]+[-]][-]][-][[-]+[-]]
[-]I[-][[-]+[-]][-][[-][[-]+[-]][-]S[-][[-]+[-]][-]U[-][[-]+[-]][-]C[-][[-]+[-]][-]C[-][[-]+[-]][-]E[-][[-]+[-]][-]S[-][[-]+[-]]
[-]S[-][[-]+[-]][-]][-][[-]+[-]][-]N[-][[-]+[-]][-][[-][[-]+[-]][-]S[-][[-]+[-]][-]U[-][[-]+[-]][-]C[-][[-]+[-]][-]C[-][[-]+[-]]
[-]E[-][[-]+[-]][-]S[-][[-]+[-]][-]S[-][[-]+[-]][-]][-][[-]+[-]][-]F[-][[-]+[-]][-][[-][[-]+[-]][-]S[-][[-]+[-]][-]U[-][[-]+[-]]
[-]C[-][[-]+[-]][-]C[-][[-]+[-]][-]E[-][[-]+[-]][-]S[-][[-]+[-]][-]S[-][[-]+[-]][-]][-][[-]+[-]][-]O[-][[-]+[-]][-][[-][[-]+[-]]
[-]S[-][[-]+[-]][-]U[-][[-]+[-]][-]C[-][[-]+[-]][-]C[-][[-]+[-]][-]E[-][[-]+[-]][-]S[-][[-]+[-]][-]S[-][[-]+[-]][-]][-][[-]+[-]]
[-]][-][[-]+[-]][-][[-][[-]+[-]][-]S[-][[-]+[-]][-]U[-][[-]+[-]][-]C[-][[-]+[-]][-]C[-][[-]+[-]][-]E[-][[-]+[-]][-]S[-][[-]+[-]]
[-]S[-][[-]+[-]][-]][-][[-]+[-]][-]][-][[-]+[-]][-][[-][[-]+[-]][-]S[-][[-]+[-]][-]U[-][[-]+[-]][-]C[-][[-]+[-]][-]C[-][[-]+[-]]
[-]E[-][[-]+[-]][-]S[-][[-]+[-]][-]S[-][[-]+[-]][-]][-][[-]+[-]][-][[-][[-]+[-]][-][[-][[-]+[-]][-]S[-][[-]+[-]][-]U[-][[-]+[-]]
[-]C[-][[-]+[-]][-]C[-][[-]+[-]][-]E[-][[-]+[-]][-]S[-][[-]+[-]][-]S[-][[-]+[-]][-]][-][[-]+[-]][-]I[-][[-]+[-]][-][[-][[-]+[-]]
[-]S[-][[-]+[-]][-]U[-][[-]+[-]][-]C[-][[-]+[-]][-]C[-][[-]+[-]][-]E[-][[-]+[-]][-]S[-][[-]+[-]][-]S[-][[-]+[-]][-]][-][[-]+[-]]
[-]N[-][[-]+[-]][-][[-][[-]+[-]][-]S[-][[-]+[-]][-]U[-][[-]+[-]][-]C[-][[-]+[-]][-]C[-][[-]+[-]][-]E[-][[-]+[-]][-]S[-][[-]+[-]]
[-]S[-][[-]+[-]][-]][-][[-]+[-]][-]F[-][[-]+[-]][-][[-][[-]+[-]][-]S[-][[-]+[-]][-]U[-][[-]+[-]][-]C[-][[-]+[-]][-]C[-][[-]+[-]]
[-]E[-][[-]+[-]][-]S[-][[-]+[-]][-]S[-][[-]+[-]][-]][-][[-]+[-]][-]O[-][[-]+[-]][-][[-][[-]+[-]][-]S[-][[-]+[-]][-]U[-][[-]+[-]]
[-]C[-][[-]+[-]][-]C[-][[-]+[-]][-]E[-][[-]+[-]][-]S[-][[-]+[-]][-]S[-][[-]+[-]][-]][-][[-]+[-]][-]][-][[-]+[-]][-][[-][[-]+[-]]
[-]S[-][[-]+[-]][-]U[-][[-]+[-]][-]C[-][[-]+[-]][-]C[-][[-]+[-]][-]E[-][[-]+[-]][-]S[-][[-]+[-]][-]S[-][[-]+[-]][-]][-][[-]+[-]]
[-]K[-][[-]+[-]][-][[-][[-]+[-]][-]S[-][[-]+[-]][-]U[-][[-]+[-]][-]C[-][[-]+[-]][-]C[-][[-]+[-]][-]E[-][[-]+[-]][-]S[-][[-]+[-]]
[-]S[-][[-]+[-]][-]][-][[-]+[-]][-][[-][[-]+[-]][-][[-][[-]+[-]][-]S[-][[-]+[-]][-]U[-][[-]+[-]][-]C[-][[-]+[-]][-]C[-][[-]+[-]]
[-]E[-][[-]+[-]][-]S[-][[-]+[-]][-]S[-][[-]+[-]][-]][-][[-]+[-]][-]I[-][[-]+[-]][-][[-][[-]+[-]][-]S[-][[-]+[-]][-]U[-][[-]+[-]]
[-]C[-][[-]+[-]][-]C[-][[-]+[-]][-]E[-][[-]+[-]][-]S[-][[-]+[-]][-]S[-][[-]+[-]][-]][-][[-]+[-]][-]N[-][[-]+[-]][-][[-][[-]+[-]]
[-]S[-][[-]+[-]][-]U[-][[-]+[-]][-]C[-][[-]+[-]][-]C[-][[-]+[-]][-]E[-][[-]+[-]][-]S[-][[-]+[-]][-]S[-][[-]+[-]][-]][-][[-]+[-]]
[-]F[-][[-]+[-]][-][[-][[-]+[-]][-]S[-][[-]+[-]][-]U[-][[-]+[-]][-]C[-][[-]+[-]][-]C[-][[-]+[-]][-]E[-][[-]+[-]][-]S[-][[-]+[-]]
[-]S[-][[-]+[-]][-]][-][[-]+[-]][-]O[-][[-]+[-]][-][[-][[-]+[-]][-]S[-][[-]+[-]][-]U[-][[-]+[-]][-]C[-][[-]+[-]][-]C[-][[-]+[-]]
[-]E[-][[-]+[-]][-]S[-][[-]+[-]][-]S[-][[-]+[-]][-]][-][[-]+[-]][-]][-][[-]+[-]][-][[-][[-]+[-]][-]S[-][[-]+[-]][-]U[-][[-]+[-]]
[-]C[-][[-]+[-]][-]C[-][[-]+[-]][-]E[-][[-]+[-]][-]S[-][[-]+[-]][-]S[-][[-]+[-]][-]][-][[-]+[-]][-][[-][[-]+[-]][-][[-][[-]+[-]]
[-]S[-][[-]+[-]][-]U[-][[-]+[-]][-]C[-][[-]+[-]][-]C[-][[-]+[-]][-]E[-][[-]+[-]][-]S[-][[-]+[-]][-]S[-][[-]+[-]][-]][-][[-]+[-]]
[-][[-][[-]+[-]][-][[-][[-]+[-]][-]S[-][[-]+[-]][-]U[-][[-]+[-]][-]C[-][[-]+[-]][-]C[-][[-]+[-]][-]E[-][[-]+[-]][-]S[-][[-]+[-]]
[-]S[-][[-]+[-]][-]][-][[-]+[-]][-]I[-][[-]+[-]][-][[-][[-]+[-]][-]S[-][[-]+[-]][-]U[-][[-]+[-]][-]C[-][[-]+[-]][-]C[-][[-]+[-]]
[-]E[-][[-]+[-]][-]S[-][[-]+[-]][-]S[-][[-]+[-]][-]][-][[-]+[-]][-]N[-][[-]+[-]][-][[-][[-]+[-]][-]S[-][[-]+[-]][-]U[-][[-]+[-]]
[-]C[-][[-]+[-]][-]C[-][[-]+[-]][-]E[-][[-]+[-]][-]S[-][[-]+[-]][-]S[-][[-]+[-]][-]][-][[-]+[-]][-]F[-][[-]+[-]][-][[-][[-]+[-]]
[-]S[-][[-]+[-]][-]U[-][[-]+[-]][-]C[-][[-]+[-]][-]C[-][[-]+[-]][-]E[-][[-]+[-]][-]S[-][[-]+[-]][-]S[-][[-]+[-]][-]][-][[-]+[-]]
[-]O[-][[-]+[-]][-][[-][[-]+[-]][-]S[-][[-]+[-]][-]U[-][[-]+[-]][-]C[-][[-]+[-]][-]C[-][[-]+[-]][-]E[-][[-]+[-]][-]S[-][[-]+[-]]
[-]S[-][[-]+[-]][-]][-][[-]+[-]][-]][-][[-]+[-]][-][[-][[-]+[-]][-]S[-][[-]+[-]][-]U[-][[-]+[-]][-]C[-][[-]+[-]][-]C[-][[-]+[-]]
[-]E[-][[-]+[-]][-]S[-][[-]+[-]][-]S[-][[-]+[-]][-]][-][[-]+[-]][-]>[-][[-]+[-]][-][[-][[-]+[-]][-]S[-][[-]+[-]][-]U[-][[-]+[-]]
[-]C[-][[-]+[-]][-]C[-][[-]+[-]][-]E[-][[-]+[-]][-]S[-][[-]+[-]][-]S[-][[-]+[-]][-]][-][[-]+[-]][-][[-][[-]+[-]][-][[-][[-]+[-]]
[-]S[-][[-]+[-]][-]U[-][[-]+[-]][-]C[-][[-]+[-]][-]C[-][[-]+[-]][-]E[-][[-]+[-]][-]S[-][[-]+[-]][-]S[-][[-]+[-]][-]][-][[-]+[-]]
[-]I[-][[-]+[-]][-][[-][[-]+[-]][-]S[-][[-]+[-]][-]U[-][[-]+[-]][-]C[-][[-]+[-]][-]C[-][[-]+[-]][-]E[-][[-]+[-]][-]S[-][[-]+[-]]
[-]S[-][[-]+[-]][-]][-][[-]+[-]][-]N[-][[-]+[-]][-][[-][[-]+[-]][-]S[-][[-]+[-]][-]U[-][[-]+[-]][-]C[-][[-]+[-]][-]C[-][[-]+[-]]
[-]E[-][[-]+[-]][-]S[-][[-]+[-]][-]S[-][[-]+[-]][-]][-][[-]+[-]][-]F[-][[-]+[-]][-][[-][[-]+[-]][-]S[-][[-]+[-]][-]U[-][[-]+[-]]
[-]C[-][[-]+[-]][-]C[-][[-]+[-]][-]E[-][[-]+[-]][-]S[-][[-]+[-]][-]S[-][[-]+[-]][-]][-][[-]+[-]][-]O[-][[-]+[-]][-][[-][[-]+[-]]
[-]S[-][[-]+[-]][-]U[-][[-]+[-]][-]C[-][[-]+[-]][-]C[-][[-]+[-]][-]E[-][[-]+[-]][-]S[-][[-]+[-]][-]S[-][[-]+[-]][-]][-][[-]+[-]]
[-]][-][[-]+[-]][-][[-][[-]+[-]][-]S[-][[-]+[-]][-]U[-][[-]+[-]][-]C[-][[-]+[-]][-]C[-][[-]+[-]][-]E[-][[-]+[-]][-]S[-][[-]+[-]]
[-]S[-][[-]+[-]][-]][-][[-]+[-]][-]][-][[-]+[-]][-][[-][[-]+[-]][-]S[-][[-]+[-]][-]U[-][[-]+[-]][-]C[-][[-]+[-]][-]C[-][[-]+[-]]
[-]E[-][[-]+[-]][-]S[-][[-]+[-]][-]S[-][[-]+[-]][-]][-][[-]+[-]][-][[-][[-]+[-]][-][[-][[-]+[-]][-]S[-][[-]+[-]][-]U[-][[-]+[-]]
[-]C[-][[-]+[-]][-]C[-][[-]+[-]][-]E[-][[-]+[-]][-]S[-][[-]+[-]][-]S[-][[-]+[-]][-]][-][[-]+[-]][-]I[-][[-]+[-]][-][[-][[-]+[-]]
[-]S[-][[-]+[-]][-]U[-][[-]+[-]][-]C[-][[-]+[-]][-]C[-][[-]+[-]][-]E[-][[-]+[-]][-]S[-][[-]+[-]][-]S[-][[-]+[-]][-]][-][[-]+[-]]
[-]N[-][[-]+[-]][-][[-][[-]+[-]][-]S[-][[-]+[-]][-]U[-][[-]+[-]][-]C[-][[-]+[-]][-]C[-][[-]+[-]][-]E[-][[-]+[-]][-]S[-][[-]+[-]]
[-]S[-][[-]+[-]][-]][-][[-]+[-]][-]F[-][[-]+[-]][-][[-][[-]+[-]][-]S[-][[-]+[-]][-]U[-][[-]+[-]][-]C[-][[-]+[-]][-]C[-][[-]+[-]]
[-]E[-][[-]+[-]][-]S[-][[-]+[-]][-]S[-][[-]+[-]][-]][-][[-]+[-]][-]O[-][[-]+[-]][-][[-][[-]+[-]][-]S[-][[-]+[-]][-]U[-][[-]+[-]]
[-]C[-][[-]+[-]][-]C[-][[-]+[-]][-]E[-][[-]+[-]][-]S[-][[-]+[-]][-]S[-][[-]+[-]][-]][-][[-]+[-]][-]][-][[-]+[-]][-][[-][[-]+[-]]
[-]S[-][[-]+[-]][-]U[-][[-]+[-]][-]C[-][[-]+[-]][-]C[-][[-]+[-]][-]E[-][[-]+[-]][-]S[-][[-]+[-]][-]S[-][[-]+[-]][-]][-][[-]+[-]]
[-]][-][[-]+[-]][-][[-][[-]+[-]][-]S[-][[-]+[-]][-]U[-][[-]+[-]][-]C[-][[-]+[-]][-]C[-][[-]+[-]][-]E[-][[-]+[-]][-]S[-][[-]+[-]]
[-]S[-][[-]+[-]][-]][-][[-]+[-]][-][[-][[-]+[-]][-][[-][[-]+[-]][-]S[-][[-]+[-]][-]U[-][[-]+[-]][-]C[-][[-]+[-]][-]C[-][[-]+[-]]
[-]E[-][[-]+[-]][-]S[-][[-]+[-]][-]S[-][[-]+[-]][-]][-][[-]+[-]][-]I[-][[-]+[-]][-][[-][[-]+[-]][-]S[-][[-]+[-]][-]U[-][[-]+[-]]
[-]C[-][[-]+[-]][-]C[-][[-]+[-]][-]E[-][[-]+[-]][-]S[-][[-]+[-]][-]S[-][[-]+[-]][-]][-][[-]+[-]][-]N[-][[-]+[-]][-][[-][[-]+[-]]
[-]S[-][[-]+[-]][-]U[-][[-]+[-]][-]C[-][[-]+[-]][-]C[-][[-]+[-]][-]E[-][[-]+[-]][-]S[-][[-]+[-]][-]S[-][[-]+[-]][-]][-][[-]+[-]]
[-]F[-][[-]+[-]][-][[-][[-]+[-]][-]S[-][[-]+[-]][-]U[-][[-]+[-]][-]C[-][[-]+[-]][-]C[-][[-]+[-]][-]E[-][[-]+[-]][-]S[-][[-]+[-]]
[-]S[-][[-]+[-]][-]][-][[-]+[-]][-]O[-][[-]+[-]][-][[-][[-]+[-]][-]S[-][[-]+[-]][-]U[-][[-]+[-]][-]C[-][[-]+[-]][-]C[-][[-]+[-]]
[-]E[-][[-]+[-]][-]S[-][[-]+[-]][-]S[-][[-]+[-]][-]][-][[-]+[-]][-]][-][[-]+[-]][-][[-][[-]+[-]][-]S[-][[-]+[-]][-]U[-][[-]+[-]]
[-]C[-][[-]+[-]][-]C[-][[-]+[-]][-]E[-][[-]+[-]][-]S[-][[-]+[-]][-]S[-][[-]+[-]][-]][-][[-]+[-]][-][[-][[-]+[-]][-][[-][[-]+[-]]
[-]S[-][[-]+[-]][-]U[-][[-]+[-]][-]C[-][[-]+[-]][-]C[-][[-]+[-]][-]E[-][[-]+[-]][-]S[-][[-]+[-]][-]S[-][[-]+[-]][-]][-][[-]+[-]]
[-][[-][[-]+[-]][-][[-][[-]+[-]][-]S[-][[-]+[-]][-]U[-][[-]+[-]][-]C[-][[-]+[-]][-]C[-][[-]+[-]][-]E[-][[-]+[-]][-]S[-][[-]+[-]]
[-]S[-][[-]+[-]][-]][-][[-]+[-]][-]I[-][[-]+[-]][-][[-][[-]+[-]][-]S[-][[-]+[-]][-]U[-][[-]+[-]][-]C[-][[-]+[-]][-]C[-][[-]+[-]]
[-]E[-][[-]+[-]][-]S[-][[-]+[-]][-]S[-][[-]+[-]][-]][-][[-]+[-]][-]N[-][[-]+[-]][-][[-][[-]+[-]][-]S[-][[-]+[-]][-]U[-][[-]+[-]]
[-]C[-][[-]+[-]][-]C[-][[-]+[-]][-]E[-][[-]+[-]][-]S[-][[-]+[-]][-]S[-][[-]+[-]][-]][-][[-]+[-]][-]F[-][[-]+[-]][-][[-][[-]+[-]]
[-]S[-][[-]+[-]][-]U[-][[-]+[-]][-]C[-][[-]+[-]][-]C[-][[-]+[-]][-]E[-][[-]+[-]][-]S[-][[-]+[-]][-]S[-][[-]+[-]][-]][-][[-]+[-]]
[-]O[-][[-]+[-]][-][[-][[-]+[-]][-]S[-][[-]+[-]][-]U[-][[-]+[-]][-]C[-][[-]+[-]][-]C[-][[-]+[-]][-]E[-][[-]+[-]][-]S[-][[-]+[-]]
[-]S[-][[-]+[-]][-]][-][[-]+[-]][-]][-][[-]+[-]][-][[-][[-]+[-]][-]S[-][[-]+[-]][-]U[-][[-]+[-]][-]C[-][[-]+[-]][-]C[-][[-]+[-]]
[-]E[-][[-]+[-]][-]S[-][[-]+[-]][-]S[-][[-]+[-]][-]][-][[-]+[-]][-]>[-][[-]+[-]][-][[-][[-]+[-]][-]S[-][[-]+[-]][-]U[-][[-]+[-]]
[-]C[-][[-]+[-]][-]C[-][[-]+[-]][-]E[-][[-]+[-]][-]S[-][[-]+[-]][-]S[-][[-]+[-]][-]][-][[-]+[-]][-][[-][[-]+[-]][-][[-][[-]+[-]]
[-]S[-][[-]+[-]][-]U[-][[-]+[-]][-]C[-][[-]+[-]][-]C[-][[-]+[-]][-]E[-][[-]+[-]][-]S[-][[-]+[-]][-]S[-][[-]+[-]][-]][-][[-]+[-]]
[-]I[-][[-]+[-]][-][[-][[-]+[-]][-]S[-][[-]+[-]][-]U[-][[-]+[-]][-]C[-][[-]+[-]][-]C[-][[-]+[-]][-]E[-][[-]+[-]][-]S[-][[-]+[-]]
[-]S[-][[-]+[-]][-]][-][[-]+[-]][-]N[-][[-]+[-]][-][[-][[-]+[-]][-]S[-][[-]+[-]][-]U[-][[-]+[-]][-]C[-][[-]+[-]][-]C[-][[-]+[-]]
[-]E[-][[-]+[-]][-]S[-][[-]+[-]][-]S[-][[-]+[-]][-]][-][[-]+[-]][-]F[-][[-]+[-]][-][[-][[-]+[-]][-]S[-][[-]+[-]][-]U[-][[-]+[-]]
[-]C[-][[-]+[-]][-]C[-][[-]+[-]][-]E[-][[-]+[-]][-]S[-][[-]+[-]][-]S[-][[-]+[-]][-]][-][[-]+[-]][-]O[-][[-]+[-]][-][[-][[-]+[-]]
[-]S[-][[-]+[-]][-]U[-][[-]+[-]][-]C[-][[-]+[-]][-]C[-][[-]+[-]][-]E[-][[-]+[-]][-]S[-][[-]+[-]][-]S[-][[-]+[-]][-]][-][[-]+[-]]
[-]][-][[-]+[-]][-][[-][[-]+[-]][-]S[-][[-]+[-]][-]U[-][[-]+[-]][-]C[-][[-]+[-]][-]C[-][[-]+[-]][-]E[-][[-]+[-]][-]S[-][[-]+[-]]
[-]S[-][[-]+[-]][-]][-][[-]+[-]][-]][-][[-]+[-]][-][[-][[-]+[-]][-]S[-][[-]+[-]][-]U[-][[-]+[-]][-]C[-][[-]+[-]][-]C[-][[-]+[-]]
[-]E[-][[-]+[-]][-]S[-][[-]+[-]][-]S[-][[-]+[-]][-]][-][[-]+[-]][-][[-][[-]+[-]][-][[-][[-]+[-]][-]S[-][[-]+[-]][-]U[-][[-]+[-]]
[-]C[-][[-]+[-]][-]C[-][[-]+[-]][-]E[-][[-]+[-]][-]S[-][[-]+[-]][-]S[-][[-]+[-]][-]][-][[-]+[-]][-]I[-][[-]+[-]][-][[-][[-]+[-]]
[-]S[-][[-]+[-]][-]U[-][[-]+[-]][-]C[-][[-]+[-]][-]C[-][[-]+[-]][-]E[-][[-]+[-]][-]S[-][[-]+[-]][-]S[-][[-]+[-]][-]][-][[-]+[-]]
[-]N[-][[-]+[-]][-][[-][[-]+[-]][-]S[-][[-]+[-]][-]U[-][[-]+[-]][-]C[-][[-]+[-]][-]C[-][[-]+[-]][-]E[-][[-]+[-]][-]S[-][[-]+[-]]
[-]S[-][[-]+[-]][-]][-][[-]+[-]][-]F[-][[-]+[-]][-][[-][[-]+[-]][-]S[-][[-]+[-]][-]U[-][[-]+[-]][-]C[-][[-]+[-]][-]C[-][[-]+[-]]
[-]E[-][[-]+[-]][-]S[-][[-]+[-]][-]S[-][[-]+[-]][-]][-][[-]+[-]][-]O[-][[-]+[-]][-][[-][[-]+[-]][-]S[-][[-]+[-]][-]U[-][[-]+[-]]
[-]C[-][[-]+[-]][-]C[-][[-]+[-]][-]E[-][[-]+[-]][-]S[-][[-]+[-]][-]S[-][[-]+[-]][-]][-][[-]+[-]][-]][-][[-]+[-]][-][[-][[-]+[-]]
[-]S[-][[-]+[-]][-]U[-][[-]+[-]][-]C[-][[-]+[-]][-]C[-][[-]+[-]][-]E[-][[-]+[-]][-]S[-][[-]+[-]][-]S[-][[-]+[-]][-]][-][[-]+[-]]
[-]][-][[-]+[-]][-][[-][[-]+[-]][-]S[-][[-]+[-]][-]U[-][[-]+[-]][-]C[-][[-]+[-]][-]C[-][[-]+[-]][-]E[-][[-]+[-]][-]S[-][[-]+[-]]
[-]S[-][[-]+[-]][-]][-][[-]+[-]][-][[-][[-]+[-]][-][[-][[-]+[-]][-]S[-][[-]+[-]][-]U[-][[-]+[-]][-]C[-][[-]+[-]][-]C[-][[-]+[-]]
[-]E[-][[-]+[-]][-]S[-][[-]+[-]][-]S[-][[-]+[-]][-]][-][[-]+[-]][-]I[-][[-]+[-]][-][[-][[-]+[-]][-]S[-][[-]+[-]][-]U[-][[-]+[-]]
[-]C[-][[-]+[-]][-]C[-][[-]+[-]][-]E[-][[-]+[-]][-]S[-][[-]+[-]][-]S[-][[-]+[-]][-]][-][[-]+[-]][-]N[-][[-]+[-]][-][[-][[-]+[-]]
[-]S[-][[-]+[-]][-]U[-][[-]+[-]][-]C[-][[-]+[-]][-]C[-][[-]+[-]][-]E[-][[-]+[-]][-]S[-][[-]+[-]][-]S[-][[-]+[-]][-]][-][[-]+[-]]
[-]F[-][[-]+[-]][-][[-][[-]+[-]][-]S[-][[-]+[-]][-]U[-][[-]+[-]][-]C[-][[-]+[-]][-]C[-][[-]+[-]][-]E[-][[-]+[-]][-]S[-][[-]+[-]]
[-]S[-][[-]+[-]][-]][-][[-]+[-]][-]O[-][[-]+[-]][-][[-][[-]+[-]][-]S[-][[-]+[-]][-]U[-][[-]+[-]][-]C[-][[-]+[-]][-]C[-][[-]+[-]]
[-]E[-][[-]+[-]][-]S[-][[-]+[-]][-]S[-][[-]+[-]][-]][-][[-]+[-]][-]][-][[-]+[-]][-][[-][[-]+[-]][-]S[-][[-]+[-]][-]U[-][[-]+[-]]
[-]C[-][[-]+[-]][-]C[-][[-]+[-]][-]E[-][[-]+[-]][-]S[-][[-]+[-]][-]S[-][[-]+[-]][-]][-][[-]+[-]][-][[-][[-]+[-]][-][[-][[-]+[-]]
[-]S[-][[-]+[-]][-]U[-][[-]+[-]][-]C[-][[-]+[-]][-]C[-][[-]+[-]][-]E[-][[-]+[-]][-]S[-][[-]+[-]][-]S[-][[-]+[-]][-]][-][[-]+[-]]
[-][[-][[-]+[-]][-][[-][[-]+[-]][-]S[-][[-]+[-]][-]U[-][[-]+[-]][-]C[-][[-]+[-]][-]C[-][[-]+[-]][-]E[-][[-]+[-]][-]S[-][[-]+[-]]
[-]S[-][[-]+[-]][-]][-][[-]+[-]][-]I[-][[-]+[-]][-][[-][[-]+[-]][-]S[-][[-]+[-]][-]U[-][[-]+[-]][-]C[-][[-]+[-]][-]C[-][[-]+[-]]
[-]E[-][[-]+[-]][-]S[-][[-]+[-]][-]S[-][[-]+[-]][-]][-][[-]+[-]][-]N[-][[-]+[-]][-][[-][[-]+[-]][-]S[-][[-]+[-]][-]U[-][[-]+[-]]
[-]C[-][[-]+[-]][-]C[-][[-]+[-]][-]E[-][[-]+[-]][-]S[-][[-]+[-]][-]S[-][[-]+[-]][-]][-][[-]+[-]][-]F[-][[-]+[-]][-][[-][[-]+[-]]
[-]S[-][[-]+[-]][-]U[-][[-]+[-]][-]C[-][[-]+[-]][-]C[-][[-]+[-]][-]E[-][[-]+[-]][-]S[-][[-]+[-]][-]S[-][[-]+[-]][-]][-][[-]+[-]]
[-]O[-][[-]+[-]][-][[-][[-]+[-]][-]S[-][[-]+[-]][-]U[-][[-]+[-]][-]C[-][[-]+[-]][-]C[-][[-]+[-]][-]E[-][[-]+[-]][-]S[-][[-]+[-]]
[-]S[-][[-]+[-]][-]][-][[-]+[-]][-]][-][[-]+[-]][-][[-][[-]+[-]][-]S[-][[-]+[-]][-]U[-][[-]+[-]][-]C[-][[-]+[-]][-]C[-][[-]+[-]]
[-]E[-][[-]+[-]][-]S[-][[-]+[-]][-]S[-][[-]+[-]][-]][-][[-]+[-]][-]>[-][[-]+[-]][-][[-][[-]+[-]][-]S[-][[-]+[-]][-]U[-][[-]+[-]]
[-]C[-][[-]+[-]][-]C[-][[-]+[-]][-]E[-][[-]+[-]][-]S[-][[-]+[-]][-]S[-][[-]+[-]][-]][-][[-]+[-]][-][[-][[-]+[-]][-][[-][[-]+[-]]
[-]S[-][[-]+[-]][-]U[-][[-]+[-]][-]C[-][[-]+[-]][-]C[-][[-]+[-]][-]E[-][[-]+[-]][-]S[-][[-]+[-]][-]S[-][[-]+[-]][-]][-][[-]+[-]]
[-]I[-][[-]+[-]][-][[-][[-]+[-]][-]S[-][[-]+[-]][-]U[-][[-]+[-]][-]C[-][[-]+[-]][-]C[-][[-]+[-]][-]E[-][[-]+[-]][-]S[-][[-]+[-]]
[-]S[-][[-]+[-]][-]][-][[-]+[-]][-]N[-][[-]+[-]][-][[-][[-]+[-]][-]S[-][[-]+[-]][-]U[-][[-]+[-]][-]C[-][[-]+[-]][-]C[-][[-]+[-]]
[-]E[-][[-]+[-]][-]S[-][[-]+[-]][-]S[-][[-]+[-]][-]][-][[-]+[-]][-]F[-][[-]+[-]][-][[-][[-]+[-]][-]S[-][[-]+[-]][-]U[-][[-]+[-]]
[-]C[-][[-]+[-]][-]C[-][[-]+[-]][-]E[-][[-]+[-]][-]S[-][[-]+[-]][-]S[-][[-]+[-]][-]][-][[-]+[-]][-]O[-][[-]+[-]][-][[-][[-]+[-]]
[-]S[-][[-]+[-]][-]U[-][[-]+[-]][-]C[-][[-]+[-]][-]C[-][[-]+[-]][-]E[-][[-]+[-]][-]S[-][[-]+[-]][-]S[-][[-]+[-]][-]][-][[-]+[-]]
[-]][-][[-]+[-]][-][[-][[-]+[-]][-]S[-][[-]+[-]][-]U[-][[-]+[-]][-]C[-][[-]+[-]][-]C[-][[-]+[-]][-]E[-][[-]+[-]][-]S[-][[-]+[-]]
[-]S[-][[-]+[-]][-]][-][[-]+[-]][-]][-][[-]+[-]][-][[-][[-]+[-]][-]S[-][[-]+[-]][-]U[-][[-]+[-]][-]C[-][[-]+[-]][-]C[-][[-]+[-]]
[-]E[-][[-]+[-]][-]S[-][[-]+[-]][-]S[-][[-]+[-]][-]][-][[-]+[-]][-][[-][[-]+[-]][-][[-][[-]+[-]][-]S[-][[-]+[-]][-]U[-][[-]+[-]]
[-]C[-][[-]+[-]][-]C[-][[-]+[-]][-]E[-][[-]+[-]][-]S[-][[-]+[-]][-]S[-][[-]+[-]][-]][-][[-]+[-]][-]I[-][[-]+[-]][-][[-][[-]+[-]]
[-]S[-][[-]+[-]][-]U[-][[-]+[-]][-]C[-][[-]+[-]][-]C[-][[-]+[-]][-]E[-][[-]+[-]][-]S[-][[-]+[-]][-]S[-][[-]+[-]][-]][-][[-]+[-]]
[-]N[-][[-]+[-]][-][[-][[-]+[-]][-]S[-][[-]+[-]][-]U[-][[-]+[-]][-]C[-][[-]+[-]][-]C[-][[-]+[-]][-]E[-][[-]+[-]][-]S[-][[-]+[-]]
[-]S[-][[-]+[-]][-]][-][[-]+[-]][-]F[-][[-]+[-]][-][[-][[-]+[-]][-]S[-][[-]+[-]][-]U[-][[-]+[-]][-]C[-][[-]+[-]][-]C[-][[-]+[-]]
[-]E[-][[-]+[-]][-]S[-][[-]+[-]][-]S[-][[-]+[-]][-]][-][[-]+[-]][-]O[-][[-]+[-]][-][[-][[-]+[-]][-]S[-][[-]+[-]][-]U[-][[-]+[-]]
[-]C[-][[-]+[-]][-]C[-][[-]+[-]][-]E[-][[-]+[-]][-]S[-][[-]+[-]][-]S[-][[-]+[-]][-]][-][[-]+[-]][-]][-][[-]+[-]][-][[-][[-]+[-]]
[-]S[-][[-]+[-]][-]U[-][[-]+[-]][-]C[-][[-]+[-]][-]C[-][[-]+[-]][-]E[-][[-]+[-]][-]S[-][[-]+[-]][-]S[-][[-]+[-]][-]][-][[-]+[-]]
[-][[-][[-]+[-]][-][[-][[-]+[-]][-]S[-][[-]+[-]][-]U[-][[-]+[-]][-]C[-][[-]+[-]][-]C[-][[-]+[-]][-]E[-][[-]+[-]][-]S[-][[-]+[-]]
[-]S[-][[-]+[-]][-]][-][[-]+[-]][-][[-][[-]+[-]][-][[-][[-]+[-]][-]S[-][[-]+[-]][-]U[-][[-]+[-]][-]C[-][[-]+[-]][-]C[-][[-]+[-]]
[-]E[-][[-]+[-]][-]S[-][[-]+[-]][-]S[-][[-]+[-]][-]][-][[-]+[-]][-]I[-][[-]+[-]][-][[-][[-]+[-]][-]S[-][[-]+[-]][-]U[-][[-]+[-]]
[-]C[-][[-]+[-]][-]C[-][[-]+[-]][-]E[-][[-]+[-]][-]S[-][[-]+[-]][-]S[-][[-]+[-]][-]][-][[-]+[-]][-]N[-][[-]+[-]][-][[-][[-]+[-]]
[-]S[-][[-]+[-]][-]U[-][[-]+[-]][-]C[-][[-]+[-]][-]C[-][[-]+[-]][-]E[-][[-]+[-]][-]S[-][[-]+[-]][-]S[-][[-]+[-]][-]][-][[-]+[-]]
[-]F[-][[-]+[-]][-][[-][[-]+[-]][-]S[-][[-]+[-]][-]U[-][[-]+[-]][-]C[-][[-]+[-]][-]C[-][[-]+[-]][-]E[-][[-]+[-]][-]S[-][[-]+[-]]
[-]S[-][[-]+[-]][-]][-][[-]+[-]][-]O[-][[-]+[-]][-][[-][[-]+[-]][-]S[-][[-]+[-]][-]U[-][[-]+[-]][-]C[-][[-]+[-]][-]C[-][[-]+[-]]
[-]E[-][[-]+[-]][-]S[-][[-]+[-]][-]S[-][[-]+[-]][-]][-][[-]+[-]][-]][-][[-]+[-]][-][[-][[-]+[-]][-]S[-][[-]+[-]][-]U[-][[-]+[-]]
[-]C[-][[-]+[-]][-]C[-][[-]+[-]][-]E[-][[-]+[-]][-]S[-][[-]+[-]][-]S[-][[-]+[-]][-]][-][[-]+[-]][-][[-][[-]+[-]][-][[-][[-]+[-]]
[-]S[-][[-]+[-]][-]U[-][[-]+[-]][-]C[-][[-]+[-]][-]C[-][[-]+[-]][-]E[-][[-]+[-]][-]S[-][[-]+[-]][-]S[-][[-]+[-]][-]][-][[-]+[-]]
[-][[-][[-]+[-]][-][[-][[-]+[-]][-]S[-][[-]+[-]][-]U[-][[-]+[-]][-]C[-][[-]+[-]][-]C[-][[-]+[-]][-]E[-][[-]+[-]][-]S[-][[-]+[-]]
[-]S[-][[-]+[-]][-]][-][[-]+[-]][-]I[-][[-]+[-]][-][[-][[-]+[-]][-]S[-][[-]+[-]][-]U[-][[-]+[-]][-]C[-][[-]+[-]][-]C[-][[-]+[-]]
[-]E[-][[-]+[-]][-]S[-][[-]+[-]][-]S[-][[-]+[-]][-]][-][[-]+[-]][-]N[-][[-]+[-]][-][[-][[-]+[-]][-]S[-][[-]+[-]][-]U[-][[-]+[-]]
[-]C[-][[-]+[-]][-]C[-][[-]+[-]][-]E[-][[-]+[-]][-]S[-][[-]+[-]][-]S[-][[-]+[-]][-]][-][[-]+[-]][-]F[-][[-]+[-]][-][[-][[-]+[-]]
[-]S[-][[-]+[-]][-]U[-][[-]+[-]][-]C[-][[-]+[-]][-]C[-][[-]+[-]][-]E[-][[-]+[-]][-]S[-][[-]+[-]][-]S[-][[-]+[-]][-]][-][[-]+[-]]
[-]O[-][[-]+[-]][-][[-][[-]+[-]][-]S[-][[-]+[-]][-]U[-][[-]+[-]][-]C[-][[-]+[-]][-]C[-][[-]+[-]][-]E[-][[-]+[-]][-]S[-][[-]+[-]]
[-]S[-][[-]+[-]][-]][-][[-]+[-]][-]][-][[-]+[-]][-][[-][[-]+[-]][-]S[-][[-]+[-]][-]U[-][[-]+[-]][-]C[-][[-]+[-]][-]C[-][[-]+[-]]
[-]E[-][[-]+[-]][-]S[-][[-]+[-]][-]S[-][[-]+[-]][-]][-][[-]+[-]][-]>[-][[-]+[-]][-][[-][[-]+[-]][-]S[-][[-]+[-]][-]U[-][[-]+[-]]
[-]C[-][[-]+[-]][-]C[-][[-]+[-]][-]E[-][[-]+[-]][-]S[-][[-]+[-]][-]S[-][[-]+[-]][-]][-][[-]+[-]][-][[-][[-]+[-]][-][[-][[-]+[-]]
[-]S[-][[-]+[-]][-]U[-][[-]+[-]][-]C[-][[-]+[-]][-]C[-][[-]+[-]][-]E[-][[-]+[-]][-]S[-][[-]+[-]][-]S[-][[-]+[-]][-]][-][[-]+[-]]
[-]I[-][[-]+[-]][-][[-][[-]+[-]][-]S[-][[-]+[-]][-]U[-][[-]+[-]][-]C[-][[-]+[-]][-]C[-][[-]+[-]][-]E[-][[-]+[-]][-]S[-][[-]+[-]]
[-]S[-][[-]+[-]][-]][-][[-]+[-]][-]N[-][[-]+[-]][-][[-][[-]+[-]][-]S[-][[-]+[-]][-]U[-][[-]+[-]][-]C[-][[-]+[-]][-]C[-][[-]+[-]]
[-]E[-][[-]+[-]][-]S[-][[-]+[-]][-]S[-][[-]+[-]][-]][-][[-]+[-]][-]F[-][[-]+[-]][-][[-][[-]+[-]][-]S[-][[-]+[-]][-]U[-][[-]+[-]]
[-]C[-][[-]+[-]][-]C[-][[-]+[-]][-]E[-][[-]+[-]][-]S[-][[-]+[-]][-]S[-][[-]+[-]][-]][-][[-]+[-]][-]O[-][[-]+[-]][-][[-][[-]+[-]]
[-]S[-][[-]+[-]][-]U[-][[-]+[-]][-]C[-][[-]+[-]][-]C[-][[-]+[-]][-]E[-][[-]+[-]][-]S[-][[-]+[-]][-]S[-][[-]+[-]][-]][-][[-]+[-]]
[-]][-][[-]+[-]][-][[-][[-]+[-]][-]S[-][[-]+[-]][-]U[-][[-]+[-]][-]C[-][[-]+[-]][-]C[-][[-]+[-]][-]E[-][[-]+[-]][-]S[-][[-]+[-]]
[-]S[-][[-]+[-]][-]][-][[-]+[-]][-]][-][[-]+[-]][-][[-][[-]+[-]][-]S[-][[-]+[-]][-]U[-][[-]+[-]][-]C[-][[-]+[-]][-]C[-][[-]+[-]]
[-]E[-][[-]+[-]][-]S[-][[-]+[-]][-]S[-][[-]+[-]][-]][-][[-]+[-]][-][[-][[-]+[-]][-][[-][[-]+[-]][-]S[-][[-]+[-]][-]U[-][[-]+[-]]
[-]C[-][[-]+[-]][-]C[-][[-]+[-]][-]E[-][[-]+[-]][-]S[-][[-]+[-]][-]S[-][[-]+[-]][-]][-][[-]+[-]][-]I[-][[-]+[-]][-][[-][[-]+[-]]
[-]S[-][[-]+[-]][-]U[-][[-]+[-]][-]C[-][[-]+[-]][-]C[-][[-]+[-]][-]E[-][[-]+[-]][-]S[-][[-]+[-]][-]S[-][[-]+[-]][-]][-][[-]+[-]]
[-]N[-][[-]+[-]][-][[-][[-]+[-]][-]S[-][[-]+[-]][-]U[-][[-]+[-]][-]C[-][[-]+[-]][-]C[-][[-]+[-]][-]E[-][[-]+[-]][-]S[-][[-]+[-]]
[-]S[-][[-]+[-]][-]][-][[-]+[-]][-]F[-][[-]+[-]][-][[-][[-]+[-]][-]S[-][[-]+[-]][-]U[-][[-]+[-]][-]C[-][[-]+[-]][-]C[-][[-]+[-]]
[-]E[-][[-]+[-]][-]S[-][[-]+[-]][-]S[-][[-]+[-]][-]][-][[-]+[-]][-]O[-][[-]+[-]][-][[-][[-]+[-]][-]S[-][[-]+[-]][-]U[-][[-]+[-]]
[-]C[-][[-]+[-]][-]C[-][[-]+[-]][-]E[-][[-]+[-]][-]S[-][[-]+[-]][-]S[-][[-]+[-]][-]][-][[-]+[-]][-]][-][[-]+[-]][-][[-][[-]+[-]]
[-]S[-][[-]+[-]][-]U[-][[-]+[-]][-]C[-][[-]+[-]][-]C[-][[-]+[-]][-]E[-][[-]+[-]][-]S[-][[-]+[-]][-]S[-][[-]+[-]][-]][-][[-]+[-]]
[-]O[-][[-]+[-]][-][[-][[-]+[-]][-]S[-][[-]+[-]][-]U[-][[-]+[-]][-]C[-][[-]+[-]][-]C[-][[-]+[-]][-]E[-][[-]+[-]][-]S[-][[-]+[-]]
[-]S[-][[-]+[-]][-]][-][[-]+[-]][-][[-][[-]+[-]][-][[-][[-]+[-]][-]S[-][[-]+[-]][-]U[-][[-]+[-]][-]C[-][[-]+[-]][-]C[-][[-]+[-]]
[-]E[-][[-]+[-]][-]S[-][[-]+[-]][-]S[-][[-]+[-]][-]][-][[-]+[-]][-]I[-][[-]+[-]][-][[-][[-]+[-]][-]S[-][[-]+[-]][-]U[-][[-]+[-]]
[-]C[-][[-]+[-]][-]C[-][[-]+[-]][-]E[-][[-]+[-]][-]S[-][[-]+[-]][-]S[-][[-]+[-]][-]][-][[-]+[-]][-]N[-][[-]+[-]][-][[-][[-]+[-]]
[-]S[-][[-]+[-]][-]U[-][[-]+[-]][-]C[-][[-]+[-]][-]C[-][[-]+[-]][-]E[-][[-]+[-]][-]S[-][[-]+[-]][-]S[-][[-]+[-]][-]][-][[-]+[-]]
[-]F[-][[-]+[-]][-][[-][[-]+[-]][-]S[-][[-]+[-]][-]U[-][[-]+[-]][-]C[-][[-]+[-]][-]C[-][[-]+[-]][-]E[-][[-]+[-]][-]S[-][[-]+[-]]
[-]S[-][[-]+[-]][-]][-][[-]+[-]][-]O[-][[-]+[-]][-][[-][[-]+[-]][-]S[-][[-]+[-]][-]U[-][[-]+[-]][-]C[-][[-]+[-]][-]C[-][[-]+[-]]
[-]E[-][[-]+[-]][-]S[-][[-]+[-]][-]S[-][[-]+[-]][-]][-][[-]+[-]][-]][-][[-]+[-]][-][[-][[-]+[-]][-]S[-][[-]+[-]][-]U[-][[-]+[-]]
[-]C[-][[-]+[-]][-]C[-][[-]+[-]][-]E[-][[-]+[-]][-]S[-][[-]+[-]][-]S[-][[-]+[-]][-]][-][[-]+[-]][-][[-][[-]+[-]][-][[-][[-]+[-]]
[-]S[-][[-]+[-]][-]U[-][[-]+[-]][-]C[-][[-]+[-]][-]C[-][[-]+[-]][-]E[-][[-]+[-]][-]S[-][[-]+[-]][-]S[-][[-]+[-]][-]][-][[-]+[-]]
[-][[-][[-]+[-]][-][[-][[-]+[-]][-]S[-][[-]+[-]][-]U[-][[-]+[-]][-]C[-][[-]+[-]][-]C[-][[-]+[-]][-]E[-][[-]+[-]][-]S[-][[-]+[-]]
[-]S[-][[-]+[-]][-]][-][[-]+[-]][-]I[-][[-]+[-]][-][[-][[-]+[-]][-]S[-][[-]+[-]][-]U[-][[-]+[-]][-]C[-][[-]+[-]][-]C[-][[-]+[-]]
[-]E[-][[-]+[-]][-]S[-][[-]+[-]][-]S[-][[-]+[-]][-]][-][[-]+[-]][-]N[-][[-]+[-]][-][[-][[-]+[-]][-]S[-][[-]+[-]][-]U[-][[-]+[-]]
[-]C[-][[-]+[-]][-]C[-][[-]+[-]][-]E[-][[-]+[-]][-]S[-][[-]+[-]][-]S[-][[-]+[-]][-]][-][[-]+[-]][-]F[-][[-]+[-]][-][[-][[-]+[-]]
[-]S[-][[-]+[-]][-]U[-][[-]+[-]][-]C[-][[-]+[-]][-]C[-][[-]+[-]][-]E[-][[-]+[-]][-]S[-][[-]+[-]][-]S[-][[-]+[-]][-]][-][[-]+[-]]
[-]O[-][[-]+[-]][-][[-][[-]+[-]][-]S[-][[-]+[-]][-]U[-][[-]+[-]][-]C[-][[-]+[-]][-]C[-][[-]+[-]][-]E[-][[-]+[-]][-]S[-][[-]+[-]]
[-]S[-][[-]+[-]][-]][-][[-]+[-]][-]][-][[-]+[-]][-][[-][[-]+[-]][-]S[-][[-]+[-]][-]U[-][[-]+[-]][-]C[-][[-]+[-]][-]C[-][[-]+[-]]
[-]E[-][[-]+[-]][-]S[-][[-]+[-]][-]S[-][[-]+[-]][-]][-][[-]+[-]][-]>[-][[-]+[-]][-][[-][[-]+[-]][-]S[-][[-]+[-]][-]U[-][[-]+[-]]
[-]C[-][[-]+[-]][-]C[-][[-]+[-]][-]E[-][[-]+[-]][-]S[-][[-]+[-]][-]S[-][[-]+[-]][-]][-][[-]+[-]][-][[-][[-]+[-]][-][[-][[-]+[-]]
[-]S[-][[-]+[-]][-]U[-][[-]+[-]][-]C[-][[-]+[-]][-]C[-][[-]+[-]][-]E[-][[-]+[-]][-]S[-][[-]+[-]][-]S[-][[-]+[-]][-]][-][[-]+[-]]
[-]I[-][[-]+[-]][-][[-][[-]+[-]][-]S[-][[-]+[-]][-]U[-][[-]+[-]][-]C[-][[-]+[-]][-]C[-][[-]+[-]][-]E[-][[-]+[-]][-]S[-][[-]+[-]]
[-]S[-][[-]+[-]][-]][-][[-]+[-]][-]N[-][[-]+[-]][-][[-][[-]+[-]][-]S[-][[-]+[-]][-]U[-][[-]+[-]][-]C[-][[-]+[-]][-]C[-][[-]+[-]]
[-]E[-][[-]+[-]][-]S[-][[-]+[-]][-]S[-][[-]+[-]][-]][-][[-]+[-]][-]F[-][[-]+[-]][-][[-][[-]+[-]][-]S[-][[-]+[-]][-]U[-][[-]+[-]]
[-]C[-][[-]+[-]][-]C[-][[-]+[-]][-]E[-][[-]+[-]][-]S[-][[-]+[-]][-]S[-][[-]+[-]][-]][-][[-]+[-]][-]O[-][[-]+[-]][-][[-][[-]+[-]]
[-]S[-][[-]+[-]][-]U[-][[-]+[-]][-]C[-][[-]+[-]][-]C[-][[-]+[-]][-]E[-][[-]+[-]][-]S[-][[-]+[-]][-]S[-][[-]+[-]][-]][-][[-]+[-]]
[-]][-][[-]+[-]][-][[-][[-]+[-]][-]S[-][[-]+[-]][-]U[-][[-]+[-]][-]C[-][[-]+[-]][-]C[-][[-]+[-]][-]E[-][[-]+[-]][-]S[-][[-]+[-]]
[-]S[-][[-]+[-]][-]][-][[-]+[-]][-]][-][[-]+[-]][-][[-][[-]+[-]][-]S[-][[-]+[-]][-]U[-][[-]+[-]][-]C[-][[-]+[-]][-]C[-][[-]+[-]]
[-]E[-][[-]+[-]][-]S[-][[-]+[-]][-]S[-][[-]+[-]][-]][-][[-]+[-]][-][[-][[-]+[-]][-][[-][[-]+[-]][-]S[-][[-]+[-]][-]U[-][[-]+[-]]
[-]C[-][[-]+[-]][-]C[-][[-]+[-]][-]E[-][[-]+[-]][-]S[-][[-]+[-]][-]S[-][[-]+[-]][-]][-][[-]+[-]][-]I[-][[-]+[-]][-][[-][[-]+[-]]
[-]S[-][[-]+[-]][-]U[-][[-]+[-]][-]C[-][[-]+[-]][-]C[-][[-]+[-]][-]E[-][[-]+[-]][-]S[-][[-]+[-]][-]S[-][[-]+[-]][-]][-][[-]+[-]]
[-]N[-][[-]+[-]][-][[-][[-]+[-]][-]S[-][[-]+[-]][-]U[-][[-]+[-]][-]C[-][[-]+[-]][-]C[-][[-]+[-]][-]E[-][[-]+[-]][-]S[-][[-]+[-]]
[-]S[-][[-]+[-]][-]][-][[-]+[-]][-]F[-][[-]+[-]][-][[-][[-]+[-]][-]S[-][[-]+[-]][-]U[-][[-]+[-]][-]C[-][[-]+[-]][-]C[-][[-]+[-]]
[-]E[-][[-]+[-]][-]S[-][[-]+[-]][-]S[-][[-]+[-]][-]][-][[-]+[-]][-]O[-][[-]+[-]][-][[-][[-]+[-]][-]S[-][[-]+[-]][-]U[-][[-]+[-]]
[-]C[-][[-]+[-]][-]C[-][[-]+[-]][-]E[-][[-]+[-]][-]S[-][[-]+[-]][-]S[-][[-]+[-]][-]][-][[-]+[-]][-]][-][[-]+[-]][-][[-][[-]+[-]]
[-]S[-][[-]+[-]][-]U[-][[-]+[-]][-]C[-][[-]+[-]][-]C[-][[-]+[-]][-]E[-][[-]+[-]][-]S[-][[-]+[-]][-]S[-][[-]+[-]][-]][-][[-]+[-]]
[-]K[-][[-]+[-]][-][[-][[-]+[-]][-]S[-][[-]+[-]][-]U[-][[-]+[-]][-]C[-][[-]+[-]][-]C[-][[-]+[-]][-]E[-][[-]+[-]][-]S[-][[-]+[-]]
[-]S[-][[-]+[-]][-]][-][[-]+[-]][-][[-][[-]+[-]][-][[-][[-]+[-]][-]S[-][[-]+[-]][-]U[-][[-]+[-]][-]C[-][[-]+[-]][-]C[-][[-]+[-]]
[-]E[-][[-]+[-]][-]S[-][[-]+[-]][-]S[-][[-]+[-]][-]][-][[-]+[-]][-]I[-][[-]+[-]][-][[-][[-]+[-]][-]S[-][[-]+[-]][-]U[-][[-]+[-]]
[-]C[-][[-]+[-]][-]C[-][[-]+[-]][-]E[-][[-]+[-]][-]S[-][[-]+[-]][-]S[-][[-]+[-]][-]][-][[-]+[-]][-]N[-][[-]+[-]][-][[-][[-]+[-]]
[-]S[-][[-]+[-]][-]U[-][[-]+[-]][-]C[-][[-]+[-]][-]C[-][[-]+[-]][-]E[-][[-]+[-]][-]S[-][[-]+[-]][-]S[-][[-]+[-]][-]][-][[-]+[-]]
[-]F[-][[-]+[-]][-][[-][[-]+[-]][-]S[-][[-]+[-]][-]U[-][[-]+[-]][-]C[-][[-]+[-]][-]C[-][[-]+[-]][-]E[-][[-]+[-]][-]S[-][[-]+[-]]
[-]S[-][[-]+[-]][-]][-][[-]+[-]][-]O[-][[-]+[-]][-][[-][[-]+[-]][-]S[-][[-]+[-]][-]U[-][[-]+[-]][-]C[-][[-]+[-]][-]C[-][[-]+[-]]
[-]E[-][[-]+[-]][-]S[-][[-]+[-]][-]S[-][[-]+[-]][-]][-][[-]+[-]][-]][-][[-]+[-]][-][[-][[-]+[-]][-]S[-][[-]+[-]][-]U[-][[-]+[-]]
[-]C[-][[-]+[-]][-]C[-][[-]+[-]][-]E[-][[-]+[-]][-]S[-][[-]+[-]][-]S[-][[-]+[-]][-]][-][[-]+[-]][-][[-][[-]+[-]][-][[-][[-]+[-]]
[-]S[-][[-]+[-]][-]U[-][[-]+[-]][-]C[-][[-]+[-]][-]C[-][[-]+[-]][-]E[-][[-]+[-]][-]S[-][[-]+[-]][-]S[-][[-]+[-]][-]][-][[-]+[-]]
[-][[-][[-]+[-]][-][[-][[-]+[-]][-]S[-][[-]+[-]][-]U[-][[-]+[-]][-]C[-][[-]+[-]][-]C[-][[-]+[-]][-]E[-][[-]+[-]][-]S[-][[-]+[-]]
[-]S[-][[-]+[-]][-]][-][[-]+[-]][-]I[-][[-]+[-]][-][[-][[-]+[-]][-]S[-][[-]+[-]][-]U[-][[-]+[-]][-]C[-][[-]+[-]][-]C[-][[-]+[-]]
[-]E[-][[-]+[-]][-]S[-][[-]+[-]][-]S[-][[-]+[-]][-]][-][[-]+[-]][-]N[-][[-]+[-]][-][[-][[-]+[-]][-]S[-][[-]+[-]][-]U[-][[-]+[-]]
[-]C[-][[-]+[-]][-]C[-][[-]+[-]][-]E[-][[-]+[-]][-]S[-][[-]+[-]][-]S[-][[-]+[-]][-]][-][[-]+[-]][-]F[-][[-]+[-]][-][[-][[-]+[-]]
[-]S[-][[-]+[-]][-]U[-][[-]+[-]][-]C[-][[-]+[-]][-]C[-][[-]+[-]][-]E[-][[-]+[-]][-]S[-][[-]+[-]][-]S[-][[-]+[-]][-]][-][[-]+[-]]
[-]O[-][[-]+[-]][-][[-][[-]+[-]][-]S[-][[-]+[-]][-]U[-][[-]+[-]][-]C[-][[-]+[-]][-]C[-][[-]+[-]][-]E[-][[-]+[-]][-]S[-][[-]+[-]]
[-]S[-][[-]+[-]][-]][-][[-]+[-]][-]][-][[-]+[-]][-][[-][[-]+[-]][-]S[-][[-]+[-]][-]U[-][[-]+[-]][-]C[-][[-]+[-]][-]C[-][[-]+[-]]
[-]E[-][[-]+[-]][-]S[-][[-]+[-]][-]S[-][[-]+[-]][-]][-][[-]+[-]][-]>[-][[-]+[-]][-][[-][[-]+[-]][-]S[-][[-]+[-]][-]U[-][[-]+[-]]
[-]C[-][[-]+[-]][-]C[-][[-]+[-]][-]E[-][[-]+[-]][-]S[-][[-]+[-]][-]S[-][[-]+[-]][-]][-][[-]+[-]][-][[-][[-]+[-]][-][[-][[-]+[-]]
[-]S[-][[-]+[-]][-]U[-][[-]+[-]][-]C[-][[-]+[-]][-]C[-][[-]+[-]][-]E[-][[-]+[-]][-]S[-][[-]+[-]][-]S[-][[-]+[-]][-]][-][[-]+[-]]
[-]I[-][[-]+[-]][-][[-][[-]+[-]][-]S[-][[-]+[-]][-]U[-][[-]+[-]][-]C[-][[-]+[-]][-]C[-][[-]+[-]][-]E[-][[-]+[-]][-]S[-][[-]+[-]]
[-]S[-][[-]+[-]][-]][-][[-]+[-]][-]N[-][[-]+[-]][-][[-][[-]+[-]][-]S[-][[-]+[-]][-]U[-][[-]+[-]][-]C[-][[-]+[-]][-]C[-][[-]+[-]]
[-]E[-][[-]+[-]][-]S[-][[-]+[-]][-]S[-][[-]+[-]][-]][-][[-]+[-]][-]F[-][[-]+[-]][-][[-][[-]+[-]][-]S[-][[-]+[-]][-]U[-][[-]+[-]]
[-]C[-][[-]+[-]][-]C[-][[-]+[-]][-]E[-][[-]+[-]][-]S[-][[-]+[-]][-]S[-][[-]+[-]][-]][-][[-]+[-]][-]O[-][[-]+[-]][-][[-][[-]+[-]]
[-]S[-][[-]+[-]][-]U[-][[-]+[-]][-]C[-][[-]+[-]][-]C[-][[-]+[-]][-]E[-][[-]+[-]][-]S[-][[-]+[-]][-]S[-][[-]+[-]][-]][-][[-]+[-]]
[-]][-][[-]+[-]][-][[-][[-]+[-]][-]S[-][[-]+[-]][-]U[-][[-]+[-]][-]C[-][[-]+[-]][-]C[-][[-]+[-]][-]E[-][[-]+[-]][-]S[-][[-]+[-]]
[-]S[-][[-]+[-]][-]][-][[-]+[-]][-]][-][[-]+[-]][-][[-][[-]+[-]][-]S[-][[-]+[-]][-]U[-][[-]+[-]][-]C[-][[-]+[-]][-]C[-][[-]+[-]]
[-]E[-][[-]+[-]][-]S[-][[-]+[-]][-]S[-][[-]+[-]][-]][-][[-]+[-]][-][[-][[-]+[-]][-][[-][[-]+[-]][-]S[-][[-]+[-]][-]U[-][[-]+[-]]
[-]C[-][[-]+[-]][-]C[-][[-]+[-]][-]E[-][[-]+[-]][-]S[-][[-]+[-]][-]S[-][[-]+[-]][-]][-][[-]+[-]][-]I[-][[-]+[-]][-][[-][[-]+[-]]
[-]S[-][[-]+[-]][-]U[-][[-]+[-]][-]C[-][[-]+[-]][-]C[-][[-]+[-]][-]E[-][[-]+[-]][-]S[-][[-]+[-]][-]S[-][[-]+[-]][-]][-][[-]+[-]]
[-]N[-][[-]+[-]][-][[-][[-]+[-]][-]S[-][[-]+[-]][-]U[-][[-]+[-]][-]C[-][[-]+[-]][-]C[-][[-]+[-]][-]E[-][[-]+[-]][-]S[-][[-]+[-]]
[-]S[-][[-]+[-]][-]][-][[-]+[-]][-]F[-][[-]+[-]][-][[-][[-]+[-]][-]S[-][[-]+[-]][-]U[-][[-]+[-]][-]C[-][[-]+[-]][-]C[-][[-]+[-]]
[-]E[-][[-]+[-]][-]S[-][[-]+[-]][-]S[-][[-]+[-]][-]][-][[-]+[-]][-]O[-][[-]+[-]][-][[-][[-]+[-]][-]S[-][[-]+[-]][-]U[-][[-]+[-]]
[-]C[-][[-]+[-]][-]C[-][[-]+[-]][-]E[-][[-]+[-]][-]S[-][[-]+[-]][-]S[-][[-]+[-]][-]][-][[-]+[-]][-]][-][[-]+[-]][-][[-][[-]+[-]]
[-]S[-][[-]+[-]][-]U[-][[-]+[-]][-]C[-][[-]+[-]][-]C[-][[-]+[-]][-]E[-][[-]+[-]][-]S[-][[-]+[-]][-]S[-][[-]+[-]][-]][-][[-]+[-]]
[-]][-][[-]+[-]][-][[-][[-]+[-]][-]S[-][[-]+[-]][-]U[-][[-]+[-]][-]C[-][[-]+[-]][-]C[-][[-]+[-]][-]E[-][[-]+[-]][-]S[-][[-]+[-]]
[-]S[-][[-]+[-]][-]][-][[-]+[-]][-][[-][[-]+[-]][-][[-][[-]+[-]][-]S[-][[-]+[-]][-]U[-][[-]+[-]][-]C[-][[-]+[-]][-]C[-][[-]+[-]]
[-]E[-][[-]+[-]][-]S[-][[-]+[-]][-]S[-][[-]+[-]][-]][-][[-]+[-]][-]I[-][[-]+[-]][-][[-][[-]+[-]][-]S[-][[-]+[-]][-]U[-][[-]+[-]]
[-]C[-][[-]+[-]][-]C[-][[-]+[-]][-]E[-][[-]+[-]][-]S[-][[-]+[-]][-]S[-][[-]+[-]][-]][-][[-]+[-]][-]N[-][[-]+[-]][-][[-][[-]+[-]]
[-]S[-][[-]+[-]][-]U[-][[-]+[-]][-]C[-][[-]+[-]][-]C[-][[-]+[-]][-]E[-][[-]+[-]][-]S[-][[-]+[-]][-]S[-][[-]+[-]][-]][-][[-]+[-]]
[-]F[-][[-]+[-]][-][[-][[-]+[-]][-]S[-][[-]+[-]][-]U[-][[-]+[-]][-]C[-][[-]+[-]][-]C[-][[-]+[-]][-]E[-][[-]+[-]][-]S[-][[-]+[-]]
[-]S[-][[-]+[-]][-]][-][[-]+[-]][-]O[-][[-]+[-]][-][[-][[-]+[-]][-]S[-][[-]+[-]][-]U[-][[-]+[-]][-]C[-][[-]+[-]][-]C[-][[-]+[-]]
[-]E[-][[-]+[-]][-]S[-][[-]+[-]][-]S[-][[-]+[-]][-]][-][[-]+[-]][-]][-][[-]+[-]][-][[-][[-]+[-]][-]S[-][[-]+[-]][-]U[-][[-]+[-]]
[-]C[-][[-]+[-]][-]C[-][[-]+[-]][-]E[-][[-]+[-]][-]S[-][[-]+[-]][-]S[-][[-]+[-]][-]][-][[-]+[-]][-][[-][[-]+[-]][-][[-][[-]+[-]]
[-]S[-][[-]+[-]][-]U[-][[-]+[-]][-]C[-][[-]+[-]][-]C[-][[-]+[-]][-]E[-][[-]+[-]][-]S[-][[-]+[-]][-]S[-][[-]+[-]][-]][-][[-]+[-]]
[-][[-][[-]+[-]][-][[-][[-]+[-]][-]S[-][[-]+[-]][-]U[-][[-]+[-]][-]C[-][[-]+[-]][-]C[-][[-]+[-]][-]E[-][[-]+[-]][-]S[-][[-]+[-]]
[-]S[-][[-]+[-]][-]][-][[-]+[-]][-]I[-][[-]+[-]][-][[-][[-]+[-]][-]S[-][[-]+[-]][-]U[-][[-]+[-]][-]C[-][[-]+[-]][-]C[-][[-]+[-]]
[-]E[-][[-]+[-]][-]S[-][[-]+[-]][-]S[-][[-]+[-]][-]][-][[-]+[-]][-]N[-][[-]+[-]][-][[-][[-]+[-]][-]S[-][[-]+[-]][-]U[-][[-]+[-]]
[-]C[-][[-]+[-]][-]C[-][[-]+[-]][-]E[-][[-]+[-]][-]S[-][[-]+[-]][-]S[-][[-]+[-]][-]][-][[-]+[-]][-]F[-][[-]+[-]][-][[-][[-]+[-]]
[-]S[-][[-]+[-]][-]U[-][[-]+[-]][-]C[-][[-]+[-]][-]C[-][[-]+[-]][-]E[-][[-]+[-]][-]S[-][[-]+[-]][-]S[-][[-]+[-]][-]][-][[-]+[-]]
[-]O[-][[-]+[-]][-][[-][[-]+[-]][-]S[-][[-]+[-]][-]U[-][[-]+[-]][-]C[-][[-]+[-]][-]C[-][[-]+[-]][-]E[-][[-]+[-]][-]S[-][[-]+[-]]
[-]S[-][[-]+[-]][-]][-][[-]+[-]][-]][-][[-]+[-]][-][[-][[-]+[-]][-]S[-][[-]+[-]][-]U[-][[-]+[-]][-]C[-][[-]+[-]][-]C[-][[-]+[-]]
[-]E[-][[-]+[-]][-]S[-][[-]+[-]][-]S[-][[-]+[-]][-]][-][[-]+[-]][-]>[-][[-]+[-]][-][[-][[-]+[-]][-]S[-][[-]+[-]][-]U[-][[-]+[-]]
[-]C[-][[-]+[-]][-]C[-][[-]+[-]][-]E[-][[-]+[-]][-]S[-][[-]+[-]][-]S[-][[-]+[-]][-]][-][[-]+[-]][-][[-][[-]+[-]][-][[-][[-]+[-]]
[-]S[-][[-]+[-]][-]U[-][[-]+[-]][-]C[-][[-]+[-]][-]C[-][[-]+[-]][-]E[-][[-]+[-]][-]S[-][[-]+[-]][-]S[-][[-]+[-]][-]][-][[-]+[-]]
[-]I[-][[-]+[-]][-][[-][[-]+[-]][-]S[-][[-]+[-]][-]U[-][[-]+[-]][-]C[-][[-]+[-]][-]C[-][[-]+[-]][-]E[-][[-]+[-]][-]S[-][[-]+[-]]
[-]S[-][[-]+[-]][-]][-][[-]+[-]][-]N[-][[-]+[-]][-][[-][[-]+[-]][-]S[-][[-]+[-]][-]U[-][[-]+[-]][-]C[-][[-]+[-]][-]C[-][[-]+[-]]
[-]E[-][[-]+[-]][-]S[-][[-]+[-]][-]S[-][[-]+[-]][-]][-][[-]+[-]][-]F[-][[-]+[-]][-][[-][[-]+[-]][-]S[-][[-]+[-]][-]U[-][[-]+[-]]
[-]C[-][[-]+[-]][-]C[-][[-]+[-]][-]E[-][[-]+[-]][-]S[-][[-]+[-]][-]S[-][[-]+[-]][-]][-][[-]+[-]][-]O[-][[-]+[-]][-][[-][[-]+[-]]
[-]S[-][[-]+[-]][-]U[-][[-]+[-]][-]C[-][[-]+[-]][-]C[-][[-]+[-]][-]E[-][[-]+[-]][-]S[-][[-]+[-]][-]S[-][[-]+[-]][-]][-][[-]+[-]]
[-]][-][[-]+[-]][-][[-][[-]+[-]][-]S[-][[-]+[-]][-]U[-][[-]+[-]][-]C[-][[-]+[-]][-]C[-][[-]+[-]][-]E[-][[-]+[-]][-]S[-][[-]+[-]]
[-]S[-][[-]+[-]][-]][-][[-]+[-]][-]][-][[-]+[-]][-][[-][[-]+[-]][-]S[-][[-]+[-]][-]U[-][[-]+[-]][-]C[-][[-]+[-]][-]C[-][[-]+[-]]
[-]E[-][[-]+[-]][-]S[-][[-]+[-]][-]S[-][[-]+[-]][-]][-][[-]+[-]][-][[-][[-]+[-]][-][[-][[-]+[-]][-]S[-][[-]+[-]][-]U[-][[-]+[-]]
[-]C[-][[-]+[-]][-]C[-][[-]+[-]][-]E[-][[-]+[-]][-]S[-][[-]+[-]][-]S[-][[-]+[-]][-]][-][[-]+[-]][-]I[-][[-]+[-]][-][[-][[-]+[-]]
[-]S[-][[-]+[-]][-]U[-][[-]+[-]][-]C[-][[-]+[-]][-]C[-][[-]+[-]][-]E[-][[-]+[-]][-]S[-][[-]+[-]][-]S[-][[-]+[-]][-]][-][[-]+[-]]
[-]N[-][[-]+[-]][-][[-][[-]+[-]][-]S[-][[-]+[-]][-]U[-][[-]+[-]][-]C[-][[-]+[-]][-]C[-][[-]+[-]][-]E[-][[-]+[-]][-]S[-][[-]+[-]]
[-]S[-][[-]+[-]][-]][-][[-]+[-]][-]F[-][[-]+[-]][-][[-][[-]+[-]][-]S[-][[-]+[-]][-]U[-][[-]+[-]][-]C[-][[-]+[-]][-]C[-][[-]+[-]]
[-]E[-][[-]+[-]][-]S[-][[-]+[-]][-]S[-][[-]+[-]][-]][-][[-]+[-]][-]O[-][[-]+[-]][-][[-][[-]+[-]][-]S[-][[-]+[-]][-]U[-][[-]+[-]]
[-]C[-][[-]+[-]][-]C[-][[-]+[-]][-]E[-][[-]+[-]][-]S[-][[-]+[-]][-]S[-][[-]+[-]][-]][-][[-]+[-]][-]][-][[-]+[-]][-][[-][[-]+[-]]
[-]S[-][[-]+[-]][-]U[-][[-]+[-]][-]C[-][[-]+[-]][-]C[-][[-]+[-]][-]E[-][[-]+[-]][-]S[-][[-]+[-]][-]S[-][[-]+[-]][-]][-][[-]+[-]]
[-]"[-][[-]+[-]][-][[-][[-]+[-]][-]S[-][[-]+[-]][-]U[-][[-]+[-]][-]C[-][[-]+[-]][-]C[-][[-]+[-]][-]E[-][[-]+[-]][-]S[-][[-]+[-]]
[-]S[-][[-]+[-]][-]][-][[-]+[-]][-][[-][[-]+[-]][-][[-][[-]+[-]][-]S[-][[-]+[-]][-]U[-][[-]+[-]][-]C[-][[-]+[-]][-]C[-][[-]+[-]]
[-]E[-][[-]+[-]][-]S[-][[-]+[-]][-]S[-][[-]+[-]][-]][-][[-]+[-]][-]I[-][[-]+[-]][-][[-][[-]+[-]][-]S[-][[-]+[-]][-]U[-][[-]+[-]]
[-]C[-][[-]+[-]][-]C[-][[-]+[-]][-]E[-][[-]+[-]][-]S[-][[-]+[-]][-]S[-][[-]+[-]][-]][-][[-]+[-]][-]N[-][[-]+[-]][-][[-][[-]+[-]]
[-]S[-][[-]+[-]][-]U[-][[-]+[-]][-]C[-][[-]+[-]][-]C[-][[-]+[-]][-]E[-][[-]+[-]][-]S[-][[-]+[-]][-]S[-][[-]+[-]][-]][-][[-]+[-]]
[-]F[-][[-]+[-]][-][[-][[-]+[-]][-]S[-][[-]+[-]][-]U[-][[-]+[-]][-]C[-][[-]+[-]][-]C[-][[-]+[-]][-]E[-][[-]+[-]][-]S[-][[-]+[-]]
[-]S[-][[-]+[-]][-]][-][[-]+[-]][-]O[-][[-]+[-]][-][[-][[-]+[-]][-]S[-][[-]+[-]][-]U[-][[-]+[-]][-]C[-][[-]+[-]][-]C[-][[-]+[-]]
[-]E[-][[-]+[-]][-]S[-][[-]+[-]][-]S[-][[-]+[-]][-]][-][[-]+[-]][-]][-][[-]+[-]][-][[-][[-]+[-]][-]S[-][[-]+[-]][-]U[-][[-]+[-]]
[-]C[-][[-]+[-]][-]C[-][[-]+[-]][-]E[-][[-]+[-]][-]S[-][[-]+[-]][-]S[-][[-]+[-]][-]][-][[-]+[-]][-][[-][[-]+[-]][-][[-][[-]+[-]]
[-]S[-][[-]+[-]][-]U[-][[-]+[-]][-]C[-][[-]+[-]][-]C[-][[-]+[-]][-]E[-][[-]+[-]][-]S[-][[-]+[-]][-]S[-][[-]+[-]][-]][-][[-]+[-]]
[-][[-][[-]+[-]][-][[-][[-]+[-]][-]S[-][[-]+[-]][-]U[-][[-]+[-]][-]C[-][[-]+[-]][-]C[-][[-]+[-]][-]E[-][[-]+[-]][-]S[-][[-]+[-]]
[-]S[-][[-]+[-]][-]][-][[-]+[-]][-]I[-][[-]+[-]][-][[-][[-]+[-]][-]S[-][[-]+[-]][-]U[-][[-]+[-]][-]C[-][[-]+[-]][-]C[-][[-]+[-]]
[-]E[-][[-]+[-]][-]S[-][[-]+[-]][-]S[-][[-]+[-]][-]][-][[-]+[-]][-]N[-][[-]+[-]][-][[-][[-]+[-]][-]S[-][[-]+[-]][-]U[-][[-]+[-]]
[-]C[-][[-]+[-]][-]C[-][[-]+[-]][-]E[-][[-]+[-]][-]S[-][[-]+[-]][-]S[-][[-]+[-]][-]][-][[-]+[-]][-]F[-][[-]+[-]][-][[-][[-]+[-]]
[-]S[-][[-]+[-]][-]U[-][[-]+[-]][-]C[-][[-]+[-]][-]C[-][[-]+[-]][-]E[-][[-]+[-]][-]S[-][[-]+[-]][-]S[-][[-]+[-]][-]][-][[-]+[-]]
[-]O[-][[-]+[-]][-][[-][[-]+[-]][-]S[-][[-]+[-]][-]U[-][[-]+[-]][-]C[-][[-]+[-]][-]C[-][[-]+[-]][-]E[-][[-]+[-]][-]S[-][[-]+[-]]
[-]S[-][[-]+[-]][-]][-][[-]+[-]][-]][-][[-]+[-]][-][[-][[-]+[-]][-]S[-][[-]+[-]][-]U[-][[-]+[-]][-]C[-][[-]+[-]][-]C[-][[-]+[-]]
[-]E[-][[-]+[-]][-]S[-][[-]+[-]][-]S[-][[-]+[-]][-]][-][[-]+[-]][-]>[-][[-]+[-]][-][[-][[-]+[-]][-]S[-][[-]+[-]][-]U[-][[-]+[-]]
[-]C[-][[-]+[-]][-]C[-][[-]+[-]][-]E[-][[-]+[-]][-]S[-][[-]+[-]][-]S[-][[-]+[-]][-]][-][[-]+[-]][-][[-][[-]+[-]][-][[-][[-]+[-]]
[-]S[-][[-]+[-]][-]U[-][[-]+[-]][-]C[-][[-]+[-]][-]C[-][[-]+[-]][-]E[-][[-]+[-]][-]S[-][[-]+[-]][-]S[-][[-]+[-]][-]][-][[-]+[-]]
[-]I[-][[-]+[-]][-][[-][[-]+[-]][-]S[-][[-]+[-]][-]U[-][[-]+[-]][-]C[-][[-]+[-]][-]C[-][[-]+[-]][-]E[-][[-]+[-]][-]S[-][[-]+[-]]
[-]S[-][[-]+[-]][-]][-][[-]+[-]][-]N[-][[-]+[-]][-][[-][[-]+[-]][-]S[-][[-]+[-]][-]U[-][[-]+[-]][-]C[-][[-]+[-]][-]C[-][[-]+[-]]
[-]E[-][[-]+[-]][-]S[-][[-]+[-]][-]S[-][[-]+[-]][-]][-][[-]+[-]][-]F[-][[-]+[-]][-][[-][[-]+[-]][-]S[-][[-]+[-]][-]U[-][[-]+[-]]
[-]C[-][[-]+[-]][-]C[-][[-]+[-]][-]E[-][[-]+[-]][-]S[-][[-]+[-]][-]S[-][[-]+[-]][-]][-][[-]+[-]][-]O[-][[-]+[-]][-][[-][[-]+[-]]
[-]S[-][[-]+[-]][-]U[-][[-]+[-]][-]C[-][[-]+[-]][-]C[-][[-]+[-]][-]E[-][[-]+[-]][-]S[-][[-]+[-]][-]S[-][[-]+[-]][-]][-][[-]+[-]]
[-]][-][[-]+[-]][-][[-][[-]+[-]][-]S[-][[-]+[-]][-]U[-][[-]+[-]][-]C[-][[-]+[-]][-]C[-][[-]+[-]][-]E[-][[-]+[-]][-]S[-][[-]+[-]]
[-]S[-][[-]+[-]][-]][-][[-]+[-]][-]][-][[-]+[-]][-][[-][[-]+[-]][-]S[-][[-]+[-]][-]U[-][[-]+[-]][-]C[-][[-]+[-]][-]C[-][[-]+[-]]
[-]E[-][[-]+[-]][-]S[-][[-]+[-]][-]S[-][[-]+[-]][-]][-][[-]+[-]][-][[-][[-]+[-]][-][[-][[-]+[-]][-]S[-][[-]+[-]][-]U[-][[-]+[-]]
[-]C[-][[-]+[-]][-]C[-][[-]+[-]][-]E[-][[-]+[-]][-]S[-][[-]+[-]][-]S[-][[-]+[-]][-]][-][[-]+[-]][-]I[-][[-]+[-]][-][[-][[-]+[-]]
[-]S[-][[-]+[-]][-]U[-][[-]+[-]][-]C[-][[-]+[-]][-]C[-][[-]+[-]][-]E[-][[-]+[-]][-]S[-][[-]+[-]][-]S[-][[-]+[-]][-]][-][[-]+[-]]
[-]N[-][[-]+[-]][-][[-][[-]+[-]][-]S[-][[-]+[-]][-]U[-][[-]+[-]][-]C[-][[-]+[-]][-]C[-][[-]+[-]][-]E[-][[-]+[-]][-]S[-][[-]+[-]]
[-]S[-][[-]+[-]][-]][-][[-]+[-]][-]F[-][[-]+[-]][-][[-][[-]+[-]][-]S[-][[-]+[-]][-]U[-][[-]+[-]][-]C[-][[-]+[-]][-]C[-][[-]+[-]]
[-]E[-][[-]+[-]][-]S[-][[-]+[-]][-]S[-][[-]+[-]][-]][-][[-]+[-]][-]O[-][[-]+[-]][-][[-][[-]+[-]][-]S[-][[-]+[-]][-]U[-][[-]+[-]]
[-]C[-][[-]+[-]][-]C[-][[-]+[-]][-]E[-][[-]+[-]][-]S[-][[-]+[-]][-]S[-][[-]+[-]][-]][-][[-]+[-]][-]][-][[-]+[-]][-][[-][[-]+[-]]
[-]S[-][[-]+[-]][-]U[-][[-]+[-]][-]C[-][[-]+[-]][-]C[-][[-]+[-]][-]E[-][[-]+[-]][-]S[-][[-]+[-]][-]S[-][[-]+[-]][-]][-][[-]+[-]]
[-][[-][[-]+[-]][-][[-][[-]+[-]][-]S[-][[-]+[-]][-]U[-][[-]+[-]][-]C[-][[-]+[-]][-]C[-][[-]+[-]][-]E[-][[-]+[-]][-]S[-][[-]+[-]]
[-]S[-][[-]+[-]][-]][-][[-]+[-]][-][[-][[-]+[-]][-][[-][[-]+[-]][-]S[-][[-]+[-]][-]U[-][[-]+[-]][-]C[-][[-]+[-]][-]C[-][[-]+[-]]
[-]E[-][[-]+[-]][-]S[-][[-]+[-]][-]S[-][[-]+[-]][-]][-][[-]+[-]][-]I[-][[-]+[-]][-][[-][[-]+[-]][-]S[-][[-]+[-]][-]U[-][[-]+[-]]
[-]C[-][[-]+[-]][-]C[-][[-]+[-]][-]E[-][[-]+[-]][-]S[-][[-]+[-]][-]S[-][[-]+[-]][-]][-][[-]+[-]][-]N[-][[-]+[-]][-][[-][[-]+[-]]
[-]S[-][[-]+[-]][-]U[-][[-]+[-]][-]C[-][[-]+[-]][-]C[-][[-]+[-]][-]E[-][[-]+[-]][-]S[-][[-]+[-]][-]S[-][[-]+[-]][-]][-][[-]+[-]]
[-]F[-][[-]+[-]][-][[-][[-]+[-]][-]S[-][[-]+[-]][-]U[-][[-]+[-]][-]C[-][[-]+[-]][-]C[-][[-]+[-]][-]E[-][[-]+[-]][-]S[-][[-]+[-]]
[-]S[-][[-]+[-]][-]][-][[-]+[-]][-]O[-][[-]+[-]][-][[-][[-]+[-]][-]S[-][[-]+[-]][-]U[-][[-]+[-]][-]C[-][[-]+[-]][-]C[-][[-]+[-]]
[-]E[-][[-]+[-]][-]S[-][[-]+[-]][-]S[-][[-]+[-]][-]][-][[-]+[-]][-]][-][[-]+[-]][-][[-][[-]+[-]][-]S[-][[-]+[-]][-]U[-][[-]+[-]]
[-]C[-][[-]+[-]][-]C[-][[-]+[-]][-]E[-][[-]+[-]][-]S[-][[-]+[-]][-]S[-][[-]+[-]][-]][-][[-]+[-]][-][[-][[-]+[-]][-][[-][[-]+[-]]
[-]S[-][[-]+[-]][-]U[-][[-]+[-]][-]C[-][[-]+[-]][-]C[-][[-]+[-]][-]E[-][[-]+[-]][-]S[-][[-]+[-]][-]S[-][[-]+[-]][-]][-][[-]+[-]]
[-][[-][[-]+[-]][-][[-][[-]+[-]][-]S[-][[-]+[-]][-]U[-][[-]+[-]][-]C[-][[-]+[-]][-]C[-][[-]+[-]][-]E[-][[-]+[-]][-]S[-][[-]+[-]]
[-]S[-][[-]+[-]][-]][-][[-]+[-]][-]I[-][[-]+[-]][-][[-][[-]+[-]][-]S[-][[-]+[-]][-]U[-][[-]+[-]][-]C[-][[-]+[-]][-]C[-][[-]+[-]]
[-]E[-][[-]+[-]][-]S[-][[-]+[-]][-]S[-][[-]+[-]][-]][-][[-]+[-]][-]N[-][[-]+[-]][-][[-][[-]+[-]][-]S[-][[-]+[-]][-]U[-][[-]+[-]]
[-]C[-][[-]+[-]][-]C[-][[-]+[-]][-]E[-][[-]+[-]][-]S[-][[-]+[-]][-]S[-][[-]+[-]][-]][-][[-]+[-]][-]F[-][[-]+[-]][-][[-][[-]+[-]]
[-]S[-][[-]+[-]][-]U[-][[-]+[-]][-]C[-][[-]+[-]][-]C[-][[-]+[-]][-]E[-][[-]+[-]][-]S[-][[-]+[-]][-]S[-][[-]+[-]][-]][-][[-]+[-]]
[-]O[-][[-]+[-]][-][[-][[-]+[-]][-]S[-][[-]+[-]][-]U[-][[-]+[-]][-]C[-][[-]+[-]][-]C[-][[-]+[-]][-]E[-][[-]+[-]][-]S[-][[-]+[-]]
[-]S[-][[-]+[-]][-]][-][[-]+[-]][-]][-][[-]+[-]][-][[-][[-]+[-]][-]S[-][[-]+[-]][-]U[-][[-]+[-]][-]C[-][[-]+[-]][-]C[-][[-]+[-]]
[-]E[-][[-]+[-]][-]S[-][[-]+[-]][-]S[-][[-]+[-]][-]][-][[-]+[-]][-]>[-][[-]+[-]][-][[-][[-]+[-]][-]S[-][[-]+[-]][-]U[-][[-]+[-]]
[-]C[-][[-]+[-]][-]C[-][[-]+[-]][-]E[-][[-]+[-]][-]S[-][[-]+[-]][-]S[-][[-]+[-]][-]][-][[-]+[-]][-][[-][[-]+[-]][-][[-][[-]+[-]]
[-]S[-][[-]+[-]][-]U[-][[-]+[-]][-]C[-][[-]+[-]][-]C[-][[-]+[-]][-]E[-][[-]+[-]][-]S[-][[-]+[-]][-]S[-][[-]+[-]][-]][-][[-]+[-]]
[-]I[-][[-]+[-]][-][[-][[-]+[-]][-]S[-][[-]+[-]][-]U[-][[-]+[-]][-]C[-][[-]+[-]][-]C[-][[-]+[-]][-]E[-][[-]+[-]][-]S[-][[-]+[-]]
[-]S[-][[-]+[-]][-]][-][[-]+[-]][-]N[-][[-]+[-]][-][[-][[-]+[-]][-]S[-][[-]+[-]][-]U[-][[-]+[-]][-]C[-][[-]+[-]][-]C[-][[-]+[-]]
[-]E[-][[-]+[-]][-]S[-][[-]+[-]][-]S[-][[-]+[-]][-]][-][[-]+[-]][-]F[-][[-]+[-]][-][[-][[-]+[-]][-]S[-][[-]+[-]][-]U[-][[-]+[-]]
[-]C[-][[-]+[-]][-]C[-][[-]+[-]][-]E[-][[-]+[-]][-]S[-][[-]+[-]][-]S[-][[-]+[-]][-]][-][[-]+[-]][-]O[-][[-]+[-]][-][[-][[-]+[-]]
[-]S[-][[-]+[-]][-]U[-][[-]+[-]][-]C[-][[-]+[-]][-]C[-][[-]+[-]][-]E[-][[-]+[-]][-]S[-][[-]+[-]][-]S[-][[-]+[-]][-]][-][[-]+[-]]
[-]][-][[-]+[-]][-][[-][[-]+[-]][-]S[-][[-]+[-]][-]U[-][[-]+[-]][-]C[-][[-]+[-]][-]C[-][[-]+[-]][-]E[-][[-]+[-]][-]S[-][[-]+[-]]
[-]S[-][[-]+[-]][-]][-][[-]+[-]][-]][-][[-]+[-]][-][[-][[-]+[-]][-]S[-][[-]+[-]][-]U[-][[-]+[-]][-]C[-][[-]+[-]][-]C[-][[-]+[-]]
[-]E[-][[-]+[-]][-]S[-][[-]+[-]][-]S[-][[-]+[-]][-]][-][[-]+[-]][-][[-][[-]+[-]][-][[-][[-]+[-]][-]S[-][[-]+[-]][-]U[-][[-]+[-]]
[-]C[-][[-]+[-]][-]C[-][[-]+[-]][-]E[-][[-]+[-]][-]S[-][[-]+[-]][-]S[-][[-]+[-]][-]][-][[-]+[-]][-]I[-][[-]+[-]][-][[-][[-]+[-]]
[-]S[-][[-]+[-]][-]U[-][[-]+[-]][-]C[-][[-]+[-]][-]C[-][[-]+[-]][-]E[-][[-]+[-]][-]S[-][[-]+[-]][-]S[-][[-]+[-]][-]][-][[-]+[-]]
[-]N[-][[-]+[-]][-][[-][[-]+[-]][-]S[-][[-]+[-]][-]U[-][[-]+[-]][-]C[-][[-]+[-]][-]C[-][[-]+[-]][-]E[-][[-]+[-]][-]S[-][[-]+[-]]
[-]S[-][[-]+[-]][-]][-][[-]+[-]][-]F[-][[-]+[-]][-][[-][[-]+[-]][-]S[-][[-]+[-]][-]U[-][[-]+[-]][-]C[-][[-]+[-]][-]C[-][[-]+[-]]
[-]E[-][[-]+[-]][-]S[-][[-]+[-]][-]S[-][[-]+[-]][-]][-][[-]+[-]][-]O[-][[-]+[-]][-][[-][[-]+[-]][-]S[-][[-]+[-]][-]U[-][[-]+[-]]
[-]C[-][[-]+[-]][-]C[-][[-]+[-]][-]E[-][[-]+[-]][-]S[-][[-]+[-]][-]S[-][[-]+[-]][-]][-][[-]+[-]][-]][-][[-]+[-]][-][[-][[-]+[-]]
[-]S[-][[-]+[-]][-]U[-][[-]+[-]][-]C[-][[-]+[-]][-]C[-][[-]+[-]][-]E[-][[-]+[-]][-]S[-][[-]+[-]][-]S[-][[-]+[-]][-]][-][[-]+[-]]
[-]O[-][[-]+[-]][-][[-][[-]+[-]][-]S[-][[-]+[-]][-]U[-][[-]+[-]][-]C[-][[-]+[-]][-]C[-][[-]+[-]][-]E[-][[-]+[-]][-]S[-][[-]+[-]]
[-]S[-][[-]+[-]][-]][-][[-]+[-]][-][[-][[-]+[-]][-][[-][[-]+[-]][-]S[-][[-]+[-]][-]U[-][[-]+[-]][-]C[-][[-]+[-]][-]C[-][[-]+[-]]
[-]E[-][[-]+[-]][-]S[-][[-]+[-]][-]S[-][[-]+[-]][-]][-][[-]+[-]][-]I[-][[-]+[-]][-][[-][[-]+[-]][-]S[-][[-]+[-]][-]U[-][[-]+[-]]
[-]C[-][[-]+[-]][-]C[-][[-]+[-]][-]E[-][[-]+[-]][-]S[-][[-]+[-]][-]S[-][[-]+[-]][-]][-][[-]+[-]][-]N[-][[-]+[-]][-][[-][[-]+[-]]
[-]S[-][[-]+[-]][-]U[-][[-]+[-]][-]C[-][[-]+[-]][-]C[-][[-]+[-]][-]E[-][[-]+[-]][-]S[-][[-]+[-]][-]S[-][[-]+[-]][-]][-][[-]+[-]]
[-]F[-][[-]+[-]][-][[-][[-]+[-]][-]S[-][[-]+[-]][-]U[-][[-]+[-]][-]C[-][[-]+[-]][-]C[-][[-]+[-]][-]E[-][[-]+[-]][-]S[-][[-]+[-]]
[-]S[-][[-]+[-]][-]][-][[-]+[-]][-]O[-][[-]+[-]][-][[-][[-]+[-]][-]S[-][[-]+[-]][-]U[-][[-]+[-]][-]C[-][[-]+[-]][-]C[-][[-]+[-]]
[-]E[-][[-]+[-]][-]S[-][[-]+[-]][-]S[-][[-]+[-]][-]][-][[-]+[-]][-]][-][[-]+[-]][-][[-][[-]+[-]][-]S[-][[-]+[-]][-]U[-][[-]+[-]]
[-]C[-][[-]+[-]][-]C[-][[-]+[-]][-]E[-][[-]+[-]][-]S[-][[-]+[-]][-]S[-][[-]+[-]][-]][-][[-]+[-]][-][[-][[-]+[-]][-][[-][[-]+[-]]
[-]S[-][[-]+[-]][-]U[-][[-]+[-]][-]C[-][[-]+[-]][-]C[-][[-]+[-]][-]E[-][[-]+[-]][-]S[-][[-]+[-]][-]S[-][[-]+[-]][-]][-][[-]+[-]]
[-][[-][[-]+[-]][-][[-][[-]+[-]][-]S[-][[-]+[-]][-]U[-][[-]+[-]][-]C[-][[-]+[-]][-]C[-][[-]+[-]][-]E[-][[-]+[-]][-]S[-][[-]+[-]]
[-]S[-][[-]+[-]][-]][-][[-]+[-]][-]I[-][[-]+[-]][-][[-][[-]+[-]][-]S[-][[-]+[-]][-]U[-][[-]+[-]][-]C[-][[-]+[-]][-]C[-][[-]+[-]]
[-]E[-][[-]+[-]][-]S[-][[-]+[-]][-]S[-][[-]+[-]][-]][-][[-]+[-]][-]N[-][[-]+[-]][-][[-][[-]+[-]][-]S[-][[-]+[-]][-]U[-][[-]+[-]]
[-]C[-][[-]+[-]][-]C[-][[-]+[-]][-]E[-][[-]+[-]][-]S[-][[-]+[-]][-]S[-][[-]+[-]][-]][-][[-]+[-]][-]F[-][[-]+[-]][-][[-][[-]+[-]]
[-]S[-][[-]+[-]][-]U[-][[-]+[-]][-]C[-][[-]+[-]][-]C[-][[-]+[-]][-]E[-][[-]+[-]][-]S[-][[-]+[-]][-]S[-][[-]+[-]][-]][-][[-]+[-]]
[-]O[-][[-]+[-]][-][[-][[-]+[-]][-]S[-][[-]+[-]][-]U[-][[-]+[-]][-]C[-][[-]+[-]][-]C[-][[-]+[-]][-]E[-][[-]+[-]][-]S[-][[-]+[-]]
[-]S[-][[-]+[-]][-]][-][[-]+[-]][-]][-][[-]+[-]][-][[-][[-]+[-]][-]S[-][[-]+[-]][-]U[-][[-]+[-]][-]C[-][[-]+[-]][-]C[-][[-]+[-]]
[-]E[-][[-]+[-]][-]S[-][[-]+[-]][-]S[-][[-]+[-]][-]][-][[-]+[-]][-]>[-][[-]+[-]][-][[-][[-]+[-]][-]S[-][[-]+[-]][-]U[-][[-]+[-]]
[-]C[-][[-]+[-]][-]C[-][[-]+[-]][-]E[-][[-]+[-]][-]S[-][[-]+[-]][-]S[-][[-]+[-]][-]][-][[-]+[-]][-][[-][[-]+[-]][-][[-][[-]+[-]]
[-]S[-][[-]+[-]][-]U[-][[-]+[-]][-]C[-][[-]+[-]][-]C[-][[-]+[-]][-]E[-][[-]+[-]][-]S[-][[-]+[-]][-]S[-][[-]+[-]][-]][-][[-]+[-]]
[-]I[-][[-]+[-]][-][[-][[-]+[-]][-]S[-][[-]+[-]][-]U[-][[-]+[-]][-]C[-][[-]+[-]][-]C[-][[-]+[-]][-]E[-][[-]+[-]][-]S[-][[-]+[-]]
[-]S[-][[-]+[-]][-]][-][[-]+[-]][-]N[-][[-]+[-]][-][[-][[-]+[-]][-]S[-][[-]+[-]][-]U[-][[-]+[-]][-]C[-][[-]+[-]][-]C[-][[-]+[-]]
[-]E[-][[-]+[-]][-]S[-][[-]+[-]][-]S[-][[-]+[-]][-]][-][[-]+[-]][-]F[-][[-]+[-]][-][[-][[-]+[-]][-]S[-][[-]+[-]][-]U[-][[-]+[-]]
[-]C[-][[-]+[-]][-]C[-][[-]+[-]][-]E[-][[-]+[-]][-]S[-][[-]+[-]][-]S[-][[-]+[-]][-]][-][[-]+[-]][-]O[-][[-]+[-]][-][[-][[-]+[-]]
[-]S[-][[-]+[-]][-]U[-][[-]+[-]][-]C[-][[-]+[-]][-]C[-][[-]+[-]][-]E[-][[-]+[-]][-]S[-][[-]+[-]][-]S[-][[-]+[-]][-]][-][[-]+[-]]
[-]][-][[-]+[-]][-][[-][[-]+[-]][-]S[-][[-]+[-]][-]U[-][[-]+[-]][-]C[-][[-]+[-]][-]C[-][[-]+[-]][-]E[-][[-]+[-]][-]S[-][[-]+[-]]
[-]S[-][[-]+[-]][-]][-][[-]+[-]][-]][-][[-]+[-]][-][[-][[-]+[-]][-]S[-][[-]+[-]][-]U[-][[-]+[-]][-]C[-][[-]+[-]][-]C[-][[-]+[-]]
[-]E[-][[-]+[-]][-]S[-][[-]+[-]][-]S[-][[-]+[-]][-]][-][[-]+[-]][-][[-][[-]+[-]][-][[-][[-]+[-]][-]S[-][[-]+[-]][-]U[-][[-]+[-]]
[-]C[-][[-]+[-]][-]C[-][[-]+[-]][-]E[-][[-]+[-]][-]S[-][[-]+[-]][-]S[-][[-]+[-]][-]][-][[-]+[-]][-]I[-][[-]+[-]][-][[-][[-]+[-]]
[-]S[-][[-]+[-]][-]U[-][[-]+[-]][-]C[-][[-]+[-]][-]C[-][[-]+[-]][-]E[-][[-]+[-]][-]S[-][[-]+[-]][-]S[-][[-]+[-]][-]][-][[-]+[-]]
[-]N[-][[-]+[-]][-][[-][[-]+[-]][-]S[-][[-]+[-]][-]U[-][[-]+[-]][-]C[-][[-]+[-]][-]C[-][[-]+[-]][-]E[-][[-]+[-]][-]S[-][[-]+[-]]
[-]S[-][[-]+[-]][-]][-][[-]+[-]][-]F[-][[-]+[-]][-][[-][[-]+[-]][-]S[-][[-]+[-]][-]U[-][[-]+[-]][-]C[-][[-]+[-]][-]C[-][[-]+[-]]
[-]E[-][[-]+[-]][-]S[-][[-]+[-]][-]S[-][[-]+[-]][-]][-][[-]+[-]][-]O[-][[-]+[-]][-][[-][[-]+[-]][-]S[-][[-]+[-]][-]U[-][[-]+[-]]
[-]C[-][[-]+[-]][-]C[-][[-]+[-]][-]E[-][[-]+[-]][-]S[-][[-]+[-]][-]S[-][[-]+[-]][-]][-][[-]+[-]][-]][-][[-]+[-]][-][[-][[-]+[-]]
[-]S[-][[-]+[-]][-]U[-][[-]+[-]][-]C[-][[-]+[-]][-]C[-][[-]+[-]][-]E[-][[-]+[-]][-]S[-][[-]+[-]][-]S[-][[-]+[-]][-]][-][[-]+[-]]
[-]K[-][[-]+[-]][-][[-][[-]+[-]][-]S[-][[-]+[-]][-]U[-][[-]+[-]][-]C[-][[-]+[-]][-]C[-][[-]+[-]][-]E[-][[-]+[-]][-]S[-][[-]+[-]]
[-]S[-][[-]+[-]][-]][-][[-]+[-]][-][[-][[-]+[-]][-][[-][[-]+[-]][-]S[-][[-]+[-]][-]U[-][[-]+[-]][-]C[-][[-]+[-]][-]C[-][[-]+[-]]
[-]E[-][[-]+[-]][-]S[-][[-]+[-]][-]S[-][[-]+[-]][-]][-][[-]+[-]][-]I[-][[-]+[-]][-][[-][[-]+[-]][-]S[-][[-]+[-]][-]U[-][[-]+[-]]
[-]C[-][[-]+[-]][-]C[-][[-]+[-]][-]E[-][[-]+[-]][-]S[-][[-]+[-]][-]S[-][[-]+[-]][-]][-][[-]+[-]][-]N[-][[-]+[-]][-][[-][[-]+[-]]
[-]S[-][[-]+[-]][-]U[-][[-]+[-]][-]C[-][[-]+[-]][-]C[-][[-]+[-]][-]E[-][[-]+[-]][-]S[-][[-]+[-]][-]S[-][[-]+[-]][-]][-][[-]+[-]]
[-]F[-][[-]+[-]][-][[-][[-]+[-]][-]S[-][[-]+[-]][-]U[-][[-]+[-]][-]C[-][[-]+[-]][-]C[-][[-]+[-]][-]E[-][[-]+[-]][-]S[-][[-]+[-]]
[-]S[-][[-]+[-]][-]][-][[-]+[-]][-]O[-][[-]+[-]][-][[-][[-]+[-]][-]S[-][[-]+[-]][-]U[-][[-]+[-]][-]C[-][[-]+[-]][-]C[-][[-]+[-]]
[-]E[-][[-]+[-]][-]S[-][[-]+[-]][-]S[-][[-]+[-]][-]][-][[-]+[-]][-]][-][[-]+[-]][-][[-][[-]+[-]][-]S[-][[-]+[-]][-]U[-][[-]+[-]]
[-]C[-][[-]+[-]][-]C[-][[-]+[-]][-]E[-][[-]+[-]][-]S[-][[-]+[-]][-]S[-][[-]+[-]][-]][-][[-]+[-]][-][[-][[-]+[-]][-][[-][[-]+[-]]
[-]S[-][[-]+[-]][-]U[-][[-]+[-]][-]C[-][[-]+[-]][-]C[-][[-]+[-]][-]E[-][[-]+[-]][-]S[-][[-]+[-]][-]S[-][[-]+[-]][-]][-][[-]+[-]]
[-][[-][[-]+[-]][-][[-][[-]+[-]][-]S[-][[-]+[-]][-]U[-][[-]+[-]][-]C[-][[-]+[-]][-]C[-][[-]+[-]][-]E[-][[-]+[-]][-]S[-][[-]+[-]]
[-]S[-][[-]+[-]][-]][-][[-]+[-]][-]I[-][[-]+[-]][-][[-][[-]+[-]][-]S[-][[-]+[-]][-]U[-][[-]+[-]][-]C[-][[-]+[-]][-]C[-][[-]+[-]]
[-]E[-][[-]+[-]][-]S[-][[-]+[-]][-]S[-][[-]+[-]][-]][-][[-]+[-]][-]N[-][[-]+[-]][-][[-][[-]+[-]][-]S[-][[-]+[-]][-]U[-][[-]+[-]]
[-]C[-][[-]+[-]][-]C[-][[-]+[-]][-]E[-][[-]+[-]][-]S[-][[-]+[-]][-]S[-][[-]+[-]][-]][-][[-]+[-]][-]F[-][[-]+[-]][-][[-][[-]+[-]]
[-]S[-][[-]+[-]][-]U[-][[-]+[-]][-]C[-][[-]+[-]][-]C[-][[-]+[-]][-]E[-][[-]+[-]][-]S[-][[-]+[-]][-]S[-][[-]+[-]][-]][-][[-]+[-]]
[-]O[-][[-]+[-]][-][[-][[-]+[-]][-]S[-][[-]+[-]][-]U[-][[-]+[-]][-]C[-][[-]+[-]][-]C[-][[-]+[-]][-]E[-][[-]+[-]][-]S[-][[-]+[-]]
[-]S[-][[-]+[-]][-]][-][[-]+[-]][-]][-][[-]+[-]][-][[-][[-]+[-]][-]S[-][[-]+[-]][-]U[-][[-]+[-]][-]C[-][[-]+[-]][-]C[-][[-]+[-]]
[-]E[-][[-]+[-]][-]S[-][[-]+[-]][-]S[-][[-]+[-]][-]][-][[-]+[-]][-]>[-][[-]+[-]][-][[-][[-]+[-]][-]S[-][[-]+[-]][-]U[-][[-]+[-]]
[-]C[-][[-]+[-]][-]C[-][[-]+[-]][-]E[-][[-]+[-]][-]S[-][[-]+[-]][-]S[-][[-]+[-]][-]][-][[-]+[-]][-][[-][[-]+[-]][-][[-][[-]+[-]]
[-]S[-][[-]+[-]][-]U[-][[-]+[-]][-]C[-][[-]+[-]][-]C[-][[-]+[-]][-]E[-][[-]+[-]][-]S[-][[-]+[-]][-]S[-][[-]+[-]][-]][-][[-]+[-]]
[-]I[-][[-]+[-]][-][[-][[-]+[-]][-]S[-][[-]+[-]][-]U[-][[-]+[-]][-]C[-][[-]+[-]][-]C[-][[-]+[-]][-]E[-][[-]+[-]][-]S[-][[-]+[-]]
[-]S[-][[-]+[-]][-]][-][[-]+[-]][-]N[-][[-]+[-]][-][[-][[-]+[-]][-]S[-][[-]+[-]][-]U[-][[-]+[-]][-]C[-][[-]+[-]][-]C[-][[-]+[-]]
[-]E[-][[-]+[-]][-]S[-][[-]+[-]][-]S[-][[-]+[-]][-]][-][[-]+[-]][-]F[-][[-]+[-]][-][[-][[-]+[-]][-]S[-][[-]+[-]][-]U[-][[-]+[-]]
[-]C[-][[-]+[-]][-]C[-][[-]+[-]][-]E[-][[-]+[-]][-]S[-][[-]+[-]][-]S[-][[-]+[-]][-]][-][[-]+[-]][-]O[-][[-]+[-]][-][[-][[-]+[-]]
[-]S[-][[-]+[-]][-]U[-][[-]+[-]][-]C[-][[-]+[-]][-]C[-][[-]+[-]][-]E[-][[-]+[-]][-]S[-][[-]+[-]][-]S[-][[-]+[-]][-]][-][[-]+[-]]
[-]][-][[-]+[-]][-][[-][[-]+[-]][-]S[-][[-]+[-]][-]U[-][[-]+[-]][-]C[-][[-]+[-]][-]C[-][[-]+[-]][-]E[-][[-]+[-]][-]S[-][[-]+[-]]
[-]S[-][[-]+[-]][-]][-][[-]+[-]][-]][-][[-]+[-]][-][[-][[-]+[-]][-]S[-][[-]+[-]][-]U[-][[-]+[-]][-]C[-][[-]+[-]][-]C[-][[-]+[-]]
[-]E[-][[-]+[-]][-]S[-][[-]+[-]][-]S[-][[-]+[-]][-]][-][[-]+[-]][-][[-][[-]+[-]][-][[-][[-]+[-]][-]S[-][[-]+[-]][-]U[-][[-]+[-]]
[-]C[-][[-]+[-]][-]C[-][[-]+[-]][-]E[-][[-]+[-]][-]S[-][[-]+[-]][-]S[-][[-]+[-]][-]][-][[-]+[-]][-]I[-][[-]+[-]][-][[-][[-]+[-]]
[-]S[-][[-]+[-]][-]U[-][[-]+[-]][-]C[-][[-]+[-]][-]C[-][[-]+[-]][-]E[-][[-]+[-]][-]S[-][[-]+[-]][-]S[-][[-]+[-]][-]][-][[-]+[-]]
[-]N[-][[-]+[-]][-][[-][[-]+[-]][-]S[-][[-]+[-]][-]U[-][[-]+[-]][-]C[-][[-]+[-]][-]C[-][[-]+[-]][-]E[-][[-]+[-]][-]S[-][[-]+[-]]
[-]S[-][[-]+[-]][-]][-][[-]+[-]][-]F[-][[-]+[-]][-][[-][[-]+[-]][-]S[-][[-]+[-]][-]U[-][[-]+[-]][-]C[-][[-]+[-]][-]C[-][[-]+[-]]
[-]E[-][[-]+[-]][-]S[-][[-]+[-]][-]S[-][[-]+[-]][-]][-][[-]+[-]][-]O[-][[-]+[-]][-][[-][[-]+[-]][-]S[-][[-]+[-]][-]U[-][[-]+[-]]
[-]C[-][[-]+[-]][-]C[-][[-]+[-]][-]E[-][[-]+[-]][-]S[-][[-]+[-]][-]S[-][[-]+[-]][-]][-][[-]+[-]][-]][-][[-]+[-]][-][[-][[-]+[-]]
[-]S[-][[-]+[-]][-]U[-][[-]+[-]][-]C[-][[-]+[-]][-]C[-][[-]+[-]][-]E[-][[-]+[-]][-]S[-][[-]+[-]][-]S[-][[-]+[-]][-]][-][[-]+[-]]
[-]][-][[-]+[-]][-][[-][[-]+[-]][-]S[-][[-]+[-]][-]U[-][[-]+[-]][-]C[-][[-]+[-]][-]C[-][[-]+[-]][-]E[-][[-]+[-]][-]S[-][[-]+[-]]
[-]S[-][[-]+[-]][-]][-][[-]+[-]][-][[-][[-]+[-]][-][[-][[-]+[-]][-]S[-][[-]+[-]][-]U[-][[-]+[-]][-]C[-][[-]+[-]][-]C[-][[-]+[-]]
[-]E[-][[-]+[-]][-]S[-][[-]+[-]][-]S[-][[-]+[-]][-]][-][[-]+[-]][-]I[-][[-]+[-]][-][[-][[-]+[-]][-]S[-][[-]+[-]][-]U[-][[-]+[-]]
[-]C[-][[-]+[-]][-]C[-][[-]+[-]][-]E[-][[-]+[-]][-]S[-][[-]+[-]][-]S[-][[-]+[-]][-]][-][[-]+[-]][-]N[-][[-]+[-]][-][[-][[-]+[-]]
[-]S[-][[-]+[-]][-]U[-][[-]+[-]][-]C[-][[-]+[-]][-]C[-][[-]+[-]][-]E[-][[-]+[-]][-]S[-][[-]+[-]][-]S[-][[-]+[-]][-]][-][[-]+[-]]
[-]F[-][[-]+[-]][-][[-][[-]+[-]][-]S[-][[-]+[-]][-]U[-][[-]+[-]][-]C[-][[-]+[-]][-]C[-][[-]+[-]][-]E[-][[-]+[-]][-]S[-][[-]+[-]]
[-]S[-][[-]+[-]][-]][-][[-]+[-]][-]O[-][[-]+[-]][-][[-][[-]+[-]][-]S[-][[-]+[-]][-]U[-][[-]+[-]][-]C[-][[-]+[-]][-]C[-][[-]+[-]]
[-]E[-][[-]+[-]][-]S[-][[-]+[-]][-]S[-][[-]+[-]][-]][-][[-]+[-]][-]][-][[-]+[-]][-][[-][[-]+[-]][-]S[-][[-]+[-]][-]U[-][[-]+[-]]
[-]C[-][[-]+[-]][-]C[-][[-]+[-]][-]E[-][[-]+[-]][-]S[-][[-]+[-]][-]S[-][[-]+[-]][-]][-][[-]+[-]][-][[-][[-]+[-]][-][[-][[-]+[-]]
[-]S[-][[-]+[-]][-]U[-][[-]+[-]][-]C[-][[-]+[-]][-]C[-][[-]+[-]][-]E[-][[-]+[-]][-]S[-][[-]+[-]][-]S[-][[-]+[-]][-]][-][[-]+[-]]
[-][[-][[-]+[-]][-][[-][[-]+[-]][-]S[-][[-]+[-]][-]U[-][[-]+[-]][-]C[-][[-]+[-]][-]C[-][[-]+[-]][-]E[-][[-]+[-]][-]S[-][[-]+[-]]
[-]S[-][[-]+[-]][-]][-][[-]+[-]][-]I[-][[-]+[-]][-][[-][[-]+[-]][-]S[-][[-]+[-]][-]U[-][[-]+[-]][-]C[-][[-]+[-]][-]C[-][[-]+[-]]
[-]E[-][[-]+[-]][-]S[-][[-]+[-]][-]S[-][[-]+[-]][-]][-][[-]+[-]][-]N[-][[-]+[-]][-][[-][[-]+[-]][-]S[-][[-]+[-]][-]U[-][[-]+[-]]
[-]C[-][[-]+[-]][-]C[-][[-]+[-]][-]E[-][[-]+[-]][-]S[-][[-]+[-]][-]S[-][[-]+[-]][-]][-][[-]+[-]][-]F[-][[-]+[-]][-][[-][[-]+[-]]
[-]S[-][[-]+[-]][-]U[-][[-]+[-]][-]C[-][[-]+[-]][-]C[-][[-]+[-]][-]E[-][[-]+[-]][-]S[-][[-]+[-]][-]S[-][[-]+[-]][-]][-][[-]+[-]]
[-]O[-][[-]+[-]][-][[-][[-]+[-]][-]S[-][[-]+[-]][-]U[-][[-]+[-]][-]C[-][[-]+[-]][-]C[-][[-]+[-]][-]E[-][[-]+[-]][-]S[-][[-]+[-]]
[-]S[-][[-]+[-]][-]][-][[-]+[-]][-]][-][[-]+[-]][-][[-][[-]+[-]][-]S[-][[-]+[-]][-]U[-][[-]+[-]][-]C[-][[-]+[-]][-]C[-][[-]+[-]]
[-]E[-][[-]+[-]][-]S[-][[-]+[-]][-]S[-][[-]+[-]][-]][-][[-]+[-]][-]>[-][[-]+[-]][-][[-][[-]+[-]][-]S[-][[-]+[-]][-]U[-][[-]+[-]]
[-]C[-][[-]+[-]][-]C[-][[-]+[-]][-]E[-][[-]+[-]][-]S[-][[-]+[-]][-]S[-][[-]+[-]][-]][-][[-]+[-]][-][[-][[-]+[-]][-][[-][[-]+[-]]
[-]S[-][[-]+[-]][-]U[-][[-]+[-]][-]C[-][[-]+[-]][-]C[-][[-]+[-]][-]E[-][[-]+[-]][-]S[-][[-]+[-]][-]S[-][[-]+[-]][-]][-][[-]+[-]]
[-]I[-][[-]+[-]][-][[-][[-]+[-]][-]S[-][[-]+[-]][-]U[-][[-]+[-]][-]C[-][[-]+[-]][-]C[-][[-]+[-]][-]E[-][[-]+[-]][-]S[-][[-]+[-]]
[-]S[-][[-]+[-]][-]][-][[-]+[-]][-]N[-][[-]+[-]][-][[-][[-]+[-]][-]S[-][[-]+[-]][-]U[-][[-]+[-]][-]C[-][[-]+[-]][-]C[-][[-]+[-]]
[-]E[-][[-]+[-]][-]S[-][[-]+[-]][-]S[-][[-]+[-]][-]][-][[-]+[-]][-]F[-][[-]+[-]][-][[-][[-]+[-]][-]S[-][[-]+[-]][-]U[-][[-]+[-]]
[-]C[-][[-]+[-]][-]C[-][[-]+[-]][-]E[-][[-]+[-]][-]S[-][[-]+[-]][-]S[-][[-]+[-]][-]][-][[-]+[-]][-]O[-][[-]+[-]][-][[-][[-]+[-]]
[-]S[-][[-]+[-]][-]U[-][[-]+[-]][-]C[-][[-]+[-]][-]C[-][[-]+[-]][-]E[-][[-]+[-]][-]S[-][[-]+[-]][-]S[-][[-]+[-]][-]][-][[-]+[-]]
[-]][-][[-]+[-]][-][[-][[-]+[-]][-]S[-][[-]+[-]][-]U[-][[-]+[-]][-]C[-][[-]+[-]][-]C[-][[-]+[-]][-]E[-][[-]+[-]][-]S[-][[-]+[-]]
[-]S[-][[-]+[-]][-]][-][[-]+[-]][-]][-][[-]+[-]][-][[-][[-]+[-]][-]S[-][[-]+[-]][-]U[-][[-]+[-]][-]C[-][[-]+[-]][-]C[-][[-]+[-]]
[-]E[-][[-]+[-]][-]S[-][[-]+[-]][-]S[-][[-]+[-]][-]][-][[-]+[-]][-][[-][[-]+[-]][-][[-][[-]+[-]][-]S[-][[-]+[-]][-]U[-][[-]+[-]]
[-]C[-][[-]+[-]][-]C[-][[-]+[-]][-]E[-][[-]+[-]][-]S[-][[-]+[-]][-]S[-][[-]+[-]][-]][-][[-]+[-]][-]I[-][[-]+[-]][-][[-][[-]+[-]]
[-]S[-][[-]+[-]][-]U[-][[-]+[-]][-]C[-][[-]+[-]][-]C[-][[-]+[-]][-]E[-][[-]+[-]][-]S[-][[-]+[-]][-]S[-][[-]+[-]][-]][-][[-]+[-]]
[-]N[-][[-]+[-]][-][[-][[-]+[-]][-]S[-][[-]+[-]][-]U[-][[-]+[-]][-]C[-][[-]+[-]][-]C[-][[-]+[-]][-]E[-][[-]+[-]][-]S[-][[-]+[-]]
[-]S[-][[-]+[-]][-]][-][[-]+[-]][-]F[-][[-]+[-]][-][[-][[-]+[-]][-]S[-][[-]+[-]][-]U[-][[-]+[-]][-]C[-][[-]+[-]][-]C[-][[-]+[-]]
[-]E[-][[-]+[-]][-]S[-][[-]+[-]][-]S[-][[-]+[-]][-]][-][[-]+[-]][-]O[-][[-]+[-]][-][[-][[-]+[-]][-]S[-][[-]+[-]][-]U[-][[-]+[-]]
[-]C[-][[-]+[-]][-]C[-][[-]+[-]][-]E[-][[-]+[-]][-]S[-][[-]+[-]][-]S[-][[-]+[-]][-]][-][[-]+[-]][-]][-][[-]+[-]][-][[-][[-]+[-]]
[-]S[-][[-]+[-]][-]U[-][[-]+[-]][-]C[-][[-]+[-]][-]C[-][[-]+[-]][-]E[-][[-]+[-]][-]S[-][[-]+[-]][-]S[-][[-]+[-]][-]][-][[-]+[-]]
[-][[-][[-]+[-]][-][[-][[-]+[-]][-]S[-][[-]+[-]][-]U[-][[-]+[-]][-]C[-][[-]+[-]][-]C[-][[-]+[-]][-]E[-][[-]+[-]][-]S[-][[-]+[-]]
[-]S[-][[-]+[-]][-]][-][[-]+[-]][-][[-][[-]+[-]][-][[-][[-]+[-]][-]S[-][[-]+[-]][-]U[-][[-]+[-]][-]C[-][[-]+[-]][-]C[-][[-]+[-]]
[-]E[-][[-]+[-]][-]S[-][[-]+[-]][-]S[-][[-]+[-]][-]][-][[-]+[-]][-]I[-][[-]+[-]][-][[-][[-]+[-]][-]S[-][[-]+[-]][-]U[-][[-]+[-]]
[-]C[-][[-]+[-]][-]C[-][[-]+[-]][-]E[-][[-]+[-]][-]S[-][[-]+[-]][-]S[-][[-]+[-]][-]][-][[-]+[-]][-]N[-][[-]+[-]][-][[-][[-]+[-]]
[-]S[-][[-]+[-]][-]U[-][[-]+[-]][-]C[-][[-]+[-]][-]C[-][[-]+[-]][-]E[-][[-]+[-]][-]S[-][[-]+[-]][-]S[-][[-]+[-]][-]][-][[-]+[-]]
[-]F[-][[-]+[-]][-][[-][[-]+[-]][-]S[-][[-]+[-]][-]U[-][[-]+[-]][-]C[-][[-]+[-]][-]C[-][[-]+[-]][-]E[-][[-]+[-]][-]S[-][[-]+[-]]
[-]S[-][[-]+[-]][-]][-][[-]+[-]][-]O[-][[-]+[-]][-][[-][[-]+[-]][-]S[-][[-]+[-]][-]U[-][[-]+[-]][-]C[-][[-]+[-]][-]C[-][[-]+[-]]
[-]E[-][[-]+[-]][-]S[-][[-]+[-]][-]S[-][[-]+[-]][-]][-][[-]+[-]][-]][-][[-]+[-]][-][[-][[-]+[-]][-]S[-][[-]+[-]][-]U[-][[-]+[-]]
[-]C[-][[-]+[-]][-]C[-][[-]+[-]][-]E[-][[-]+[-]][-]S[-][[-]+[-]][-]S[-][[-]+[-]][-]][-][[-]+[-]][-][[-][[-]+[-]][-][[-][[-]+[-]]
[-]S[-][[-]+[-]][-]U[-][[-]+[-]][-]C[-][[-]+[-]][-]C[-][[-]+[-]][-]E[-][[-]+[-]][-]S[-][[-]+[-]][-]S[-][[-]+[-]][-]][-][[-]+[-]]
[-][[-][[-]+[-]][-][[-][[-]+[-]][-]S[-][[-]+[-]][-]U[-][[-]+[-]][-]C[-][[-]+[-]][-]C[-][[-]+[-]][-]E[-][[-]+[-]][-]S[-][[-]+[-]]
[-]S[-][[-]+[-]][-]][-][[-]+[-]][-]I[-][[-]+[-]][-][[-][[-]+[-]][-]S[-][[-]+[-]][-]U[-][[-]+[-]][-]C[-][[-]+[-]][-]C[-][[-]+[-]]
[-]E[-][[-]+[-]][-]S[-][[-]+[-]][-]S[-][[-]+[-]][-]][-][[-]+[-]][-]N[-][[-]+[-]][-][[-][[-]+[-]][-]S[-][[-]+[-]][-]U[-][[-]+[-]]
[-]C[-][[-]+[-]][-]C[-][[-]+[-]][-]E[-][[-]+[-]][-]S[-][[-]+[-]][-]S[-][[-]+[-]][-]][-][[-]+[-]][-]F[-][[-]+[-]][-][[-][[-]+[-]]
[-]S[-][[-]+[-]][-]U[-][[-]+[-]][-]C[-][[-]+[-]][-]C[-][[-]+[-]][-]E[-][[-]+[-]][-]S[-][[-]+[-]][-]S[-][[-]+[-]][-]][-][[-]+[-]]
[-]O[-][[-]+[-]][-][[-][[-]+[-]][-]S[-][[-]+[-]][-]U[-][[-]+[-]][-]C[-][[-]+[-]][-]C[-][[-]+[-]][-]E[-][[-]+[-]][-]S[-][[-]+[-]]
[-]S[-][[-]+[-]][-]][-][[-]+[-]][-]][-][[-]+[-]][-][[-][[-]+[-]][-]S[-][[-]+[-]][-]U[-][[-]+[-]][-]C[-][[-]+[-]][-]C[-][[-]+[-]]
[-]E[-][[-]+[-]][-]S[-][[-]+[-]][-]S[-][[-]+[-]][-]][-][[-]+[-]][-]>[-][[-]+[-]][-][[-][[-]+[-]][-]S[-][[-]+[-]][-]U[-][[-]+[-]]
[-]C[-][[-]+[-]][-]C[-][[-]+[-]][-]E[-][[-]+[-]][-]S[-][[-]+[-]][-]S[-][[-]+[-]][-]][-][[-]+[-]][-][[-][[-]+[-]][-][[-][[-]+[-]]
[-]S[-][[-]+[-]][-]U[-][[-]+[-]][-]C[-][[-]+[-]][-]C[-][[-]+[-]][-]E[-][[-]+[-]][-]S[-][[-]+[-]][-]S[-][[-]+[-]][-]][-][[-]+[-]]
[-]I[-][[-]+[-]][-][[-][[-]+[-]][-]S[-][[-]+[-]][-]U[-][[-]+[-]][-]C[-][[-]+[-]][-]C[-][[-]+[-]][-]E[-][[-]+[-]][-]S[-][[-]+[-]]
[-]S[-][[-]+[-]][-]][-][[-]+[-]][-]N[-][[-]+[-]][-][[-][[-]+[-]][-]S[-][[-]+[-]][-]U[-][[-]+[-]][-]C[-][[-]+[-]][-]C[-][[-]+[-]]
[-]E[-][[-]+[-]][-]S[-][[-]+[-]][-]S[-][[-]+[-]][-]][-][[-]+[-]][-]F[-][[-]+[-]][-][[-][[-]+[-]][-]S[-][[-]+[-]][-]U[-][[-]+[-]]
[-]C[-][[-]+[-]][-]C[-][[-]+[-]][-]E[-][[-]+[-]][-]S[-][[-]+[-]][-]S[-][[-]+[-]][-]][-][[-]+[-]][-]O[-][[-]+[-]][-][[-][[-]+[-]]
[-]S[-][[-]+[-]][-]U[-][[-]+[-]][-]C[-][[-]+[-]][-]C[-][[-]+[-]][-]E[-][[-]+[-]][-]S[-][[-]+[-]][-]S[-][[-]+[-]][-]][-][[-]+[-]]
[-]][-][[-]+[-]][-][[-][[-]+[-]][-]S[-][[-]+[-]][-]U[-][[-]+[-]][-]C[-][[-]+[-]][-]C[-][[-]+[-]][-]E[-][[-]+[-]][-]S[-][[-]+[-]]
[-]S[-][[-]+[-]][-]][-][[-]+[-]][-]][-][[-]+[-]][-][[-][[-]+[-]][-]S[-][[-]+[-]][-]U[-][[-]+[-]][-]C[-][[-]+[-]][-]C[-][[-]+[-]]
[-]E[-][[-]+[-]][-]S[-][[-]+[-]][-]S[-][[-]+[-]][-]][-][[-]+[-]][-][[-][[-]+[-]][-][[-][[-]+[-]][-]S[-][[-]+[-]][-]U[-][[-]+[-]]
[-]C[-][[-]+[-]][-]C[-][[-]+[-]][-]E[-][[-]+[-]][-]S[-][[-]+[-]][-]S[-][[-]+[-]][-]][-][[-]+[-]][-]I[-][[-]+[-]][-][[-][[-]+[-]]
[-]S[-][[-]+[-]][-]U[-][[-]+[-]][-]C[-][[-]+[-]][-]C[-][[-]+[-]][-]E[-][[-]+[-]][-]S[-][[-]+[-]][-]S[-][[-]+[-]][-]][-][[-]+[-]]
[-]N[-][[-]+[-]][-][[-][[-]+[-]][-]S[-][[-]+[-]][-]U[-][[-]+[-]][-]C[-][[-]+[-]][-]C[-][[-]+[-]][-]E[-][[-]+[-]][-]S[-][[-]+[-]]
[-]S[-][[-]+[-]][-]][-][[-]+[-]][-]F[-][[-]+[-]][-][[-][[-]+[-]][-]S[-][[-]+[-]][-]U[-][[-]+[-]][-]C[-][[-]+[-]][-]C[-][[-]+[-]]
[-]E[-][[-]+[-]][-]S[-][[-]+[-]][-]S[-][[-]+[-]][-]][-][[-]+[-]][-]O[-][[-]+[-]][-][[-][[-]+[-]][-]S[-][[-]+[-]][-]U[-][[-]+[-]]
[-]C[-][[-]+[-]][-]C[-][[-]+[-]][-]E[-][[-]+[-]][-]S[-][[-]+[-]][-]S[-][[-]+[-]][-]][-][[-]+[-]][-]][-][[-]+[-]][-][[-][[-]+[-]]
[-]S[-][[-]+[-]][-]U[-][[-]+[-]][-]C[-][[-]+[-]][-]C[-][[-]+[-]][-]E[-][[-]+[-]][-]S[-][[-]+[-]][-]S[-][[-]+[-]][-]][-][[-]+[-]]
[-][[-][[-]+[-]][-][[-][[-]+[-]][-]S[-][[-]+[-]][-]U[-][[-]+[-]][-]C[-][[-]+[-]][-]C[-][[-]+[-]][-]E[-][[-]+[-]][-]S[-][[-]+[-]]
[-]S[-][[-]+[-]][-]][-][[-]+[-]][-][[-][[-]+[-]][-][[-][[-]+[-]][-]S[-][[-]+[-]][-]U[-][[-]+[-]][-]C[-][[-]+[-]][-]C[-][[-]+[-]]
[-]E[-][[-]+[-]][-]S[-][[-]+[-]][-]S[-][[-]+[-]][-]][-][[-]+[-]][-]I[-][[-]+[-]][-][[-][[-]+[-]][-]S[-][[-]+[-]][-]U[-][[-]+[-]]
[-]C[-][[-]+[-]][-]C[-][[-]+[-]][-]E[-][[-]+[-]][-]S[-][[-]+[-]][-]S[-][[-]+[-]][-]][-][[-]+[-]][-]N[-][[-]+[-]][-][[-][[-]+[-]]
[-]S[-][[-]+[-]][-]U[-][[-]+[-]][-]C[-][[-]+[-]][-]C[-][[-]+[-]][-]E[-][[-]+[-]][-]S[-][[-]+[-]][-]S[-][[-]+[-]][-]][-][[-]+[-]]
[-]F[-][[-]+[-]][-][[-][[-]+[-]][-]S[-][[-]+[-]][-]U[-][[-]+[-]][-]C[-][[-]+[-]][-]C[-][[-]+[-]][-]E[-][[-]+[-]][-]S[-][[-]+[-]]
[-]S[-][[-]+[-]][-]][-][[-]+[-]][-]O[-][[-]+[-]][-][[-][[-]+[-]][-]S[-][[-]+[-]][-]U[-][[-]+[-]][-]C[-][[-]+[-]][-]C[-][[-]+[-]]
[-]E[-][[-]+[-]][-]S[-][[-]+[-]][-]S[-][[-]+[-]][-]][-][[-]+[-]][-]][-][[-]+[-]][-][[-][[-]+[-]][-]S[-][[-]+[-]][-]U[-][[-]+[-]]
[-]C[-][[-]+[-]][-]C[-][[-]+[-]][-]E[-][[-]+[-]][-]S[-][[-]+[-]][-]S[-][[-]+[-]][-]][-][[-]+[-]][-][[-][[-]+[-]][-][[-][[-]+[-]]
[-]S[-][[-]+[-]][-]U[-][[-]+[-]][-]C[-][[-]+[-]][-]C[-][[-]+[-]][-]E[-][[-]+[-]][-]S[-][[-]+[-]][-]S[-][[-]+[-]][-]][-][[-]+[-]]
[-][[-][[-]+[-]][-][[-][[-]+[-]][-]S[-][[-]+[-]][-]U[-][[-]+[-]][-]C[-][[-]+[-]][-]C[-][[-]+[-]][-]E[-][[-]+[-]][-]S[-][[-]+[-]]
[-]S[-][[-]+[-]][-]][-][[-]+[-]][-]I[-][[-]+[-]][-][[-][[-]+[-]][-]S[-][[-]+[-]][-]U[-][[-]+[-]][-]C[-][[-]+[-]][-]C[-][[-]+[-]]
[-]E[-][[-]+[-]][-]S[-][[-]+[-]][-]S[-][[-]+[-]][-]][-][[-]+[-]][-]N[-][[-]+[-]][-][[-][[-]+[-]][-]S[-][[-]+[-]][-]U[-][[-]+[-]]
[-]C[-][[-]+[-]][-]C[-][[-]+[-]][-]E[-][[-]+[-]][-]S[-][[-]+[-]][-]S[-][[-]+[-]][-]][-][[-]+[-]][-]F[-][[-]+[-]][-][[-][[-]+[-]]
[-]S[-][[-]+[-]][-]U[-][[-]+[-]][-]C[-][[-]+[-]][-]C[-][[-]+[-]][-]E[-][[-]+[-]][-]S[-][[-]+[-]][-]S[-][[-]+[-]][-]][-][[-]+[-]]
[-]O[-][[-]+[-]][-][[-][[-]+[-]][-]S[-][[-]+[-]][-]U[-][[-]+[-]][-]C[-][[-]+[-]][-]C[-][[-]+[-]][-]E[-][[-]+[-]][-]S[-][[-]+[-]]
[-]S[-][[-]+[-]][-]][-][[-]+[-]][-]][-][[-]+[-]][-][[-][[-]+[-]][-]S[-][[-]+[-]][-]U[-][[-]+[-]][-]C[-][[-]+[-]][-]C[-][[-]+[-]]
[-]E[-][[-]+[-]][-]S[-][[-]+[-]][-]S[-][[-]+[-]][-]][-][[-]+[-]][-]>[-][[-]+[-]][-][[-][[-]+[-]][-]S[-][[-]+[-]][-]U[-][[-]+[-]]
[-]C[-][[-]+[-]][-]C[-][[-]+[-]][-]E[-][[-]+[-]][-]S[-][[-]+[-]][-]S[-][[-]+[-]][-]][-][[-]+[-]][-][[-][[-]+[-]][-][[-][[-]+[-]]
[-]S[-][[-]+[-]][-]U[-][[-]+[-]][-]C[-][[-]+[-]][-]C[-][[-]+[-]][-]E[-][[-]+[-]][-]S[-][[-]+[-]][-]S[-][[-]+[-]][-]][-][[-]+[-]]
[-]I[-][[-]+[-]][-][[-][[-]+[-]][-]S[-][[-]+[-]][-]U[-][[-]+[-]][-]C[-][[-]+[-]][-]C[-][[-]+[-]][-]E[-][[-]+[-]][-]S[-][[-]+[-]]
[-]S[-][[-]+[-]][-]][-][[-]+[-]][-]N[-][[-]+[-]][-][[-][[-]+[-]][-]S[-][[-]+[-]][-]U[-][[-]+[-]][-]C[-][[-]+[-]][-]C[-][[-]+[-]]
[-]E[-][[-]+[-]][-]S[-][[-]+[-]][-]S[-][[-]+[-]][-]][-][[-]+[-]][-]F[-][[-]+[-]][-][[-][[-]+[-]][-]S[-][[-]+[-]][-]U[-][[-]+[-]]
[-]C[-][[-]+[-]][-]C[-][[-]+[-]][-]E[-][[-]+[-]][-]S[-][[-]+[-]][-]S[-][[-]+[-]][-]][-][[-]+[-]][-]O[-][[-]+[-]][-][[-][[-]+[-]]
[-]S[-][[-]+[-]][-]U[-][[-]+[-]][-]C[-][[-]+[-]][-]C[-][[-]+[-]][-]E[-][[-]+[-]][-]S[-][[-]+[-]][-]S[-][[-]+[-]][-]][-][[-]+[-]]
[-]][-][[-]+[-]][-][[-][[-]+[-]][-]S[-][[-]+[-]][-]U[-][[-]+[-]][-]C[-][[-]+[-]][-]C[-][[-]+[-]][-]E[-][[-]+[-]][-]S[-][[-]+[-]]
[-]S[-][[-]+[-]][-]][-][[-]+[-]][-]][-][[-]+[-]][-][[-][[-]+[-]][-]S[-][[-]+[-]][-]U[-][[-]+[-]][-]C[-][[-]+[-]][-]C[-][[-]+[-]]
[-]E[-][[-]+[-]][-]S[-][[-]+[-]][-]S[-][[-]+[-]][-]][-][[-]+[-]][-][[-][[-]+[-]][-][[-][[-]+[-]][-]S[-][[-]+[-]][-]U[-][[-]+[-]]
[-]C[-][[-]+[-]][-]C[-][[-]+[-]][-]E[-][[-]+[-]][-]S[-][[-]+[-]][-]S[-][[-]+[-]][-]][-][[-]+[-]][-]I[-][[-]+[-]][-][[-][[-]+[-]]
[-]S[-][[-]+[-]][-]U[-][[-]+[-]][-]C[-][[-]+[-]][-]C[-][[-]+[-]][-]E[-][[-]+[-]][-]S[-][[-]+[-]][-]S[-][[-]+[-]][-]][-][[-]+[-]]
[-]N[-][[-]+[-]][-][[-][[-]+[-]][-]S[-][[-]+[-]][-]U[-][[-]+[-]][-]C[-][[-]+[-]][-]C[-][[-]+[-]][-]E[-][[-]+[-]][-]S[-][[-]+[-]]
[-]S[-][[-]+[-]][-]][-][[-]+[-]][-]F[-][[-]+[-]][-][[-][[-]+[-]][-]S[-][[-]+[-]][-]U[-][[-]+[-]][-]C[-][[-]+[-]][-]C[-][[-]+[-]]
[-]E[-][[-]+[-]][-]S[-][[-]+[-]][-]S[-][[-]+[-]][-]][-][[-]+[-]][-]O[-][[-]+[-]][-][[-][[-]+[-]][-]S[-][[-]+[-]][-]U[-][[-]+[-]]
[-]C[-][[-]+[-]][-]C[-][[-]+[-]][-]E[-][[-]+[-]][-]S[-][[-]+[-]][-]S[-][[-]+[-]][-]][-][[-]+[-]][-]][-][[-]+[-]][-][[-][[-]+[-]]
[-]S[-][[-]+[-]][-]U[-][[-]+[-]][-]C[-][[-]+[-]][-]C[-][[-]+[-]][-]E[-][[-]+[-]][-]S[-][[-]+[-]][-]S[-][[-]+[-]][-]][-][[-]+[-]]
[-]O[-][[-]+[-]][-][[-][[-]+[-]][-]S[-][[-]+[-]][-]U[-][[-]+[-]][-]C[-][[-]+[-]][-]C[-][[-]+[-]][-]E[-][[-]+[-]][-]S[-][[-]+[-]]
[-]S[-][[-]+[-]][-]][-][[-]+[-]][-][[-][[-]+[-]][-][[-][[-]+[-]][-]S[-][[-]+[-]][-]U[-][[-]+[-]][-]C[-][[-]+[-]][-]C[-][[-]+[-]]
[-]E[-][[-]+[-]][-]S[-][[-]+[-]][-]S[-][[-]+[-]][-]][-][[-]+[-]][-]I[-][[-]+[-]][-][[-][[-]+[-]][-]S[-][[-]+[-]][-]U[-][[-]+[-]]
[-]C[-][[-]+[-]][-]C[-][[-]+[-]][-]E[-][[-]+[-]][-]S[-][[-]+[-]][-]S[-][[-]+[-]][-]][-][[-]+[-]][-]N[-][[-]+[-]][-][[-][[-]+[-]]
[-]S[-][[-]+[-]][-]U[-][[-]+[-]][-]C[-][[-]+[-]][-]C[-][[-]+[-]][-]E[-][[-]+[-]][-]S[-][[-]+[-]][-]S[-][[-]+[-]][-]][-][[-]+[-]]
[-]F[-][[-]+[-]][-][[-][[-]+[-]][-]S[-][[-]+[-]][-]U[-][[-]+[-]][-]C[-][[-]+[-]][-]C[-][[-]+[-]][-]E[-][[-]+[-]][-]S[-][[-]+[-]]
[-]S[-][[-]+[-]][-]][-][[-]+[-]][-]O[-][[-]+[-]][-][[-][[-]+[-]][-]S[-][[-]+[-]][-]U[-][[-]+[-]][-]C[-][[-]+[-]][-]C[-][[-]+[-]]
[-]E[-][[-]+[-]][-]S[-][[-]+[-]][-]S[-][[-]+[-]][-]][-][[-]+[-]][-]][-][[-]+[-]][-][[-][[-]+[-]][-]S[-][[-]+[-]][-]U[-][[-]+[-]]
[-]C[-][[-]+[-]][-]C[-][[-]+[-]][-]E[-][[-]+[-]][-]S[-][[-]+[-]][-]S[-][[-]+[-]][-]][-][[-]+[-]][-][[-][[-]+[-]][-][[-][[-]+[-]]
[-]S[-][[-]+[-]][-]U[-][[-]+[-]][-]C[-][[-]+[-]][-]C[-][[-]+[-]][-]E[-][[-]+[-]][-]S[-][[-]+[-]][-]S[-][[-]+[-]][-]][-][[-]+[-]]
[-][[-][[-]+[-]][-][[-][[-]+[-]][-]S[-][[-]+[-]][-]U[-][[-]+[-]][-]C[-][[-]+[-]][-]C[-][[-]+[-]][-]E[-][[-]+[-]][-]S[-][[-]+[-]]
[-]S[-][[-]+[-]][-]][-][[-]+[-]][-]I[-][[-]+[-]][-][[-][[-]+[-]][-]S[-][[-]+[-]][-]U[-][[-]+[-]][-]C[-][[-]+[-]][-]C[-][[-]+[-]]
[-]E[-][[-]+[-]][-]S[-][[-]+[-]][-]S[-][[-]+[-]][-]][-][[-]+[-]][-]N[-][[-]+[-]][-][[-][[-]+[-]][-]S[-][[-]+[-]][-]U[-][[-]+[-]]
[-]C[-][[-]+[-]][-]C[-][[-]+[-]][-]E[-][[-]+[-]][-]S[-][[-]+[-]][-]S[-][[-]+[-]][-]][-][[-]+[-]][-]F[-][[-]+[-]][-][[-][[-]+[-]]
[-]S[-][[-]+[-]][-]U[-][[-]+[-]][-]C[-][[-]+[-]][-]C[-][[-]+[-]][-]E[-][[-]+[-]][-]S[-][[-]+[-]][-]S[-][[-]+[-]][-]][-][[-]+[-]]
[-]O[-][[-]+[-]][-][[-][[-]+[-]][-]S[-][[-]+[-]][-]U[-][[-]+[-]][-]C[-][[-]+[-]][-]C[-][[-]+[-]][-]E[-][[-]+[-]][-]S[-][[-]+[-]]
[-]S[-][[-]+[-]][-]][-][[-]+[-]][-]][-][[-]+[-]][-][[-][[-]+[-]][-]S[-][[-]+[-]][-]U[-][[-]+[-]][-]C[-][[-]+[-]][-]C[-][[-]+[-]]
[-]E[-][[-]+[-]][-]S[-][[-]+[-]][-]S[-][[-]+[-]][-]][-][[-]+[-]][-]>[-][[-]+[-]][-][[-][[-]+[-]][-]S[-][[-]+[-]][-]U[-][[-]+[-]]
[-]C[-][[-]+[-]][-]C[-][[-]+[-]][-]E[-][[-]+[-]][-]S[-][[-]+[-]][-]S[-][[-]+[-]][-]][-][[-]+[-]][-][[-][[-]+[-]][-][[-][[-]+[-]]
[-]S[-][[-]+[-]][-]U[-][[-]+[-]][-]C[-][[-]+[-]][-]C[-][[-]+[-]][-]E[-][[-]+[-]][-]S[-][[-]+[-]][-]S[-][[-]+[-]][-]][-][[-]+[-]]
[-]I[-][[-]+[-]][-][[-][[-]+[-]][-]S[-][[-]+[-]][-]U[-][[-]+[-]][-]C[-][[-]+[-]][-]C[-][[-]+[-]][-]E[-][[-]+[-]][-]S[-][[-]+[-]]
[-]S[-][[-]+[-]][-]][-][[-]+[-]][-]N[-][[-]+[-]][-][[-][[-]+[-]][-]S[-][[-]+[-]][-]U[-][[-]+[-]][-]C[-][[-]+[-]][-]C[-][[-]+[-]]
[-]E[-][[-]+[-]][-]S[-][[-]+[-]][-]S[-][[-]+[-]][-]][-][[-]+[-]][-]F[-][[-]+[-]][-][[-][[-]+[-]][-]S[-][[-]+[-]][-]U[-][[-]+[-]]
[-]C[-][[-]+[-]][-]C[-][[-]+[-]][-]E[-][[-]+[-]][-]S[-][[-]+[-]][-]S[-][[-]+[-]][-]][-][[-]+[-]][-]O[-][[-]+[-]][-][[-][[-]+[-]]
[-]S[-][[-]+[-]][-]U[-][[-]+[-]][-]C[-][[-]+[-]][-]C[-][[-]+[-]][-]E[-][[-]+[-]][-]S[-][[-]+[-]][-]S[-][[-]+[-]][-]][-][[-]+[-]]
[-]][-][[-]+[-]][-][[-][[-]+[-]][-]S[-][[-]+[-]][-]U[-][[-]+[-]][-]C[-][[-]+[-]][-]C[-][[-]+[-]][-]E[-][[-]+[-]][-]S[-][[-]+[-]]
[-]S[-][[-]+[-]][-]][-][[-]+[-]][-]][-][[-]+[-]][-][[-][[-]+[-]][-]S[-][[-]+[-]][-]U[-][[-]+[-]][-]C[-][[-]+[-]][-]C[-][[-]+[-]]
[-]E[-][[-]+[-]][-]S[-][[-]+[-]][-]S[-][[-]+[-]][-]][-][[-]+[-]][-][[-][[-]+[-]][-][[-][[-]+[-]][-]S[-][[-]+[-]][-]U[-][[-]+[-]]
[-]C[-][[-]+[-]][-]C[-][[-]+[-]][-]E[-][[-]+[-]][-]S[-][[-]+[-]][-]S[-][[-]+[-]][-]][-][[-]+[-]][-]I[-][[-]+[-]][-][[-][[-]+[-]]
[-]S[-][[-]+[-]][-]U[-][[-]+[-]][-]C[-][[-]+[-]][-]C[-][[-]+[-]][-]E[-][[-]+[-]][-]S[-][[-]+[-]][-]S[-][[-]+[-]][-]][-][[-]+[-]]
[-]N[-][[-]+[-]][-][[-][[-]+[-]][-]S[-][[-]+[-]][-]U[-][[-]+[-]][-]C[-][[-]+[-]][-]C[-][[-]+[-]][-]E[-][[-]+[-]][-]S[-][[-]+[-]]
[-]S[-][[-]+[-]][-]][-][[-]+[-]][-]F[-][[-]+[-]][-][[-][[-]+[-]][-]S[-][[-]+[-]][-]U[-][[-]+[-]][-]C[-][[-]+[-]][-]C[-][[-]+[-]]
[-]E[-][[-]+[-]][-]S[-][[-]+[-]][-]S[-][[-]+[-]][-]][-][[-]+[-]][-]O[-][[-]+[-]][-][[-][[-]+[-]][-]S[-][[-]+[-]][-]U[-][[-]+[-]]
[-]C[-][[-]+[-]][-]C[-][[-]+[-]][-]E[-][[-]+[-]][-]S[-][[-]+[-]][-]S[-][[-]+[-]][-]][-][[-]+[-]][-]][-][[-]+[-]][-][[-][[-]+[-]]
[-]S[-][[-]+[-]][-]U[-][[-]+[-]][-]C[-][[-]+[-]][-]C[-][[-]+[-]][-]E[-][[-]+[-]][-]S[-][[-]+[-]][-]S[-][[-]+[-]][-]][-][[-]+[-]]
[-]K[-][[-]+[-]][-][[-][[-]+[-]][-]S[-][[-]+[-]][-]U[-][[-]+[-]][-]C[-][[-]+[-]][-]C[-][[-]+[-]][-]E[-][[-]+[-]][-]S[-][[-]+[-]]
[-]S[-][[-]+[-]][-]][-][[-]+[-]][-][[-][[-]+[-]][-][[-][[-]+[-]][-]S[-][[-]+[-]][-]U[-][[-]+[-]][-]C[-][[-]+[-]][-]C[-][[-]+[-]]
[-]E[-][[-]+[-]][-]S[-][[-]+[-]][-]S[-][[-]+[-]][-]][-][[-]+[-]][-]I[-][[-]+[-]][-][[-][[-]+[-]][-]S[-][[-]+[-]][-]U[-][[-]+[-]]
[-]C[-][[-]+[-]][-]C[-][[-]+[-]][-]E[-][[-]+[-]][-]S[-][[-]+[-]][-]S[-][[-]+[-]][-]][-][[-]+[-]][-]N[-][[-]+[-]][-][[-][[-]+[-]]
[-]S[-][[-]+[-]][-]U[-][[-]+[-]][-]C[-][[-]+[-]][-]C[-][[-]+[-]][-]E[-][[-]+[-]][-]S[-][[-]+[-]][-]S[-][[-]+[-]][-]][-][[-]+[-]]
[-]F[-][[-]+[-]][-][[-][[-]+[-]][-]S[-][[-]+[-]][-]U[-][[-]+[-]][-]C[-][[-]+[-]][-]C[-][[-]+[-]][-]E[-][[-]+[-]][-]S[-][[-]+[-]]
[-]S[-][[-]+[-]][-]][-][[-]+[-]][-]O[-][[-]+[-]][-][[-][[-]+[-]][-]S[-][[-]+[-]][-]U[-][[-]+[-]][-]C[-][[-]+[-]][-]C[-][[-]+[-]]
[-]E[-][[-]+[-]][-]S[-][[-]+[-]][-]S[-][[-]+[-]][-]][-][[-]+[-]][-]][-][[-]+[-]][-][[-][[-]+[-]][-]S[-][[-]+[-]][-]U[-][[-]+[-]]
[-]C[-][[-]+[-]][-]C[-][[-]+[-]][-]E[-][[-]+[-]][-]S[-][[-]+[-]][-]S[-][[-]+[-]][-]][-][[-]+[-]][-][[-][[-]+[-]][-][[-][[-]+[-]]
[-]S[-][[-]+[-]][-]U[-][[-]+[-]][-]C[-][[-]+[-]][-]C[-][[-]+[-]][-]E[-][[-]+[-]][-]S[-][[-]+[-]][-]S[-][[-]+[-]][-]][-][[-]+[-]]
[-][[-][[-]+[-]][-][[-][[-]+[-]][-]S[-][[-]+[-]][-]U[-][[-]+[-]][-]C[-][[-]+[-]][-]C[-][[-]+[-]][-]E[-][[-]+[-]][-]S[-][[-]+[-]]
[-]S[-][[-]+[-]][-]][-][[-]+[-]][-]I[-][[-]+[-]][-][[-][[-]+[-]][-]S[-][[-]+[-]][-]U[-][[-]+[-]][-]C[-][[-]+[-]][-]C[-][[-]+[-]]
[-]E[-][[-]+[-]][-]S[-][[-]+[-]][-]S[-][[-]+[-]][-]][-][[-]+[-]][-]N[-][[-]+[-]][-][[-][[-]+[-]][-]S[-][[-]+[-]][-]U[-][[-]+[-]]
[-]C[-][[-]+[-]][-]C[-][[-]+[-]][-]E[-][[-]+[-]][-]S[-][[-]+[-]][-]S[-][[-]+[-]][-]][-][[-]+[-]][-]F[-][[-]+[-]][-][[-][[-]+[-]]
[-]S[-][[-]+[-]][-]U[-][[-]+[-]][-]C[-][[-]+[-]][-]C[-][[-]+[-]][-]E[-][[-]+[-]][-]S[-][[-]+[-]][-]S[-][[-]+[-]][-]][-][[-]+[-]]
[-]O[-][[-]+[-]][-][[-][[-]+[-]][-]S[-][[-]+[-]][-]U[-][[-]+[-]][-]C[-][[-]+[-]][-]C[-][[-]+[-]][-]E[-][[-]+[-]][-]S[-][[-]+[-]]
[-]S[-][[-]+[-]][-]][-][[-]+[-]][-]][-][[-]+[-]][-][[-][[-]+[-]][-]S[-][[-]+[-]][-]U[-][[-]+[-]][-]C[-][[-]+[-]][-]C[-][[-]+[-]]
[-]E[-][[-]+[-]][-]S[-][[-]+[-]][-]S[-][[-]+[-]][-]][-][[-]+[-]][-]>[-][[-]+[-]][-][[-][[-]+[-]][-]S[-][[-]+[-]][-]U[-][[-]+[-]]
[-]C[-][[-]+[-]][-]C[-][[-]+[-]][-]E[-][[-]+[-]][-]S[-][[-]+[-]][-]S[-][[-]+[-]][-]][-][[-]+[-]][-][[-][[-]+[-]][-][[-][[-]+[-]]
[-]S[-][[-]+[-]][-]U[-][[-]+[-]][-]C[-][[-]+[-]][-]C[-][[-]+[-]][-]E[-][[-]+[-]][-]S[-][[-]+[-]][-]S[-][[-]+[-]][-]][-][[-]+[-]]
[-]I[-][[-]+[-]][-][[-][[-]+[-]][-]S[-][[-]+[-]][-]U[-][[-]+[-]][-]C[-][[-]+[-]][-]C[-][[-]+[-]][-]E[-][[-]+[-]][-]S[-][[-]+[-]]
[-]S[-][[-]+[-]][-]][-][[-]+[-]][-]N[-][[-]+[-]][-][[-][[-]+[-]][-]S[-][[-]+[-]][-]U[-][[-]+[-]][-]C[-][[-]+[-]][-]C[-][[-]+[-]]
[-]E[-][[-]+[-]][-]S[-][[-]+[-]][-]S[-][[-]+[-]][-]][-][[-]+[-]][-]F[-][[-]+[-]][-][[-][[-]+[-]][-]S[-][[-]+[-]][-]U[-][[-]+[-]]
[-]C[-][[-]+[-]][-]C[-][[-]+[-]][-]E[-][[-]+[-]][-]S[-][[-]+[-]][-]S[-][[-]+[-]][-]][-][[-]+[-]][-]O[-][[-]+[-]][-][[-][[-]+[-]]
[-]S[-][[-]+[-]][-]U[-][[-]+[-]][-]C[-][[-]+[-]][-]C[-][[-]+[-]][-]E[-][[-]+[-]][-]S[-][[-]+[-]][-]S[-][[-]+[-]][-]][-][[-]+[-]]
[-]][-][[-]+[-]][-][[-][[-]+[-]][-]S[-][[-]+[-]][-]U[-][[-]+[-]][-]C[-][[-]+[-]][-]C[-][[-]+[-]][-]E[-][[-]+[-]][-]S[-][[-]+[-]]
[-]S[-][[-]+[-]][-]][-][[-]+[-]][-]][-][[-]+[-]][-][[-][[-]+[-]][-]S[-][[-]+[-]][-]U[-][[-]+[-]][-]C[-][[-]+[-]][-]C[-][[-]+[-]]
[-]E[-][[-]+[-]][-]S[-][[-]+[-]][-]S[-][[-]+[-]][-]][-][[-]+[-]][-][[-][[-]+[-]][-][[-][[-]+[-]][-]S[-][[-]+[-]][-]U[-][[-]+[-]]
[-]C[-][[-]+[-]][-]C[-][[-]+[-]][-]E[-][[-]+[-]][-]S[-][[-]+[-]][-]S[-][[-]+[-]][-]][-][[-]+[-]][-]I[-][[-]+[-]][-][[-][[-]+[-]]
[-]S[-][[-]+[-]][-]U[-][[-]+[-]][-]C[-][[-]+[-]][-]C[-][[-]+[-]][-]E[-][[-]+[-]][-]S[-][[-]+[-]][-]S[-][[-]+[-]][-]][-][[-]+[-]]
[-]N[-][[-]+[-]][-][[-][[-]+[-]][-]S[-][[-]+[-]][-]U[-][[-]+[-]][-]C[-][[-]+[-]][-]C[-][[-]+[-]][-]E[-][[-]+[-]][-]S[-][[-]+[-]]
[-]S[-][[-]+[-]][-]][-][[-]+[-]][-]F[-][[-]+[-]][-][[-][[-]+[-]][-]S[-][[-]+[-]][-]U[-][[-]+[-]][-]C[-][[-]+[-]][-]C[-][[-]+[-]]
[-]E[-][[-]+[-]][-]S[-][[-]+[-]][-]S[-][[-]+[-]][-]][-][[-]+[-]][-]O[-][[-]+[-]][-][[-][[-]+[-]][-]S[-][[-]+[-]][-]U[-][[-]+[-]]
[-]C[-][[-]+[-]][-]C[-][[-]+[-]][-]E[-][[-]+[-]][-]S[-][[-]+[-]][-]S[-][[-]+[-]][-]][-][[-]+[-]][-]][-][[-]+[-]][-][[-][[-]+[-]]
[-]S[-][[-]+[-]][-]U[-][[-]+[-]][-]C[-][[-]+[-]][-]C[-][[-]+[-]][-]E[-][[-]+[-]][-]S[-][[-]+[-]][-]S[-][[-]+[-]][-]][-][[-]+[-]]
[-]][-][[-]+[-]][-][[-][[-]+[-]][-]S[-][[-]+[-]][-]U[-][[-]+[-]][-]C[-][[-]+[-]][-]C[-][[-]+[-]][-]E[-][[-]+[-]][-]S[-][[-]+[-]]
[-]S[-][[-]+[-]][-]][-][[-]+[-]][-][[-][[-]+[-]][-][[-][[-]+[-]][-]S[-][[-]+[-]][-]U[-][[-]+[-]][-]C[-][[-]+[-]][-]C[-][[-]+[-]]
[-]E[-][[-]+[-]][-]S[-][[-]+[-]][-]S[-][[-]+[-]][-]][-][[-]+[-]][-]I[-][[-]+[-]][-][[-][[-]+[-]][-]S[-][[-]+[-]][-]U[-][[-]+[-]]
[-]C[-][[-]+[-]][-]C[-][[-]+[-]][-]E[-][[-]+[-]][-]S[-][[-]+[-]][-]S[-][[-]+[-]][-]][-][[-]+[-]][-]N[-][[-]+[-]][-][[-][[-]+[-]]
[-]S[-][[-]+[-]][-]U[-][[-]+[-]][-]C[-][[-]+[-]][-]C[-][[-]+[-]][-]E[-][[-]+[-]][-]S[-][[-]+[-]][-]S[-][[-]+[-]][-]][-][[-]+[-]]
[-]F[-][[-]+[-]][-][[-][[-]+[-]][-]S[-][[-]+[-]][-]U[-][[-]+[-]][-]C[-][[-]+[-]][-]C[-][[-]+[-]][-]E[-][[-]+[-]][-]S[-][[-]+[-]]
[-]S[-][[-]+[-]][-]][-][[-]+[-]][-]O[-][[-]+[-]][-][[-][[-]+[-]][-]S[-][[-]+[-]][-]U[-][[-]+[-]][-]C[-][[-]+[-]][-]C[-][[-]+[-]]
[-]E[-][[-]+[-]][-]S[-][[-]+[-]][-]S[-][[-]+[-]][-]][-][[-]+[-]][-]][-][[-]+[-]][-][[-][[-]+[-]][-]S[-][[-]+[-]][-]U[-][[-]+[-]]
[-]C[-][[-]+[-]][-]C[-][[-]+[-]][-]E[-][[-]+[-]][-]S[-][[-]+[-]][-]S[-][[-]+[-]][-]][-][[-]+[-]][-][[-][[-]+[-]][-][[-][[-]+[-]]
[-]S[-][[-]+[-]][-]U[-][[-]+[-]][-]C[-][[-]+[-]][-]C[-][[-]+[-]][-]E[-][[-]+[-]][-]S[-][[-]+[-]][-]S[-][[-]+[-]][-]][-][[-]+[-]]
[-][[-][[-]+[-]][-][[-][[-]+[-]][-]S[-][[-]+[-]][-]U[-][[-]+[-]][-]C[-][[-]+[-]][-]C[-][[-]+[-]][-]E[-][[-]+[-]][-]S[-][[-]+[-]]
[-]S[-][[-]+[-]][-]][-][[-]+[-]][-]I[-][[-]+[-]][-][[-][[-]+[-]][-]S[-][[-]+[-]][-]U[-][[-]+[-]][-]C[-][[-]+[-]][-]C[-][[-]+[-]]
[-]E[-][[-]+[-]][-]S[-][[-]+[-]][-]S[-][[-]+[-]][-]][-][[-]+[-]][-]N[-][[-]+[-]][-][[-][[-]+[-]][-]S[-][[-]+[-]][-]U[-][[-]+[-]]
[-]C[-][[-]+[-]][-]C[-][[-]+[-]][-]E[-][[-]+[-]][-]S[-][[-]+[-]][-]S[-][[-]+[-]][-]][-][[-]+[-]][-]F[-][[-]+[-]][-][[-][[-]+[-]]
[-]S[-][[-]+[-]][-]U[-][[-]+[-]][-]C[-][[-]+[-]][-]C[-][[-]+[-]][-]E[-][[-]+[-]][-]S[-][[-]+[-]][-]S[-][[-]+[-]][-]][-][[-]+[-]]
[-]O[-][[-]+[-]][-][[-][[-]+[-]][-]S[-][[-]+[-]][-]U[-][[-]+[-]][-]C[-][[-]+[-]][-]C[-][[-]+[-]][-]E[-][[-]+[-]][-]S[-][[-]+[-]]
[-]S[-][[-]+[-]][-]][-][[-]+[-]][-]][-][[-]+[-]][-][[-][[-]+[-]][-]S[-][[-]+[-]][-]U[-][[-]+[-]][-]C[-][[-]+[-]][-]C[-][[-]+[-]]
[-]E[-][[-]+[-]][-]S[-][[-]+[-]][-]S[-][[-]+[-]][-]][-][[-]+[-]][-]>[-][[-]+[-]][-][[-][[-]+[-]][-]S[-][[-]+[-]][-]U[-][[-]+[-]]
[-]C[-][[-]+[-]][-]C[-][[-]+[-]][-]E[-][[-]+[-]][-]S[-][[-]+[-]][-]S[-][[-]+[-]][-]][-][[-]+[-]][-][[-][[-]+[-]][-][[-][[-]+[-]]
[-]S[-][[-]+[-]][-]U[-][[-]+[-]][-]C[-][[-]+[-]][-]C[-][[-]+[-]][-]E[-][[-]+[-]][-]S[-][[-]+[-]][-]S[-][[-]+[-]][-]][-][[-]+[-]]
[-]I[-][[-]+[-]][-][[-][[-]+[-]][-]S[-][[-]+[-]][-]U[-][[-]+[-]][-]C[-][[-]+[-]][-]C[-][[-]+[-]][-]E[-][[-]+[-]][-]S[-][[-]+[-]]
[-]S[-][[-]+[-]][-]][-][[-]+[-]][-]N[-][[-]+[-]][-][[-][[-]+[-]][-]S[-][[-]+[-]][-]U[-][[-]+[-]][-]C[-][[-]+[-]][-]C[-][[-]+[-]]
[-]E[-][[-]+[-]][-]S[-][[-]+[-]][-]S[-][[-]+[-]][-]][-][[-]+[-]][-]F[-][[-]+[-]][-][[-][[-]+[-]][-]S[-][[-]+[-]][-]U[-][[-]+[-]]
[-]C[-][[-]+[-]][-]C[-][[-]+[-]][-]E[-][[-]+[-]][-]S[-][[-]+[-]][-]S[-][[-]+[-]][-]][-][[-]+[-]][-]O[-][[-]+[-]][-][[-][[-]+[-]]
[-]S[-][[-]+[-]][-]U[-][[-]+[-]][-]C[-][[-]+[-]][-]C[-][[-]+[-]][-]E[-][[-]+[-]][-]S[-][[-]+[-]][-]S[-][[-]+[-]][-]][-][[-]+[-]]
[-]][-][[-]+[-]][-][[-][[-]+[-]][-]S[-][[-]+[-]][-]U[-][[-]+[-]][-]C[-][[-]+[-]][-]C[-][[-]+[-]][-]E[-][[-]+[-]][-]S[-][[-]+[-]]
[-]S[-][[-]+[-]][-]][-][[-]+[-]][-]][-][[-]+[-]][-][[-][[-]+[-]][-]S[-][[-]+[-]][-]U[-][[-]+[-]][-]C[-][[-]+[-]][-]C[-][[-]+[-]]
[-]E[-][[-]+[-]][-]S[-][[-]+[-]][-]S[-][[-]+[-]][-]][-][[-]+[-]][-][[-][[-]+[-]][-][[-][[-]+[-]][-]S[-][[-]+[-]][-]U[-][[-]+[-]]
[-]C[-][[-]+[-]][-]C[-][[-]+[-]][-]E[-][[-]+[-]][-]S[-][[-]+[-]][-]S[-][[-]+[-]][-]][-][[-]+[-]][-]I[-][[-]+[-]][-][[-][[-]+[-]]
[-]S[-][[-]+[-]][-]U[-][[-]+[-]][-]C[-][[-]+[-]][-]C[-][[-]+[-]][-]E[-][[-]+[-]][-]S[-][[-]+[-]][-]S[-][[-]+[-]][-]][-][[-]+[-]]
[-]N[-][[-]+[-]][-][[-][[-]+[-]][-]S[-][[-]+[-]][-]U[-][[-]+[-]][-]C[-][[-]+[-]][-]C[-][[-]+[-]][-]E[-][[-]+[-]][-]S[-][[-]+[-]]
[-]S[-][[-]+[-]][-]][-][[-]+[-]][-]F[-][[-]+[-]][-][[-][[-]+[-]][-]S[-][[-]+[-]][-]U[-][[-]+[-]][-]C[-][[-]+[-]][-]C[-][[-]+[-]]
[-]E[-][[-]+[-]][-]S[-][[-]+[-]][-]S[-][[-]+[-]][-]][-][[-]+[-]][-]O[-][[-]+[-]][-][[-][[-]+[-]][-]S[-][[-]+[-]][-]U[-][[-]+[-]]
[-]C[-][[-]+[-]][-]C[-][[-]+[-]][-]E[-][[-]+[-]][-]S[-][[-]+[-]][-]S[-][[-]+[-]][-]][-][[-]+[-]][-]][-][[-]+[-]][-][[-][[-]+[-]]
[-]S[-][[-]+[-]][-]U[-][[-]+[-]][-]C[-][[-]+[-]][-]C[-][[-]+[-]][-]E[-][[-]+[-]][-]S[-][[-]+[-]][-]S[-][[-]+[-]][-]][-][[-]+[-]]
[-]*[-][[-]+[-]][-][[-][[-]+[-]][-]S[-][[-]+[-]][-]U[-][[-]+[-]][-]C[-][[-]+[-]][-]C[-][[-]+[-]][-]E[-][[-]+[-]][-]S[-][[-]+[-]]
[-]S[-][[-]+[-]][-]][-][[-]+[-]][-][[-][[-]+[-]][-][[-][[-]+[-]][-]S[-][[-]+[-]][-]U[-][[-]+[-]][-]C[-][[-]+[-]][-]C[-][[-]+[-]]
[-]E[-][[-]+[-]][-]S[-][[-]+[-]][-]S[-][[-]+[-]][-]][-][[-]+[-]][-]I[-][[-]+[-]][-][[-][[-]+[-]][-]S[-][[-]+[-]][-]U[-][[-]+[-]]
[-]C[-][[-]+[-]][-]C[-][[-]+[-]][-]E[-][[-]+[-]][-]S[-][[-]+[-]][-]S[-][[-]+[-]][-]][-][[-]+[-]][-]N[-][[-]+[-]][-][[-][[-]+[-]]
[-]S[-][[-]+[-]][-]U[-][[-]+[-]][-]C[-][[-]+[-]][-]C[-][[-]+[-]][-]E[-][[-]+[-]][-]S[-][[-]+[-]][-]S[-][[-]+[-]][-]][-][[-]+[-]]
[-]F[-][[-]+[-]][-][[-][[-]+[-]][-]S[-][[-]+[-]][-]U[-][[-]+[-]][-]C[-][[-]+[-]][-]C[-][[-]+[-]][-]E[-][[-]+[-]][-]S[-][[-]+[-]]
[-]S[-][[-]+[-]][-]][-][[-]+[-]][-]O[-][[-]+[-]][-][[-][[-]+[-]][-]S[-][[-]+[-]][-]U[-][[-]+[-]][-]C[-][[-]+[-]][-]C[-][[-]+[-]]
[-]E[-][[-]+[-]][-]S[-][[-]+[-]][-]S[-][[-]+[-]][-]][-][[-]+[-]][-]][-][[-]+[-]][-][[-][[-]+[-]][-]S[-][[-]+[-]][-]U[-][[-]+[-]]
[-]C[-][[-]+[-]][-]C[-][[-]+[-]][-]E[-][[-]+[-]][-]S[-][[-]+[-]][-]S[-][[-]+[-]][-]][-][[-]+[-]][-][[-][[-]+[-]][-][[-][[-]+[-]]
[-]S[-][[-]+[-]][-]U[-][[-]+[-]][-]C[-][[-]+[-]][-]C[-][[-]+[-]][-]E[-][[-]+[-]][-]S[-][[-]+[-]][-]S[-][[-]+[-]][-]][-][[-]+[-]]
[-][[-][[-]+[-]][-][[-][[-]+[-]][-]S[-][[-]+[-]][-]U[-][[-]+[-]][-]C[-][[-]+[-]][-]C[-][[-]+[-]][-]E[-][[-]+[-]][-]S[-][[-]+[-]]
[-]S[-][[-]+[-]][-]][-][[-]+[-]][-]I[-][[-]+[-]][-][[-][[-]+[-]][-]S[-][[-]+[-]][-]U[-][[-]+[-]][-]C[-][[-]+[-]][-]C[-][[-]+[-]]
[-]E[-][[-]+[-]][-]S[-][[-]+[-]][-]S[-][[-]+[-]][-]][-][[-]+[-]][-]N[-][[-]+[-]][-][[-][[-]+[-]][-]S[-][[-]+[-]][-]U[-][[-]+[-]]
[-]C[-][[-]+[-]][-]C[-][[-]+[-]][-]E[-][[-]+[-]][-]S[-][[-]+[-]][-]S[-][[-]+[-]][-]][-][[-]+[-]][-]F[-][[-]+[-]][-][[-][[-]+[-]]
[-]S[-][[-]+[-]][-]U[-][[-]+[-]][-]C[-][[-]+[-]][-]C[-][[-]+[-]][-]E[-][[-]+[-]][-]S[-][[-]+[-]][-]S[-][[-]+[-]][-]][-][[-]+[-]]
[-]O[-][[-]+[-]][-][[-][[-]+[-]][-]S[-][[-]+[-]][-]U[-][[-]+[-]][-]C[-][[-]+[-]][-]C[-][[-]+[-]][-]E[-][[-]+[-]][-]S[-][[-]+[-]]
[-]S[-][[-]+[-]][-]][-][[-]+[-]][-]][-][[-]+[-]][-][[-][[-]+[-]][-]S[-][[-]+[-]][-]U[-][[-]+[-]][-]C[-][[-]+[-]][-]C[-][[-]+[-]]
[-]E[-][[-]+[-]][-]S[-][[-]+[-]][-]S[-][[-]+[-]][-]][-][[-]+[-]][-]>[-][[-]+[-]][-][[-][[-]+[-]][-]S[-][[-]+[-]][-]U[-][[-]+[-]]
[-]C[-][[-]+[-]][-]C[-][[-]+[-]][-]E[-][[-]+[-]][-]S[-][[-]+[-]][-]S[-][[-]+[-]][-]][-][[-]+[-]][-][[-][[-]+[-]][-][[-][[-]+[-]]
[-]S[-][[-]+[-]][-]U[-][[-]+[-]][-]C[-][[-]+[-]][-]C[-][[-]+[-]][-]E[-][[-]+[-]][-]S[-][[-]+[-]][-]S[-][[-]+[-]][-]][-][[-]+[-]]
[-]I[-][[-]+[-]][-][[-][[-]+[-]][-]S[-][[-]+[-]][-]U[-][[-]+[-]][-]C[-][[-]+[-]][-]C[-][[-]+[-]][-]E[-][[-]+[-]][-]S[-][[-]+[-]]
[-]S[-][[-]+[-]][-]][-][[-]+[-]][-]N[-][[-]+[-]][-][[-][[-]+[-]][-]S[-][[-]+[-]][-]U[-][[-]+[-]][-]C[-][[-]+[-]][-]C[-][[-]+[-]]
[-]E[-][[-]+[-]][-]S[-][[-]+[-]][-]S[-][[-]+[-]][-]][-][[-]+[-]][-]F[-][[-]+[-]][-][[-][[-]+[-]][-]S[-][[-]+[-]][-]U[-][[-]+[-]]
[-]C[-][[-]+[-]][-]C[-][[-]+[-]][-]E[-][[-]+[-]][-]S[-][[-]+[-]][-]S[-][[-]+[-]][-]][-][[-]+[-]][-]O[-][[-]+[-]][-][[-][[-]+[-]]
[-]S[-][[-]+[-]][-]U[-][[-]+[-]][-]C[-][[-]+[-]][-]C[-][[-]+[-]][-]E[-][[-]+[-]][-]S[-][[-]+[-]][-]S[-][[-]+[-]][-]][-][[-]+[-]]
[-]][-][[-]+[-]][-][[-][[-]+[-]][-]S[-][[-]+[-]][-]U[-][[-]+[-]][-]C[-][[-]+[-]][-]C[-][[-]+[-]][-]E[-][[-]+[-]][-]S[-][[-]+[-]]
[-]S[-][[-]+[-]][-]][-][[-]+[-]][-]][-][[-]+[-]][-][[-][[-]+[-]][-]S[-][[-]+[-]][-]U[-][[-]+[-]][-]C[-][[-]+[-]][-]C[-][[-]+[-]]
[-]E[-][[-]+[-]][-]S[-][[-]+[-]][-]S[-][[-]+[-]][-]][-][[-]+[-]][-][[-][[-]+[-]][-][[-][[-]+[-]][-]S[-][[-]+[-]][-]U[-][[-]+[-]]
[-]C[-][[-]+[-]][-]C[-][[-]+[-]][-]E[-][[-]+[-]][-]S[-][[-]+[-]][-]S[-][[-]+[-]][-]][-][[-]+[-]][-]I[-][[-]+[-]][-][[-][[-]+[-]]
[-]S[-][[-]+[-]][-]U[-][[-]+[-]][-]C[-][[-]+[-]][-]C[-][[-]+[-]][-]E[-][[-]+[-]][-]S[-][[-]+[-]][-]S[-][[-]+[-]][-]][-][[-]+[-]]
[-]N[-][[-]+[-]][-][[-][[-]+[-]][-]S[-][[-]+[-]][-]U[-][[-]+[-]][-]C[-][[-]+[-]][-]C[-][[-]+[-]][-]E[-][[-]+[-]][-]S[-][[-]+[-]]
[-]S[-][[-]+[-]][-]][-][[-]+[-]][-]F[-][[-]+[-]][-][[-][[-]+[-]][-]S[-][[-]+[-]][-]U[-][[-]+[-]][-]C[-][[-]+[-]][-]C[-][[-]+[-]]
[-]E[-][[-]+[-]][-]S[-][[-]+[-]][-]S[-][[-]+[-]][-]][-][[-]+[-]][-]O[-][[-]+[-]][-][[-][[-]+[-]][-]S[-][[-]+[-]][-]U[-][[-]+[-]]
[-]C[-][[-]+[-]][-]C[-][[-]+[-]][-]E[-][[-]+[-]][-]S[-][[-]+[-]][-]S[-][[-]+[-]][-]][-][[-]+[-]][-]][-][[-]+[-]][-][[-][[-]+[-]]
[-]S[-][[-]+[-]][-]U[-][[-]+[-]][-]C[-][[-]+[-]][-]C[-][[-]+[-]][-]E[-][[-]+[-]][-]S[-][[-]+[-]][-]S[-][[-]+[-]][-]][-][[-]+[-]]
[-][[-][[-]+[-]][-][[-][[-]+[-]][-]S[-][[-]+[-]][-]U[-][[-]+[-]][-]C[-][[-]+[-]][-]C[-][[-]+[-]][-]E[-][[-]+[-]][-]S[-][[-]+[-]]
[-]S[-][[-]+[-]][-]][-][[-]+[-]][-][[-][[-]+[-]][-][[-][[-]+[-]][-]S[-][[-]+[-]][-]U[-][[-]+[-]][-]C[-][[-]+[-]][-]C[-][[-]+[-]]
[-]E[-][[-]+[-]][-]S[-][[-]+[-]][-]S[-][[-]+[-]][-]][-][[-]+[-]][-]I[-][[-]+[-]][-][[-][[-]+[-]][-]S[-][[-]+[-]][-]U[-][[-]+[-]]
[-]C[-][[-]+[-]][-]C[-][[-]+[-]][-]E[-][[-]+[-]][-]S[-][[-]+[-]][-]S[-][[-]+[-]][-]][-][[-]+[-]][-]N[-][[-]+[-]][-][[-][[-]+[-]]
[-]S[-][[-]+[-]][-]U[-][[-]+[-]][-]C[-][[-]+[-]][-]C[-][[-]+[-]][-]E[-][[-]+[-]][-]S[-][[-]+[-]][-]S[-][[-]+[-]][-]][-][[-]+[-]]
[-]F[-][[-]+[-]][-][[-][[-]+[-]][-]S[-][[-]+[-]][-]U[-][[-]+[-]][-]C[-][[-]+[-]][-]C[-][[-]+[-]][-]E[-][[-]+[-]][-]S[-][[-]+[-]]
[-]S[-][[-]+[-]][-]][-][[-]+[-]][-]O[-][[-]+[-]][-][[-][[-]+[-]][-]S[-][[-]+[-]][-]U[-][[-]+[-]][-]C[-][[-]+[-]][-]C[-][[-]+[-]]
[-]E[-][[-]+[-]][-]S[-][[-]+[-]][-]S[-][[-]+[-]][-]][-][[-]+[-]][-]][-][[-]+[-]][-][[-][[-]+[-]][-]S[-][[-]+[-]][-]U[-][[-]+[-]]
[-]C[-][[-]+[-]][-]C[-][[-]+[-]][-]E[-][[-]+[-]][-]S[-][[-]+[-]][-]S[-][[-]+[-]][-]][-][[-]+[-]][-][[-][[-]+[-]][-][[-][[-]+[-]]
[-]S[-][[-]+[-]][-]U[-][[-]+[-]][-]C[-][[-]+[-]][-]C[-][[-]+[-]][-]E[-][[-]+[-]][-]S[-][[-]+[-]][-]S[-][[-]+[-]][-]][-][[-]+[-]]
[-][[-][[-]+[-]][-][[-][[-]+[-]][-]S[-][[-]+[-]][-]U[-][[-]+[-]][-]C[-][[-]+[-]][-]C[-][[-]+[-]][-]E[-][[-]+[-]][-]S[-][[-]+[-]]
[-]S[-][[-]+[-]][-]][-][[-]+[-]][-]I[-][[-]+[-]][-][[-][[-]+[-]][-]S[-][[-]+[-]][-]U[-][[-]+[-]][-]C[-][[-]+[-]][-]C[-][[-]+[-]]
[-]E[-][[-]+[-]][-]S[-][[-]+[-]][-]S[-][[-]+[-]][-]][-][[-]+[-]][-]N[-][[-]+[-]][-][[-][[-]+[-]][-]S[-][[-]+[-]][-]U[-][[-]+[-]]
[-]C[-][[-]+[-]][-]C[-][[-]+[-]][-]E[-][[-]+[-]][-]S[-][[-]+[-]][-]S[-][[-]+[-]][-]][-][[-]+[-]][-]F[-][[-]+[-]][-][[-][[-]+[-]]
[-]S[-][[-]+[-]][-]U[-][[-]+[-]][-]C[-][[-]+[-]][-]C[-][[-]+[-]][-]E[-][[-]+[-]][-]S[-][[-]+[-]][-]S[-][[-]+[-]][-]][-][[-]+[-]]
[-]O[-][[-]+[-]][-][[-][[-]+[-]][-]S[-][[-]+[-]][-]U[-][[-]+[-]][-]C[-][[-]+[-]][-]C[-][[-]+[-]][-]E[-][[-]+[-]][-]S[-][[-]+[-]]
[-]S[-][[-]+[-]][-]][-][[-]+[-]][-]][-][[-]+[-]][-][[-][[-]+[-]][-]S[-][[-]+[-]][-]U[-][[-]+[-]][-]C[-][[-]+[-]][-]C[-][[-]+[-]]
[-]E[-][[-]+[-]][-]S[-][[-]+[-]][-]S[-][[-]+[-]][-]][-][[-]+[-]][-]>[-][[-]+[-]][-][[-][[-]+[-]][-]S[-][[-]+[-]][-]U[-][[-]+[-]]
[-]C[-][[-]+[-]][-]C[-][[-]+[-]][-]E[-][[-]+[-]][-]S[-][[-]+[-]][-]S[-][[-]+[-]][-]][-][[-]+[-]][-][[-][[-]+[-]][-][[-][[-]+[-]]
[-]S[-][[-]+[-]][-]U[-][[-]+[-]][-]C[-][[-]+[-]][-]C[-][[-]+[-]][-]E[-][[-]+[-]][-]S[-][[-]+[-]][-]S[-][[-]+[-]][-]][-][[-]+[-]]
[-]I[-][[-]+[-]][-][[-][[-]+[-]][-]S[-][[-]+[-]][-]U[-][[-]+[-]][-]C[-][[-]+[-]][-]C[-][[-]+[-]][-]E[-][[-]+[-]][-]S[-][[-]+[-]]
[-]S[-][[-]+[-]][-]][-][[-]+[-]][-]N[-][[-]+[-]][-][[-][[-]+[-]][-]S[-][[-]+[-]][-]U[-][[-]+[-]][-]C[-][[-]+[-]][-]C[-][[-]+[-]]
[-]E[-][[-]+[-]][-]S[-][[-]+[-]][-]S[-][[-]+[-]][-]][-][[-]+[-]][-]F[-][[-]+[-]][-][[-][[-]+[-]][-]S[-][[-]+[-]][-]U[-][[-]+[-]]
[-]C[-][[-]+[-]][-]C[-][[-]+[-]][-]E[-][[-]+[-]][-]S[-][[-]+[-]][-]S[-][[-]+[-]][-]][-][[-]+[-]][-]O[-][[-]+[-]][-][[-][[-]+[-]]
[-]S[-][[-]+[-]][-]U[-][[-]+[-]][-]C[-][[-]+[-]][-]C[-][[-]+[-]][-]E[-][[-]+[-]][-]S[-][[-]+[-]][-]S[-][[-]+[-]][-]][-][[-]+[-]]
[-]][-][[-]+[-]][-][[-][[-]+[-]][-]S[-][[-]+[-]][-]U[-][[-]+[-]][-]C[-][[-]+[-]][-]C[-][[-]+[-]][-]E[-][[-]+[-]][-]S[-][[-]+[-]]
[-]S[-][[-]+[-]][-]][-][[-]+[-]][-]][-][[-]+[-]][-][[-][[-]+[-]][-]S[-][[-]+[-]][-]U[-][[-]+[-]][-]C[-][[-]+[-]][-]C[-][[-]+[-]]
[-]E[-][[-]+[-]][-]S[-][[-]+[-]][-]S[-][[-]+[-]][-]][-][[-]+[-]][-][[-][[-]+[-]][-][[-][[-]+[-]][-]S[-][[-]+[-]][-]U[-][[-]+[-]]
[-]C[-][[-]+[-]][-]C[-][[-]+[-]][-]E[-][[-]+[-]][-]S[-][[-]+[-]][-]S[-][[-]+[-]][-]][-][[-]+[-]][-]I[-][[-]+[-]][-][[-][[-]+[-]]
[-]S[-][[-]+[-]][-]U[-][[-]+[-]][-]C[-][[-]+[-]][-]C[-][[-]+[-]][-]E[-][[-]+[-]][-]S[-][[-]+[-]][-]S[-][[-]+[-]][-]][-][[-]+[-]]
[-]N[-][[-]+[-]][-][[-][[-]+[-]][-]S[-][[-]+[-]][-]U[-][[-]+[-]][-]C[-][[-]+[-]][-]C[-][[-]+[-]][-]E[-][[-]+[-]][-]S[-][[-]+[-]]
[-]S[-][[-]+[-]][-]][-][[-]+[-]][-]F[-][[-]+[-]][-][[-][[-]+[-]][-]S[-][[-]+[-]][-]U[-][[-]+[-]][-]C[-][[-]+[-]][-]C[-][[-]+[-]]
[-]E[-][[-]+[-]][-]S[-][[-]+[-]][-]S[-][[-]+[-]][-]][-][[-]+[-]][-]O[-][[-]+[-]][-][[-][[-]+[-]][-]S[-][[-]+[-]][-]U[-][[-]+[-]]
[-]C[-][[-]+[-]][-]C[-][[-]+[-]][-]E[-][[-]+[-]][-]S[-][[-]+[-]][-]S[-][[-]+[-]][-]][-][[-]+[-]][-]][-][[-]+[-]][-][[-][[-]+[-]]
[-]S[-][[-]+[-]][-]U[-][[-]+[-]][-]C[-][[-]+[-]][-]C[-][[-]+[-]][-]E[-][[-]+[-]][-]S[-][[-]+[-]][-]S[-][[-]+[-]][-]][-][[-]+[-]]
[-]O[-][[-]+[-]][-][[-][[-]+[-]][-]S[-][[-]+[-]][-]U[-][[-]+[-]][-]C[-][[-]+[-]][-]C[-][[-]+[-]][-]E[-][[-]+[-]][-]S[-][[-]+[-]]
[-]S[-][[-]+[-]][-]][-][[-]+[-]][-][[-][[-]+[-]][-][[-][[-]+[-]][-]S[-][[-]+[-]][-]U[-][[-]+[-]][-]C[-][[-]+[-]][-]C[-][[-]+[-]]
[-]E[-][[-]+[-]][-]S[-][[-]+[-]][-]S[-][[-]+[-]][-]][-][[-]+[-]][-]I[-][[-]+[-]][-][[-][[-]+[-]][-]S[-][[-]+[-]][-]U[-][[-]+[-]]
[-]C[-][[-]+[-]][-]C[-][[-]+[-]][-]E[-][[-]+[-]][-]S[-][[-]+[-]][-]S[-][[-]+[-]][-]][-][[-]+[-]][-]N[-][[-]+[-]][-][[-][[-]+[-]]
[-]S[-][[-]+[-]][-]U[-][[-]+[-]][-]C[-][[-]+[-]][-]C[-][[-]+[-]][-]E[-][[-]+[-]][-]S[-][[-]+[-]][-]S[-][[-]+[-]][-]][-][[-]+[-]]
[-]F[-][[-]+[-]][-][[-][[-]+[-]][-]S[-][[-]+[-]][-]U[-][[-]+[-]][-]C[-][[-]+[-]][-]C[-][[-]+[-]][-]E[-][[-]+[-]][-]S[-][[-]+[-]]
[-]S[-][[-]+[-]][-]][-][[-]+[-]][-]O[-][[-]+[-]][-][[-][[-]+[-]][-]S[-][[-]+[-]][-]U[-][[-]+[-]][-]C[-][[-]+[-]][-]C[-][[-]+[-]]
[-]E[-][[-]+[-]][-]S[-][[-]+[-]][-]S[-][[-]+[-]][-]][-][[-]+[-]][-]][-][[-]+[-]][-][[-][[-]+[-]][-]S[-][[-]+[-]][-]U[-][[-]+[-]]
[-]C[-][[-]+[-]][-]C[-][[-]+[-]][-]E[-][[-]+[-]][-]S[-][[-]+[-]][-]S[-][[-]+[-]][-]][-][[-]+[-]][-][[-][[-]+[-]][-][[-][[-]+[-]]
[-]S[-][[-]+[-]][-]U[-][[-]+[-]][-]C[-][[-]+[-]][-]C[-][[-]+[-]][-]E[-][[-]+[-]][-]S[-][[-]+[-]][-]S[-][[-]+[-]][-]][-][[-]+[-]]
[-][[-][[-]+[-]][-][[-][[-]+[-]][-]S[-][[-]+[-]][-]U[-][[-]+[-]][-]C[-][[-]+[-]][-]C[-][[-]+[-]][-]E[-][[-]+[-]][-]S[-][[-]+[-]]
[-]S[-][[-]+[-]][-]][-][[-]+[-]][-]I[-][[-]+[-]][-][[-][[-]+[-]][-]S[-][[-]+[-]][-]U[-][[-]+[-]][-]C[-][[-]+[-]][-]C[-][[-]+[-]]
[-]E[-][[-]+[-]][-]S[-][[-]+[-]][-]S[-][[-]+[-]][-]][-][[-]+[-]][-]N[-][[-]+[-]][-][[-][[-]+[-]][-]S[-][[-]+[-]][-]U[-][[-]+[-]]
[-]C[-][[-]+[-]][-]C[-][[-]+[-]][-]E[-][[-]+[-]][-]S[-][[-]+[-]][-]S[-][[-]+[-]][-]][-][[-]+[-]][-]F[-][[-]+[-]][-][[-][[-]+[-]]
[-]S[-][[-]+[-]][-]U[-][[-]+[-]][-]C[-][[-]+[-]][-]C[-][[-]+[-]][-]E[-][[-]+[-]][-]S[-][[-]+[-]][-]S[-][[-]+[-]][-]][-][[-]+[-]]
[-]O[-][[-]+[-]][-][[-][[-]+[-]][-]S[-][[-]+[-]][-]U[-][[-]+[-]][-]C[-][[-]+[-]][-]C[-][[-]+[-]][-]E[-][[-]+[-]][-]S[-][[-]+[-]]
[-]S[-][[-]+[-]][-]][-][[-]+[-]][-]][-][[-]+[-]][-][[-][[-]+[-]][-]S[-][[-]+[-]][-]U[-][[-]+[-]][-]C[-][[-]+[-]][-]C[-][[-]+[-]]
[-]E[-][[-]+[-]][-]S[-][[-]+[-]][-]S[-][[-]+[-]][-]][-][[-]+[-]][-]>[-][[-]+[-]][-][[-][[-]+[-]][-]S[-][[-]+[-]][-]U[-][[-]+[-]]
[-]C[-][[-]+[-]][-]C[-][[-]+[-]][-]E[-][[-]+[-]][-]S[-][[-]+[-]][-]S[-][[-]+[-]][-]][-][[-]+[-]][-][[-][[-]+[-]][-][[-][[-]+[-]]
[-]S[-][[-]+[-]][-]U[-][[-]+[-]][-]C[-][[-]+[-]][-]C[-][[-]+[-]][-]E[-][[-]+[-]][-]S[-][[-]+[-]][-]S[-][[-]+[-]][-]][-][[-]+[-]]
[-]I[-][[-]+[-]][-][[-][[-]+[-]][-]S[-][[-]+[-]][-]U[-][[-]+[-]][-]C[-][[-]+[-]][-]C[-][[-]+[-]][-]E[-][[-]+[-]][-]S[-][[-]+[-]]
[-]S[-][[-]+[-]][-]][-][[-]+[-]][-]N[-][[-]+[-]][-][[-][[-]+[-]][-]S[-][[-]+[-]][-]U[-][[-]+[-]][-]C[-][[-]+[-]][-]C[-][[-]+[-]]
[-]E[-][[-]+[-]][-]S[-][[-]+[-]][-]S[-][[-]+[-]][-]][-][[-]+[-]][-]F[-][[-]+[-]][-][[-][[-]+[-]][-]S[-][[-]+[-]][-]U[-][[-]+[-]]
[-]C[-][[-]+[-]][-]C[-][[-]+[-]][-]E[-][[-]+[-]][-]S[-][[-]+[-]][-]S[-][[-]+[-]][-]][-][[-]+[-]][-]O[-][[-]+[-]][-][[-][[-]+[-]]
[-]S[-][[-]+[-]][-]U[-][[-]+[-]][-]C[-][[-]+[-]][-]C[-][[-]+[-]][-]E[-][[-]+[-]][-]S[-][[-]+[-]][-]S[-][[-]+[-]][-]][-][[-]+[-]]
[-]][-][[-]+[-]][-][[-][[-]+[-]][-]S[-][[-]+[-]][-]U[-][[-]+[-]][-]C[-][[-]+[-]][-]C[-][[-]+[-]][-]E[-][[-]+[-]][-]S[-][[-]+[-]]
[-]S[-][[-]+[-]][-]][-][[-]+[-]][-]][-][[-]+[-]][-][[-][[-]+[-]][-]S[-][[-]+[-]][-]U[-][[-]+[-]][-]C[-][[-]+[-]][-]C[-][[-]+[-]]
[-]E[-][[-]+[-]][-]S[-][[-]+[-]][-]S[-][[-]+[-]][-]][-][[-]+[-]][-][[-][[-]+[-]][-][[-][[-]+[-]][-]S[-][[-]+[-]][-]U[-][[-]+[-]]
[-]C[-][[-]+[-]][-]C[-][[-]+[-]][-]E[-][[-]+[-]][-]S[-][[-]+[-]][-]S[-][[-]+[-]][-]][-][[-]+[-]][-]I[-][[-]+[-]][-][[-][[-]+[-]]
[-]S[-][[-]+[-]][-]U[-][[-]+[-]][-]C[-][[-]+[-]][-]C[-][[-]+[-]][-]E[-][[-]+[-]][-]S[-][[-]+[-]][-]S[-][[-]+[-]][-]][-][[-]+[-]]
[-]N[-][[-]+[-]][-][[-][[-]+[-]][-]S[-][[-]+[-]][-]U[-][[-]+[-]][-]C[-][[-]+[-]][-]C[-][[-]+[-]][-]E[-][[-]+[-]][-]S[-][[-]+[-]]
[-]S[-][[-]+[-]][-]][-][[-]+[-]][-]F[-][[-]+[-]][-][[-][[-]+[-]][-]S[-][[-]+[-]][-]U[-][[-]+[-]][-]C[-][[-]+[-]][-]C[-][[-]+[-]]
[-]E[-][[-]+[-]][-]S[-][[-]+[-]][-]S[-][[-]+[-]][-]][-][[-]+[-]][-]O[-][[-]+[-]][-][[-][[-]+[-]][-]S[-][[-]+[-]][-]U[-][[-]+[-]]
[-]C[-][[-]+[-]][-]C[-][[-]+[-]][-]E[-][[-]+[-]][-]S[-][[-]+[-]][-]S[-][[-]+[-]][-]][-][[-]+[-]][-]][-][[-]+[-]][-][[-][[-]+[-]]
[-]S[-][[-]+[-]][-]U[-][[-]+[-]][-]C[-][[-]+[-]][-]C[-][[-]+[-]][-]E[-][[-]+[-]][-]S[-][[-]+[-]][-]S[-][[-]+[-]][-]][-][[-]+[-]]
[-]K[-][[-]+[-]][-][[-][[-]+[-]][-]S[-][[-]+[-]][-]U[-][[-]+[-]][-]C[-][[-]+[-]][-]C[-][[-]+[-]][-]E[-][[-]+[-]][-]S[-][[-]+[-]]
[-]S[-][[-]+[-]][-]][-][[-]+[-]][-][[-][[-]+[-]][-][[-][[-]+[-]][-]S[-][[-]+[-]][-]U[-][[-]+[-]][-]C[-][[-]+[-]][-]C[-][[-]+[-]]
[-]E[-][[-]+[-]][-]S[-][[-]+[-]][-]S[-][[-]+[-]][-]][-][[-]+[-]][-]I[-][[-]+[-]][-][[-][[-]+[-]][-]S[-][[-]+[-]][-]U[-][[-]+[-]]
[-]C[-][[-]+[-]][-]C[-][[-]+[-]][-]E[-][[-]+[-]][-]S[-][[-]+[-]][-]S[-][[-]+[-]][-]][-][[-]+[-]][-]N[-][[-]+[-]][-][[-][[-]+[-]]
[-]S[-][[-]+[-]][-]U[-][[-]+[-]][-]C[-][[-]+[-]][-]C[-][[-]+[-]][-]E[-][[-]+[-]][-]S[-][[-]+[-]][-]S[-][[-]+[-]][-]][-][[-]+[-]]
[-]F[-][[-]+[-]][-][[-][[-]+[-]][-]S[-][[-]+[-]][-]U[-][[-]+[-]][-]C[-][[-]+[-]][-]C[-][[-]+[-]][-]E[-][[-]+[-]][-]S[-][[-]+[-]]
[-]S[-][[-]+[-]][-]][-][[-]+[-]][-]O[-][[-]+[-]][-][[-][[-]+[-]][-]S[-][[-]+[-]][-]U[-][[-]+[-]][-]C[-][[-]+[-]][-]C[-][[-]+[-]]
[-]E[-][[-]+[-]][-]S[-][[-]+[-]][-]S[-][[-]+[-]][-]][-][[-]+[-]][-]][-][[-]+[-]][-][[-][[-]+[-]][-]S[-][[-]+[-]][-]U[-][[-]+[-]]
[-]C[-][[-]+[-]][-]C[-][[-]+[-]][-]E[-][[-]+[-]][-]S[-][[-]+[-]][-]S[-][[-]+[-]][-]][-][[-]+[-]][-][[-][[-]+[-]][-][[-][[-]+[-]]
[-]S[-][[-]+[-]][-]U[-][[-]+[-]][-]C[-][[-]+[-]][-]C[-][[-]+[-]][-]E[-][[-]+[-]][-]S[-][[-]+[-]][-]S[-][[-]+[-]][-]][-][[-]+[-]]
[-][[-][[-]+[-]][-][[-][[-]+[-]][-]S[-][[-]+[-]][-]U[-][[-]+[-]][-]C[-][[-]+[-]][-]C[-][[-]+[-]][-]E[-][[-]+[-]][-]S[-][[-]+[-]]
[-]S[-][[-]+[-]][-]][-][[-]+[-]][-]I[-][[-]+[-]][-][[-][[-]+[-]][-]S[-][[-]+[-]][-]U[-][[-]+[-]][-]C[-][[-]+[-]][-]C[-][[-]+[-]]
[-]E[-][[-]+[-]][-]S[-][[-]+[-]][-]S[-][[-]+[-]][-]][-][[-]+[-]][-]N[-][[-]+[-]][-][[-][[-]+[-]][-]S[-][[-]+[-]][-]U[-][[-]+[-]]
[-]C[-][[-]+[-]][-]C[-][[-]+[-]][-]E[-][[-]+[-]][-]S[-][[-]+[-]][-]S[-][[-]+[-]][-]][-][[-]+[-]][-]F[-][[-]+[-]][-][[-][[-]+[-]]
[-]S[-][[-]+[-]][-]U[-][[-]+[-]][-]C[-][[-]+[-]][-]C[-][[-]+[-]][-]E[-][[-]+[-]][-]S[-][[-]+[-]][-]S[-][[-]+[-]][-]][-][[-]+[-]]
[-]O[-][[-]+[-]][-][[-][[-]+[-]][-]S[-][[-]+[-]][-]U[-][[-]+[-]][-]C[-][[-]+[-]][-]C[-][[-]+[-]][-]E[-][[-]+[-]][-]S[-][[-]+[-]]
[-]S[-][[-]+[-]][-]][-][[-]+[-]][-]][-][[-]+[-]][-][[-][[-]+[-]][-]S[-][[-]+[-]][-]U[-][[-]+[-]][-]C[-][[-]+[-]][-]C[-][[-]+[-]]
[-]E[-][[-]+[-]][-]S[-][[-]+[-]][-]S[-][[-]+[-]][-]][-][[-]+[-]][-]>[-][[-]+[-]][-][[-][[-]+[-]][-]S[-][[-]+[-]][-]U[-][[-]+[-]]
[-]C[-][[-]+[-]][-]C[-][[-]+[-]][-]E[-][[-]+[-]][-]S[-][[-]+[-]][-]S[-][[-]+[-]][-]][-][[-]+[-]][-][[-][[-]+[-]][-][[-][[-]+[-]]
[-]S[-][[-]+[-]][-]U[-][[-]+[-]][-]C[-][[-]+[-]][-]C[-][[-]+[-]][-]E[-][[-]+[-]][-]S[-][[-]+[-]][-]S[-][[-]+[-]][-]][-][[-]+[-]]
[-]I[-][[-]+[-]][-][[-][[-]+[-]][-]S[-][[-]+[-]][-]U[-][[-]+[-]][-]C[-][[-]+[-]][-]C[-][[-]+[-]][-]E[-][[-]+[-]][-]S[-][[-]+[-]]
[-]S[-][[-]+[-]][-]][-][[-]+[-]][-]N[-][[-]+[-]][-][[-][[-]+[-]][-]S[-][[-]+[-]][-]U[-][[-]+[-]][-]C[-][[-]+[-]][-]C[-][[-]+[-]]
[-]E[-][[-]+[-]][-]S[-][[-]+[-]][-]S[-][[-]+[-]][-]][-][[-]+[-]][-]F[-][[-]+[-]][-][[-][[-]+[-]][-]S[-][[-]+[-]][-]U[-][[-]+[-]]
[-]C[-][[-]+[-]][-]C[-][[-]+[-]][-]E[-][[-]+[-]][-]S[-][[-]+[-]][-]S[-][[-]+[-]][-]][-][[-]+[-]][-]O[-][[-]+[-]][-][[-][[-]+[-]]
[-]S[-][[-]+[-]][-]U[-][[-]+[-]][-]C[-][[-]+[-]][-]C[-][[-]+[-]][-]E[-][[-]+[-]][-]S[-][[-]+[-]][-]S[-][[-]+[-]][-]][-][[-]+[-]]
[-]][-][[-]+[-]][-][[-][[-]+[-]][-]S[-][[-]+[-]][-]U[-][[-]+[-]][-]C[-][[-]+[-]][-]C[-][[-]+[-]][-]E[-][[-]+[-]][-]S[-][[-]+[-]]
[-]S[-][[-]+[-]][-]][-][[-]+[-]][-]][-][[-]+[-]][-][[-][[-]+[-]][-]S[-][[-]+[-]][-]U[-][[-]+[-]][-]C[-][[-]+[-]][-]C[-][[-]+[-]]
[-]E[-][[-]+[-]][-]S[-][[-]+[-]][-]S[-][[-]+[-]][-]][-][[-]+[-]][-][[-][[-]+[-]][-][[-][[-]+[-]][-]S[-][[-]+[-]][-]U[-][[-]+[-]]
[-]C[-][[-]+[-]][-]C[-][[-]+[-]][-]E[-][[-]+[-]][-]S[-][[-]+[-]][-]S[-][[-]+[-]][-]][-][[-]+[-]][-]I[-][[-]+[-]][-][[-][[-]+[-]]
[-]S[-][[-]+[-]][-]U[-][[-]+[-]][-]C[-][[-]+[-]][-]C[-][[-]+[-]][-]E[-][[-]+[-]][-]S[-][[-]+[-]][-]S[-][[-]+[-]][-]][-][[-]+[-]]
[-]N[-][[-]+[-]][-][[-][[-]+[-]][-]S[-][[-]+[-]][-]U[-][[-]+[-]][-]C[-][[-]+[-]][-]C[-][[-]+[-]][-]E[-][[-]+[-]][-]S[-][[-]+[-]]
[-]S[-][[-]+[-]][-]][-][[-]+[-]][-]F[-][[-]+[-]][-][[-][[-]+[-]][-]S[-][[-]+[-]][-]U[-][[-]+[-]][-]C[-][[-]+[-]][-]C[-][[-]+[-]]
[-]E[-][[-]+[-]][-]S[-][[-]+[-]][-]S[-][[-]+[-]][-]][-][[-]+[-]][-]O[-][[-]+[-]][-][[-][[-]+[-]][-]S[-][[-]+[-]][-]U[-][[-]+[-]]
[-]C[-][[-]+[-]][-]C[-][[-]+[-]][-]E[-][[-]+[-]][-]S[-][[-]+[-]][-]S[-][[-]+[-]][-]][-][[-]+[-]][-]][-][[-]+[-]][-][[-][[-]+[-]]
[-]S[-][[-]+[-]][-]U[-][[-]+[-]][-]C[-][[-]+[-]][-]C[-][[-]+[-]][-]E[-][[-]+[-]][-]S[-][[-]+[-]][-]S[-][[-]+[-]][-]][-][[-]+[-]]
[-]][-][[-]+[-]][-][[-][[-]+[-]][-]S[-][[-]+[-]][-]U[-][[-]+[-]][-]C[-][[-]+[-]][-]C[-][[-]+[-]][-]E[-][[-]+[-]][-]S[-][[-]+[-]]
[-]S[-][[-]+[-]][-]][-][[-]+[-]][-][[-][[-]+[-]][-][[-][[-]+[-]][-]S[-][[-]+[-]][-]U[-][[-]+[-]][-]C[-][[-]+[-]][-]C[-][[-]+[-]]
[-]E[-][[-]+[-]][-]S[-][[-]+[-]][-]S[-][[-]+[-]][-]][-][[-]+[-]][-]I[-][[-]+[-]][-][[-][[-]+[-]][-]S[-][[-]+[-]][-]U[-][[-]+[-]]
[-]C[-][[-]+[-]][-]C[-][[-]+[-]][-]E[-][[-]+[-]][-]S[-][[-]+[-]][-]S[-][[-]+[-]][-]][-][[-]+[-]][-]N[-][[-]+[-]][-][[-][[-]+[-]]
[-]S[-][[-]+[-]][-]U[-][[-]+[-]][-]C[-][[-]+[-]][-]C[-][[-]+[-]][-]E[-][[-]+[-]][-]S[-][[-]+[-]][-]S[-][[-]+[-]][-]][-][[-]+[-]]
[-]F[-][[-]+[-]][-][[-][[-]+[-]][-]S[-][[-]+[-]][-]U[-][[-]+[-]][-]C[-][[-]+[-]][-]C[-][[-]+[-]][-]E[-][[-]+[-]][-]S[-][[-]+[-]]
[-]S[-][[-]+[-]][-]][-][[-]+[-]][-]O[-][[-]+[-]][-][[-][[-]+[-]][-]S[-][[-]+[-]][-]U[-][[-]+[-]][-]C[-][[-]+[-]][-]C[-][[-]+[-]]
[-]E[-][[-]+[-]][-]S[-][[-]+[-]][-]S[-][[-]+[-]][-]][-][[-]+[-]][-]][-][[-]+[-]][-][[-][[-]+[-]][-]S[-][[-]+[-]][-]U[-][[-]+[-]]
[-]C[-][[-]+[-]][-]C[-][[-]+[-]][-]E[-][[-]+[-]][-]S[-][[-]+[-]][-]S[-][[-]+[-]][-]][-][[-]+[-]][-][[-][[-]+[-]][-][[-][[-]+[-]]
[-]S[-][[-]+[-]][-]U[-][[-]+[-]][-]C[-][[-]+[-]][-]C[-][[-]+[-]][-]E[-][[-]+[-]][-]S[-][[-]+[-]][-]S[-][[-]+[-]][-]][-][[-]+[-]]
[-][[-][[-]+[-]][-][[-][[-]+[-]][-]S[-][[-]+[-]][-]U[-][[-]+[-]][-]C[-][[-]+[-]][-]C[-][[-]+[-]][-]E[-][[-]+[-]][-]S[-][[-]+[-]]
[-]S[-][[-]+[-]][-]][-][[-]+[-]][-]I[-][[-]+[-]][-][[-][[-]+[-]][-]S[-][[-]+[-]][-]U[-][[-]+[-]][-]C[-][[-]+[-]][-]C[-][[-]+[-]]
[-]E[-][[-]+[-]][-]S[-][[-]+[-]][-]S[-][[-]+[-]][-]][-][[-]+[-]][-]N[-][[-]+[-]][-][[-][[-]+[-]][-]S[-][[-]+[-]][-]U[-][[-]+[-]]
[-]C[-][[-]+[-]][-]C[-][[-]+[-]][-]E[-][[-]+[-]][-]S[-][[-]+[-]][-]S[-][[-]+[-]][-]][-][[-]+[-]][-]F[-][[-]+[-]][-][[-][[-]+[-]]
[-]S[-][[-]+[-]][-]U[-][[-]+[-]][-]C[-][[-]+[-]][-]C[-][[-]+[-]][-]E[-][[-]+[-]][-]S[-][[-]+[-]][-]S[-][[-]+[-]][-]][-][[-]+[-]]
[-]O[-][[-]+[-]][-][[-][[-]+[-]][-]S[-][[-]+[-]][-]U[-][[-]+[-]][-]C[-][[-]+[-]][-]C[-][[-]+[-]][-]E[-][[-]+[-]][-]S[-][[-]+[-]]
[-]S[-][[-]+[-]][-]][-][[-]+[-]][-]][-][[-]+[-]][-][[-][[-]+[-]][-]S[-][[-]+[-]][-]U[-][[-]+[-]][-]C[-][[-]+[-]][-]C[-][[-]+[-]]
[-]E[-][[-]+[-]][-]S[-][[-]+[-]][-]S[-][[-]+[-]][-]][-][[-]+[-]][-]>[-][[-]+[-]][-][[-][[-]+[-]][-]S[-][[-]+[-]][-]U[-][[-]+[-]]
[-]C[-][[-]+[-]][-]C[-][[-]+[-]][-]E[-][[-]+[-]][-]S[-][[-]+[-]][-]S[-][[-]+[-]][-]][-][[-]+[-]][-][[-][[-]+[-]][-][[-][[-]+[-]]
[-]S[-][[-]+[-]][-]U[-][[-]+[-]][-]C[-][[-]+[-]][-]C[-][[-]+[-]][-]E[-][[-]+[-]][-]S[-][[-]+[-]][-]S[-][[-]+[-]][-]][-][[-]+[-]]
[-]I[-][[-]+[-]][-][[-][[-]+[-]][-]S[-][[-]+[-]][-]U[-][[-]+[-]][-]C[-][[-]+[-]][-]C[-][[-]+[-]][-]E[-][[-]+[-]][-]S[-][[-]+[-]]
[-]S[-][[-]+[-]][-]][-][[-]+[-]][-]N[-][[-]+[-]][-][[-][[-]+[-]][-]S[-][[-]+[-]][-]U[-][[-]+[-]][-]C[-][[-]+[-]][-]C[-][[-]+[-]]
[-]E[-][[-]+[-]][-]S[-][[-]+[-]][-]S[-][[-]+[-]][-]][-][[-]+[-]][-]F[-][[-]+[-]][-][[-][[-]+[-]][-]S[-][[-]+[-]][-]U[-][[-]+[-]]
[-]C[-][[-]+[-]][-]C[-][[-]+[-]][-]E[-][[-]+[-]][-]S[-][[-]+[-]][-]S[-][[-]+[-]][-]][-][[-]+[-]][-]O[-][[-]+[-]][-][[-][[-]+[-]]
[-]S[-][[-]+[-]][-]U[-][[-]+[-]][-]C[-][[-]+[-]][-]C[-][[-]+[-]][-]E[-][[-]+[-]][-]S[-][[-]+[-]][-]S[-][[-]+[-]][-]][-][[-]+[-]]
[-]][-][[-]+[-]][-][[-][[-]+[-]][-]S[-][[-]+[-]][-]U[-][[-]+[-]][-]C[-][[-]+[-]][-]C[-][[-]+[-]][-]E[-][[-]+[-]][-]S[-][[-]+[-]]
[-]S[-][[-]+[-]][-]][-][[-]+[-]][-]][-][[-]+[-]][-][[-][[-]+[-]][-]S[-][[-]+[-]][-]U[-][[-]+[-]][-]C[-][[-]+[-]][-]C[-][[-]+[-]]
[-]E[-][[-]+[-]][-]S[-][[-]+[-]][-]S[-][[-]+[-]][-]][-][[-]+[-]][-][[-][[-]+[-]][-][[-][[-]+[-]][-]S[-][[-]+[-]][-]U[-][[-]+[-]]
[-]C[-][[-]+[-]][-]C[-][[-]+[-]][-]E[-][[-]+[-]][-]S[-][[-]+[-]][-]S[-][[-]+[-]][-]][-][[-]+[-]][-]I[-][[-]+[-]][-][[-][[-]+[-]]
[-]S[-][[-]+[-]][-]U[-][[-]+[-]][-]C[-][[-]+[-]][-]C[-][[-]+[-]][-]E[-][[-]+[-]][-]S[-][[-]+[-]][-]S[-][[-]+[-]][-]][-][[-]+[-]]
[-]N[-][[-]+[-]][-][[-][[-]+[-]][-]S[-][[-]+[-]][-]U[-][[-]+[-]][-]C[-][[-]+[-]][-]C[-][[-]+[-]][-]E[-][[-]+[-]][-]S[-][[-]+[-]]
[-]S[-][[-]+[-]][-]][-][[-]+[-]][-]F[-][[-]+[-]][-][[-][[-]+[-]][-]S[-][[-]+[-]][-]U[-][[-]+[-]][-]C[-][[-]+[-]][-]C[-][[-]+[-]]
[-]E[-][[-]+[-]][-]S[-][[-]+[-]][-]S[-][[-]+[-]][-]][-][[-]+[-]][-]O[-][[-]+[-]][-][[-][[-]+[-]][-]S[-][[-]+[-]][-]U[-][[-]+[-]]
[-]C[-][[-]+[-]][-]C[-][[-]+[-]][-]E[-][[-]+[-]][-]S[-][[-]+[-]][-]S[-][[-]+[-]][-]][-][[-]+[-]][-]][-][[-]+[-]][-][[-][[-]+[-]]
[-]S[-][[-]+[-]][-]U[-][[-]+[-]][-]C[-][[-]+[-]][-]C[-][[-]+[-]][-]E[-][[-]+[-]][-]S[-][[-]+[-]][-]S[-][[-]+[-]][-]][-][[-]+[-]]
[-]][-][[-]+[-]][-][[-][[-]+[-]][-]S[-][[-]+[-]][-]U[-][[-]+[-]][-]C[-][[-]+[-]][-]C[-][[-]+[-]][-]E[-][[-]+[-]][-]S[-][[-]+[-]]
[-]S[-][[-]+[-]][-]][-][[-]+[-]][-][[-][[-]+[-]][-][[-][[-]+[-]][-]S[-][[-]+[-]][-]U[-][[-]+[-]][-]C[-][[-]+[-]][-]C[-][[-]+[-]]
[-]E[-][[-]+[-]][-]S[-][[-]+[-]][-]S[-][[-]+[-]][-]][-][[-]+[-]][-]I[-][[-]+[-]][-][[-][[-]+[-]][-]S[-][[-]+[-]][-]U[-][[-]+[-]]
[-]C[-][[-]+[-]][-]C[-][[-]+[-]][-]E[-][[-]+[-]][-]S[-][[-]+[-]][-]S[-][[-]+[-]][-]][-][[-]+[-]][-]N[-][[-]+[-]][-][[-][[-]+[-]]
[-]S[-][[-]+[-]][-]U[-][[-]+[-]][-]C[-][[-]+[-]][-]C[-][[-]+[-]][-]E[-][[-]+[-]][-]S[-][[-]+[-]][-]S[-][[-]+[-]][-]][-][[-]+[-]]
[-]F[-][[-]+[-]][-][[-][[-]+[-]][-]S[-][[-]+[-]][-]U[-][[-]+[-]][-]C[-][[-]+[-]][-]C[-][[-]+[-]][-]E[-][[-]+[-]][-]S[-][[-]+[-]]
[-]S[-][[-]+[-]][-]][-][[-]+[-]][-]O[-][[-]+[-]][-][[-][[-]+[-]][-]S[-][[-]+[-]][-]U[-][[-]+[-]][-]C[-][[-]+[-]][-]C[-][[-]+[-]]
[-]E[-][[-]+[-]][-]S[-][[-]+[-]][-]S[-][[-]+[-]][-]][-][[-]+[-]][-]][-][[-]+[-]][-][[-][[-]+[-]][-]S[-][[-]+[-]][-]U[-][[-]+[-]]
[-]C[-][[-]+[-]][-]C[-][[-]+[-]][-]E[-][[-]+[-]][-]S[-][[-]+[-]][-]S[-][[-]+[-]][-]][-][[-]+[-]][-][[-][[-]+[-]][-][[-][[-]+[-]]
[-]S[-][[-]+[-]][-]U[-][[-]+[-]][-]C[-][[-]+[-]][-]C[-][[-]+[-]][-]E[-][[-]+[-]][-]S[-][[-]+[-]][-]S[-][[-]+[-]][-]][-][[-]+[-]]
[-][[-][[-]+[-]][-][[-][[-]+[-]][-]S[-][[-]+[-]][-]U[-][[-]+[-]][-]C[-][[-]+[-]][-]C[-][[-]+[-]][-]E[-][[-]+[-]][-]S[-][[-]+[-]]
[-]S[-][[-]+[-]][-]][-][[-]+[-]][-]I[-][[-]+[-]][-][[-][[-]+[-]][-]S[-][[-]+[-]][-]U[-][[-]+[-]][-]C[-][[-]+[-]][-]C[-][[-]+[-]]
[-]E[-][[-]+[-]][-]S[-][[-]+[-]][-]S[-][[-]+[-]][-]][-][[-]+[-]][-]N[-][[-]+[-]][-][[-][[-]+[-]][-]S[-][[-]+[-]][-]U[-][[-]+[-]]
[-]C[-][[-]+[-]][-]C[-][[-]+[-]][-]E[-][[-]+[-]][-]S[-][[-]+[-]][-]S[-][[-]+[-]][-]][-][[-]+[-]][-]F[-][[-]+[-]][-][[-][[-]+[-]]
[-]S[-][[-]+[-]][-]U[-][[-]+[-]][-]C[-][[-]+[-]][-]C[-][[-]+[-]][-]E[-][[-]+[-]][-]S[-][[-]+[-]][-]S[-][[-]+[-]][-]][-][[-]+[-]]
[-]O[-][[-]+[-]][-][[-][[-]+[-]][-]S[-][[-]+[-]][-]U[-][[-]+[-]][-]C[-][[-]+[-]][-]C[-][[-]+[-]][-]E[-][[-]+[-]][-]S[-][[-]+[-]]
[-]S[-][[-]+[-]][-]][-][[-]+[-]][-]][-][[-]+[-]][-][[-][[-]+[-]][-]S[-][[-]+[-]][-]U[-][[-]+[-]][-]C[-][[-]+[-]][-]C[-][[-]+[-]]
[-]E[-][[-]+[-]][-]S[-][[-]+[-]][-]S[-][[-]+[-]][-]][-][[-]+[-]][-]>[-][[-]+[-]][-][[-][[-]+[-]][-]S[-][[-]+[-]][-]U[-][[-]+[-]]
[-]C[-][[-]+[-]][-]C[-][[-]+[-]][-]E[-][[-]+[-]][-]S[-][[-]+[-]][-]S[-][[-]+[-]][-]][-][[-]+[-]][-][[-][[-]+[-]][-][[-][[-]+[-]]
[-]S[-][[-]+[-]][-]U[-][[-]+[-]][-]C[-][[-]+[-]][-]C[-][[-]+[-]][-]E[-][[-]+[-]][-]S[-][[-]+[-]][-]S[-][[-]+[-]][-]][-][[-]+[-]]
[-]I[-][[-]+[-]][-][[-][[-]+[-]][-]S[-][[-]+[-]][-]U[-][[-]+[-]][-]C[-][[-]+[-]][-]C[-][[-]+[-]][-]E[-][[-]+[-]][-]S[-][[-]+[-]]
[-]S[-][[-]+[-]][-]][-][[-]+[-]][-]N[-][[-]+[-]][-][[-][[-]+[-]][-]S[-][[-]+[-]][-]U[-][[-]+[-]][-]C[-][[-]+[-]][-]C[-][[-]+[-]]
[-]E[-][[-]+[-]][-]S[-][[-]+[-]][-]S[-][[-]+[-]][-]][-][[-]+[-]][-]F[-][[-]+[-]][-][[-][[-]+[-]][-]S[-][[-]+[-]][-]U[-][[-]+[-]]
[-]C[-][[-]+[-]][-]C[-][[-]+[-]][-]E[-][[-]+[-]][-]S[-][[-]+[-]][-]S[-][[-]+[-]][-]][-][[-]+[-]][-]O[-][[-]+[-]][-][[-][[-]+[-]]
[-]S[-][[-]+[-]][-]U[-][[-]+[-]][-]C[-][[-]+[-]][-]C[-][[-]+[-]][-]E[-][[-]+[-]][-]S[-][[-]+[-]][-]S[-][[-]+[-]][-]][-][[-]+[-]]
[-]][-][[-]+[-]][-][[-][[-]+[-]][-]S[-][[-]+[-]][-]U[-][[-]+[-]][-]C[-][[-]+[-]][-]C[-][[-]+[-]][-]E[-][[-]+[-]][-]S[-][[-]+[-]]
[-]S[-][[-]+[-]][-]][-][[-]+[-]][-]][-][[-]+[-]][-][[-][[-]+[-]][-]S[-][[-]+[-]][-]U[-][[-]+[-]][-]C[-][[-]+[-]][-]C[-][[-]+[-]]
[-]E[-][[-]+[-]][-]S[-][[-]+[-]][-]S[-][[-]+[-]][-]][-][[-]+[-]][-][[-][[-]+[-]][-][[-][[-]+[-]][-]S[-][[-]+[-]][-]U[-][[-]+[-]]
[-]C[-][[-]+[-]][-]C[-][[-]+[-]][-]E[-][[-]+[-]][-]S[-][[-]+[-]][-]S[-][[-]+[-]][-]][-][[-]+[-]][-]I[-][[-]+[-]][-][[-][[-]+[-]]
[-]S[-][[-]+[-]][-]U[-][[-]+[-]][-]C[-][[-]+[-]][-]C[-][[-]+[-]][-]E[-][[-]+[-]][-]S[-][[-]+[-]][-]S[-][[-]+[-]][-]][-][[-]+[-]]
[-]N[-][[-]+[-]][-][[-][[-]+[-]][-]S[-][[-]+[-]][-]U[-][[-]+[-]][-]C[-][[-]+[-]][-]C[-][[-]+[-]][-]E[-][[-]+[-]][-]S[-][[-]+[-]]
[-]S[-][[-]+[-]][-]][-][[-]+[-]][-]F[-][[-]+[-]][-][[-][[-]+[-]][-]S[-][[-]+[-]][-]U[-][[-]+[-]][-]C[-][[-]+[-]][-]C[-][[-]+[-]]
[-]E[-][[-]+[-]][-]S[-][[-]+[-]][-]S[-][[-]+[-]][-]][-][[-]+[-]][-]O[-][[-]+[-]][-][[-][[-]+[-]][-]S[-][[-]+[-]][-]U[-][[-]+[-]]
[-]C[-][[-]+[-]][-]C[-][[-]+[-]][-]E[-][[-]+[-]][-]S[-][[-]+[-]][-]S[-][[-]+[-]][-]][-][[-]+[-]][-]][-][[-]+[-]][-][[-][[-]+[-]]
[-]S[-][[-]+[-]][-]U[-][[-]+[-]][-]C[-][[-]+[-]][-]C[-][[-]+[-]][-]E[-][[-]+[-]][-]S[-][[-]+[-]][-]S[-][[-]+[-]][-]][-][[-]+[-]]
[-][[-][[-]+[-]][-][[-][[-]+[-]][-]S[-][[-]+[-]][-]U[-][[-]+[-]][-]C[-][[-]+[-]][-]C[-][[-]+[-]][-]E[-][[-]+[-]][-]S[-][[-]+[-]]
[-]S[-][[-]+[-]][-]][-][[-]+[-]][-][[-][[-]+[-]][-][[-][[-]+[-]][-]S[-][[-]+[-]][-]U[-][[-]+[-]][-]C[-][[-]+[-]][-]C[-][[-]+[-]]
[-]E[-][[-]+[-]][-]S[-][[-]+[-]][-]S[-][[-]+[-]][-]][-][[-]+[-]][-]I[-][[-]+[-]][-][[-][[-]+[-]][-]S[-][[-]+[-]][-]U[-][[-]+[-]]
[-]C[-][[-]+[-]][-]C[-][[-]+[-]][-]E[-][[-]+[-]][-]S[-][[-]+[-]][-]S[-][[-]+[-]][-]][-][[-]+[-]][-]N[-][[-]+[-]][-][[-][[-]+[-]]
[-]S[-][[-]+[-]][-]U[-][[-]+[-]][-]C[-][[-]+[-]][-]C[-][[-]+[-]][-]E[-][[-]+[-]][-]S[-][[-]+[-]][-]S[-][[-]+[-]][-]][-][[-]+[-]]
[-]F[-][[-]+[-]][-][[-][[-]+[-]][-]S[-][[-]+[-]][-]U[-][[-]+[-]][-]C[-][[-]+[-]][-]C[-][[-]+[-]][-]E[-][[-]+[-]][-]S[-][[-]+[-]]
[-]S[-][[-]+[-]][-]][-][[-]+[-]][-]O[-][[-]+[-]][-][[-][[-]+[-]][-]S[-][[-]+[-]][-]U[-][[-]+[-]][-]C[-][[-]+[-]][-]C[-][[-]+[-]]
[-]E[-][[-]+[-]][-]S[-][[-]+[-]][-]S[-][[-]+[-]][-]][-][[-]+[-]][-]][-][[-]+[-]][-][[-][[-]+[-]][-]S[-][[-]+[-]][-]U[-][[-]+[-]]
[-]C[-][[-]+[-]][-]C[-][[-]+[-]][-]E[-][[-]+[-]][-]S[-][[-]+[-]][-]S[-][[-]+[-]][-]][-][[-]+[-]][-][[-][[-]+[-]][-][[-][[-]+[-]]
[-]S[-][[-]+[-]][-]U[-][[-]+[-]][-]C[-][[-]+[-]][-]C[-][[-]+[-]][-]E[-][[-]+[-]][-]S[-][[-]+[-]][-]S[-][[-]+[-]][-]][-][[-]+[-]]
[-][[-][[-]+[-]][-][[-][[-]+[-]][-]S[-][[-]+[-]][-]U[-][[-]+[-]][-]C[-][[-]+[-]][-]C[-][[-]+[-]][-]E[-][[-]+[-]][-]S[-][[-]+[-]]
[-]S[-][[-]+[-]][-]][-][[-]+[-]][-]I[-][[-]+[-]][-][[-][[-]+[-]][-]S[-][[-]+[-]][-]U[-][[-]+[-]][-]C[-][[-]+[-]][-]C[-][[-]+[-]]
[-]E[-][[-]+[-]][-]S[-][[-]+[-]][-]S[-][[-]+[-]][-]][-][[-]+[-]][-]N[-][[-]+[-]][-][[-][[-]+[-]][-]S[-][[-]+[-]][-]U[-][[-]+[-]]
[-]C[-][[-]+[-]][-]C[-][[-]+[-]][-]E[-][[-]+[-]][-]S[-][[-]+[-]][-]S[-][[-]+[-]][-]][-][[-]+[-]][-]F[-][[-]+[-]][-][[-][[-]+[-]]
[-]S[-][[-]+[-]][-]U[-][[-]+[-]][-]C[-][[-]+[-]][-]C[-][[-]+[-]][-]E[-][[-]+[-]][-]S[-][[-]+[-]][-]S[-][[-]+[-]][-]][-][[-]+[-]]
[-]O[-][[-]+[-]][-][[-][[-]+[-]][-]S[-][[-]+[-]][-]U[-][[-]+[-]][-]C[-][[-]+[-]][-]C[-][[-]+[-]][-]E[-][[-]+[-]][-]S[-][[-]+[-]]
[-]S[-][[-]+[-]][-]][-][[-]+[-]][-]][-][[-]+[-]][-][[-][[-]+[-]][-]S[-][[-]+[-]][-]U[-][[-]+[-]][-]C[-][[-]+[-]][-]C[-][[-]+[-]]
[-]E[-][[-]+[-]][-]S[-][[-]+[-]][-]S[-][[-]+[-]][-]][-][[-]+[-]][-]>[-][[-]+[-]][-][[-][[-]+[-]][-]S[-][[-]+[-]][-]U[-][[-]+[-]]
[-]C[-][[-]+[-]][-]C[-][[-]+[-]][-]E[-][[-]+[-]][-]S[-][[-]+[-]][-]S[-][[-]+[-]][-]][-][[-]+[-]][-][[-][[-]+[-]][-][[-][[-]+[-]]
[-]S[-][[-]+[-]][-]U[-][[-]+[-]][-]C[-][[-]+[-]][-]C[-][[-]+[-]][-]E[-][[-]+[-]][-]S[-][[-]+[-]][-]S[-][[-]+[-]][-]][-][[-]+[-]]
[-]I[-][[-]+[-]][-][[-][[-]+[-]][-]S[-][[-]+[-]][-]U[-][[-]+[-]][-]C[-][[-]+[-]][-]C[-][[-]+[-]][-]E[-][[-]+[-]][-]S[-][[-]+[-]]
[-]S[-][[-]+[-]][-]][-][[-]+[-]][-]N[-][[-]+[-]][-][[-][[-]+[-]][-]S[-][[-]+[-]][-]U[-][[-]+[-]][-]C[-][[-]+[-]][-]C[-][[-]+[-]]
[-]E[-][[-]+[-]][-]S[-][[-]+[-]][-]S[-][[-]+[-]][-]][-][[-]+[-]][-]F[-][[-]+[-]][-][[-][[-]+[-]][-]S[-][[-]+[-]][-]U[-][[-]+[-]]
[-]C[-][[-]+[-]][-]C[-][[-]+[-]][-]E[-][[-]+[-]][-]S[-][[-]+[-]][-]S[-][[-]+[-]][-]][-][[-]+[-]][-]O[-][[-]+[-]][-][[-][[-]+[-]]
[-]S[-][[-]+[-]][-]U[-][[-]+[-]][-]C[-][[-]+[-]][-]C[-][[-]+[-]][-]E[-][[-]+[-]][-]S[-][[-]+[-]][-]S[-][[-]+[-]][-]][-][[-]+[-]]
[-]][-][[-]+[-]][-][[-][[-]+[-]][-]S[-][[-]+[-]][-]U[-][[-]+[-]][-]C[-][[-]+[-]][-]C[-][[-]+[-]][-]E[-][[-]+[-]][-]S[-][[-]+[-]]
[-]S[-][[-]+[-]][-]][-][[-]+[-]][-]][-][[-]+[-]][-][[-][[-]+[-]][-]S[-][[-]+[-]][-]U[-][[-]+[-]][-]C[-][[-]+[-]][-]C[-][[-]+[-]]
[-]E[-][[-]+[-]][-]S[-][[-]+[-]][-]S[-][[-]+[-]][-]][-][[-]+[-]][-][[-][[-]+[-]][-][[-][[-]+[-]][-]S[-][[-]+[-]][-]U[-][[-]+[-]]
[-]C[-][[-]+[-]][-]C[-][[-]+[-]][-]E[-][[-]+[-]][-]S[-][[-]+[-]][-]S[-][[-]+[-]][-]][-][[-]+[-]][-]I[-][[-]+[-]][-][[-][[-]+[-]]
[-]S[-][[-]+[-]][-]U[-][[-]+[-]][-]C[-][[-]+[-]][-]C[-][[-]+[-]][-]E[-][[-]+[-]][-]S[-][[-]+[-]][-]S[-][[-]+[-]][-]][-][[-]+[-]]
[-]N[-][[-]+[-]][-][[-][[-]+[-]][-]S[-][[-]+[-]][-]U[-][[-]+[-]][-]C[-][[-]+[-]][-]C[-][[-]+[-]][-]E[-][[-]+[-]][-]S[-][[-]+[-]]
[-]S[-][[-]+[-]][-]][-][[-]+[-]][-]F[-][[-]+[-]][-][[-][[-]+[-]][-]S[-][[-]+[-]][-]U[-][[-]+[-]][-]C[-][[-]+[-]][-]C[-][[-]+[-]]
[-]E[-][[-]+[-]][-]S[-][[-]+[-]][-]S[-][[-]+[-]][-]][-][[-]+[-]][-]O[-][[-]+[-]][-][[-][[-]+[-]][-]S[-][[-]+[-]][-]U[-][[-]+[-]]
[-]C[-][[-]+[-]][-]C[-][[-]+[-]][-]E[-][[-]+[-]][-]S[-][[-]+[-]][-]S[-][[-]+[-]][-]][-][[-]+[-]][-]][-][[-]+[-]][-][[-][[-]+[-]]
[-]S[-][[-]+[-]][-]U[-][[-]+[-]][-]C[-][[-]+[-]][-]C[-][[-]+[-]][-]E[-][[-]+[-]][-]S[-][[-]+[-]][-]S[-][[-]+[-]][-]][-][[-]+[-]]
[-]O[-][[-]+[-]][-][[-][[-]+[-]][-]S[-][[-]+[-]][-]U[-][[-]+[-]][-]C[-][[-]+[-]][-]C[-][[-]+[-]][-]E[-][[-]+[-]][-]S[-][[-]+[-]]
[-]S[-][[-]+[-]][-]][-][[-]+[-]][-][[-][[-]+[-]][-][[-][[-]+[-]][-]S[-][[-]+[-]][-]U[-][[-]+[-]][-]C[-][[-]+[-]][-]C[-][[-]+[-]]
[-]E[-][[-]+[-]][-]S[-][[-]+[-]][-]S[-][[-]+[-]][-]][-][[-]+[-]][-]I[-][[-]+[-]][-][[-][[-]+[-]][-]S[-][[-]+[-]][-]U[-][[-]+[-]]
[-]C[-][[-]+[-]][-]C[-][[-]+[-]][-]E[-][[-]+[-]][-]S[-][[-]+[-]][-]S[-][[-]+[-]][-]][-][[-]+[-]][-]N[-][[-]+[-]][-][[-][[-]+[-]]
[-]S[-][[-]+[-]][-]U[-][[-]+[-]][-]C[-][[-]+[-]][-]C[-][[-]+[-]][-]E[-][[-]+[-]][-]S[-][[-]+[-]][-]S[-][[-]+[-]][-]][-][[-]+[-]]
[-]F[-][[-]+[-]][-][[-][[-]+[-]][-]S[-][[-]+[-]][-]U[-][[-]+[-]][-]C[-][[-]+[-]][-]C[-][[-]+[-]][-]E[-][[-]+[-]][-]S[-][[-]+[-]]
[-]S[-][[-]+[-]][-]][-][[-]+[-]][-]O[-][[-]+[-]][-][[-][[-]+[-]][-]S[-][[-]+[-]][-]U[-][[-]+[-]][-]C[-][[-]+[-]][-]C[-][[-]+[-]]
[-]E[-][[-]+[-]][-]S[-][[-]+[-]][-]S[-][[-]+[-]][-]][-][[-]+[-]][-]][-][[-]+[-]][-][[-][[-]+[-]][-]S[-][[-]+[-]][-]U[-][[-]+[-]]
[-]C[-][[-]+[-]][-]C[-][[-]+[-]][-]E[-][[-]+[-]][-]S[-][[-]+[-]][-]S[-][[-]+[-]][-]][-][[-]+[-]][-][[-][[-]+[-]][-][[-][[-]+[-]]
[-]S[-][[-]+[-]][-]U[-][[-]+[-]][-]C[-][[-]+[-]][-]C[-][[-]+[-]][-]E[-][[-]+[-]][-]S[-][[-]+[-]][-]S[-][[-]+[-]][-]][-][[-]+[-]]
[-][[-][[-]+[-]][-][[-][[-]+[-]][-]S[-][[-]+[-]][-]U[-][[-]+[-]][-]C[-][[-]+[-]][-]C[-][[-]+[-]][-]E[-][[-]+[-]][-]S[-][[-]+[-]]
[-]S[-][[-]+[-]][-]][-][[-]+[-]][-]I[-][[-]+[-]][-][[-][[-]+[-]][-]S[-][[-]+[-]][-]U[-][[-]+[-]][-]C[-][[-]+[-]][-]C[-][[-]+[-]]
[-]E[-][[-]+[-]][-]S[-][[-]+[-]][-]S[-][[-]+[-]][-]][-][[-]+[-]][-]N[-][[-]+[-]][-][[-][[-]+[-]][-]S[-][[-]+[-]][-]U[-][[-]+[-]]
[-]C[-][[-]+[-]][-]C[-][[-]+[-]][-]E[-][[-]+[-]][-]S[-][[-]+[-]][-]S[-][[-]+[-]][-]][-][[-]+[-]][-]F[-][[-]+[-]][-][[-][[-]+[-]]
[-]S[-][[-]+[-]][-]U[-][[-]+[-]][-]C[-][[-]+[-]][-]C[-][[-]+[-]][-]E[-][[-]+[-]][-]S[-][[-]+[-]][-]S[-][[-]+[-]][-]][-][[-]+[-]]
[-]O[-][[-]+[-]][-][[-][[-]+[-]][-]S[-][[-]+[-]][-]U[-][[-]+[-]][-]C[-][[-]+[-]][-]C[-][[-]+[-]][-]E[-][[-]+[-]][-]S[-][[-]+[-]]
[-]S[-][[-]+[-]][-]][-][[-]+[-]][-]][-][[-]+[-]][-][[-][[-]+[-]][-]S[-][[-]+[-]][-]U[-][[-]+[-]][-]C[-][[-]+[-]][-]C[-][[-]+[-]]
[-]E[-][[-]+[-]][-]S[-][[-]+[-]][-]S[-][[-]+[-]][-]][-][[-]+[-]][-]>[-][[-]+[-]][-][[-][[-]+[-]][-]S[-][[-]+[-]][-]U[-][[-]+[-]]
[-]C[-][[-]+[-]][-]C[-][[-]+[-]][-]E[-][[-]+[-]][-]S[-][[-]+[-]][-]S[-][[-]+[-]][-]][-][[-]+[-]][-][[-][[-]+[-]][-][[-][[-]+[-]]
[-]S[-][[-]+[-]][-]U[-][[-]+[-]][-]C[-][[-]+[-]][-]C[-][[-]+[-]][-]E[-][[-]+[-]][-]S[-][[-]+[-]][-]S[-][[-]+[-]][-]][-][[-]+[-]]
[-]I[-][[-]+[-]][-][[-][[-]+[-]][-]S[-][[-]+[-]][-]U[-][[-]+[-]][-]C[-][[-]+[-]][-]C[-][[-]+[-]][-]E[-][[-]+[-]][-]S[-][[-]+[-]]
[-]S[-][[-]+[-]][-]][-][[-]+[-]][-]N[-][[-]+[-]][-][[-][[-]+[-]][-]S[-][[-]+[-]][-]U[-][[-]+[-]][-]C[-][[-]+[-]][-]C[-][[-]+[-]]
[-]E[-][[-]+[-]][-]S[-][[-]+[-]][-]S[-][[-]+[-]][-]][-][[-]+[-]][-]F[-][[-]+[-]][-][[-][[-]+[-]][-]S[-][[-]+[-]][-]U[-][[-]+[-]]
[-]C[-][[-]+[-]][-]C[-][[-]+[-]][-]E[-][[-]+[-]][-]S[-][[-]+[-]][-]S[-][[-]+[-]][-]][-][[-]+[-]][-]O[-][[-]+[-]][-][[-][[-]+[-]]
[-]S[-][[-]+[-]][-]U[-][[-]+[-]][-]C[-][[-]+[-]][-]C[-][[-]+[-]][-]E[-][[-]+[-]][-]S[-][[-]+[-]][-]S[-][[-]+[-]][-]][-][[-]+[-]]
[-]][-][[-]+[-]][-][[-][[-]+[-]][-]S[-][[-]+[-]][-]U[-][[-]+[-]][-]C[-][[-]+[-]][-]C[-][[-]+[-]][-]E[-][[-]+[-]][-]S[-][[-]+[-]]
[-]S[-][[-]+[-]][-]][-][[-]+[-]][-]][-][[-]+[-]][-][[-][[-]+[-]][-]S[-][[-]+[-]][-]U[-][[-]+[-]][-]C[-][[-]+[-]][-]C[-][[-]+[-]]
[-]E[-][[-]+[-]][-]S[-][[-]+[-]][-]S[-][[-]+[-]][-]][-][[-]+[-]][-][[-][[-]+[-]][-][[-][[-]+[-]][-]S[-][[-]+[-]][-]U[-][[-]+[-]]
[-]C[-][[-]+[-]][-]C[-][[-]+[-]][-]E[-][[-]+[-]][-]S[-][[-]+[-]][-]S[-][[-]+[-]][-]][-][[-]+[-]][-]I[-][[-]+[-]][-][[-][[-]+[-]]
[-]S[-][[-]+[-]][-]U[-][[-]+[-]][-]C[-][[-]+[-]][-]C[-][[-]+[-]][-]E[-][[-]+[-]][-]S[-][[-]+[-]][-]S[-][[-]+[-]][-]][-][[-]+[-]]
[-]N[-][[-]+[-]][-][[-][[-]+[-]][-]S[-][[-]+[-]][-]U[-][[-]+[-]][-]C[-][[-]+[-]][-]C[-][[-]+[-]][-]E[-][[-]+[-]][-]S[-][[-]+[-]]
[-]S[-][[-]+[-]][-]][-][[-]+[-]][-]F[-][[-]+[-]][-][[-][[-]+[-]][-]S[-][[-]+[-]][-]U[-][[-]+[-]][-]C[-][[-]+[-]][-]C[-][[-]+[-]]
[-]E[-][[-]+[-]][-]S[-][[-]+[-]][-]S[-][[-]+[-]][-]][-][[-]+[-]][-]O[-][[-]+[-]][-][[-][[-]+[-]][-]S[-][[-]+[-]][-]U[-][[-]+[-]]
[-]C[-][[-]+[-]][-]C[-][[-]+[-]][-]E[-][[-]+[-]][-]S[-][[-]+[-]][-]S[-][[-]+[-]][-]][-][[-]+[-]][-]][-][[-]+[-]][-][[-][[-]+[-]]
[-]S[-][[-]+[-]][-]U[-][[-]+[-]][-]C[-][[-]+[-]][-]C[-][[-]+[-]][-]E[-][[-]+[-]][-]S[-][[-]+[-]][-]S[-][[-]+[-]][-]][-][[-]+[-]]
[-]K[-][[-]+[-]][-][[-][[-]+[-]][-]S[-][[-]+[-]][-]U[-][[-]+[-]][-]C[-][[-]+[-]][-]C[-][[-]+[-]][-]E[-][[-]+[-]][-]S[-][[-]+[-]]
[-]S[-][[-]+[-]][-]][-][[-]+[-]][-][[-][[-]+[-]][-][[-][[-]+[-]][-]S[-][[-]+[-]][-]U[-][[-]+[-]][-]C[-][[-]+[-]][-]C[-][[-]+[-]]
[-]E[-][[-]+[-]][-]S[-][[-]+[-]][-]S[-][[-]+[-]][-]][-][[-]+[-]][-]I[-][[-]+[-]][-][[-][[-]+[-]][-]S[-][[-]+[-]][-]U[-][[-]+[-]]
[-]C[-][[-]+[-]][-]C[-][[-]+[-]][-]E[-][[-]+[-]][-]S[-][[-]+[-]][-]S[-][[-]+[-]][-]][-][[-]+[-]][-]N[-][[-]+[-]][-][[-][[-]+[-]]
[-]S[-][[-]+[-]][-]U[-][[-]+[-]][-]C[-][[-]+[-]][-]C[-][[-]+[-]][-]E[-][[-]+[-]][-]S[-][[-]+[-]][-]S[-][[-]+[-]][-]][-][[-]+[-]]
[-]F[-][[-]+[-]][-][[-][[-]+[-]][-]S[-][[-]+[-]][-]U[-][[-]+[-]][-]C[-][[-]+[-]][-]C[-][[-]+[-]][-]E[-][[-]+[-]][-]S[-][[-]+[-]]
[-]S[-][[-]+[-]][-]][-][[-]+[-]][-]O[-][[-]+[-]][-][[-][[-]+[-]][-]S[-][[-]+[-]][-]U[-][[-]+[-]][-]C[-][[-]+[-]][-]C[-][[-]+[-]]
[-]E[-][[-]+[-]][-]S[-][[-]+[-]][-]S[-][[-]+[-]][-]][-][[-]+[-]][-]][-][[-]+[-]][-][[-][[-]+[-]][-]S[-][[-]+[-]][-]U[-][[-]+[-]]
[-]C[-][[-]+[-]][-]C[-][[-]+[-]][-]E[-][[-]+[-]][-]S[-][[-]+[-]][-]S[-][[-]+[-]][-]][-][[-]+[-]][-][[-][[-]+[-]][-][[-][[-]+[-]]
[-]S[-][[-]+[-]][-]U[-][[-]+[-]][-]C[-][[-]+[-]][-]C[-][[-]+[-]][-]E[-][[-]+[-]][-]S[-][[-]+[-]][-]S[-][[-]+[-]][-]][-][[-]+[-]]
[-][[-][[-]+[-]][-][[-][[-]+[-]][-]S[-][[-]+[-]][-]U[-][[-]+[-]][-]C[-][[-]+[-]][-]C[-][[-]+[-]][-]E[-][[-]+[-]][-]S[-][[-]+[-]]
[-]S[-][[-]+[-]][-]][-][[-]+[-]][-]I[-][[-]+[-]][-][[-][[-]+[-]][-]S[-][[-]+[-]][-]U[-][[-]+[-]][-]C[-][[-]+[-]][-]C[-][[-]+[-]]
[-]E[-][[-]+[-]][-]S[-][[-]+[-]][-]S[-][[-]+[-]][-]][-][[-]+[-]][-]N[-][[-]+[-]][-][[-][[-]+[-]][-]S[-][[-]+[-]][-]U[-][[-]+[-]]
[-]C[-][[-]+[-]][-]C[-][[-]+[-]][-]E[-][[-]+[-]][-]S[-][[-]+[-]][-]S[-][[-]+[-]][-]][-][[-]+[-]][-]F[-][[-]+[-]][-][[-][[-]+[-]]
[-]S[-][[-]+[-]][-]U[-][[-]+[-]][-]C[-][[-]+[-]][-]C[-][[-]+[-]][-]E[-][[-]+[-]][-]S[-][[-]+[-]][-]S[-][[-]+[-]][-]][-][[-]+[-]]
[-]O[-][[-]+[-]][-][[-][[-]+[-]][-]S[-][[-]+[-]][-]U[-][[-]+[-]][-]C[-][[-]+[-]][-]C[-][[-]+[-]][-]E[-][[-]+[-]][-]S[-][[-]+[-]]
[-]S[-][[-]+[-]][-]][-][[-]+[-]][-]][-][[-]+[-]][-][[-][[-]+[-]][-]S[-][[-]+[-]][-]U[-][[-]+[-]][-]C[-][[-]+[-]][-]C[-][[-]+[-]]
[-]E[-][[-]+[-]][-]S[-][[-]+[-]][-]S[-][[-]+[-]][-]][-][[-]+[-]][-]>[-][[-]+[-]][-][[-][[-]+[-]][-]S[-][[-]+[-]][-]U[-][[-]+[-]]
[-]C[-][[-]+[-]][-]C[-][[-]+[-]][-]E[-][[-]+[-]][-]S[-][[-]+[-]][-]S[-][[-]+[-]][-]][-][[-]+[-]][-][[-][[-]+[-]][-][[-][[-]+[-]]
[-]S[-][[-]+[-]][-]U[-][[-]+[-]][-]C[-][[-]+[-]][-]C[-][[-]+[-]][-]E[-][[-]+[-]][-]S[-][[-]+[-]][-]S[-][[-]+[-]][-]][-][[-]+[-]]
[-]I[-][[-]+[-]][-][[-][[-]+[-]][-]S[-][[-]+[-]][-]U[-][[-]+[-]][-]C[-][[-]+[-]][-]C[-][[-]+[-]][-]E[-][[-]+[-]][-]S[-][[-]+[-]]
[-]S[-][[-]+[-]][-]][-][[-]+[-]][-]N[-][[-]+[-]][-][[-][[-]+[-]][-]S[-][[-]+[-]][-]U[-][[-]+[-]][-]C[-][[-]+[-]][-]C[-][[-]+[-]]
[-]E[-][[-]+[-]][-]S[-][[-]+[-]][-]S[-][[-]+[-]][-]][-][[-]+[-]][-]F[-][[-]+[-]][-][[-][[-]+[-]][-]S[-][[-]+[-]][-]U[-][[-]+[-]]
[-]C[-][[-]+[-]][-]C[-][[-]+[-]][-]E[-][[-]+[-]][-]S[-][[-]+[-]][-]S[-][[-]+[-]][-]][-][[-]+[-]][-]O[-][[-]+[-]][-][[-][[-]+[-]]
[-]S[-][[-]+[-]][-]U[-][[-]+[-]][-]C[-][[-]+[-]][-]C[-][[-]+[-]][-]E[-][[-]+[-]][-]S[-][[-]+[-]][-]S[-][[-]+[-]][-]][-][[-]+[-]]
[-]][-][[-]+[-]][-][[-][[-]+[-]][-]S[-][[-]+[-]][-]U[-][[-]+[-]][-]C[-][[-]+[-]][-]C[-][[-]+[-]][-]E[-][[-]+[-]][-]S[-][[-]+[-]]
[-]S[-][[-]+[-]][-]][-][[-]+[-]][-]][-][[-]+[-]][-][[-][[-]+[-]][-]S[-][[-]+[-]][-]U[-][[-]+[-]][-]C[-][[-]+[-]][-]C[-][[-]+[-]]
[-]E[-][[-]+[-]][-]S[-][[-]+[-]][-]S[-][[-]+[-]][-]][-][[-]+[-]][-][[-][[-]+[-]][-][[-][[-]+[-]][-]S[-][[-]+[-]][-]U[-][[-]+[-]]
[-]C[-][[-]+[-]][-]C[-][[-]+[-]][-]E[-][[-]+[-]][-]S[-][[-]+[-]][-]S[-][[-]+[-]][-]][-][[-]+[-]][-]I[-][[-]+[-]][-][[-][[-]+[-]]
[-]S[-][[-]+[-]][-]U[-][[-]+[-]][-]C[-][[-]+[-]][-]C[-][[-]+[-]][-]E[-][[-]+[-]][-]S[-][[-]+[-]][-]S[-][[-]+[-]][-]][-][[-]+[-]]
[-]N[-][[-]+[-]][-][[-][[-]+[-]][-]S[-][[-]+[-]][-]U[-][[-]+[-]][-]C[-][[-]+[-]][-]C[-][[-]+[-]][-]E[-][[-]+[-]][-]S[-][[-]+[-]]
[-]S[-][[-]+[-]][-]][-][[-]+[-]][-]F[-][[-]+[-]][-][[-][[-]+[-]][-]S[-][[-]+[-]][-]U[-][[-]+[-]][-]C[-][[-]+[-]][-]C[-][[-]+[-]]
[-]E[-][[-]+[-]][-]S[-][[-]+[-]][-]S[-][[-]+[-]][-]][-][[-]+[-]][-]O[-][[-]+[-]][-][[-][[-]+[-]][-]S[-][[-]+[-]][-]U[-][[-]+[-]]
[-]C[-][[-]+[-]][-]C[-][[-]+[-]][-]E[-][[-]+[-]][-]S[-][[-]+[-]][-]S[-][[-]+[-]][-]][-][[-]+[-]][-]][-][[-]+[-]][-][[-][[-]+[-]]
[-]S[-][[-]+[-]][-]U[-][[-]+[-]][-]C[-][[-]+[-]][-]C[-][[-]+[-]][-]E[-][[-]+[-]][-]S[-][[-]+[-]][-]S[-][[-]+[-]][-]][-][[-]+[-]]
[-]][-][[-]+[-]][-][[-][[-]+[-]][-]S[-][[-]+[-]][-]U[-][[-]+[-]][-]C[-][[-]+[-]][-]C[-][[-]+[-]][-]E[-][[-]+[-]][-]S[-][[-]+[-]]
[-]S[-][[-]+[-]][-]][-][[-]+[-]][-][[-][[-]+[-]][-][[-][[-]+[-]][-]S[-][[-]+[-]][-]U[-][[-]+[-]][-]C[-][[-]+[-]][-]C[-][[-]+[-]]
[-]E[-][[-]+[-]][-]S[-][[-]+[-]][-]S[-][[-]+[-]][-]][-][[-]+[-]][-]I[-][[-]+[-]][-][[-][[-]+[-]][-]S[-][[-]+[-]][-]U[-][[-]+[-]]
[-]C[-][[-]+[-]][-]C[-][[-]+[-]][-]E[-][[-]+[-]][-]S[-][[-]+[-]][-]S[-][[-]+[-]][-]][-][[-]+[-]][-]N[-][[-]+[-]][-][[-][[-]+[-]]
[-]S[-][[-]+[-]][-]U[-][[-]+[-]][-]C[-][[-]+[-]][-]C[-][[-]+[-]][-]E[-][[-]+[-]][-]S[-][[-]+[-]][-]S[-][[-]+[-]][-]][-][[-]+[-]]
[-]F[-][[-]+[-]][-][[-][[-]+[-]][-]S[-][[-]+[-]][-]U[-][[-]+[-]][-]C[-][[-]+[-]][-]C[-][[-]+[-]][-]E[-][[-]+[-]][-]S[-][[-]+[-]]
[-]S[-][[-]+[-]][-]][-][[-]+[-]][-]O[-][[-]+[-]][-][[-][[-]+[-]][-]S[-][[-]+[-]][-]U[-][[-]+[-]][-]C[-][[-]+[-]][-]C[-][[-]+[-]]
[-]E[-][[-]+[-]][-]S[-][[-]+[-]][-]S[-][[-]+[-]][-]][-][[-]+[-]][-]][-][[-]+[-]][-][[-][[-]+[-]][-]S[-][[-]+[-]][-]U[-][[-]+[-]]
[-]C[-][[-]+[-]][-]C[-][[-]+[-]][-]E[-][[-]+[-]][-]S[-][[-]+[-]][-]S[-][[-]+[-]][-]][-][[-]+[-]][-][[-][[-]+[-]][-][[-][[-]+[-]]
[-]S[-][[-]+[-]][-]U[-][[-]+[-]][-]C[-][[-]+[-]][-]C[-][[-]+[-]][-]E[-][[-]+[-]][-]S[-][[-]+[-]][-]S[-][[-]+[-]][-]][-][[-]+[-]]
[-][[-][[-]+[-]][-][[-][[-]+[-]][-]S[-][[-]+[-]][-]U[-][[-]+[-]][-]C[-][[-]+[-]][-]C[-][[-]+[-]][-]E[-][[-]+[-]][-]S[-][[-]+[-]]
[-]S[-][[-]+[-]][-]][-][[-]+[-]][-]I[-][[-]+[-]][-][[-][[-]+[-]][-]S[-][[-]+[-]][-]U[-][[-]+[-]][-]C[-][[-]+[-]][-]C[-][[-]+[-]]
[-]E[-][[-]+[-]][-]S[-][[-]+[-]][-]S[-][[-]+[-]][-]][-][[-]+[-]][-]N[-][[-]+[-]][-][[-][[-]+[-]][-]S[-][[-]+[-]][-]U[-][[-]+[-]]
[-]C[-][[-]+[-]][-]C[-][[-]+[-]][-]E[-][[-]+[-]][-]S[-][[-]+[-]][-]S[-][[-]+[-]][-]][-][[-]+[-]][-]F[-][[-]+[-]][-][[-][[-]+[-]]
[-]S[-][[-]+[-]][-]U[-][[-]+[-]][-]C[-][[-]+[-]][-]C[-][[-]+[-]][-]E[-][[-]+[-]][-]S[-][[-]+[-]][-]S[-][[-]+[-]][-]][-][[-]+[-]]
[-]O[-][[-]+[-]][-][[-][[-]+[-]][-]S[-][[-]+[-]][-]U[-][[-]+[-]][-]C[-][[-]+[-]][-]C[-][[-]+[-]][-]E[-][[-]+[-]][-]S[-][[-]+[-]]
[-]S[-][[-]+[-]][-]][-][[-]+[-]][-]][-][[-]+[-]][-][[-][[-]+[-]][-]S[-][[-]+[-]][-]U[-][[-]+[-]][-]C[-][[-]+[-]][-]C[-][[-]+[-]]
[-]E[-][[-]+[-]][-]S[-][[-]+[-]][-]S[-][[-]+[-]][-]][-][[-]+[-]][-]>[-][[-]+[-]][-][[-][[-]+[-]][-]S[-][[-]+[-]][-]U[-][[-]+[-]]
[-]C[-][[-]+[-]][-]C[-][[-]+[-]][-]E[-][[-]+[-]][-]S[-][[-]+[-]][-]S[-][[-]+[-]][-]][-][[-]+[-]][-][[-][[-]+[-]][-][[-][[-]+[-]]
[-]S[-][[-]+[-]][-]U[-][[-]+[-]][-]C[-][[-]+[-]][-]C[-][[-]+[-]][-]E[-][[-]+[-]][-]S[-][[-]+[-]][-]S[-][[-]+[-]][-]][-][[-]+[-]]
[-]I[-][[-]+[-]][-][[-][[-]+[-]][-]S[-][[-]+[-]][-]U[-][[-]+[-]][-]C[-][[-]+[-]][-]C[-][[-]+[-]][-]E[-][[-]+[-]][-]S[-][[-]+[-]]
[-]S[-][[-]+[-]][-]][-][[-]+[-]][-]N[-][[-]+[-]][-][[-][[-]+[-]][-]S[-][[-]+[-]][-]U[-][[-]+[-]][-]C[-][[-]+[-]][-]C[-][[-]+[-]]
[-]E[-][[-]+[-]][-]S[-][[-]+[-]][-]S[-][[-]+[-]][-]][-][[-]+[-]][-]F[-][[-]+[-]][-][[-][[-]+[-]][-]S[-][[-]+[-]][-]U[-][[-]+[-]]
[-]C[-][[-]+[-]][-]C[-][[-]+[-]][-]E[-][[-]+[-]][-]S[-][[-]+[-]][-]S[-][[-]+[-]][-]][-][[-]+[-]][-]O[-][[-]+[-]][-][[-][[-]+[-]]
[-]S[-][[-]+[-]][-]U[-][[-]+[-]][-]C[-][[-]+[-]][-]C[-][[-]+[-]][-]E[-][[-]+[-]][-]S[-][[-]+[-]][-]S[-][[-]+[-]][-]][-][[-]+[-]]
[-]][-][[-]+[-]][-][[-][[-]+[-]][-]S[-][[-]+[-]][-]U[-][[-]+[-]][-]C[-][[-]+[-]][-]C[-][[-]+[-]][-]E[-][[-]+[-]][-]S[-][[-]+[-]]
[-]S[-][[-]+[-]][-]][-][[-]+[-]][-]][-][[-]+[-]][-][[-][[-]+[-]][-]S[-][[-]+[-]][-]U[-][[-]+[-]][-]C[-][[-]+[-]][-]C[-][[-]+[-]]
[-]E[-][[-]+[-]][-]S[-][[-]+[-]][-]S[-][[-]+[-]][-]][-][[-]+[-]][-][[-][[-]+[-]][-][[-][[-]+[-]][-]S[-][[-]+[-]][-]U[-][[-]+[-]]
[-]C[-][[-]+[-]][-]C[-][[-]+[-]][-]E[-][[-]+[-]][-]S[-][[-]+[-]][-]S[-][[-]+[-]][-]][-][[-]+[-]][-]I[-][[-]+[-]][-][[-][[-]+[-]]
[-]S[-][[-]+[-]][-]U[-][[-]+[-]][-]C[-][[-]+[-]][-]C[-][[-]+[-]][-]E[-][[-]+[-]][-]S[-][[-]+[-]][-]S[-][[-]+[-]][-]][-][[-]+[-]]
[-]N[-][[-]+[-]][-][[-][[-]+[-]][-]S[-][[-]+[-]][-]U[-][[-]+[-]][-]C[-][[-]+[-]][-]C[-][[-]+[-]][-]E[-][[-]+[-]][-]S[-][[-]+[-]]
[-]S[-][[-]+[-]][-]][-][[-]+[-]][-]F[-][[-]+[-]][-][[-][[-]+[-]][-]S[-][[-]+[-]][-]U[-][[-]+[-]][-]C[-][[-]+[-]][-]C[-][[-]+[-]]
[-]E[-][[-]+[-]][-]S[-][[-]+[-]][-]S[-][[-]+[-]][-]][-][[-]+[-]][-]O[-][[-]+[-]][-][[-][[-]+[-]][-]S[-][[-]+[-]][-]U[-][[-]+[-]]
[-]C[-][[-]+[-]][-]C[-][[-]+[-]][-]E[-][[-]+[-]][-]S[-][[-]+[-]][-]S[-][[-]+[-]][-]][-][[-]+[-]][-]][-][[-]+[-]][-][[-][[-]+[-]]
[-]S[-][[-]+[-]][-]U[-][[-]+[-]][-]C[-][[-]+[-]][-]C[-][[-]+[-]][-]E[-][[-]+[-]][-]S[-][[-]+[-]][-]S[-][[-]+[-]][-]][-][[-]+[-]]
[-]"[-][[-]+[-]][-][[-][[-]+[-]][-]S[-][[-]+[-]][-]U[-][[-]+[-]][-]C[-][[-]+[-]][-]C[-][[-]+[-]][-]E[-][[-]+[-]][-]S[-][[-]+[-]]
[-]S[-][[-]+[-]][-]][-][[-]+[-]][-][[-][[-]+[-]][-][[-][[-]+[-]][-]S[-][[-]+[-]][-]U[-][[-]+[-]][-]C[-][[-]+[-]][-]C[-][[-]+[-]]
[-]E[-][[-]+[-]][-]S[-][[-]+[-]][-]S[-][[-]+[-]][-]][-][[-]+[-]][-]I[-][[-]+[-]][-][[-][[-]+[-]][-]S[-][[-]+[-]][-]U[-][[-]+[-]]
[-]C[-][[-]+[-]][-]C[-][[-]+[-]][-]E[-][[-]+[-]][-]S[-][[-]+[-]][-]S[-][[-]+[-]][-]][-][[-]+[-]][-]N[-][[-]+[-]][-][[-][[-]+[-]]
[-]S[-][[-]+[-]][-]U[-][[-]+[-]][-]C[-][[-]+[-]][-]C[-][[-]+[-]][-]E[-][[-]+[-]][-]S[-][[-]+[-]][-]S[-][[-]+[-]][-]][-][[-]+[-]]
[-]F[-][[-]+[-]][-][[-][[-]+[-]][-]S[-][[-]+[-]][-]U[-][[-]+[-]][-]C[-][[-]+[-]][-]C[-][[-]+[-]][-]E[-][[-]+[-]][-]S[-][[-]+[-]]
[-]S[-][[-]+[-]][-]][-][[-]+[-]][-]O[-][[-]+[-]][-][[-][[-]+[-]][-]S[-][[-]+[-]][-]U[-][[-]+[-]][-]C[-][[-]+[-]][-]C[-][[-]+[-]]
[-]E[-][[-]+[-]][-]S[-][[-]+[-]][-]S[-][[-]+[-]][-]][-][[-]+[-]][-]][-][[-]+[-]][-][[-][[-]+[-]][-]S[-][[-]+[-]][-]U[-][[-]+[-]]
[-]C[-][[-]+[-]][-]C[-][[-]+[-]][-]E[-][[-]+[-]][-]S[-][[-]+[-]][-]S[-][[-]+[-]][-]][-][[-]+[-]][-][[-][[-]+[-]][-][[-][[-]+[-]]
[-]S[-][[-]+[-]][-]U[-][[-]+[-]][-]C[-][[-]+[-]][-]C[-][[-]+[-]][-]E[-][[-]+[-]][-]S[-][[-]+[-]][-]S[-][[-]+[-]][-]][-][[-]+[-]]
[-][[-][[-]+[-]][-][[-][[-]+[-]][-]S[-][[-]+[-]][-]U[-][[-]+[-]][-]C[-][[-]+[-]][-]C[-][[-]+[-]][-]E[-][[-]+[-]][-]S[-][[-]+[-]]
[-]S[-][[-]+[-]][-]][-][[-]+[-]][-]I[-][[-]+[-]][-][[-][[-]+[-]][-]S[-][[-]+[-]][-]U[-][[-]+[-]][-]C[-][[-]+[-]][-]C[-][[-]+[-]]
[-]E[-][[-]+[-]][-]S[-][[-]+[-]][-]S[-][[-]+[-]][-]][-][[-]+[-]][-]N[-][[-]+[-]][-][[-][[-]+[-]][-]S[-][[-]+[-]][-]U[-][[-]+[-]]
[-]C[-][[-]+[-]][-]C[-][[-]+[-]][-]E[-][[-]+[-]][-]S[-][[-]+[-]][-]S[-][[-]+[-]][-]][-][[-]+[-]][-]F[-][[-]+[-]][-][[-][[-]+[-]]
[-]S[-][[-]+[-]][-]U[-][[-]+[-]][-]C[-][[-]+[-]][-]C[-][[-]+[-]][-]E[-][[-]+[-]][-]S[-][[-]+[-]][-]S[-][[-]+[-]][-]][-][[-]+[-]]
[-]O[-][[-]+[-]][-][[-][[-]+[-]][-]S[-][[-]+[-]][-]U[-][[-]+[-]][-]C[-][[-]+[-]][-]C[-][[-]+[-]][-]E[-][[-]+[-]][-]S[-][[-]+[-]]
[-]S[-][[-]+[-]][-]][-][[-]+[-]][-]][-][[-]+[-]][-][[-][[-]+[-]][-]S[-][[-]+[-]][-]U[-][[-]+[-]][-]C[-][[-]+[-]][-]C[-][[-]+[-]]
[-]E[-][[-]+[-]][-]S[-][[-]+[-]][-]S[-][[-]+[-]][-]][-][[-]+[-]][-]>[-][[-]+[-]][-][[-][[-]+[-]][-]S[-][[-]+[-]][-]U[-][[-]+[-]]
[-]C[-][[-]+[-]][-]C[-][[-]+[-]][-]E[-][[-]+[-]][-]S[-][[-]+[-]][-]S[-][[-]+[-]][-]][-][[-]+[-]][-][[-][[-]+[-]][-][[-][[-]+[-]]
[-]S[-][[-]+[-]][-]U[-][[-]+[-]][-]C[-][[-]+[-]][-]C[-][[-]+[-]][-]E[-][[-]+[-]][-]S[-][[-]+[-]][-]S[-][[-]+[-]][-]][-][[-]+[-]]
[-]I[-][[-]+[-]][-][[-][[-]+[-]][-]S[-][[-]+[-]][-]U[-][[-]+[-]][-]C[-][[-]+[-]][-]C[-][[-]+[-]][-]E[-][[-]+[-]][-]S[-][[-]+[-]]
[-]S[-][[-]+[-]][-]][-][[-]+[-]][-]N[-][[-]+[-]][-][[-][[-]+[-]][-]S[-][[-]+[-]][-]U[-][[-]+[-]][-]C[-][[-]+[-]][-]C[-][[-]+[-]]
[-]E[-][[-]+[-]][-]S[-][[-]+[-]][-]S[-][[-]+[-]][-]][-][[-]+[-]][-]F[-][[-]+[-]][-][[-][[-]+[-]][-]S[-][[-]+[-]][-]U[-][[-]+[-]]
[-]C[-][[-]+[-]][-]C[-][[-]+[-]][-]E[-][[-]+[-]][-]S[-][[-]+[-]][-]S[-][[-]+[-]][-]][-][[-]+[-]][-]O[-][[-]+[-]][-][[-][[-]+[-]]
[-]S[-][[-]+[-]][-]U[-][[-]+[-]][-]C[-][[-]+[-]][-]C[-][[-]+[-]][-]E[-][[-]+[-]][-]S[-][[-]+[-]][-]S[-][[-]+[-]][-]][-][[-]+[-]]
[-]][-][[-]+[-]][-][[-][[-]+[-]][-]S[-][[-]+[-]][-]U[-][[-]+[-]][-]C[-][[-]+[-]][-]C[-][[-]+[-]][-]E[-][[-]+[-]][-]S[-][[-]+[-]]
[-]S[-][[-]+[-]][-]][-][[-]+[-]][-]][-][[-]+[-]][-][[-][[-]+[-]][-]S[-][[-]+[-]][-]U[-][[-]+[-]][-]C[-][[-]+[-]][-]C[-][[-]+[-]]
[-]E[-][[-]+[-]][-]S[-][[-]+[-]][-]S[-][[-]+[-]][-]][-][[-]+[-]][-][[-][[-]+[-]][-][[-][[-]+[-]][-]S[-][[-]+[-]][-]U[-][[-]+[-]]
[-]C[-][[-]+[-]][-]C[-][[-]+[-]][-]E[-][[-]+[-]][-]S[-][[-]+[-]][-]S[-][[-]+[-]][-]][-][[-]+[-]][-]I[-][[-]+[-]][-][[-][[-]+[-]]
[-]S[-][[-]+[-]][-]U[-][[-]+[-]][-]C[-][[-]+[-]][-]C[-][[-]+[-]][-]E[-][[-]+[-]][-]S[-][[-]+[-]][-]S[-][[-]+[-]][-]][-][[-]+[-]]
[-]N[-][[-]+[-]][-][[-][[-]+[-]][-]S[-][[-]+[-]][-]U[-][[-]+[-]][-]C[-][[-]+[-]][-]C[-][[-]+[-]][-]E[-][[-]+[-]][-]S[-][[-]+[-]]
[-]S[-][[-]+[-]][-]][-][[-]+[-]][-]F[-][[-]+[-]][-][[-][[-]+[-]][-]S[-][[-]+[-]][-]U[-][[-]+[-]][-]C[-][[-]+[-]][-]C[-][[-]+[-]]
[-]E[-][[-]+[-]][-]S[-][[-]+[-]][-]S[-][[-]+[-]][-]][-][[-]+[-]][-]O[-][[-]+[-]][-][[-][[-]+[-]][-]S[-][[-]+[-]][-]U[-][[-]+[-]]
[-]C[-][[-]+[-]][-]C[-][[-]+[-]][-]E[-][[-]+[-]][-]S[-][[-]+[-]][-]S[-][[-]+[-]][-]][-][[-]+[-]][-]][-][[-]+[-]][-][[-][[-]+[-]]
[-]S[-][[-]+[-]][-]U[-][[-]+[-]][-]C[-][[-]+[-]][-]C[-][[-]+[-]][-]E[-][[-]+[-]][-]S[-][[-]+[-]][-]S[-][[-]+[-]][-]][-][[-]+[-]]
[-][[-][[-]+[-]][-][[-][[-]+[-]][-]S[-][[-]+[-]][-]U[-][[-]+[-]][-]C[-][[-]+[-]][-]C[-][[-]+[-]][-]E[-][[-]+[-]][-]S[-][[-]+[-]]
[-]S[-][[-]+[-]][-]][-][[-]+[-]][-][[-][[-]+[-]][-][[-][[-]+[-]][-]S[-][[-]+[-]][-]U[-][[-]+[-]][-]C[-][[-]+[-]][-]C[-][[-]+[-]]
[-]E[-][[-]+[-]][-]S[-][[-]+[-]][-]S[-][[-]+[-]][-]][-][[-]+[-]][-]I[-][[-]+[-]][-][[-][[-]+[-]][-]S[-][[-]+[-]][-]U[-][[-]+[-]]
[-]C[-][[-]+[-]][-]C[-][[-]+[-]][-]E[-][[-]+[-]][-]S[-][[-]+[-]][-]S[-][[-]+[-]][-]][-][[-]+[-]][-]N[-][[-]+[-]][-][[-][[-]+[-]]
[-]S[-][[-]+[-]][-]U[-][[-]+[-]][-]C[-][[-]+[-]][-]C[-][[-]+[-]][-]E[-][[-]+[-]][-]S[-][[-]+[-]][-]S[-][[-]+[-]][-]][-][[-]+[-]]
[-]F[-][[-]+[-]][-][[-][[-]+[-]][-]S[-][[-]+[-]][-]U[-][[-]+[-]][-]C[-][[-]+[-]][-]C[-][[-]+[-]][-]E[-][[-]+[-]][-]S[-][[-]+[-]]
[-]S[-][[-]+[-]][-]][-][[-]+[-]][-]O[-][[-]+[-]][-][[-][[-]+[-]][-]S[-][[-]+[-]][-]U[-][[-]+[-]][-]C[-][[-]+[-]][-]C[-][[-]+[-]]
[-]E[-][[-]+[-]][-]S[-][[-]+[-]][-]S[-][[-]+[-]][-]][-][[-]+[-]][-]][-][[-]+[-]][-][[-][[-]+[-]][-]S[-][[-]+[-]][-]U[-][[-]+[-]]
[-]C[-][[-]+[-]][-]C[-][[-]+[-]][-]E[-][[-]+[-]][-]S[-][[-]+[-]][-]S[-][[-]+[-]][-]][-][[-]+[-]][-][[-][[-]+[-]][-][[-][[-]+[-]]
[-]S[-][[-]+[-]][-]U[-][[-]+[-]][-]C[-][[-]+[-]][-]C[-][[-]+[-]][-]E[-][[-]+[-]][-]S[-][[-]+[-]][-]S[-][[-]+[-]][-]][-][[-]+[-]]
[-][[-][[-]+[-]][-][[-][[-]+[-]][-]S[-][[-]+[-]][-]U[-][[-]+[-]][-]C[-][[-]+[-]][-]C[-][[-]+[-]][-]E[-][[-]+[-]][-]S[-][[-]+[-]]
[-]S[-][[-]+[-]][-]][-][[-]+[-]][-]I[-][[-]+[-]][-][[-][[-]+[-]][-]S[-][[-]+[-]][-]U[-][[-]+[-]][-]C[-][[-]+[-]][-]C[-][[-]+[-]]
[-]E[-][[-]+[-]][-]S[-][[-]+[-]][-]S[-][[-]+[-]][-]][-][[-]+[-]][-]N[-][[-]+[-]][-][[-][[-]+[-]][-]S[-][[-]+[-]][-]U[-][[-]+[-]]
[-]C[-][[-]+[-]][-]C[-][[-]+[-]][-]E[-][[-]+[-]][-]S[-][[-]+[-]][-]S[-][[-]+[-]][-]][-][[-]+[-]][-]F[-][[-]+[-]][-][[-][[-]+[-]]
[-]S[-][[-]+[-]][-]U[-][[-]+[-]][-]C[-][[-]+[-]][-]C[-][[-]+[-]][-]E[-][[-]+[-]][-]S[-][[-]+[-]][-]S[-][[-]+[-]][-]][-][[-]+[-]]
[-]O[-][[-]+[-]][-][[-][[-]+[-]][-]S[-][[-]+[-]][-]U[-][[-]+[-]][-]C[-][[-]+[-]][-]C[-][[-]+[-]][-]E[-][[-]+[-]][-]S[-][[-]+[-]]
[-]S[-][[-]+[-]][-]][-][[-]+[-]][-]][-][[-]+[-]][-][[-][[-]+[-]][-]S[-][[-]+[-]][-]U[-][[-]+[-]][-]C[-][[-]+[-]][-]C[-][[-]+[-]]
[-]E[-][[-]+[-]][-]S[-][[-]+[-]][-]S[-][[-]+[-]][-]][-][[-]+[-]][-]>[-][[-]+[-]][-][[-][[-]+[-]][-]S[-][[-]+[-]][-]U[-][[-]+[-]]
[-]C[-][[-]+[-]][-]C[-][[-]+[-]][-]E[-][[-]+[-]][-]S[-][[-]+[-]][-]S[-][[-]+[-]][-]][-][[-]+[-]][-][[-][[-]+[-]][-][[-][[-]+[-]]
[-]S[-][[-]+[-]][-]U[-][[-]+[-]][-]C[-][[-]+[-]][-]C[-][[-]+[-]][-]E[-][[-]+[-]][-]S[-][[-]+[-]][-]S[-][[-]+[-]][-]][-][[-]+[-]]
[-]I[-][[-]+[-]][-][[-][[-]+[-]][-]S[-][[-]+[-]][-]U[-][[-]+[-]][-]C[-][[-]+[-]][-]C[-][[-]+[-]][-]E[-][[-]+[-]][-]S[-][[-]+[-]]
[-]S[-][[-]+[-]][-]][-][[-]+[-]][-]N[-][[-]+[-]][-][[-][[-]+[-]][-]S[-][[-]+[-]][-]U[-][[-]+[-]][-]C[-][[-]+[-]][-]C[-][[-]+[-]]
[-]E[-][[-]+[-]][-]S[-][[-]+[-]][-]S[-][[-]+[-]][-]][-][[-]+[-]][-]F[-][[-]+[-]][-][[-][[-]+[-]][-]S[-][[-]+[-]][-]U[-][[-]+[-]]
[-]C[-][[-]+[-]][-]C[-][[-]+[-]][-]E[-][[-]+[-]][-]S[-][[-]+[-]][-]S[-][[-]+[-]][-]][-][[-]+[-]][-]O[-][[-]+[-]][-][[-][[-]+[-]]
[-]S[-][[-]+[-]][-]U[-][[-]+[-]][-]C[-][[-]+[-]][-]C[-][[-]+[-]][-]E[-][[-]+[-]][-]S[-][[-]+[-]][-]S[-][[-]+[-]][-]][-][[-]+[-]]
[-]][-][[-]+[-]][-][[-][[-]+[-]][-]S[-][[-]+[-]][-]U[-][[-]+[-]][-]C[-][[-]+[-]][-]C[-][[-]+[-]][-]E[-][[-]+[-]][-]S[-][[-]+[-]]
[-]S[-][[-]+[-]][-]][-][[-]+[-]][-]][-][[-]+[-]][-][[-][[-]+[-]][-]S[-][[-]+[-]][-]U[-][[-]+[-]][-]C[-][[-]+[-]][-]C[-][[-]+[-]]
[-]E[-][[-]+[-]][-]S[-][[-]+[-]][-]S[-][[-]+[-]][-]][-][[-]+[-]][-][[-][[-]+[-]][-][[-][[-]+[-]][-]S[-][[-]+[-]][-]U[-][[-]+[-]]
[-]C[-][[-]+[-]][-]C[-][[-]+[-]][-]E[-][[-]+[-]][-]S[-][[-]+[-]][-]S[-][[-]+[-]][-]][-][[-]+[-]][-]I[-][[-]+[-]][-][[-][[-]+[-]]
[-]S[-][[-]+[-]][-]U[-][[-]+[-]][-]C[-][[-]+[-]][-]C[-][[-]+[-]][-]E[-][[-]+[-]][-]S[-][[-]+[-]][-]S[-][[-]+[-]][-]][-][[-]+[-]]
[-]N[-][[-]+[-]][-][[-][[-]+[-]][-]S[-][[-]+[-]][-]U[-][[-]+[-]][-]C[-][[-]+[-]][-]C[-][[-]+[-]][-]E[-][[-]+[-]][-]S[-][[-]+[-]]
[-]S[-][[-]+[-]][-]][-][[-]+[-]][-]F[-][[-]+[-]][-][[-][[-]+[-]][-]S[-][[-]+[-]][-]U[-][[-]+[-]][-]C[-][[-]+[-]][-]C[-][[-]+[-]]
[-]E[-][[-]+[-]][-]S[-][[-]+[-]][-]S[-][[-]+[-]][-]][-][[-]+[-]][-]O[-][[-]+[-]][-][[-][[-]+[-]][-]S[-][[-]+[-]][-]U[-][[-]+[-]]
[-]C[-][[-]+[-]][-]C[-][[-]+[-]][-]E[-][[-]+[-]][-]S[-][[-]+[-]][-]S[-][[-]+[-]][-]][-][[-]+[-]][-]][-][[-]+[-]][-][[-][[-]+[-]]
[-]S[-][[-]+[-]][-]U[-][[-]+[-]][-]C[-][[-]+[-]][-]C[-][[-]+[-]][-]E[-][[-]+[-]][-]S[-][[-]+[-]][-]S[-][[-]+[-]][-]][-][[-]+[-]]
[-]O[-][[-]+[-]][-][[-][[-]+[-]][-]S[-][[-]+[-]][-]U[-][[-]+[-]][-]C[-][[-]+[-]][-]C[-][[-]+[-]][-]E[-][[-]+[-]][-]S[-][[-]+[-]]
[-]S[-][[-]+[-]][-]][-][[-]+[-]][-][[-][[-]+[-]][-][[-][[-]+[-]][-]S[-][[-]+[-]][-]U[-][[-]+[-]][-]C[-][[-]+[-]][-]C[-][[-]+[-]]
[-]E[-][[-]+[-]][-]S[-][[-]+[-]][-]S[-][[-]+[-]][-]][-][[-]+[-]][-]I[-][[-]+[-]][-][[-][[-]+[-]][-]S[-][[-]+[-]][-]U[-][[-]+[-]]
[-]C[-][[-]+[-]][-]C[-][[-]+[-]][-]E[-][[-]+[-]][-]S[-][[-]+[-]][-]S[-][[-]+[-]][-]][-][[-]+[-]][-]N[-][[-]+[-]][-][[-][[-]+[-]]
[-]S[-][[-]+[-]][-]U[-][[-]+[-]][-]C[-][[-]+[-]][-]C[-][[-]+[-]][-]E[-][[-]+[-]][-]S[-][[-]+[-]][-]S[-][[-]+[-]][-]][-][[-]+[-]]
[-]F[-][[-]+[-]][-][[-][[-]+[-]][-]S[-][[-]+[-]][-]U[-][[-]+[-]][-]C[-][[-]+[-]][-]C[-][[-]+[-]][-]E[-][[-]+[-]][-]S[-][[-]+[-]]
[-]S[-][[-]+[-]][-]][-][[-]+[-]][-]O[-][[-]+[-]][-][[-][[-]+[-]][-]S[-][[-]+[-]][-]U[-][[-]+[-]][-]C[-][[-]+[-]][-]C[-][[-]+[-]]
[-]E[-][[-]+[-]][-]S[-][[-]+[-]][-]S[-][[-]+[-]][-]][-][[-]+[-]][-]][-][[-]+[-]][-][[-][[-]+[-]][-]S[-][[-]+[-]][-]U[-][[-]+[-]]
[-]C[-][[-]+[-]][-]C[-][[-]+[-]][-]E[-][[-]+[-]][-]S[-][[-]+[-]][-]S[-][[-]+[-]][-]][-][[-]+[-]][-][[-][[-]+[-]][-][[-][[-]+[-]]
[-]S[-][[-]+[-]][-]U[-][[-]+[-]][-]C[-][[-]+[-]][-]C[-][[-]+[-]][-]E[-][[-]+[-]][-]S[-][[-]+[-]][-]S[-][[-]+[-]][-]][-][[-]+[-]]
[-][[-][[-]+[-]][-][[-][[-]+[-]][-]S[-][[-]+[-]][-]U[-][[-]+[-]][-]C[-][[-]+[-]][-]C[-][[-]+[-]][-]E[-][[-]+[-]][-]S[-][[-]+[-]]
[-]S[-][[-]+[-]][-]][-][[-]+[-]][-]I[-][[-]+[-]][-][[-][[-]+[-]][-]S[-][[-]+[-]][-]U[-][[-]+[-]][-]C[-][[-]+[-]][-]C[-][[-]+[-]]
[-]E[-][[-]+[-]][-]S[-][[-]+[-]][-]S[-][[-]+[-]][-]][-][[-]+[-]][-]N[-][[-]+[-]][-][[-][[-]+[-]][-]S[-][[-]+[-]][-]U[-][[-]+[-]]
[-]C[-][[-]+[-]][-]C[-][[-]+[-]][-]E[-][[-]+[-]][-]S[-][[-]+[-]][-]S[-][[-]+[-]][-]][-][[-]+[-]][-]F[-][[-]+[-]][-][[-][[-]+[-]]
[-]S[-][[-]+[-]][-]U[-][[-]+[-]][-]C[-][[-]+[-]][-]C[-][[-]+[-]][-]E[-][[-]+[-]][-]S[-][[-]+[-]][-]S[-][[-]+[-]][-]][-][[-]+[-]]
[-]O[-][[-]+[-]][-][[-][[-]+[-]][-]S[-][[-]+[-]][-]U[-][[-]+[-]][-]C[-][[-]+[-]][-]C[-][[-]+[-]][-]E[-][[-]+[-]][-]S[-][[-]+[-]]
[-]S[-][[-]+[-]][-]][-][[-]+[-]][-]][-][[-]+[-]][-][[-][[-]+[-]][-]S[-][[-]+[-]][-]U[-][[-]+[-]][-]C[-][[-]+[-]][-]C[-][[-]+[-]]
[-]E[-][[-]+[-]][-]S[-][[-]+[-]][-]S[-][[-]+[-]][-]][-][[-]+[-]][-]>[-][[-]+[-]][-][[-][[-]+[-]][-]S[-][[-]+[-]][-]U[-][[-]+[-]]
[-]C[-][[-]+[-]][-]C[-][[-]+[-]][-]E[-][[-]+[-]][-]S[-][[-]+[-]][-]S[-][[-]+[-]][-]][-][[-]+[-]][-][[-][[-]+[-]][-][[-][[-]+[-]]
[-]S[-][[-]+[-]][-]U[-][[-]+[-]][-]C[-][[-]+[-]][-]C[-][[-]+[-]][-]E[-][[-]+[-]][-]S[-][[-]+[-]][-]S[-][[-]+[-]][-]][-][[-]+[-]]
[-]I[-][[-]+[-]][-][[-][[-]+[-]][-]S[-][[-]+[-]][-]U[-][[-]+[-]][-]C[-][[-]+[-]][-]C[-][[-]+[-]][-]E[-][[-]+[-]][-]S[-][[-]+[-]]
[-]S[-][[-]+[-]][-]][-][[-]+[-]][-]N[-][[-]+[-]][-][[-][[-]+[-]][-]S[-][[-]+[-]][-]U[-][[-]+[-]][-]C[-][[-]+[-]][-]C[-][[-]+[-]]
[-]E[-][[-]+[-]][-]S[-][[-]+[-]][-]S[-][[-]+[-]][-]][-][[-]+[-]][-]F[-][[-]+[-]][-][[-][[-]+[-]][-]S[-][[-]+[-]][-]U[-][[-]+[-]]
[-]C[-][[-]+[-]][-]C[-][[-]+[-]][-]E[-][[-]+[-]][-]S[-][[-]+[-]][-]S[-][[-]+[-]][-]][-][[-]+[-]][-]O[-][[-]+[-]][-][[-][[-]+[-]]
[-]S[-][[-]+[-]][-]U[-][[-]+[-]][-]C[-][[-]+[-]][-]C[-][[-]+[-]][-]E[-][[-]+[-]][-]S[-][[-]+[-]][-]S[-][[-]+[-]][-]][-][[-]+[-]]
[-]][-][[-]+[-]][-][[-][[-]+[-]][-]S[-][[-]+[-]][-]U[-][[-]+[-]][-]C[-][[-]+[-]][-]C[-][[-]+[-]][-]E[-][[-]+[-]][-]S[-][[-]+[-]]
[-]S[-][[-]+[-]][-]][-][[-]+[-]][-]][-][[-]+[-]][-][[-][[-]+[-]][-]S[-][[-]+[-]][-]U[-][[-]+[-]][-]C[-][[-]+[-]][-]C[-][[-]+[-]]
[-]E[-][[-]+[-]][-]S[-][[-]+[-]][-]S[-][[-]+[-]][-]][-][[-]+[-]][-][[-][[-]+[-]][-][[-][[-]+[-]][-]S[-][[-]+[-]][-]U[-][[-]+[-]]
[-]C[-][[-]+[-]][-]C[-][[-]+[-]][-]E[-][[-]+[-]][-]S[-][[-]+[-]][-]S[-][[-]+[-]][-]][-][[-]+[-]][-]I[-][[-]+[-]][-][[-][[-]+[-]]
[-]S[-][[-]+[-]][-]U[-][[-]+[-]][-]C[-][[-]+[-]][-]C[-][[-]+[-]][-]E[-][[-]+[-]][-]S[-][[-]+[-]][-]S[-][[-]+[-]][-]][-][[-]+[-]]
[-]N[-][[-]+[-]][-][[-][[-]+[-]][-]S[-][[-]+[-]][-]U[-][[-]+[-]][-]C[-][[-]+[-]][-]C[-][[-]+[-]][-]E[-][[-]+[-]][-]S[-][[-]+[-]]
[-]S[-][[-]+[-]][-]][-][[-]+[-]][-]F[-][[-]+[-]][-][[-][[-]+[-]][-]S[-][[-]+[-]][-]U[-][[-]+[-]][-]C[-][[-]+[-]][-]C[-][[-]+[-]]
[-]E[-][[-]+[-]][-]S[-][[-]+[-]][-]S[-][[-]+[-]][-]][-][[-]+[-]][-]O[-][[-]+[-]][-][[-][[-]+[-]][-]S[-][[-]+[-]][-]U[-][[-]+[-]]
[-]C[-][[-]+[-]][-]C[-][[-]+[-]][-]E[-][[-]+[-]][-]S[-][[-]+[-]][-]S[-][[-]+[-]][-]][-][[-]+[-]][-]][-][[-]+[-]][-][[-][[-]+[-]]
[-]S[-][[-]+[-]][-]U[-][[-]+[-]][-]C[-][[-]+[-]][-]C[-][[-]+[-]][-]E[-][[-]+[-]][-]S[-][[-]+[-]][-]S[-][[-]+[-]][-]][-][[-]+[-]]
[-]K[-][[-]+[-]][-][[-][[-]+[-]][-]S[-][[-]+[-]][-]U[-][[-]+[-]][-]C[-][[-]+[-]][-]C[-][[-]+[-]][-]E[-][[-]+[-]][-]S[-][[-]+[-]]
[-]S[-][[-]+[-]][-]][-][[-]+[-]][-][[-][[-]+[-]][-][[-][[-]+[-]][-]S[-][[-]+[-]][-]U[-][[-]+[-]][-]C[-][[-]+[-]][-]C[-][[-]+[-]]
[-]E[-][[-]+[-]][-]S[-][[-]+[-]][-]S[-][[-]+[-]][-]][-][[-]+[-]][-]I[-][[-]+[-]][-][[-][[-]+[-]][-]S[-][[-]+[-]][-]U[-][[-]+[-]]
[-]C[-][[-]+[-]][-]C[-][[-]+[-]][-]E[-][[-]+[-]][-]S[-][[-]+[-]][-]S[-][[-]+[-]][-]][-][[-]+[-]][-]N[-][[-]+[-]][-][[-][[-]+[-]]
[-]S[-][[-]+[-]][-]U[-][[-]+[-]][-]C[-][[-]+[-]][-]C[-][[-]+[-]][-]E[-][[-]+[-]][-]S[-][[-]+[-]][-]S[-][[-]+[-]][-]][-][[-]+[-]]
[-]F[-][[-]+[-]][-][[-][[-]+[-]][-]S[-][[-]+[-]][-]U[-][[-]+[-]][-]C[-][[-]+[-]][-]C[-][[-]+[-]][-]E[-][[-]+[-]][-]S[-][[-]+[-]]
[-]S[-][[-]+[-]][-]][-][[-]+[-]][-]O[-][[-]+[-]][-][[-][[-]+[-]][-]S[-][[-]+[-]][-]U[-][[-]+[-]][-]C[-][[-]+[-]][-]C[-][[-]+[-]]
[-]E[-][[-]+[-]][-]S[-][[-]+[-]][-]S[-][[-]+[-]][-]][-][[-]+[-]][-]][-][[-]+[-]][-][[-][[-]+[-]][-]S[-][[-]+[-]][-]U[-][[-]+[-]]
[-]C[-][[-]+[-]][-]C[-][[-]+[-]][-]E[-][[-]+[-]][-]S[-][[-]+[-]][-]S[-][[-]+[-]][-]][-][[-]+[-]][-][[-][[-]+[-]][-][[-][[-]+[-]]
[-]S[-][[-]+[-]][-]U[-][[-]+[-]][-]C[-][[-]+[-]][-]C[-][[-]+[-]][-]E[-][[-]+[-]][-]S[-][[-]+[-]][-]S[-][[-]+[-]][-]][-][[-]+[-]]
[-][[-][[-]+[-]][-][[-][[-]+[-]][-]S[-][[-]+[-]][-]U[-][[-]+[-]][-]C[-][[-]+[-]][-]C[-][[-]+[-]][-]E[-][[-]+[-]][-]S[-][[-]+[-]]
[-]S[-][[-]+[-]][-]][-][[-]+[-]][-]I[-][[-]+[-]][-][[-][[-]+[-]][-]S[-][[-]+[-]][-]U[-][[-]+[-]][-]C[-][[-]+[-]][-]C[-][[-]+[-]]
[-]E[-][[-]+[-]][-]S[-][[-]+[-]][-]S[-][[-]+[-]][-]][-][[-]+[-]][-]N[-][[-]+[-]][-][[-][[-]+[-]][-]S[-][[-]+[-]][-]U[-][[-]+[-]]
[-]C[-][[-]+[-]][-]C[-][[-]+[-]][-]E[-][[-]+[-]][-]S[-][[-]+[-]][-]S[-][[-]+[-]][-]][-][[-]+[-]][-]F[-][[-]+[-]][-][[-][[-]+[-]]
[-]S[-][[-]+[-]][-]U[-][[-]+[-]][-]C[-][[-]+[-]][-]C[-][[-]+[-]][-]E[-][[-]+[-]][-]S[-][[-]+[-]][-]S[-][[-]+[-]][-]][-][[-]+[-]]
[-]O[-][[-]+[-]][-][[-][[-]+[-]][-]S[-][[-]+[-]][-]U[-][[-]+[-]][-]C[-][[-]+[-]][-]C[-][[-]+[-]][-]E[-][[-]+[-]][-]S[-][[-]+[-]]
[-]S[-][[-]+[-]][-]][-][[-]+[-]][-]][-][[-]+[-]][-][[-][[-]+[-]][-]S[-][[-]+[-]][-]U[-][[-]+[-]][-]C[-][[-]+[-]][-]C[-][[-]+[-]]
[-]E[-][[-]+[-]][-]S[-][[-]+[-]][-]S[-][[-]+[-]][-]][-][[-]+[-]][-]>[-][[-]+[-]][-][[-][[-]+[-]][-]S[-][[-]+[-]][-]U[-][[-]+[-]]
[-]C[-][[-]+[-]][-]C[-][[-]+[-]][-]E[-][[-]+[-]][-]S[-][[-]+[-]][-]S[-][[-]+[-]][-]][-][[-]+[-]][-][[-][[-]+[-]][-][[-][[-]+[-]]
[-]S[-][[-]+[-]][-]U[-][[-]+[-]][-]C[-][[-]+[-]][-]C[-][[-]+[-]][-]E[-][[-]+[-]][-]S[-][[-]+[-]][-]S[-][[-]+[-]][-]][-][[-]+[-]]
[-]I[-][[-]+[-]][-][[-][[-]+[-]][-]S[-][[-]+[-]][-]U[-][[-]+[-]][-]C[-][[-]+[-]][-]C[-][[-]+[-]][-]E[-][[-]+[-]][-]S[-][[-]+[-]]
[-]S[-][[-]+[-]][-]][-][[-]+[-]][-]N[-][[-]+[-]][-][[-][[-]+[-]][-]S[-][[-]+[-]][-]U[-][[-]+[-]][-]C[-][[-]+[-]][-]C[-][[-]+[-]]
[-]E[-][[-]+[-]][-]S[-][[-]+[-]][-]S[-][[-]+[-]][-]][-][[-]+[-]][-]F[-][[-]+[-]][-][[-][[-]+[-]][-]S[-][[-]+[-]][-]U[-][[-]+[-]]
[-]C[-][[-]+[-]][-]C[-][[-]+[-]][-]E[-][[-]+[-]][-]S[-][[-]+[-]][-]S[-][[-]+[-]][-]][-][[-]+[-]][-]O[-][[-]+[-]][-][[-][[-]+[-]]
[-]S[-][[-]+[-]][-]U[-][[-]+[-]][-]C[-][[-]+[-]][-]C[-][[-]+[-]][-]E[-][[-]+[-]][-]S[-][[-]+[-]][-]S[-][[-]+[-]][-]][-][[-]+[-]]
[-]][-][[-]+[-]][-][[-][[-]+[-]][-]S[-][[-]+[-]][-]U[-][[-]+[-]][-]C[-][[-]+[-]][-]C[-][[-]+[-]][-]E[-][[-]+[-]][-]S[-][[-]+[-]]
[-]S[-][[-]+[-]][-]][-][[-]+[-]][-]][-][[-]+[-]][-][[-][[-]+[-]][-]S[-][[-]+[-]][-]U[-][[-]+[-]][-]C[-][[-]+[-]][-]C[-][[-]+[-]]
[-]E[-][[-]+[-]][-]S[-][[-]+[-]][-]S[-][[-]+[-]][-]][-][[-]+[-]][-][[-][[-]+[-]][-][[-][[-]+[-]][-]S[-][[-]+[-]][-]U[-][[-]+[-]]
[-]C[-][[-]+[-]][-]C[-][[-]+[-]][-]E[-][[-]+[-]][-]S[-][[-]+[-]][-]S[-][[-]+[-]][-]][-][[-]+[-]][-]I[-][[-]+[-]][-][[-][[-]+[-]]
[-]S[-][[-]+[-]][-]U[-][[-]+[-]][-]C[-][[-]+[-]][-]C[-][[-]+[-]][-]E[-][[-]+[-]][-]S[-][[-]+[-]][-]S[-][[-]+[-]][-]][-][[-]+[-]]
[-]N[-][[-]+[-]][-][[-][[-]+[-]][-]S[-][[-]+[-]][-]U[-][[-]+[-]][-]C[-][[-]+[-]][-]C[-][[-]+[-]][-]E[-][[-]+[-]][-]S[-][[-]+[-]]
[-]S[-][[-]+[-]][-]][-][[-]+[-]][-]F[-][[-]+[-]][-][[-][[-]+[-]][-]S[-][[-]+[-]][-]U[-][[-]+[-]][-]C[-][[-]+[-]][-]C[-][[-]+[-]]
[-]E[-][[-]+[-]][-]S[-][[-]+[-]][-]S[-][[-]+[-]][-]][-][[-]+[-]][-]O[-][[-]+[-]][-][[-][[-]+[-]][-]S[-][[-]+[-]][-]U[-][[-]+[-]]
[-]C[-][[-]+[-]][-]C[-][[-]+[-]][-]E[-][[-]+[-]][-]S[-][[-]+[-]][-]S[-][[-]+[-]][-]][-][[-]+[-]][-]][-][[-]+[-]][-][[-][[-]+[-]]
[-]S[-][[-]+[-]][-]U[-][[-]+[-]][-]C[-][[-]+[-]][-]C[-][[-]+[-]][-]E[-][[-]+[-]][-]S[-][[-]+[-]][-]S[-][[-]+[-]][-]][-][[-]+[-]]
[-]][-][[-]+[-]][-][[-][[-]+[-]][-]S[-][[-]+[-]][-]U[-][[-]+[-]][-]C[-][[-]+[-]][-]C[-][[-]+[-]][-]E[-][[-]+[-]][-]S[-][[-]+[-]]
[-]S[-][[-]+[-]][-]][-][[-]+[-]][-][[-][[-]+[-]][-][[-][[-]+[-]][-]S[-][[-]+[-]][-]U[-][[-]+[-]][-]C[-][[-]+[-]][-]C[-][[-]+[-]]
[-]E[-][[-]+[-]][-]S[-][[-]+[-]][-]S[-][[-]+[-]][-]][-][[-]+[-]][-]I[-][[-]+[-]][-][[-][[-]+[-]][-]S[-][[-]+[-]][-]U[-][[-]+[-]]
[-]C[-][[-]+[-]][-]C[-][[-]+[-]][-]E[-][[-]+[-]][-]S[-][[-]+[-]][-]S[-][[-]+[-]][-]][-][[-]+[-]][-]N[-][[-]+[-]][-][[-][[-]+[-]]
[-]S[-][[-]+[-]][-]U[-][[-]+[-]][-]C[-][[-]+[-]][-]C[-][[-]+[-]][-]E[-][[-]+[-]][-]S[-][[-]+[-]][-]S[-][[-]+[-]][-]][-][[-]+[-]]
[-]F[-][[-]+[-]][-][[-][[-]+[-]][-]S[-][[-]+[-]][-]U[-][[-]+[-]][-]C[-][[-]+[-]][-]C[-][[-]+[-]][-]E[-][[-]+[-]][-]S[-][[-]+[-]]
[-]S[-][[-]+[-]][-]][-][[-]+[-]][-]O[-][[-]+[-]][-][[-][[-]+[-]][-]S[-][[-]+[-]][-]U[-][[-]+[-]][-]C[-][[-]+[-]][-]C[-][[-]+[-]]
[-]E[-][[-]+[-]][-]S[-][[-]+[-]][-]S[-][[-]+[-]][-]][-][[-]+[-]][-]][-][[-]+[-]][-][[-][[-]+[-]][-]S[-][[-]+[-]][-]U[-][[-]+[-]]
[-]C[-][[-]+[-]][-]C[-][[-]+[-]][-]E[-][[-]+[-]][-]S[-][[-]+[-]][-]S[-][[-]+[-]][-]][-][[-]+[-]][-][[-][[-]+[-]][-][[-][[-]+[-]]
[-]S[-][[-]+[-]][-]U[-][[-]+[-]][-]C[-][[-]+[-]][-]C[-][[-]+[-]][-]E[-][[-]+[-]][-]S[-][[-]+[-]][-]S[-][[-]+[-]][-]][-][[-]+[-]]
[-][[-][[-]+[-]][-][[-][[-]+[-]][-]S[-][[-]+[-]][-]U[-][[-]+[-]][-]C[-][[-]+[-]][-]C[-][[-]+[-]][-]E[-][[-]+[-]][-]S[-][[-]+[-]]
[-]S[-][[-]+[-]][-]][-][[-]+[-]][-]I[-][[-]+[-]][-][[-][[-]+[-]][-]S[-][[-]+[-]][-]U[-][[-]+[-]][-]C[-][[-]+[-]][-]C[-][[-]+[-]]
[-]E[-][[-]+[-]][-]S[-][[-]+[-]][-]S[-][[-]+[-]][-]][-][[-]+[-]][-]N[-][[-]+[-]][-][[-][[-]+[-]][-]S[-][[-]+[-]][-]U[-][[-]+[-]]
[-]C[-][[-]+[-]][-]C[-][[-]+[-]][-]E[-][[-]+[-]][-]S[-][[-]+[-]][-]S[-][[-]+[-]][-]][-][[-]+[-]][-]F[-][[-]+[-]][-][[-][[-]+[-]]
[-]S[-][[-]+[-]][-]U[-][[-]+[-]][-]C[-][[-]+[-]][-]C[-][[-]+[-]][-]E[-][[-]+[-]][-]S[-][[-]+[-]][-]S[-][[-]+[-]][-]][-][[-]+[-]]
[-]O[-][[-]+[-]][-][[-][[-]+[-]][-]S[-][[-]+[-]][-]U[-][[-]+[-]][-]C[-][[-]+[-]][-]C[-][[-]+[-]][-]E[-][[-]+[-]][-]S[-][[-]+[-]]
[-]S[-][[-]+[-]][-]][-][[-]+[-]][-]][-][[-]+[-]][-][[-][[-]+[-]][-]S[-][[-]+[-]][-]U[-][[-]+[-]][-]C[-][[-]+[-]][-]C[-][[-]+[-]]
[-]E[-][[-]+[-]][-]S[-][[-]+[-]][-]S[-][[-]+[-]][-]][-][[-]+[-]][-]>[-][[-]+[-]][-][[-][[-]+[-]][-]S[-][[-]+[-]][-]U[-][[-]+[-]]
[-]C[-][[-]+[-]][-]C[-][[-]+[-]][-]E[-][[-]+[-]][-]S[-][[-]+[-]][-]S[-][[-]+[-]][-]][-][[-]+[-]][-][[-][[-]+[-]][-][[-][[-]+[-]]
[-]S[-][[-]+[-]][-]U[-][[-]+[-]][-]C[-][[-]+[-]][-]C[-][[-]+[-]][-]E[-][[-]+[-]][-]S[-][[-]+[-]][-]S[-][[-]+[-]][-]][-][[-]+[-]]
[-]I[-][[-]+[-]][-][[-][[-]+[-]][-]S[-][[-]+[-]][-]U[-][[-]+[-]][-]C[-][[-]+[-]][-]C[-][[-]+[-]][-]E[-][[-]+[-]][-]S[-][[-]+[-]]
[-]S[-][[-]+[-]][-]][-][[-]+[-]][-]N[-][[-]+[-]][-][[-][[-]+[-]][-]S[-][[-]+[-]][-]U[-][[-]+[-]][-]C[-][[-]+[-]][-]C[-][[-]+[-]]
[-]E[-][[-]+[-]][-]S[-][[-]+[-]][-]S[-][[-]+[-]][-]][-][[-]+[-]][-]F[-][[-]+[-]][-][[-][[-]+[-]][-]S[-][[-]+[-]][-]U[-][[-]+[-]]
[-]C[-][[-]+[-]][-]C[-][[-]+[-]][-]E[-][[-]+[-]][-]S[-][[-]+[-]][-]S[-][[-]+[-]][-]][-][[-]+[-]][-]O[-][[-]+[-]][-][[-][[-]+[-]]
[-]S[-][[-]+[-]][-]U[-][[-]+[-]][-]C[-][[-]+[-]][-]C[-][[-]+[-]][-]E[-][[-]+[-]][-]S[-][[-]+[-]][-]S[-][[-]+[-]][-]][-][[-]+[-]]
[-]][-][[-]+[-]][-][[-][[-]+[-]][-]S[-][[-]+[-]][-]U[-][[-]+[-]][-]C[-][[-]+[-]][-]C[-][[-]+[-]][-]E[-][[-]+[-]][-]S[-][[-]+[-]]
[-]S[-][[-]+[-]][-]][-][[-]+[-]][-]][-][[-]+[-]][-][[-][[-]+[-]][-]S[-][[-]+[-]][-]U[-][[-]+[-]][-]C[-][[-]+[-]][-]C[-][[-]+[-]]
[-]E[-][[-]+[-]][-]S[-][[-]+[-]][-]S[-][[-]+[-]][-]][-][[-]+[-]][-][[-][[-]+[-]][-][[-][[-]+[-]][-]S[-][[-]+[-]][-]U[-][[-]+[-]]
[-]C[-][[-]+[-]][-]C[-][[-]+[-]][-]E[-][[-]+[-]][-]S[-][[-]+[-]][-]S[-][[-]+[-]][-]][-][[-]+[-]][-]I[-][[-]+[-]][-][[-][[-]+[-]]
[-]S[-][[-]+[-]][-]U[-][[-]+[-]][-]C[-][[-]+[-]][-]C[-][[-]+[-]][-]E[-][[-]+[-]][-]S[-][[-]+[-]][-]S[-][[-]+[-]][-]][-][[-]+[-]]
[-]N[-][[-]+[-]][-][[-][[-]+[-]][-]S[-][[-]+[-]][-]U[-][[-]+[-]][-]C[-][[-]+[-]][-]C[-][[-]+[-]][-]E[-][[-]+[-]][-]S[-][[-]+[-]]
[-]S[-][[-]+[-]][-]][-][[-]+[-]][-]F[-][[-]+[-]][-][[-][[-]+[-]][-]S[-][[-]+[-]][-]U[-][[-]+[-]][-]C[-][[-]+[-]][-]C[-][[-]+[-]]
[-]E[-][[-]+[-]][-]S[-][[-]+[-]][-]S[-][[-]+[-]][-]][-][[-]+[-]][-]O[-][[-]+[-]][-][[-][[-]+[-]][-]S[-][[-]+[-]][-]U[-][[-]+[-]]
[-]C[-][[-]+[-]][-]C[-][[-]+[-]][-]E[-][[-]+[-]][-]S[-][[-]+[-]][-]S[-][[-]+[-]][-]][-][[-]+[-]][-]][-][[-]+[-]][-][[-][[-]+[-]]
[-]S[-][[-]+[-]][-]U[-][[-]+[-]][-]C[-][[-]+[-]][-]C[-][[-]+[-]][-]E[-][[-]+[-]][-]S[-][[-]+[-]][-]S[-][[-]+[-]][-]][-][[-]+[-]]
[-][[-][[-]+[-]][-][[-][[-]+[-]][-]S[-][[-]+[-]][-]U[-][[-]+[-]][-]C[-][[-]+[-]][-]C[-][[-]+[-]][-]E[-][[-]+[-]][-]S[-][[-]+[-]]
[-]S[-][[-]+[-]][-]][-][[-]+[-]][-][[-][[-]+[-]][-][[-][[-]+[-]][-]S[-][[-]+[-]][-]U[-][[-]+[-]][-]C[-][[-]+[-]][-]C[-][[-]+[-]]
[-]E[-][[-]+[-]][-]S[-][[-]+[-]][-]S[-][[-]+[-]][-]][-][[-]+[-]][-]I[-][[-]+[-]][-][[-][[-]+[-]][-]S[-][[-]+[-]][-]U[-][[-]+[-]]
[-]C[-][[-]+[-]][-]C[-][[-]+[-]][-]E[-][[-]+[-]][-]S[-][[-]+[-]][-]S[-][[-]+[-]][-]][-][[-]+[-]][-]N[-][[-]+[-]][-][[-][[-]+[-]]
[-]S[-][[-]+[-]][-]U[-][[-]+[-]][-]C[-][[-]+[-]][-]C[-][[-]+[-]][-]E[-][[-]+[-]][-]S[-][[-]+[-]][-]S[-][[-]+[-]][-]][-][[-]+[-]]
[-]F[-][[-]+[-]][-][[-][[-]+[-]][-]S[-][[-]+[-]][-]U[-][[-]+[-]][-]C[-][[-]+[-]][-]C[-][[-]+[-]][-]E[-][[-]+[-]][-]S[-][[-]+[-]]
[-]S[-][[-]+[-]][-]][-][[-]+[-]][-]O[-][[-]+[-]][-][[-][[-]+[-]][-]S[-][[-]+[-]][-]U[-][[-]+[-]][-]C[-][[-]+[-]][-]C[-][[-]+[-]]
[-]E[-][[-]+[-]][-]S[-][[-]+[-]][-]S[-][[-]+[-]][-]][-][[-]+[-]][-]][-][[-]+[-]][-][[-][[-]+[-]][-]S[-][[-]+[-]][-]U[-][[-]+[-]]
[-]C[-][[-]+[-]][-]C[-][[-]+[-]][-]E[-][[-]+[-]][-]S[-][[-]+[-]][-]S[-][[-]+[-]][-]][-][[-]+[-]][-][[-][[-]+[-]][-][[-][[-]+[-]]
[-]S[-][[-]+[-]][-]U[-][[-]+[-]][-]C[-][[-]+[-]][-]C[-][[-]+[-]][-]E[-][[-]+[-]][-]S[-][[-]+[-]][-]S[-][[-]+[-]][-]][-][[-]+[-]]
[-][[-][[-]+[-]][-][[-][[-]+[-]][-]S[-][[-]+[-]][-]U[-][[-]+[-]][-]C[-][[-]+[-]][-]C[-][[-]+[-]][-]E[-][[-]+[-]][-]S[-][[-]+[-]]
[-]S[-][[-]+[-]][-]][-][[-]+[-]][-]I[-][[-]+[-]][-][[-][[-]+[-]][-]S[-][[-]+[-]][-]U[-][[-]+[-]][-]C[-][[-]+[-]][-]C[-][[-]+[-]]
[-]E[-][[-]+[-]][-]S[-][[-]+[-]][-]S[-][[-]+[-]][-]][-][[-]+[-]][-]N[-][[-]+[-]][-][[-][[-]+[-]][-]S[-][[-]+[-]][-]U[-][[-]+[-]]
[-]C[-][[-]+[-]][-]C[-][[-]+[-]][-]E[-][[-]+[-]][-]S[-][[-]+[-]][-]S[-][[-]+[-]][-]][-][[-]+[-]][-]F[-][[-]+[-]][-][[-][[-]+[-]]
[-]S[-][[-]+[-]][-]U[-][[-]+[-]][-]C[-][[-]+[-]][-]C[-][[-]+[-]][-]E[-][[-]+[-]][-]S[-][[-]+[-]][-]S[-][[-]+[-]][-]][-][[-]+[-]]
[-]O[-][[-]+[-]][-][[-][[-]+[-]][-]S[-][[-]+[-]][-]U[-][[-]+[-]][-]C[-][[-]+[-]][-]C[-][[-]+[-]][-]E[-][[-]+[-]][-]S[-][[-]+[-]]
[-]S[-][[-]+[-]][-]][-][[-]+[-]][-]][-][[-]+[-]][-][[-][[-]+[-]][-]S[-][[-]+[-]][-]U[-][[-]+[-]][-]C[-][[-]+[-]][-]C[-][[-]+[-]]
[-]E[-][[-]+[-]][-]S[-][[-]+[-]][-]S[-][[-]+[-]][-]][-][[-]+[-]][-]>[-][[-]+[-]][-][[-][[-]+[-]][-]S[-][[-]+[-]][-]U[-][[-]+[-]]
[-]C[-][[-]+[-]][-]C[-][[-]+[-]][-]E[-][[-]+[-]][-]S[-][[-]+[-]][-]S[-][[-]+[-]][-]][-][[-]+[-]][-][[-][[-]+[-]][-][[-][[-]+[-]]
[-]S[-][[-]+[-]][-]U[-][[-]+[-]][-]C[-][[-]+[-]][-]C[-][[-]+[-]][-]E[-][[-]+[-]][-]S[-][[-]+[-]][-]S[-][[-]+[-]][-]][-][[-]+[-]]
[-]I[-][[-]+[-]][-][[-][[-]+[-]][-]S[-][[-]+[-]][-]U[-][[-]+[-]][-]C[-][[-]+[-]][-]C[-][[-]+[-]][-]E[-][[-]+[-]][-]S[-][[-]+[-]]
[-]S[-][[-]+[-]][-]][-][[-]+[-]][-]N[-][[-]+[-]][-][[-][[-]+[-]][-]S[-][[-]+[-]][-]U[-][[-]+[-]][-]C[-][[-]+[-]][-]C[-][[-]+[-]]
[-]E[-][[-]+[-]][-]S[-][[-]+[-]][-]S[-][[-]+[-]][-]][-][[-]+[-]][-]F[-][[-]+[-]][-][[-][[-]+[-]][-]S[-][[-]+[-]][-]U[-][[-]+[-]]
[-]C[-][[-]+[-]][-]C[-][[-]+[-]][-]E[-][[-]+[-]][-]S[-][[-]+[-]][-]S[-][[-]+[-]][-]][-][[-]+[-]][-]O[-][[-]+[-]][-][[-][[-]+[-]]
[-]S[-][[-]+[-]][-]U[-][[-]+[-]][-]C[-][[-]+[-]][-]C[-][[-]+[-]][-]E[-][[-]+[-]][-]S[-][[-]+[-]][-]S[-][[-]+[-]][-]][-][[-]+[-]]
[-]][-][[-]+[-]][-][[-][[-]+[-]][-]S[-][[-]+[-]][-]U[-][[-]+[-]][-]C[-][[-]+[-]][-]C[-][[-]+[-]][-]E[-][[-]+[-]][-]S[-][[-]+[-]]
[-]S[-][[-]+[-]][-]][-][[-]+[-]][-]][-][[-]+[-]][-][[-][[-]+[-]][-]S[-][[-]+[-]][-]U[-][[-]+[-]][-]C[-][[-]+[-]][-]C[-][[-]+[-]]
[-]E[-][[-]+[-]][-]S[-][[-]+[-]][-]S[-][[-]+[-]][-]][-][[-]+[-]][-][[-][[-]+[-]][-][[-][[-]+[-]][-]S[-][[-]+[-]][-]U[-][[-]+[-]]
[-]C[-][[-]+[-]][-]C[-][[-]+[-]][-]E[-][[-]+[-]][-]S[-][[-]+[-]][-]S[-][[-]+[-]][-]][-][[-]+[-]][-]I[-][[-]+[-]][-][[-][[-]+[-]]
[-]S[-][[-]+[-]][-]U[-][[-]+[-]][-]C[-][[-]+[-]][-]C[-][[-]+[-]][-]E[-][[-]+[-]][-]S[-][[-]+[-]][-]S[-][[-]+[-]][-]][-][[-]+[-]]
[-]N[-][[-]+[-]][-][[-][[-]+[-]][-]S[-][[-]+[-]][-]U[-][[-]+[-]][-]C[-][[-]+[-]][-]C[-][[-]+[-]][-]E[-][[-]+[-]][-]S[-][[-]+[-]]
[-]S[-][[-]+[-]][-]][-][[-]+[-]][-]F[-][[-]+[-]][-][[-][[-]+[-]][-]S[-][[-]+[-]][-]U[-][[-]+[-]][-]C[-][[-]+[-]][-]C[-][[-]+[-]]
[-]E[-][[-]+[-]][-]S[-][[-]+[-]][-]S[-][[-]+[-]][-]][-][[-]+[-]][-]O[-][[-]+[-]][-][[-][[-]+[-]][-]S[-][[-]+[-]][-]U[-][[-]+[-]]
[-]C[-][[-]+[-]][-]C[-][[-]+[-]][-]E[-][[-]+[-]][-]S[-][[-]+[-]][-]S[-][[-]+[-]][-]][-][[-]+[-]][-]][-][[-]+[-]][-][[-][[-]+[-]]
[-]S[-][[-]+[-]][-]U[-][[-]+[-]][-]C[-][[-]+[-]][-]C[-][[-]+[-]][-]E[-][[-]+[-]][-]S[-][[-]+[-]][-]S[-][[-]+[-]][-]][-][[-]+[-]]
[-][[-][[-]+[-]][-][[-][[-]+[-]][-]S[-][[-]+[-]][-]U[-][[-]+[-]][-]C[-][[-]+[-]][-]C[-][[-]+[-]][-]E[-][[-]+[-]][-]S[-][[-]+[-]]
[-]S[-][[-]+[-]][-]][-][[-]+[-]][-][[-][[-]+[-]][-][[-][[-]+[-]][-]S[-][[-]+[-]][-]U[-][[-]+[-]][-]C[-][[-]+[-]][-]C[-][[-]+[-]]
[-]E[-][[-]+[-]][-]S[-][[-]+[-]][-]S[-][[-]+[-]][-]][-][[-]+[-]][-]I[-][[-]+[-]][-][[-][[-]+[-]][-]S[-][[-]+[-]][-]U[-][[-]+[-]]
[-]C[-][[-]+[-]][-]C[-][[-]+[-]][-]E[-][[-]+[-]][-]S[-][[-]+[-]][-]S[-][[-]+[-]][-]][-][[-]+[-]][-]N[-][[-]+[-]][-][[-][[-]+[-]]
[-]S[-][[-]+[-]][-]U[-][[-]+[-]][-]C[-][[-]+[-]][-]C[-][[-]+[-]][-]E[-][[-]+[-]][-]S[-][[-]+[-]][-]S[-][[-]+[-]][-]][-][[-]+[-]]
[-]F[-][[-]+[-]][-][[-][[-]+[-]][-]S[-][[-]+[-]][-]U[-][[-]+[-]][-]C[-][[-]+[-]][-]C[-][[-]+[-]][-]E[-][[-]+[-]][-]S[-][[-]+[-]]
[-]S[-][[-]+[-]][-]][-][[-]+[-]][-]O[-][[-]+[-]][-][[-][[-]+[-]][-]S[-][[-]+[-]][-]U[-][[-]+[-]][-]C[-][[-]+[-]][-]C[-][[-]+[-]]
[-]E[-][[-]+[-]][-]S[-][[-]+[-]][-]S[-][[-]+[-]][-]][-][[-]+[-]][-]][-][[-]+[-]][-][[-][[-]+[-]][-]S[-][[-]+[-]][-]U[-][[-]+[-]]
[-]C[-][[-]+[-]][-]C[-][[-]+[-]][-]E[-][[-]+[-]][-]S[-][[-]+[-]][-]S[-][[-]+[-]][-]][-][[-]+[-]][-][[-][[-]+[-]][-][[-][[-]+[-]]
[-]S[-][[-]+[-]][-]U[-][[-]+[-]][-]C[-][[-]+[-]][-]C[-][[-]+[-]][-]E[-][[-]+[-]][-]S[-][[-]+[-]][-]S[-][[-]+[-]][-]][-][[-]+[-]]
[-][[-][[-]+[-]][-][[-][[-]+[-]][-]S[-][[-]+[-]][-]U[-][[-]+[-]][-]C[-][[-]+[-]][-]C[-][[-]+[-]][-]E[-][[-]+[-]][-]S[-][[-]+[-]]
[-]S[-][[-]+[-]][-]][-][[-]+[-]][-]I[-][[-]+[-]][-][[-][[-]+[-]][-]S[-][[-]+[-]][-]U[-][[-]+[-]][-]C[-][[-]+[-]][-]C[-][[-]+[-]]
[-]E[-][[-]+[-]][-]S[-][[-]+[-]][-]S[-][[-]+[-]][-]][-][[-]+[-]][-]N[-][[-]+[-]][-][[-][[-]+[-]][-]S[-][[-]+[-]][-]U[-][[-]+[-]]
[-]C[-][[-]+[-]][-]C[-][[-]+[-]][-]E[-][[-]+[-]][-]S[-][[-]+[-]][-]S[-][[-]+[-]][-]][-][[-]+[-]][-]F[-][[-]+[-]][-][[-][[-]+[-]]
[-]S[-][[-]+[-]][-]U[-][[-]+[-]][-]C[-][[-]+[-]][-]C[-][[-]+[-]][-]E[-][[-]+[-]][-]S[-][[-]+[-]][-]S[-][[-]+[-]][-]][-][[-]+[-]]
[-]O[-][[-]+[-]][-][[-][[-]+[-]][-]S[-][[-]+[-]][-]U[-][[-]+[-]][-]C[-][[-]+[-]][-]C[-][[-]+[-]][-]E[-][[-]+[-]][-]S[-][[-]+[-]]
[-]S[-][[-]+[-]][-]][-][[-]+[-]][-]][-][[-]+[-]][-][[-][[-]+[-]][-]S[-][[-]+[-]][-]U[-][[-]+[-]][-]C[-][[-]+[-]][-]C[-][[-]+[-]]
[-]E[-][[-]+[-]][-]S[-][[-]+[-]][-]S[-][[-]+[-]][-]][-][[-]+[-]][-]>[-][[-]+[-]][-][[-][[-]+[-]][-]S[-][[-]+[-]][-]U[-][[-]+[-]]
[-]C[-][[-]+[-]][-]C[-][[-]+[-]][-]E[-][[-]+[-]][-]S[-][[-]+[-]][-]S[-][[-]+[-]][-]][-][[-]+[-]][-][[-][[-]+[-]][-][[-][[-]+[-]]
[-]S[-][[-]+[-]][-]U[-][[-]+[-]][-]C[-][[-]+[-]][-]C[-][[-]+[-]][-]E[-][[-]+[-]][-]S[-][[-]+[-]][-]S[-][[-]+[-]][-]][-][[-]+[-]]
[-]I[-][[-]+[-]][-][[-][[-]+[-]][-]S[-][[-]+[-]][-]U[-][[-]+[-]][-]C[-][[-]+[-]][-]C[-][[-]+[-]][-]E[-][[-]+[-]][-]S[-][[-]+[-]]
[-]S[-][[-]+[-]][-]][-][[-]+[-]][-]N[-][[-]+[-]][-][[-][[-]+[-]][-]S[-][[-]+[-]][-]U[-][[-]+[-]][-]C[-][[-]+[-]][-]C[-][[-]+[-]]
[-]E[-][[-]+[-]][-]S[-][[-]+[-]][-]S[-][[-]+[-]][-]][-][[-]+[-]][-]F[-][[-]+[-]][-][[-][[-]+[-]][-]S[-][[-]+[-]][-]U[-][[-]+[-]]
[-]C[-][[-]+[-]][-]C[-][[-]+[-]][-]E[-][[-]+[-]][-]S[-][[-]+[-]][-]S[-][[-]+[-]][-]][-][[-]+[-]][-]O[-][[-]+[-]][-][[-][[-]+[-]]
[-]S[-][[-]+[-]][-]U[-][[-]+[-]][-]C[-][[-]+[-]][-]C[-][[-]+[-]][-]E[-][[-]+[-]][-]S[-][[-]+[-]][-]S[-][[-]+[-]][-]][-][[-]+[-]]
[-]][-][[-]+[-]][-][[-][[-]+[-]][-]S[-][[-]+[-]][-]U[-][[-]+[-]][-]C[-][[-]+[-]][-]C[-][[-]+[-]][-]E[-][[-]+[-]][-]S[-][[-]+[-]]
[-]S[-][[-]+[-]][-]][-][[-]+[-]][-]][-][[-]+[-]][-][[-][[-]+[-]][-]S[-][[-]+[-]][-]U[-][[-]+[-]][-]C[-][[-]+[-]][-]C[-][[-]+[-]]
[-]E[-][[-]+[-]][-]S[-][[-]+[-]][-]S[-][[-]+[-]][-]][-][[-]+[-]][-][[-][[-]+[-]][-][[-][[-]+[-]][-]S[-][[-]+[-]][-]U[-][[-]+[-]]
[-]C[-][[-]+[-]][-]C[-][[-]+[-]][-]E[-][[-]+[-]][-]S[-][[-]+[-]][-]S[-][[-]+[-]][-]][-][[-]+[-]][-]I[-][[-]+[-]][-][[-][[-]+[-]]
[-]S[-][[-]+[-]][-]U[-][[-]+[-]][-]C[-][[-]+[-]][-]C[-][[-]+[-]][-]E[-][[-]+[-]][-]S[-][[-]+[-]][-]S[-][[-]+[-]][-]][-][[-]+[-]]
[-]N[-][[-]+[-]][-][[-][[-]+[-]][-]S[-][[-]+[-]][-]U[-][[-]+[-]][-]C[-][[-]+[-]][-]C[-][[-]+[-]][-]E[-][[-]+[-]][-]S[-][[-]+[-]]
[-]S[-][[-]+[-]][-]][-][[-]+[-]][-]F[-][[-]+[-]][-][[-][[-]+[-]][-]S[-][[-]+[-]][-]U[-][[-]+[-]][-]C[-][[-]+[-]][-]C[-][[-]+[-]]
[-]E[-][[-]+[-]][-]S[-][[-]+[-]][-]S[-][[-]+[-]][-]][-][[-]+[-]][-]O[-][[-]+[-]][-][[-][[-]+[-]][-]S[-][[-]+[-]][-]U[-][[-]+[-]]
[-]C[-][[-]+[-]][-]C[-][[-]+[-]][-]E[-][[-]+[-]][-]S[-][[-]+[-]][-]S[-][[-]+[-]][-]][-][[-]+[-]][-]][-][[-]+[-]][-][[-][[-]+[-]]
[-]S[-][[-]+[-]][-]U[-][[-]+[-]][-]C[-][[-]+[-]][-]C[-][[-]+[-]][-]E[-][[-]+[-]][-]S[-][[-]+[-]][-]S[-][[-]+[-]][-]][-][[-]+[-]]
[-]O[-][[-]+[-]][-][[-][[-]+[-]][-]S[-][[-]+[-]][-]U[-][[-]+[-]][-]C[-][[-]+[-]][-]C[-][[-]+[-]][-]E[-][[-]+[-]][-]S[-][[-]+[-]]
[-]S[-][[-]+[-]][-]][-][[-]+[-]][-][[-][[-]+[-]][-][[-][[-]+[-]][-]S[-][[-]+[-]][-]U[-][[-]+[-]][-]C[-][[-]+[-]][-]C[-][[-]+[-]]
[-]E[-][[-]+[-]][-]S[-][[-]+[-]][-]S[-][[-]+[-]][-]][-][[-]+[-]][-]I[-][[-]+[-]][-][[-][[-]+[-]][-]S[-][[-]+[-]][-]U[-][[-]+[-]]
[-]C[-][[-]+[-]][-]C[-][[-]+[-]][-]E[-][[-]+[-]][-]S[-][[-]+[-]][-]S[-][[-]+[-]][-]][-][[-]+[-]][-]N[-][[-]+[-]][-][[-][[-]+[-]]
[-]S[-][[-]+[-]][-]U[-][[-]+[-]][-]C[-][[-]+[-]][-]C[-][[-]+[-]][-]E[-][[-]+[-]][-]S[-][[-]+[-]][-]S[-][[-]+[-]][-]][-][[-]+[-]]
[-]F[-][[-]+[-]][-][[-][[-]+[-]][-]S[-][[-]+[-]][-]U[-][[-]+[-]][-]C[-][[-]+[-]][-]C[-][[-]+[-]][-]E[-][[-]+[-]][-]S[-][[-]+[-]]
[-]S[-][[-]+[-]][-]][-][[-]+[-]][-]O[-][[-]+[-]][-][[-][[-]+[-]][-]S[-][[-]+[-]][-]U[-][[-]+[-]][-]C[-][[-]+[-]][-]C[-][[-]+[-]]
[-]E[-][[-]+[-]][-]S[-][[-]+[-]][-]S[-][[-]+[-]][-]][-][[-]+[-]][-]][-][[-]+[-]][-][[-][[-]+[-]][-]S[-][[-]+[-]][-]U[-][[-]+[-]]
[-]C[-][[-]+[-]][-]C[-][[-]+[-]][-]E[-][[-]+[-]][-]S[-][[-]+[-]][-]S[-][[-]+[-]][-]][-][[-]+[-]][-][[-][[-]+[-]][-][[-][[-]+[-]]
[-]S[-][[-]+[-]][-]U[-][[-]+[-]][-]C[-][[-]+[-]][-]C[-][[-]+[-]][-]E[-][[-]+[-]][-]S[-][[-]+[-]][-]S[-][[-]+[-]][-]][-][[-]+[-]]
[-][[-][[-]+[-]][-][[-][[-]+[-]][-]S[-][[-]+[-]][-]U[-][[-]+[-]][-]C[-][[-]+[-]][-]C[-][[-]+[-]][-]E[-][[-]+[-]][-]S[-][[-]+[-]]
[-]S[-][[-]+[-]][-]][-][[-]+[-]][-]I[-][[-]+[-]][-][[-][[-]+[-]][-]S[-][[-]+[-]][-]U[-][[-]+[-]][-]C[-][[-]+[-]][-]C[-][[-]+[-]]
[-]E[-][[-]+[-]][-]S[-][[-]+[-]][-]S[-][[-]+[-]][-]][-][[-]+[-]][-]N[-][[-]+[-]][-][[-][[-]+[-]][-]S[-][[-]+[-]][-]U[-][[-]+[-]]
[-]C[-][[-]+[-]][-]C[-][[-]+[-]][-]E[-][[-]+[-]][-]S[-][[-]+[-]][-]S[-][[-]+[-]][-]][-][[-]+[-]][-]F[-][[-]+[-]][-][[-][[-]+[-]]
[-]S[-][[-]+[-]][-]U[-][[-]+[-]][-]C[-][[-]+[-]][-]C[-][[-]+[-]][-]E[-][[-]+[-]][-]S[-][[-]+[-]][-]S[-][[-]+[-]][-]][-][[-]+[-]]
[-]O[-][[-]+[-]][-][[-][[-]+[-]][-]S[-][[-]+[-]][-]U[-][[-]+[-]][-]C[-][[-]+[-]][-]C[-][[-]+[-]][-]E[-][[-]+[-]][-]S[-][[-]+[-]]
[-]S[-][[-]+[-]][-]][-][[-]+[-]][-]][-][[-]+[-]][-][[-][[-]+[-]][-]S[-][[-]+[-]][-]U[-][[-]+[-]][-]C[-][[-]+[-]][-]C[-][[-]+[-]]
[-]E[-][[-]+[-]][-]S[-][[-]+[-]][-]S[-][[-]+[-]][-]][-][[-]+[-]][-]>[-][[-]+[-]][-][[-][[-]+[-]][-]S[-][[-]+[-]][-]U[-][[-]+[-]]
[-]C[-][[-]+[-]][-]C[-][[-]+[-]][-]E[-][[-]+[-]][-]S[-][[-]+[-]][-]S[-][[-]+[-]][-]][-][[-]+[-]][-][[-][[-]+[-]][-][[-][[-]+[-]]
[-]S[-][[-]+[-]][-]U[-][[-]+[-]][-]C[-][[-]+[-]][-]C[-][[-]+[-]][-]E[-][[-]+[-]][-]S[-][[-]+[-]][-]S[-][[-]+[-]][-]][-][[-]+[-]]
[-]I[-][[-]+[-]][-][[-][[-]+[-]][-]S[-][[-]+[-]][-]U[-][[-]+[-]][-]C[-][[-]+[-]][-]C[-][[-]+[-]][-]E[-][[-]+[-]][-]S[-][[-]+[-]]
[-]S[-][[-]+[-]][-]][-][[-]+[-]][-]N[-][[-]+[-]][-][[-][[-]+[-]][-]S[-][[-]+[-]][-]U[-][[-]+[-]][-]C[-][[-]+[-]][-]C[-][[-]+[-]]
[-]E[-][[-]+[-]][-]S[-][[-]+[-]][-]S[-][[-]+[-]][-]][-][[-]+[-]][-]F[-][[-]+[-]][-][[-][[-]+[-]][-]S[-][[-]+[-]][-]U[-][[-]+[-]]
[-]C[-][[-]+[-]][-]C[-][[-]+[-]][-]E[-][[-]+[-]][-]S[-][[-]+[-]][-]S[-][[-]+[-]][-]][-][[-]+[-]][-]O[-][[-]+[-]][-][[-][[-]+[-]]
[-]S[-][[-]+[-]][-]U[-][[-]+[-]][-]C[-][[-]+[-]][-]C[-][[-]+[-]][-]E[-][[-]+[-]][-]S[-][[-]+[-]][-]S[-][[-]+[-]][-]][-][[-]+[-]]
[-]][-][[-]+[-]][-][[-][[-]+[-]][-]S[-][[-]+[-]][-]U[-][[-]+[-]][-]C[-][[-]+[-]][-]C[-][[-]+[-]][-]E[-][[-]+[-]][-]S[-][[-]+[-]]
[-]S[-][[-]+[-]][-]][-][[-]+[-]][-]][-][[-]+[-]][-][[-][[-]+[-]][-]S[-][[-]+[-]][-]U[-][[-]+[-]][-]C[-][[-]+[-]][-]C[-][[-]+[-]]
[-]E[-][[-]+[-]][-]S[-][[-]+[-]][-]S[-][[-]+[-]][-]][-][[-]+[-]][-][[-][[-]+[-]][-][[-][[-]+[-]][-]S[-][[-]+[-]][-]U[-][[-]+[-]]
[-]C[-][[-]+[-]][-]C[-][[-]+[-]][-]E[-][[-]+[-]][-]S[-][[-]+[-]][-]S[-][[-]+[-]][-]][-][[-]+[-]][-]I[-][[-]+[-]][-][[-][[-]+[-]]
[-]S[-][[-]+[-]][-]U[-][[-]+[-]][-]C[-][[-]+[-]][-]C[-][[-]+[-]][-]E[-][[-]+[-]][-]S[-][[-]+[-]][-]S[-][[-]+[-]][-]][-][[-]+[-]]
[-]N[-][[-]+[-]][-][[-][[-]+[-]][-]S[-][[-]+[-]][-]U[-][[-]+[-]][-]C[-][[-]+[-]][-]C[-][[-]+[-]][-]E[-][[-]+[-]][-]S[-][[-]+[-]]
[-]S[-][[-]+[-]][-]][-][[-]+[-]][-]F[-][[-]+[-]][-][[-][[-]+[-]][-]S[-][[-]+[-]][-]U[-][[-]+[-]][-]C[-][[-]+[-]][-]C[-][[-]+[-]]
[-]E[-][[-]+[-]][-]S[-][[-]+[-]][-]S[-][[-]+[-]][-]][-][[-]+[-]][-]O[-][[-]+[-]][-][[-][[-]+[-]][-]S[-][[-]+[-]][-]U[-][[-]+[-]]
[-]C[-][[-]+[-]][-]C[-][[-]+[-]][-]E[-][[-]+[-]][-]S[-][[-]+[-]][-]S[-][[-]+[-]][-]][-][[-]+[-]][-]][-][[-]+[-]][-][[-][[-]+[-]]
[-]S[-][[-]+[-]][-]U[-][[-]+[-]][-]C[-][[-]+[-]][-]C[-][[-]+[-]][-]E[-][[-]+[-]][-]S[-][[-]+[-]][-]S[-][[-]+[-]][-]][-][[-]+[-]]
[-]K[-][[-]+[-]][-][[-][[-]+[-]][-]S[-][[-]+[-]][-]U[-][[-]+[-]][-]C[-][[-]+[-]][-]C[-][[-]+[-]][-]E[-][[-]+[-]][-]S[-][[-]+[-]]
[-]S[-][[-]+[-]][-]][-][[-]+[-]][-][[-][[-]+[-]][-][[-][[-]+[-]][-]S[-][[-]+[-]][-]U[-][[-]+[-]][-]C[-][[-]+[-]][-]C[-][[-]+[-]]
[-]E[-][[-]+[-]][-]S[-][[-]+[-]][-]S[-][[-]+[-]][-]][-][[-]+[-]][-]I[-][[-]+[-]][-][[-][[-]+[-]][-]S[-][[-]+[-]][-]U[-][[-]+[-]]
[-]C[-][[-]+[-]][-]C[-][[-]+[-]][-]E[-][[-]+[-]][-]S[-][[-]+[-]][-]S[-][[-]+[-]][-]][-][[-]+[-]][-]N[-][[-]+[-]][-][[-][[-]+[-]]
[-]S[-][[-]+[-]][-]U[-][[-]+[-]][-]C[-][[-]+[-]][-]C[-][[-]+[-]][-]E[-][[-]+[-]][-]S[-][[-]+[-]][-]S[-][[-]+[-]][-]][-][[-]+[-]]
[-]F[-][[-]+[-]][-][[-][[-]+[-]][-]S[-][[-]+[-]][-]U[-][[-]+[-]][-]C[-][[-]+[-]][-]C[-][[-]+[-]][-]E[-][[-]+[-]][-]S[-][[-]+[-]]
[-]S[-][[-]+[-]][-]][-][[-]+[-]][-]O[-][[-]+[-]][-][[-][[-]+[-]][-]S[-][[-]+[-]][-]U[-][[-]+[-]][-]C[-][[-]+[-]][-]C[-][[-]+[-]]
[-]E[-][[-]+[-]][-]S[-][[-]+[-]][-]S[-][[-]+[-]][-]][-][[-]+[-]][-]][-][[-]+[-]][-][[-][[-]+[-]][-]S[-][[-]+[-]][-]U[-][[-]+[-]]
[-]C[-][[-]+[-]][-]C[-][[-]+[-]][-]E[-][[-]+[-]][-]S[-][[-]+[-]][-]S[-][[-]+[-]][-]][-][[-]+[-]][-][[-][[-]+[-]][-][[-][[-]+[-]]
[-]S[-][[-]+[-]][-]U[-][[-]+[-]][-]C[-][[-]+[-]][-]C[-][[-]+[-]][-]E[-][[-]+[-]][-]S[-][[-]+[-]][-]S[-][[-]+[-]][-]][-][[-]+[-]]
[-][[-][[-]+[-]][-][[-][[-]+[-]][-]S[-][[-]+[-]][-]U[-][[-]+[-]][-]C[-][[-]+[-]][-]C[-][[-]+[-]][-]E[-][[-]+[-]][-]S[-][[-]+[-]]
[-]S[-][[-]+[-]][-]][-][[-]+[-]][-]I[-][[-]+[-]][-][[-][[-]+[-]][-]S[-][[-]+[-]][-]U[-][[-]+[-]][-]C[-][[-]+[-]][-]C[-][[-]+[-]]
[-]E[-][[-]+[-]][-]S[-][[-]+[-]][-]S[-][[-]+[-]][-]][-][[-]+[-]][-]N[-][[-]+[-]][-][[-][[-]+[-]][-]S[-][[-]+[-]][-]U[-][[-]+[-]]
[-]C[-][[-]+[-]][-]C[-][[-]+[-]][-]E[-][[-]+[-]][-]S[-][[-]+[-]][-]S[-][[-]+[-]][-]][-][[-]+[-]][-]F[-][[-]+[-]][-][[-][[-]+[-]]
[-]S[-][[-]+[-]][-]U[-][[-]+[-]][-]C[-][[-]+[-]][-]C[-][[-]+[-]][-]E[-][[-]+[-]][-]S[-][[-]+[-]][-]S[-][[-]+[-]][-]][-][[-]+[-]]
[-]O[-][[-]+[-]][-][[-][[-]+[-]][-]S[-][[-]+[-]][-]U[-][[-]+[-]][-]C[-][[-]+[-]][-]C[-][[-]+[-]][-]E[-][[-]+[-]][-]S[-][[-]+[-]]
[-]S[-][[-]+[-]][-]][-][[-]+[-]][-]][-][[-]+[-]][-][[-][[-]+[-]][-]S[-][[-]+[-]][-]U[-][[-]+[-]][-]C[-][[-]+[-]][-]C[-][[-]+[-]]
[-]E[-][[-]+[-]][-]S[-][[-]+[-]][-]S[-][[-]+[-]][-]][-][[-]+[-]][-]>[-][[-]+[-]][-][[-][[-]+[-]][-]S[-][[-]+[-]][-]U[-][[-]+[-]]
[-]C[-][[-]+[-]][-]C[-][[-]+[-]][-]E[-][[-]+[-]][-]S[-][[-]+[-]][-]S[-][[-]+[-]][-]][-][[-]+[-]][-][[-][[-]+[-]][-][[-][[-]+[-]]
[-]S[-][[-]+[-]][-]U[-][[-]+[-]][-]C[-][[-]+[-]][-]C[-][[-]+[-]][-]E[-][[-]+[-]][-]S[-][[-]+[-]][-]S[-][[-]+[-]][-]][-][[-]+[-]]
[-]I[-][[-]+[-]][-][[-][[-]+[-]][-]S[-][[-]+[-]][-]U[-][[-]+[-]][-]C[-][[-]+[-]][-]C[-][[-]+[-]][-]E[-][[-]+[-]][-]S[-][[-]+[-]]
[-]S[-][[-]+[-]][-]][-][[-]+[-]][-]N[-][[-]+[-]][-][[-][[-]+[-]][-]S[-][[-]+[-]][-]U[-][[-]+[-]][-]C[-][[-]+[-]][-]C[-][[-]+[-]]
[-]E[-][[-]+[-]][-]S[-][[-]+[-]][-]S[-][[-]+[-]][-]][-][[-]+[-]][-]F[-][[-]+[-]][-][[-][[-]+[-]][-]S[-][[-]+[-]][-]U[-][[-]+[-]]
[-]C[-][[-]+[-]][-]C[-][[-]+[-]][-]E[-][[-]+[-]][-]S[-][[-]+[-]][-]S[-][[-]+[-]][-]][-][[-]+[-]][-]O[-][[-]+[-]][-][[-][[-]+[-]]
[-]S[-][[-]+[-]][-]U[-][[-]+[-]][-]C[-][[-]+[-]][-]C[-][[-]+[-]][-]E[-][[-]+[-]][-]S[-][[-]+[-]][-]S[-][[-]+[-]][-]][-][[-]+[-]]
[-]][-][[-]+[-]][-][[-][[-]+[-]][-]S[-][[-]+[-]][-]U[-][[-]+[-]][-]C[-][[-]+[-]][-]C[-][[-]+[-]][-]E[-][[-]+[-]][-]S[-][[-]+[-]]
[-]S[-][[-]+[-]][-]][-][[-]+[-]][-]][-][[-]+[-]][-][[-][[-]+[-]][-]S[-][[-]+[-]][-]U[-][[-]+[-]][-]C[-][[-]+[-]][-]C[-][[-]+[-]]
[-]E[-][[-]+[-]][-]S[-][[-]+[-]][-]S[-][[-]+[-]][-]][-][[-]+[-]][-][[-][[-]+[-]][-][[-][[-]+[-]][-]S[-][[-]+[-]][-]U[-][[-]+[-]]
[-]C[-][[-]+[-]][-]C[-][[-]+[-]][-]E[-][[-]+[-]][-]S[-][[-]+[-]][-]S[-][[-]+[-]][-]][-][[-]+[-]][-]I[-][[-]+[-]][-][[-][[-]+[-]]
[-]S[-][[-]+[-]][-]U[-][[-]+[-]][-]C[-][[-]+[-]][-]C[-][[-]+[-]][-]E[-][[-]+[-]][-]S[-][[-]+[-]][-]S[-][[-]+[-]][-]][-][[-]+[-]]
[-]N[-][[-]+[-]][-][[-][[-]+[-]][-]S[-][[-]+[-]][-]U[-][[-]+[-]][-]C[-][[-]+[-]][-]C[-][[-]+[-]][-]E[-][[-]+[-]][-]S[-][[-]+[-]]
[-]S[-][[-]+[-]][-]][-][[-]+[-]][-]F[-][[-]+[-]][-][[-][[-]+[-]][-]S[-][[-]+[-]][-]U[-][[-]+[-]][-]C[-][[-]+[-]][-]C[-][[-]+[-]]
[-]E[-][[-]+[-]][-]S[-][[-]+[-]][-]S[-][[-]+[-]][-]][-][[-]+[-]][-]O[-][[-]+[-]][-][[-][[-]+[-]][-]S[-][[-]+[-]][-]U[-][[-]+[-]]
[-]C[-][[-]+[-]][-]C[-][[-]+[-]][-]E[-][[-]+[-]][-]S[-][[-]+[-]][-]S[-][[-]+[-]][-]][-][[-]+[-]][-]][-][[-]+[-]][-][[-][[-]+[-]]
[-]S[-][[-]+[-]][-]U[-][[-]+[-]][-]C[-][[-]+[-]][-]C[-][[-]+[-]][-]E[-][[-]+[-]][-]S[-][[-]+[-]][-]S[-][[-]+[-]][-]][-][[-]+[-]]
[-]][-][[-]+[-]][-][[-][[-]+[-]][-]S[-][[-]+[-]][-]U[-][[-]+[-]][-]C[-][[-]+[-]][-]C[-][[-]+[-]][-]E[-][[-]+[-]][-]S[-][[-]+[-]]
[-]S[-][[-]+[-]][-]][-][[-]+[-]][-][[-][[-]+[-]][-][[-][[-]+[-]][-]S[-][[-]+[-]][-]U[-][[-]+[-]][-]C[-][[-]+[-]][-]C[-][[-]+[-]]
[-]E[-][[-]+[-]][-]S[-][[-]+[-]][-]S[-][[-]+[-]][-]][-][[-]+[-]][-]I[-][[-]+[-]][-][[-][[-]+[-]][-]S[-][[-]+[-]][-]U[-][[-]+[-]]
[-]C[-][[-]+[-]][-]C[-][[-]+[-]][-]E[-][[-]+[-]][-]S[-][[-]+[-]][-]S[-][[-]+[-]][-]][-][[-]+[-]][-]N[-][[-]+[-]][-][[-][[-]+[-]]
[-]S[-][[-]+[-]][-]U[-][[-]+[-]][-]C[-][[-]+[-]][-]C[-][[-]+[-]][-]E[-][[-]+[-]][-]S[-][[-]+[-]][-]S[-][[-]+[-]][-]][-][[-]+[-]]
[-]F[-][[-]+[-]][-][[-][[-]+[-]][-]S[-][[-]+[-]][-]U[-][[-]+[-]][-]C[-][[-]+[-]][-]C[-][[-]+[-]][-]E[-][[-]+[-]][-]S[-][[-]+[-]]
[-]S[-][[-]+[-]][-]][-][[-]+[-]][-]O[-][[-]+[-]][-][[-][[-]+[-]][-]S[-][[-]+[-]][-]U[-][[-]+[-]][-]C[-][[-]+[-]][-]C[-][[-]+[-]]
[-]E[-][[-]+[-]][-]S[-][[-]+[-]][-]S[-][[-]+[-]][-]][-][[-]+[-]][-]][-][[-]+[-]][-][[-][[-]+[-]][-]S[-][[-]+[-]][-]U[-][[-]+[-]]
[-]C[-][[-]+[-]][-]C[-][[-]+[-]][-]E[-][[-]+[-]][-]S[-][[-]+[-]][-]S[-][[-]+[-]][-]][-][[-]+[-]][-][[-][[-]+[-]][-][[-][[-]+[-]]
[-]S[-][[-]+[-]][-]U[-][[-]+[-]][-]C[-][[-]+[-]][-]C[-][[-]+[-]][-]E[-][[-]+[-]][-]S[-][[-]+[-]][-]S[-][[-]+[-]][-]][-][[-]+[-]]
[-][[-][[-]+[-]][-][[-][[-]+[-]][-]S[-][[-]+[-]][-]U[-][[-]+[-]][-]C[-][[-]+[-]][-]C[-][[-]+[-]][-]E[-][[-]+[-]][-]S[-][[-]+[-]]
[-]S[-][[-]+[-]][-]][-][[-]+[-]][-]I[-][[-]+[-]][-][[-][[-]+[-]][-]S[-][[-]+[-]][-]U[-][[-]+[-]][-]C[-][[-]+[-]][-]C[-][[-]+[-]]
[-]E[-][[-]+[-]][-]S[-][[-]+[-]][-]S[-][[-]+[-]][-]][-][[-]+[-]][-]N[-][[-]+[-]][-][[-][[-]+[-]][-]S[-][[-]+[-]][-]U[-][[-]+[-]]
[-]C[-][[-]+[-]][-]C[-][[-]+[-]][-]E[-][[-]+[-]][-]S[-][[-]+[-]][-]S[-][[-]+[-]][-]][-][[-]+[-]][-]F[-][[-]+[-]][-][[-][[-]+[-]]
[-]S[-][[-]+[-]][-]U[-][[-]+[-]][-]C[-][[-]+[-]][-]C[-][[-]+[-]][-]E[-][[-]+[-]][-]S[-][[-]+[-]][-]S[-][[-]+[-]][-]][-][[-]+[-]]
[-]O[-][[-]+[-]][-][[-][[-]+[-]][-]S[-][[-]+[-]][-]U[-][[-]+[-]][-]C[-][[-]+[-]][-]C[-][[-]+[-]][-]E[-][[-]+[-]][-]S[-][[-]+[-]]
[-]S[-][[-]+[-]][-]][-][[-]+[-]][-]][-][[-]+[-]][-][[-][[-]+[-]][-]S[-][[-]+[-]][-]U[-][[-]+[-]][-]C[-][[-]+[-]][-]C[-][[-]+[-]]
[-]E[-][[-]+[-]][-]S[-][[-]+[-]][-]S[-][[-]+[-]][-]][-][[-]+[-]][-]>[-][[-]+[-]][-][[-][[-]+[-]][-]S[-][[-]+[-]][-]U[-][[-]+[-]]
[-]C[-][[-]+[-]][-]C[-][[-]+[-]][-]E[-][[-]+[-]][-]S[-][[-]+[-]][-]S[-][[-]+[-]][-]][-][[-]+[-]][-][[-][[-]+[-]][-][[-][[-]+[-]]
[-]S[-][[-]+[-]][-]U[-][[-]+[-]][-]C[-][[-]+[-]][-]C[-][[-]+[-]][-]E[-][[-]+[-]][-]S[-][[-]+[-]][-]S[-][[-]+[-]][-]][-][[-]+[-]]
[-]I[-][[-]+[-]][-][[-][[-]+[-]][-]S[-][[-]+[-]][-]U[-][[-]+[-]][-]C[-][[-]+[-]][-]C[-][[-]+[-]][-]E[-][[-]+[-]][-]S[-][[-]+[-]]
[-]S[-][[-]+[-]][-]][-][[-]+[-]][-]N[-][[-]+[-]][-][[-][[-]+[-]][-]S[-][[-]+[-]][-]U[-][[-]+[-]][-]C[-][[-]+[-]][-]C[-][[-]+[-]]
[-]E[-][[-]+[-]][-]S[-][[-]+[-]][-]S[-][[-]+[-]][-]][-][[-]+[-]][-]F[-][[-]+[-]][-][[-][[-]+[-]][-]S[-][[-]+[-]][-]U[-][[-]+[-]]
[-]C[-][[-]+[-]][-]C[-][[-]+[-]][-]E[-][[-]+[-]][-]S[-][[-]+[-]][-]S[-][[-]+[-]][-]][-][[-]+[-]][-]O[-][[-]+[-]][-][[-][[-]+[-]]
[-]S[-][[-]+[-]][-]U[-][[-]+[-]][-]C[-][[-]+[-]][-]C[-][[-]+[-]][-]E[-][[-]+[-]][-]S[-][[-]+[-]][-]S[-][[-]+[-]][-]][-][[-]+[-]]
[-]][-][[-]+[-]][-][[-][[-]+[-]][-]S[-][[-]+[-]][-]U[-][[-]+[-]][-]C[-][[-]+[-]][-]C[-][[-]+[-]][-]E[-][[-]+[-]][-]S[-][[-]+[-]]
[-]S[-][[-]+[-]][-]][-][[-]+[-]][-]][-][[-]+[-]][-][[-][[-]+[-]][-]S[-][[-]+[-]][-]U[-][[-]+[-]][-]C[-][[-]+[-]][-]C[-][[-]+[-]]
[-]E[-][[-]+[-]][-]S[-][[-]+[-]][-]S[-][[-]+[-]][-]][-][[-]+[-]][-][[-][[-]+[-]][-][[-][[-]+[-]][-]S[-][[-]+[-]][-]U[-][[-]+[-]]
[-]C[-][[-]+[-]][-]C[-][[-]+[-]][-]E[-][[-]+[-]][-]S[-][[-]+[-]][-]S[-][[-]+[-]][-]][-][[-]+[-]][-]I[-][[-]+[-]][-][[-][[-]+[-]]
[-]S[-][[-]+[-]][-]U[-][[-]+[-]][-]C[-][[-]+[-]][-]C[-][[-]+[-]][-]E[-][[-]+[-]][-]S[-][[-]+[-]][-]S[-][[-]+[-]][-]][-][[-]+[-]]
[-]N[-][[-]+[-]][-][[-][[-]+[-]][-]S[-][[-]+[-]][-]U[-][[-]+[-]][-]C[-][[-]+[-]][-]C[-][[-]+[-]][-]E[-][[-]+[-]][-]S[-][[-]+[-]]
[-]S[-][[-]+[-]][-]][-][[-]+[-]][-]F[-][[-]+[-]][-][[-][[-]+[-]][-]S[-][[-]+[-]][-]U[-][[-]+[-]][-]C[-][[-]+[-]][-]C[-][[-]+[-]]
[-]E[-][[-]+[-]][-]S[-][[-]+[-]][-]S[-][[-]+[-]][-]][-][[-]+[-]][-]O[-][[-]+[-]][-][[-][[-]+[-]][-]S[-][[-]+[-]][-]U[-][[-]+[-]]
[-]C[-][[-]+[-]][-]C[-][[-]+[-]][-]E[-][[-]+[-]][-]S[-][[-]+[-]][-]S[-][[-]+[-]][-]][-][[-]+[-]][-]][-][[-]+[-]][-][[-][[-]+[-]]
[-]S[-][[-]+[-]][-]U[-][[-]+[-]][-]C[-][[-]+[-]][-]C[-][[-]+[-]][-]E[-][[-]+[-]][-]S[-][[-]+[-]][-]S[-][[-]+[-]][-]][-][[-]+[-]]
[-]*[-][[-]+[-]][-][[-][[-]+[-]][-]S[-][[-]+[-]][-]U[-][[-]+[-]][-]C[-][[-]+[-]][-]C[-][[-]+[-]][-]E[-][[-]+[-]][-]S[-][[-]+[-]]
[-]S[-][[-]+[-]][-]][-][[-]+[-]][-][[-][[-]+[-]][-][[-][[-]+[-]][-]S[-][[-]+[-]][-]U[-][[-]+[-]][-]C[-][[-]+[-]][-]C[-][[-]+[-]]
[-]E[-][[-]+[-]][-]S[-][[-]+[-]][-]S[-][[-]+[-]][-]][-][[-]+[-]][-]I[-][[-]+[-]][-][[-][[-]+[-]][-]S[-][[-]+[-]][-]U[-][[-]+[-]]
[-]C[-][[-]+[-]][-]C[-][[-]+[-]][-]E[-][[-]+[-]][-]S[-][[-]+[-]][-]S[-][[-]+[-]][-]][-][[-]+[-]][-]N[-][[-]+[-]][-][[-][[-]+[-]]
[-]S[-][[-]+[-]][-]U[-][[-]+[-]][-]C[-][[-]+[-]][-]C[-][[-]+[-]][-]E[-][[-]+[-]][-]S[-][[-]+[-]][-]S[-][[-]+[-]][-]][-][[-]+[-]]
[-]F[-][[-]+[-]][-][[-][[-]+[-]][-]S[-][[-]+[-]][-]U[-][[-]+[-]][-]C[-][[-]+[-]][-]C[-][[-]+[-]][-]E[-][[-]+[-]][-]S[-][[-]+[-]]
[-]S[-][[-]+[-]][-]][-][[-]+[-]][-]O[-][[-]+[-]][-][[-][[-]+[-]][-]S[-][[-]+[-]][-]U[-][[-]+[-]][-]C[-][[-]+[-]][-]C[-][[-]+[-]]
[-]E[-][[-]+[-]][-]S[-][[-]+[-]][-]S[-][[-]+[-]][-]][-][[-]+[-]][-]][-][[-]+[-]][-][[-][[-]+[-]][-]S[-][[-]+[-]][-]U[-][[-]+[-]]
[-]C[-][[-]+[-]][-]C[-][[-]+[-]][-]E[-][[-]+[-]][-]S[-][[-]+[-]][-]S[-][[-]+[-]][-]][-][[-]+[-]][-][[-][[-]+[-]][-][[-][[-]+[-]]
[-]S[-][[-]+[-]][-]U[-][[-]+[-]][-]C[-][[-]+[-]][-]C[-][[-]+[-]][-]E[-][[-]+[-]][-]S[-][[-]+[-]][-]S[-][[-]+[-]][-]][-][[-]+[-]]
[-][[-][[-]+[-]][-][[-][[-]+[-]][-]S[-][[-]+[-]][-]U[-][[-]+[-]][-]C[-][[-]+[-]][-]C[-][[-]+[-]][-]E[-][[-]+[-]][-]S[-][[-]+[-]]
[-]S[-][[-]+[-]][-]][-][[-]+[-]][-]I[-][[-]+[-]][-][[-][[-]+[-]][-]S[-][[-]+[-]][-]U[-][[-]+[-]][-]C[-][[-]+[-]][-]C[-][[-]+[-]]
[-]E[-][[-]+[-]][-]S[-][[-]+[-]][-]S[-][[-]+[-]][-]][-][[-]+[-]][-]N[-][[-]+[-]][-][[-][[-]+[-]][-]S[-][[-]+[-]][-]U[-][[-]+[-]]
[-]C[-][[-]+[-]][-]C[-][[-]+[-]][-]E[-][[-]+[-]][-]S[-][[-]+[-]][-]S[-][[-]+[-]][-]][-][[-]+[-]][-]F[-][[-]+[-]][-][[-][[-]+[-]]
[-]S[-][[-]+[-]][-]U[-][[-]+[-]][-]C[-][[-]+[-]][-]C[-][[-]+[-]][-]E[-][[-]+[-]][-]S[-][[-]+[-]][-]S[-][[-]+[-]][-]][-][[-]+[-]]
[-]O[-][[-]+[-]][-][[-][[-]+[-]][-]S[-][[-]+[-]][-]U[-][[-]+[-]][-]C[-][[-]+[-]][-]C[-][[-]+[-]][-]E[-][[-]+[-]][-]S[-][[-]+[-]]
[-]S[-][[-]+[-]][-]][-][[-]+[-]][-]][-][[-]+[-]][-][[-][[-]+[-]][-]S[-][[-]+[-]][-]U[-][[-]+[-]][-]C[-][[-]+[-]][-]C[-][[-]+[-]]
[-]E[-][[-]+[-]][-]S[-][[-]+[-]][-]S[-][[-]+[-]][-]][-][[-]+[-]][-]>[-][[-]+[-]][-][[-][[-]+[-]][-]S[-][[-]+[-]][-]U[-][[-]+[-]]
[-]C[-][[-]+[-]][-]C[-][[-]+[-]][-]E[-][[-]+[-]][-]S[-][[-]+[-]][-]S[-][[-]+[-]][-]][-][[-]+[-]][-][[-][[-]+[-]][-][[-][[-]+[-]]
[-]S[-][[-]+[-]][-]U[-][[-]+[-]][-]C[-][[-]+[-]][-]C[-][[-]+[-]][-]E[-][[-]+[-]][-]S[-][[-]+[-]][-]S[-][[-]+[-]][-]][-][[-]+[-]]
[-]I[-][[-]+[-]][-][[-][[-]+[-]][-]S[-][[-]+[-]][-]U[-][[-]+[-]][-]C[-][[-]+[-]][-]C[-][[-]+[-]][-]E[-][[-]+[-]][-]S[-][[-]+[-]]
[-]S[-][[-]+[-]][-]][-][[-]+[-]][-]N[-][[-]+[-]][-][[-][[-]+[-]][-]S[-][[-]+[-]][-]U[-][[-]+[-]][-]C[-][[-]+[-]][-]C[-][[-]+[-]]
[-]E[-][[-]+[-]][-]S[-][[-]+[-]][-]S[-][[-]+[-]][-]][-][[-]+[-]][-]F[-][[-]+[-]][-][[-][[-]+[-]][-]S[-][[-]+[-]][-]U[-][[-]+[-]]
[-]C[-][[-]+[-]][-]C[-][[-]+[-]][-]E[-][[-]+[-]][-]S[-][[-]+[-]][-]S[-][[-]+[-]][-]][-][[-]+[-]][-]O[-][[-]+[-]][-][[-][[-]+[-]]
[-]S[-][[-]+[-]][-]U[-][[-]+[-]][-]C[-][[-]+[-]][-]C[-][[-]+[-]][-]E[-][[-]+[-]][-]S[-][[-]+[-]][-]S[-][[-]+[-]][-]][-][[-]+[-]]
[-]][-][[-]+[-]][-][[-][[-]+[-]][-]S[-][[-]+[-]][-]U[-][[-]+[-]][-]C[-][[-]+[-]][-]C[-][[-]+[-]][-]E[-][[-]+[-]][-]S[-][[-]+[-]]
[-]S[-][[-]+[-]][-]][-][[-]+[-]][-]][-][[-]+[-]][-][[-][[-]+[-]][-]S[-][[-]+[-]][-]U[-][[-]+[-]][-]C[-][[-]+[-]][-]C[-][[-]+[-]]
[-]E[-][[-]+[-]][-]S[-][[-]+[-]][-]S[-][[-]+[-]][-]][-][[-]+[-]][-][[-][[-]+[-]][-][[-][[-]+[-]][-]S[-][[-]+[-]][-]U[-][[-]+[-]]
[-]C[-][[-]+[-]][-]C[-][[-]+[-]][-]E[-][[-]+[-]][-]S[-][[-]+[-]][-]S[-][[-]+[-]][-]][-][[-]+[-]][-]I[-][[-]+[-]][-][[-][[-]+[-]]
[-]S[-][[-]+[-]][-]U[-][[-]+[-]][-]C[-][[-]+[-]][-]C[-][[-]+[-]][-]E[-][[-]+[-]][-]S[-][[-]+[-]][-]S[-][[-]+[-]][-]][-][[-]+[-]]
[-]N[-][[-]+[-]][-][[-][[-]+[-]][-]S[-][[-]+[-]][-]U[-][[-]+[-]][-]C[-][[-]+[-]][-]C[-][[-]+[-]][-]E[-][[-]+[-]][-]S[-][[-]+[-]]
[-]S[-][[-]+[-]][-]][-][[-]+[-]][-]F[-][[-]+[-]][-][[-][[-]+[-]][-]S[-][[-]+[-]][-]U[-][[-]+[-]][-]C[-][[-]+[-]][-]C[-][[-]+[-]]
[-]E[-][[-]+[-]][-]S[-][[-]+[-]][-]S[-][[-]+[-]][-]][-][[-]+[-]][-]O[-][[-]+[-]][-][[-][[-]+[-]][-]S[-][[-]+[-]][-]U[-][[-]+[-]]
[-]C[-][[-]+[-]][-]C[-][[-]+[-]][-]E[-][[-]+[-]][-]S[-][[-]+[-]][-]S[-][[-]+[-]][-]][-][[-]+[-]][-]][-][[-]+[-]][-][[-][[-]+[-]]
[-]S[-][[-]+[-]][-]U[-][[-]+[-]][-]C[-][[-]+[-]][-]C[-][[-]+[-]][-]E[-][[-]+[-]][-]S[-][[-]+[-]][-]S[-][[-]+[-]][-]][-][[-]+[-]]
[-][[-][[-]+[-]][-][[-][[-]+[-]][-]S[-][[-]+[-]][-]U[-][[-]+[-]][-]C[-][[-]+[-]][-]C[-][[-]+[-]][-]E[-][[-]+[-]][-]S[-][[-]+[-]]
[-]S[-][[-]+[-]][-]][-][[-]+[-]][-][[-][[-]+[-]][-][[-][[-]+[-]][-]S[-][[-]+[-]][-]U[-][[-]+[-]][-]C[-][[-]+[-]][-]C[-][[-]+[-]]
[-]E[-][[-]+[-]][-]S[-][[-]+[-]][-]S[-][[-]+[-]][-]][-][[-]+[-]][-]I[-][[-]+[-]][-][[-][[-]+[-]][-]S[-][[-]+[-]][-]U[-][[-]+[-]]
[-]C[-][[-]+[-]][-]C[-][[-]+[-]][-]E[-][[-]+[-]][-]S[-][[-]+[-]][-]S[-][[-]+[-]][-]][-][[-]+[-]][-]N[-][[-]+[-]][-][[-][[-]+[-]]
[-]S[-][[-]+[-]][-]U[-][[-]+[-]][-]C[-][[-]+[-]][-]C[-][[-]+[-]][-]E[-][[-]+[-]][-]S[-][[-]+[-]][-]S[-][[-]+[-]][-]][-][[-]+[-]]
[-]F[-][[-]+[-]][-][[-][[-]+[-]][-]S[-][[-]+[-]][-]U[-][[-]+[-]][-]C[-][[-]+[-]][-]C[-][[-]+[-]][-]E[-][[-]+[-]][-]S[-][[-]+[-]]
[-]S[-][[-]+[-]][-]][-][[-]+[-]][-]O[-][[-]+[-]][-][[-][[-]+[-]][-]S[-][[-]+[-]][-]U[-][[-]+[-]][-]C[-][[-]+[-]][-]C[-][[-]+[-]]
[-]E[-][[-]+[-]][-]S[-][[-]+[-]][-]S[-][[-]+[-]][-]][-][[-]+[-]][-]][-][[-]+[-]][-][[-][[-]+[-]][-]S[-][[-]+[-]][-]U[-][[-]+[-]]
[-]C[-][[-]+[-]][-]C[-][[-]+[-]][-]E[-][[-]+[-]][-]S[-][[-]+[-]][-]S[-][[-]+[-]][-]][-][[-]+[-]][-][[-][[-]+[-]][-][[-][[-]+[-]]
[-]S[-][[-]+[-]][-]U[-][[-]+[-]][-]C[-][[-]+[-]][-]C[-][[-]+[-]][-]E[-][[-]+[-]][-]S[-][[-]+[-]][-]S[-][[-]+[-]][-]][-][[-]+[-]]
[-][[-][[-]+[-]][-][[-][[-]+[-]][-]S[-][[-]+[-]][-]U[-][[-]+[-]][-]C[-][[-]+[-]][-]C[-][[-]+[-]][-]E[-][[-]+[-]][-]S[-][[-]+[-]]
[-]S[-][[-]+[-]][-]][-][[-]+[-]][-]I[-][[-]+[-]][-][[-][[-]+[-]][-]S[-][[-]+[-]][-]U[-][[-]+[-]][-]C[-][[-]+[-]][-]C[-][[-]+[-]]
[-]E[-][[-]+[-]][-]S[-][[-]+[-]][-]S[-][[-]+[-]][-]][-][[-]+[-]][-]N[-][[-]+[-]][-][[-][[-]+[-]][-]S[-][[-]+[-]][-]U[-][[-]+[-]]
[-]C[-][[-]+[-]][-]C[-][[-]+[-]][-]E[-][[-]+[-]][-]S[-][[-]+[-]][-]S[-][[-]+[-]][-]][-][[-]+[-]][-]F[-][[-]+[-]][-][[-][[-]+[-]]
[-]S[-][[-]+[-]][-]U[-][[-]+[-]][-]C[-][[-]+[-]][-]C[-][[-]+[-]][-]E[-][[-]+[-]][-]S[-][[-]+[-]][-]S[-][[-]+[-]][-]][-][[-]+[-]]
[-]O[-][[-]+[-]][-][[-][[-]+[-]][-]S[-][[-]+[-]][-]U[-][[-]+[-]][-]C[-][[-]+[-]][-]C[-][[-]+[-]][-]E[-][[-]+[-]][-]S[-][[-]+[-]]
[-]S[-][[-]+[-]][-]][-][[-]+[-]][-]][-][[-]+[-]][-][[-][[-]+[-]][-]S[-][[-]+[-]][-]U[-][[-]+[-]][-]C[-][[-]+[-]][-]C[-][[-]+[-]]
[-]E[-][[-]+[-]][-]S[-][[-]+[-]][-]S[-][[-]+[-]][-]][-][[-]+[-]][-]>[-][[-]+[-]][-][[-][[-]+[-]][-]S[-][[-]+[-]][-]U[-][[-]+[-]]
[-]C[-][[-]+[-]][-]C[-][[-]+[-]][-]E[-][[-]+[-]][-]S[-][[-]+[-]][-]S[-][[-]+[-]][-]][-][[-]+[-]][-][[-][[-]+[-]][-][[-][[-]+[-]]
[-]S[-][[-]+[-]][-]U[-][[-]+[-]][-]C[-][[-]+[-]][-]C[-][[-]+[-]][-]E[-][[-]+[-]][-]S[-][[-]+[-]][-]S[-][[-]+[-]][-]][-][[-]+[-]]
[-]I[-][[-]+[-]][-][[-][[-]+[-]][-]S[-][[-]+[-]][-]U[-][[-]+[-]][-]C[-][[-]+[-]][-]C[-][[-]+[-]][-]E[-][[-]+[-]][-]S[-][[-]+[-]]
[-]S[-][[-]+[-]][-]][-][[-]+[-]][-]N[-][[-]+[-]][-][[-][[-]+[-]][-]S[-][[-]+[-]][-]U[-][[-]+[-]][-]C[-][[-]+[-]][-]C[-][[-]+[-]]
[-]E[-][[-]+[-]][-]S[-][[-]+[-]][-]S[-][[-]+[-]][-]][-][[-]+[-]][-]F[-][[-]+[-]][-][[-][[-]+[-]][-]S[-][[-]+[-]][-]U[-][[-]+[-]]
[-]C[-][[-]+[-]][-]C[-][[-]+[-]][-]E[-][[-]+[-]][-]S[-][[-]+[-]][-]S[-][[-]+[-]][-]][-][[-]+[-]][-]O[-][[-]+[-]][-][[-][[-]+[-]]
[-]S[-][[-]+[-]][-]U[-][[-]+[-]][-]C[-][[-]+[-]][-]C[-][[-]+[-]][-]E[-][[-]+[-]][-]S[-][[-]+[-]][-]S[-][[-]+[-]][-]][-][[-]+[-]]
[-]][-][[-]+[-]][-][[-][[-]+[-]][-]S[-][[-]+[-]][-]U[-][[-]+[-]][-]C[-][[-]+[-]][-]C[-][[-]+[-]][-]E[-][[-]+[-]][-]S[-][[-]+[-]]
[-]S[-][[-]+[-]][-]][-][[-]+[-]][-]][-][[-]+[-]][-][[-][[-]+[-]][-]S[-][[-]+[-]][-]U[-][[-]+[-]][-]C[-][[-]+[-]][-]C[-][[-]+[-]]
[-]E[-][[-]+[-]][-]S[-][[-]+[-]][-]S[-][[-]+[-]][-]][-][[-]+[-]][-][[-][[-]+[-]][-][[-][[-]+[-]][-]S[-][[-]+[-]][-]U[-][[-]+[-]]
[-]C[-][[-]+[-]][-]C[-][[-]+[-]][-]E[-][[-]+[-]][-]S[-][[-]+[-]][-]S[-][[-]+[-]][-]][-][[-]+[-]][-]I[-][[-]+[-]][-][[-][[-]+[-]]
[-]S[-][[-]+[-]][-]U[-][[-]+[-]][-]C[-][[-]+[-]][-]C[-][[-]+[-]][-]E[-][[-]+[-]][-]S[-][[-]+[-]][-]S[-][[-]+[-]][-]][-][[-]+[-]]
[-]N[-][[-]+[-]][-][[-][[-]+[-]][-]S[-][[-]+[-]][-]U[-][[-]+[-]][-]C[-][[-]+[-]][-]C[-][[-]+[-]][-]E[-][[-]+[-]][-]S[-][[-]+[-]]
[-]S[-][[-]+[-]][-]][-][[-]+[-]][-]F[-][[-]+[-]][-][[-][[-]+[-]][-]S[-][[-]+[-]][-]U[-][[-]+[-]][-]C[-][[-]+[-]][-]C[-][[-]+[-]]
[-]E[-][[-]+[-]][-]S[-][[-]+[-]][-]S[-][[-]+[-]][-]][-][[-]+[-]][-]O[-][[-]+[-]][-][[-][[-]+[-]][-]S[-][[-]+[-]][-]U[-][[-]+[-]]
[-]C[-][[-]+[-]][-]C[-][[-]+[-]][-]E[-][[-]+[-]][-]S[-][[-]+[-]][-]S[-][[-]+[-]][-]][-][[-]+[-]][-]][-][[-]+[-]][-][[-][[-]+[-]]
[-]S[-][[-]+[-]][-]U[-][[-]+[-]][-]C[-][[-]+[-]][-]C[-][[-]+[-]][-]E[-][[-]+[-]][-]S[-][[-]+[-]][-]S[-][[-]+[-]][-]][-][[-]+[-]]
[-]O[-][[-]+[-]][-][[-][[-]+[-]][-]S[-][[-]+[-]][-]U[-][[-]+[-]][-]C[-][[-]+[-]][-]C[-][[-]+[-]][-]E[-][[-]+[-]][-]S[-][[-]+[-]]
[-]S[-][[-]+[-]][-]][-][[-]+[-]][-][[-][[-]+[-]][-][[-][[-]+[-]][-]S[-][[-]+[-]][-]U[-][[-]+[-]][-]C[-][[-]+[-]][-]C[-][[-]+[-]]
[-]E[-][[-]+[-]][-]S[-][[-]+[-]][-]S[-][[-]+[-]][-]][-][[-]+[-]][-]I[-][[-]+[-]][-][[-][[-]+[-]][-]S[-][[-]+[-]][-]U[-][[-]+[-]]
[-]C[-][[-]+[-]][-]C[-][[-]+[-]][-]E[-][[-]+[-]][-]S[-][[-]+[-]][-]S[-][[-]+[-]][-]][-][[-]+[-]][-]N[-][[-]+[-]][-][[-][[-]+[-]]
[-]S[-][[-]+[-]][-]U[-][[-]+[-]][-]C[-][[-]+[-]][-]C[-][[-]+[-]][-]E[-][[-]+[-]][-]S[-][[-]+[-]][-]S[-][[-]+[-]][-]][-][[-]+[-]]
[-]F[-][[-]+[-]][-][[-][[-]+[-]][-]S[-][[-]+[-]][-]U[-][[-]+[-]][-]C[-][[-]+[-]][-]C[-][[-]+[-]][-]E[-][[-]+[-]][-]S[-][[-]+[-]]
[-]S[-][[-]+[-]][-]][-][[-]+[-]][-]O[-][[-]+[-]][-][[-][[-]+[-]][-]S[-][[-]+[-]][-]U[-][[-]+[-]][-]C[-][[-]+[-]][-]C[-][[-]+[-]]
[-]E[-][[-]+[-]][-]S[-][[-]+[-]][-]S[-][[-]+[-]][-]][-][[-]+[-]][-]][-][[-]+[-]][-][[-][[-]+[-]][-]S[-][[-]+[-]][-]U[-][[-]+[-]]
[-]C[-][[-]+[-]][-]C[-][[-]+[-]][-]E[-][[-]+[-]][-]S[-][[-]+[-]][-]S[-][[-]+[-]][-]][-][[-]+[-]][-][[-][[-]+[-]][-][[-][[-]+[-]]
[-]S[-][[-]+[-]][-]U[-][[-]+[-]][-]C[-][[-]+[-]][-]C[-][[-]+[-]][-]E[-][[-]+[-]][-]S[-][[-]+[-]][-]S[-][[-]+[-]][-]][-][[-]+[-]]
[-][[-][[-]+[-]][-][[-][[-]+[-]][-]S[-][[-]+[-]][-]U[-][[-]+[-]][-]C[-][[-]+[-]][-]C[-][[-]+[-]][-]E[-][[-]+[-]][-]S[-][[-]+[-]]
[-]S[-][[-]+[-]][-]][-][[-]+[-]][-]I[-][[-]+[-]][-][[-][[-]+[-]][-]S[-][[-]+[-]][-]U[-][[-]+[-]][-]C[-][[-]+[-]][-]C[-][[-]+[-]]
[-]E[-][[-]+[-]][-]S[-][[-]+[-]][-]S[-][[-]+[-]][-]][-][[-]+[-]][-]N[-][[-]+[-]][-][[-][[-]+[-]][-]S[-][[-]+[-]][-]U[-][[-]+[-]]
[-]C[-][[-]+[-]][-]C[-][[-]+[-]][-]E[-][[-]+[-]][-]S[-][[-]+[-]][-]S[-][[-]+[-]][-]][-][[-]+[-]][-]F[-][[-]+[-]][-][[-][[-]+[-]]
[-]S[-][[-]+[-]][-]U[-][[-]+[-]][-]C[-][[-]+[-]][-]C[-][[-]+[-]][-]E[-][[-]+[-]][-]S[-][[-]+[-]][-]S[-][[-]+[-]][-]][-][[-]+[-]]
[-]O[-][[-]+[-]][-][[-][[-]+[-]][-]S[-][[-]+[-]][-]U[-][[-]+[-]][-]C[-][[-]+[-]][-]C[-][[-]+[-]][-]E[-][[-]+[-]][-]S[-][[-]+[-]]
[-]S[-][[-]+[-]][-]][-][[-]+[-]][-]][-][[-]+[-]][-][[-][[-]+[-]][-]S[-][[-]+[-]][-]U[-][[-]+[-]][-]C[-][[-]+[-]][-]C[-][[-]+[-]]
[-]E[-][[-]+[-]][-]S[-][[-]+[-]][-]S[-][[-]+[-]][-]][-][[-]+[-]][-]>[-][[-]+[-]][-][[-][[-]+[-]][-]S[-][[-]+[-]][-]U[-][[-]+[-]]
[-]C[-][[-]+[-]][-]C[-][[-]+[-]][-]E[-][[-]+[-]][-]S[-][[-]+[-]][-]S[-][[-]+[-]][-]][-][[-]+[-]][-][[-][[-]+[-]][-][[-][[-]+[-]]
[-]S[-][[-]+[-]][-]U[-][[-]+[-]][-]C[-][[-]+[-]][-]C[-][[-]+[-]][-]E[-][[-]+[-]][-]S[-][[-]+[-]][-]S[-][[-]+[-]][-]][-][[-]+[-]]
[-]I[-][[-]+[-]][-][[-][[-]+[-]][-]S[-][[-]+[-]][-]U[-][[-]+[-]][-]C[-][[-]+[-]][-]C[-][[-]+[-]][-]E[-][[-]+[-]][-]S[-][[-]+[-]]
[-]S[-][[-]+[-]][-]][-][[-]+[-]][-]N[-][[-]+[-]][-][[-][[-]+[-]][-]S[-][[-]+[-]][-]U[-][[-]+[-]][-]C[-][[-]+[-]][-]C[-][[-]+[-]]
[-]E[-][[-]+[-]][-]S[-][[-]+[-]][-]S[-][[-]+[-]][-]][-][[-]+[-]][-]F[-][[-]+[-]][-][[-][[-]+[-]][-]S[-][[-]+[-]][-]U[-][[-]+[-]]
[-]C[-][[-]+[-]][-]C[-][[-]+[-]][-]E[-][[-]+[-]][-]S[-][[-]+[-]][-]S[-][[-]+[-]][-]][-][[-]+[-]][-]O[-][[-]+[-]][-][[-][[-]+[-]]
[-]S[-][[-]+[-]][-]U[-][[-]+[-]][-]C[-][[-]+[-]][-]C[-][[-]+[-]][-]E[-][[-]+[-]][-]S[-][[-]+[-]][-]S[-][[-]+[-]][-]][-][[-]+[-]]
[-]][-][[-]+[-]][-][[-][[-]+[-]][-]S[-][[-]+[-]][-]U[-][[-]+[-]][-]C[-][[-]+[-]][-]C[-][[-]+[-]][-]E[-][[-]+[-]][-]S[-][[-]+[-]]
[-]S[-][[-]+[-]][-]][-][[-]+[-]][-]][-][[-]+[-]][-][[-][[-]+[-]][-]S[-][[-]+[-]][-]U[-][[-]+[-]][-]C[-][[-]+[-]][-]C[-][[-]+[-]]
[-]E[-][[-]+[-]][-]S[-][[-]+[-]][-]S[-][[-]+[-]][-]][-][[-]+[-]][-][[-][[-]+[-]][-][[-][[-]+[-]][-]S[-][[-]+[-]][-]U[-][[-]+[-]]
[-]C[-][[-]+[-]][-]C[-][[-]+[-]][-]E[-][[-]+[-]][-]S[-][[-]+[-]][-]S[-][[-]+[-]][-]][-][[-]+[-]][-]I[-][[-]+[-]][-][[-][[-]+[-]]
[-]S[-][[-]+[-]][-]U[-][[-]+[-]][-]C[-][[-]+[-]][-]C[-][[-]+[-]][-]E[-][[-]+[-]][-]S[-][[-]+[-]][-]S[-][[-]+[-]][-]][-][[-]+[-]]
[-]N[-][[-]+[-]][-][[-][[-]+[-]][-]S[-][[-]+[-]][-]U[-][[-]+[-]][-]C[-][[-]+[-]][-]C[-][[-]+[-]][-]E[-][[-]+[-]][-]S[-][[-]+[-]]
[-]S[-][[-]+[-]][-]][-][[-]+[-]][-]F[-][[-]+[-]][-][[-][[-]+[-]][-]S[-][[-]+[-]][-]U[-][[-]+[-]][-]C[-][[-]+[-]][-]C[-][[-]+[-]]
[-]E[-][[-]+[-]][-]S[-][[-]+[-]][-]S[-][[-]+[-]][-]][-][[-]+[-]][-]O[-][[-]+[-]][-][[-][[-]+[-]][-]S[-][[-]+[-]][-]U[-][[-]+[-]]
[-]C[-][[-]+[-]][-]C[-][[-]+[-]][-]E[-][[-]+[-]][-]S[-][[-]+[-]][-]S[-][[-]+[-]][-]][-][[-]+[-]][-]][-][[-]+[-]][-][[-][[-]+[-]]
[-]S[-][[-]+[-]][-]U[-][[-]+[-]][-]C[-][[-]+[-]][-]C[-][[-]+[-]][-]E[-][[-]+[-]][-]S[-][[-]+[-]][-]S[-][[-]+[-]][-]][-][[-]+[-]]
[-]K[-][[-]+[-]][-][[-][[-]+[-]][-]S[-][[-]+[-]][-]U[-][[-]+[-]][-]C[-][[-]+[-]][-]C[-][[-]+[-]][-]E[-][[-]+[-]][-]S[-][[-]+[-]]
[-]S[-][[-]+[-]][-]][-][[-]+[-]][-][[-][[-]+[-]][-][[-][[-]+[-]][-]S[-][[-]+[-]][-]U[-][[-]+[-]][-]C[-][[-]+[-]][-]C[-][[-]+[-]]
[-]E[-][[-]+[-]][-]S[-][[-]+[-]][-]S[-][[-]+[-]][-]][-][[-]+[-]][-]I[-][[-]+[-]][-][[-][[-]+[-]][-]S[-][[-]+[-]][-]U[-][[-]+[-]]
[-]C[-][[-]+[-]][-]C[-][[-]+[-]][-]E[-][[-]+[-]][-]S[-][[-]+[-]][-]S[-][[-]+[-]][-]][-][[-]+[-]][-]N[-][[-]+[-]][-][[-][[-]+[-]]
[-]S[-][[-]+[-]][-]U[-][[-]+[-]][-]C[-][[-]+[-]][-]C[-][[-]+[-]][-]E[-][[-]+[-]][-]S[-][[-]+[-]][-]S[-][[-]+[-]][-]][-][[-]+[-]]
[-]F[-][[-]+[-]][-][[-][[-]+[-]][-]S[-][[-]+[-]][-]U[-][[-]+[-]][-]C[-][[-]+[-]][-]C[-][[-]+[-]][-]E[-][[-]+[-]][-]S[-][[-]+[-]]
[-]S[-][[-]+[-]][-]][-][[-]+[-]][-]O[-][[-]+[-]][-][[-][[-]+[-]][-]S[-][[-]+[-]][-]U[-][[-]+[-]][-]C[-][[-]+[-]][-]C[-][[-]+[-]]
[-]E[-][[-]+[-]][-]S[-][[-]+[-]][-]S[-][[-]+[-]][-]][-][[-]+[-]][-]][-][[-]+[-]][-][[-][[-]+[-]][-]S[-][[-]+[-]][-]U[-][[-]+[-]]
[-]C[-][[-]+[-]][-]C[-][[-]+[-]][-]E[-][[-]+[-]][-]S[-][[-]+[-]][-]S[-][[-]+[-]][-]][-][[-]+[-]][-][[-][[-]+[-]][-][[-][[-]+[-]]
[-]S[-][[-]+[-]][-]U[-][[-]+[-]][-]C[-][[-]+[-]][-]C[-][[-]+[-]][-]E[-][[-]+[-]][-]S[-][[-]+[-]][-]S[-][[-]+[-]][-]][-][[-]+[-]]
[-][[-][[-]+[-]][-][[-][[-]+[-]][-]S[-][[-]+[-]][-]U[-][[-]+[-]][-]C[-][[-]+[-]][-]C[-][[-]+[-]][-]E[-][[-]+[-]][-]S[-][[-]+[-]]
[-]S[-][[-]+[-]][-]][-][[-]+[-]][-]I[-][[-]+[-]][-][[-][[-]+[-]][-]S[-][[-]+[-]][-]U[-][[-]+[-]][-]C[-][[-]+[-]][-]C[-][[-]+[-]]
[-]E[-][[-]+[-]][-]S[-][[-]+[-]][-]S[-][[-]+[-]][-]][-][[-]+[-]][-]N[-][[-]+[-]][-][[-][[-]+[-]][-]S[-][[-]+[-]][-]U[-][[-]+[-]]
[-]C[-][[-]+[-]][-]C[-][[-]+[-]][-]E[-][[-]+[-]][-]S[-][[-]+[-]][-]S[-][[-]+[-]][-]][-][[-]+[-]][-]F[-][[-]+[-]][-][[-][[-]+[-]]
[-]S[-][[-]+[-]][-]U[-][[-]+[-]][-]C[-][[-]+[-]][-]C[-][[-]+[-]][-]E[-][[-]+[-]][-]S[-][[-]+[-]][-]S[-][[-]+[-]][-]][-][[-]+[-]]
[-]O[-][[-]+[-]][-][[-][[-]+[-]][-]S[-][[-]+[-]][-]U[-][[-]+[-]][-]C[-][[-]+[-]][-]C[-][[-]+[-]][-]E[-][[-]+[-]][-]S[-][[-]+[-]]
[-]S[-][[-]+[-]][-]][-][[-]+[-]][-]][-][[-]+[-]][-][[-][[-]+[-]][-]S[-][[-]+[-]][-]U[-][[-]+[-]][-]C[-][[-]+[-]][-]C[-][[-]+[-]]
[-]E[-][[-]+[-]][-]S[-][[-]+[-]][-]S[-][[-]+[-]][-]][-][[-]+[-]][-]>[-][[-]+[-]][-][[-][[-]+[-]][-]S[-][[-]+[-]][-]U[-][[-]+[-]]
[-]C[-][[-]+[-]][-]C[-][[-]+[-]][-]E[-][[-]+[-]][-]S[-][[-]+[-]][-]S[-][[-]+[-]][-]][-][[-]+[-]][-][[-][[-]+[-]][-][[-][[-]+[-]]
[-]S[-][[-]+[-]][-]U[-][[-]+[-]][-]C[-][[-]+[-]][-]C[-][[-]+[-]][-]E[-][[-]+[-]][-]S[-][[-]+[-]][-]S[-][[-]+[-]][-]][-][[-]+[-]]
[-]I[-][[-]+[-]][-][[-][[-]+[-]][-]S[-][[-]+[-]][-]U[-][[-]+[-]][-]C[-][[-]+[-]][-]C[-][[-]+[-]][-]E[-][[-]+[-]][-]S[-][[-]+[-]]
[-]S[-][[-]+[-]][-]][-][[-]+[-]][-]N[-][[-]+[-]][-][[-][[-]+[-]][-]S[-][[-]+[-]][-]U[-][[-]+[-]][-]C[-][[-]+[-]][-]C[-][[-]+[-]]
[-]E[-][[-]+[-]][-]S[-][[-]+[-]][-]S[-][[-]+[-]][-]][-][[-]+[-]][-]F[-][[-]+[-]][-][[-][[-]+[-]][-]S[-][[-]+[-]][-]U[-][[-]+[-]]
[-]C[-][[-]+[-]][-]C[-][[-]+[-]][-]E[-][[-]+[-]][-]S[-][[-]+[-]][-]S[-][[-]+[-]][-]][-][[-]+[-]][-]O[-][[-]+[-]][-][[-][[-]+[-]]
[-]S[-][[-]+[-]][-]U[-][[-]+[-]][-]C[-][[-]+[-]][-]C[-][[-]+[-]][-]E[-][[-]+[-]][-]S[-][[-]+[-]][-]S[-][[-]+[-]][-]][-][[-]+[-]]
[-]][-][[-]+[-]][-][[-][[-]+[-]][-]S[-][[-]+[-]][-]U[-][[-]+[-]][-]C[-][[-]+[-]][-]C[-][[-]+[-]][-]E[-][[-]+[-]][-]S[-][[-]+[-]]
[-]S[-][[-]+[-]][-]][-][[-]+[-]][-]][-][[-]+[-]][-][[-][[-]+[-]][-]S[-][[-]+[-]][-]U[-][[-]+[-]][-]C[-][[-]+[-]][-]C[-][[-]+[-]]
[-]E[-][[-]+[-]][-]S[-][[-]+[-]][-]S[-][[-]+[-]][-]][-][[-]+[-]][-][[-][[-]+[-]][-][[-][[-]+[-]][-]S[-][[-]+[-]][-]U[-][[-]+[-]]
[-]C[-][[-]+[-]][-]C[-][[-]+[-]][-]E[-][[-]+[-]][-]S[-][[-]+[-]][-]S[-][[-]+[-]][-]][-][[-]+[-]][-]I[-][[-]+[-]][-][[-][[-]+[-]]
[-]S[-][[-]+[-]][-]U[-][[-]+[-]][-]C[-][[-]+[-]][-]C[-][[-]+[-]][-]E[-][[-]+[-]][-]S[-][[-]+[-]][-]S[-][[-]+[-]][-]][-][[-]+[-]]
[-]N[-][[-]+[-]][-][[-][[-]+[-]][-]S[-][[-]+[-]][-]U[-][[-]+[-]][-]C[-][[-]+[-]][-]C[-][[-]+[-]][-]E[-][[-]+[-]][-]S[-][[-]+[-]]
[-]S[-][[-]+[-]][-]][-][[-]+[-]][-]F[-][[-]+[-]][-][[-][[-]+[-]][-]S[-][[-]+[-]][-]U[-][[-]+[-]][-]C[-][[-]+[-]][-]C[-][[-]+[-]]
[-]E[-][[-]+[-]][-]S[-][[-]+[-]][-]S[-][[-]+[-]][-]][-][[-]+[-]][-]O[-][[-]+[-]][-][[-][[-]+[-]][-]S[-][[-]+[-]][-]U[-][[-]+[-]]
[-]C[-][[-]+[-]][-]C[-][[-]+[-]][-]E[-][[-]+[-]][-]S[-][[-]+[-]][-]S[-][[-]+[-]][-]][-][[-]+[-]][-]][-][[-]+[-]][-][[-][[-]+[-]]
[-]S[-][[-]+[-]][-]U[-][[-]+[-]][-]C[-][[-]+[-]][-]C[-][[-]+[-]][-]E[-][[-]+[-]][-]S[-][[-]+[-]][-]S[-][[-]+[-]][-]][-][[-]+[-]]
[-]][-][[-]+[-]][-][[-][[-]+[-]][-]S[-][[-]+[-]][-]U[-][[-]+[-]][-]C[-][[-]+[-]][-]C[-][[-]+[-]][-]E[-][[-]+[-]][-]S[-][[-]+[-]]
[-]S[-][[-]+[-]][-]][-][[-]+[-]][-][[-][[-]+[-]][-][[-][[-]+[-]][-]S[-][[-]+[-]][-]U[-][[-]+[-]][-]C[-][[-]+[-]][-]C[-][[-]+[-]]
[-]E[-][[-]+[-]][-]S[-][[-]+[-]][-]S[-][[-]+[-]][-]][-][[-]+[-]][-]I[-][[-]+[-]][-][[-][[-]+[-]][-]S[-][[-]+[-]][-]U[-][[-]+[-]]
[-]C[-][[-]+[-]][-]C[-][[-]+[-]][-]E[-][[-]+[-]][-]S[-][[-]+[-]][-]S[-][[-]+[-]][-]][-][[-]+[-]][-]N[-][[-]+[-]][-][[-][[-]+[-]]
[-]S[-][[-]+[-]][-]U[-][[-]+[-]][-]C[-][[-]+[-]][-]C[-][[-]+[-]][-]E[-][[-]+[-]][-]S[-][[-]+[-]][-]S[-][[-]+[-]][-]][-][[-]+[-]]
[-]F[-][[-]+[-]][-][[-][[-]+[-]][-]S[-][[-]+[-]][-]U[-][[-]+[-]][-]C[-][[-]+[-]][-]C[-][[-]+[-]][-]E[-][[-]+[-]][-]S[-][[-]+[-]]
[-]S[-][[-]+[-]][-]][-][[-]+[-]][-]O[-][[-]+[-]][-][[-][[-]+[-]][-]S[-][[-]+[-]][-]U[-][[-]+[-]][-]C[-][[-]+[-]][-]C[-][[-]+[-]]
[-]E[-][[-]+[-]][-]S[-][[-]+[-]][-]S[-][[-]+[-]][-]][-][[-]+[-]][-]][-][[-]+[-]][-][[-][[-]+[-]][-]S[-][[-]+[-]][-]U[-][[-]+[-]]
[-]C[-][[-]+[-]][-]C[-][[-]+[-]][-]E[-][[-]+[-]][-]S[-][[-]+[-]][-]S[-][[-]+[-]][-]][-][[-]+[-]][-][[-][[-]+[-]][-][[-][[-]+[-]]
[-]S[-][[-]+[-]][-]U[-][[-]+[-]][-]C[-][[-]+[-]][-]C[-][[-]+[-]][-]E[-][[-]+[-]][-]S[-][[-]+[-]][-]S[-][[-]+[-]][-]][-][[-]+[-]]
[-][[-][[-]+[-]][-][[-][[-]+[-]][-]S[-][[-]+[-]][-]U[-][[-]+[-]][-]C[-][[-]+[-]][-]C[-][[-]+[-]][-]E[-][[-]+[-]][-]S[-][[-]+[-]]
[-]S[-][[-]+[-]][-]][-][[-]+[-]][-]I[-][[-]+[-]][-][[-][[-]+[-]][-]S[-][[-]+[-]][-]U[-][[-]+[-]][-]C[-][[-]+[-]][-]C[-][[-]+[-]]
[-]E[-][[-]+[-]][-]S[-][[-]+[-]][-]S[-][[-]+[-]][-]][-][[-]+[-]][-]N[-][[-]+[-]][-][[-][[-]+[-]][-]S[-][[-]+[-]][-]U[-][[-]+[-]]
[-]C[-][[-]+[-]][-]C[-][[-]+[-]][-]E[-][[-]+[-]][-]S[-][[-]+[-]][-]S[-][[-]+[-]][-]][-][[-]+[-]][-]F[-][[-]+[-]][-][[-][[-]+[-]]
[-]S[-][[-]+[-]][-]U[-][[-]+[-]][-]C[-][[-]+[-]][-]C[-][[-]+[-]][-]E[-][[-]+[-]][-]S[-][[-]+[-]][-]S[-][[-]+[-]][-]][-][[-]+[-]]
[-]O[-][[-]+[-]][-][[-][[-]+[-]][-]S[-][[-]+[-]][-]U[-][[-]+[-]][-]C[-][[-]+[-]][-]C[-][[-]+[-]][-]E[-][[-]+[-]][-]S[-][[-]+[-]]
[-]S[-][[-]+[-]][-]][-][[-]+[-]][-]][-][[-]+[-]][-][[-][[-]+[-]][-]S[-][[-]+[-]][-]U[-][[-]+[-]][-]C[-][[-]+[-]][-]C[-][[-]+[-]]
[-]E[-][[-]+[-]][-]S[-][[-]+[-]][-]S[-][[-]+[-]][-]][-][[-]+[-]][-]>[-][[-]+[-]][-][[-][[-]+[-]][-]S[-][[-]+[-]][-]U[-][[-]+[-]]
[-]C[-][[-]+[-]][-]C[-][[-]+[-]][-]E[-][[-]+[-]][-]S[-][[-]+[-]][-]S[-][[-]+[-]][-]][-][[-]+[-]][-][[-][[-]+[-]][-][[-][[-]+[-]]
[-]S[-][[-]+[-]][-]U[-][[-]+[-]][-]C[-][[-]+[-]][-]C[-][[-]+[-]][-]E[-][[-]+[-]][-]S[-][[-]+[-]][-]S[-][[-]+[-]][-]][-][[-]+[-]]
[-]I[-][[-]+[-]][-][[-][[-]+[-]][-]S[-][[-]+[-]][-]U[-][[-]+[-]][-]C[-][[-]+[-]][-]C[-][[-]+[-]][-]E[-][[-]+[-]][-]S[-][[-]+[-]]
[-]S[-][[-]+[-]][-]][-][[-]+[-]][-]N[-][[-]+[-]][-][[-][[-]+[-]][-]S[-][[-]+[-]][-]U[-][[-]+[-]][-]C[-][[-]+[-]][-]C[-][[-]+[-]]
[-]E[-][[-]+[-]][-]S[-][[-]+[-]][-]S[-][[-]+[-]][-]][-][[-]+[-]][-]F[-][[-]+[-]][-][[-][[-]+[-]][-]S[-][[-]+[-]][-]U[-][[-]+[-]]
[-]C[-][[-]+[-]][-]C[-][[-]+[-]][-]E[-][[-]+[-]][-]S[-][[-]+[-]][-]S[-][[-]+[-]][-]][-][[-]+[-]][-]O[-][[-]+[-]][-][[-][[-]+[-]]
[-]S[-][[-]+[-]][-]U[-][[-]+[-]][-]C[-][[-]+[-]][-]C[-][[-]+[-]][-]E[-][[-]+[-]][-]S[-][[-]+[-]][-]S[-][[-]+[-]][-]][-][[-]+[-]]
[-]][-][[-]+[-]][-][[-][[-]+[-]][-]S[-][[-]+[-]][-]U[-][[-]+[-]][-]C[-][[-]+[-]][-]C[-][[-]+[-]][-]E[-][[-]+[-]][-]S[-][[-]+[-]]
[-]S[-][[-]+[-]][-]][-][[-]+[-]][-]][-][[-]+[-]][-][[-][[-]+[-]][-]S[-][[-]+[-]][-]U[-][[-]+[-]][-]C[-][[-]+[-]][-]C[-][[-]+[-]]
[-]E[-][[-]+[-]][-]S[-][[-]+[-]][-]S[-][[-]+[-]][-]][-][[-]+[-]][-][[-][[-]+[-]][-][[-][[-]+[-]][-]S[-][[-]+[-]][-]U[-][[-]+[-]]
[-]C[-][[-]+[-]][-]C[-][[-]+[-]][-]E[-][[-]+[-]][-]S[-][[-]+[-]][-]S[-][[-]+[-]][-]][-][[-]+[-]][-]I[-][[-]+[-]][-][[-][[-]+[-]]
[-]S[-][[-]+[-]][-]U[-][[-]+[-]][-]C[-][[-]+[-]][-]C[-][[-]+[-]][-]E[-][[-]+[-]][-]S[-][[-]+[-]][-]S[-][[-]+[-]][-]][-][[-]+[-]]
[-]N[-][[-]+[-]][-][[-][[-]+[-]][-]S[-][[-]+[-]][-]U[-][[-]+[-]][-]C[-][[-]+[-]][-]C[-][[-]+[-]][-]E[-][[-]+[-]][-]S[-][[-]+[-]]
[-]S[-][[-]+[-]][-]][-][[-]+[-]][-]F[-][[-]+[-]][-][[-][[-]+[-]][-]S[-][[-]+[-]][-]U[-][[-]+[-]][-]C[-][[-]+[-]][-]C[-][[-]+[-]]
[-]E[-][[-]+[-]][-]S[-][[-]+[-]][-]S[-][[-]+[-]][-]][-][[-]+[-]][-]O[-][[-]+[-]][-][[-][[-]+[-]][-]S[-][[-]+[-]][-]U[-][[-]+[-]]
[-]C[-][[-]+[-]][-]C[-][[-]+[-]][-]E[-][[-]+[-]][-]S[-][[-]+[-]][-]S[-][[-]+[-]][-]][-][[-]+[-]][-]][-][[-]+[-]][-][[-][[-]+[-]]
[-]S[-][[-]+[-]][-]U[-][[-]+[-]][-]C[-][[-]+[-]][-]C[-][[-]+[-]][-]E[-][[-]+[-]][-]S[-][[-]+[-]][-]S[-][[-]+[-]][-]][-][[-]+[-]]
[-]][-][[-]+[-]][-][[-][[-]+[-]][-]S[-][[-]+[-]][-]U[-][[-]+[-]][-]C[-][[-]+[-]][-]C[-][[-]+[-]][-]E[-][[-]+[-]][-]S[-][[-]+[-]]
[-]S[-][[-]+[-]][-]][-][[-]+[-]][-][[-][[-]+[-]][-][[-][[-]+[-]][-]S[-][[-]+[-]][-]U[-][[-]+[-]][-]C[-][[-]+[-]][-]C[-][[-]+[-]]
[-]E[-][[-]+[-]][-]S[-][[-]+[-]][-]S[-][[-]+[-]][-]][-][[-]+[-]][-]I[-][[-]+[-]][-][[-][[-]+[-]][-]S[-][[-]+[-]][-]U[-][[-]+[-]]
[-]C[-][[-]+[-]][-]C[-][[-]+[-]][-]E[-][[-]+[-]][-]S[-][[-]+[-]][-]S[-][[-]+[-]][-]][-][[-]+[-]][-]N[-][[-]+[-]][-][[-][[-]+[-]]
[-]S[-][[-]+[-]][-]U[-][[-]+[-]][-]C[-][[-]+[-]][-]C[-][[-]+[-]][-]E[-][[-]+[-]][-]S[-][[-]+[-]][-]S[-][[-]+[-]][-]][-][[-]+[-]]
[-]F[-][[-]+[-]][-][[-][[-]+[-]][-]S[-][[-]+[-]][-]U[-][[-]+[-]][-]C[-][[-]+[-]][-]C[-][[-]+[-]][-]E[-][[-]+[-]][-]S[-][[-]+[-]]
[-]S[-][[-]+[-]][-]][-][[-]+[-]][-]O[-][[-]+[-]][-][[-][[-]+[-]][-]S[-][[-]+[-]][-]U[-][[-]+[-]][-]C[-][[-]+[-]][-]C[-][[-]+[-]]
[-]E[-][[-]+[-]][-]S[-][[-]+[-]][-]S[-][[-]+[-]][-]][-][[-]+[-]][-]][-][[-]+[-]][-][[-][[-]+[-]][-]S[-][[-]+[-]][-]U[-][[-]+[-]]
[-]C[-][[-]+[-]][-]C[-][[-]+[-]][-]E[-][[-]+[-]][-]S[-][[-]+[-]][-]S[-][[-]+[-]][-]][-][[-]+[-]][-][[-][[-]+[-]][-][[-][[-]+[-]]
[-]S[-][[-]+[-]][-]U[-][[-]+[-]][-]C[-][[-]+[-]][-]C[-][[-]+[-]][-]E[-][[-]+[-]][-]S[-][[-]+[-]][-]S[-][[-]+[-]][-]][-][[-]+[-]]
[-][[-][[-]+[-]][-][[-][[-]+[-]][-]S[-][[-]+[-]][-]U[-][[-]+[-]][-]C[-][[-]+[-]][-]C[-][[-]+[-]][-]E[-][[-]+[-]][-]S[-][[-]+[-]]
[-]S[-][[-]+[-]][-]][-][[-]+[-]][-]I[-][[-]+[-]][-][[-][[-]+[-]][-]S[-][[-]+[-]][-]U[-][[-]+[-]][-]C[-][[-]+[-]][-]C[-][[-]+[-]]
[-]E[-][[-]+[-]][-]S[-][[-]+[-]][-]S[-][[-]+[-]][-]][-][[-]+[-]][-]N[-][[-]+[-]][-][[-][[-]+[-]][-]S[-][[-]+[-]][-]U[-][[-]+[-]]
[-]C[-][[-]+[-]][-]C[-][[-]+[-]][-]E[-][[-]+[-]][-]S[-][[-]+[-]][-]S[-][[-]+[-]][-]][-][[-]+[-]][-]F[-][[-]+[-]][-][[-][[-]+[-]]
[-]S[-][[-]+[-]][-]U[-][[-]+[-]][-]C[-][[-]+[-]][-]C[-][[-]+[-]][-]E[-][[-]+[-]][-]S[-][[-]+[-]][-]S[-][[-]+[-]][-]][-][[-]+[-]]
[-]O[-][[-]+[-]][-][[-][[-]+[-]][-]S[-][[-]+[-]][-]U[-][[-]+[-]][-]C[-][[-]+[-]][-]C[-][[-]+[-]][-]E[-][[-]+[-]][-]S[-][[-]+[-]]
[-]S[-][[-]+[-]][-]][-][[-]+[-]][-]][-][[-]+[-]][-][[-][[-]+[-]][-]S[-][[-]+[-]][-]U[-][[-]+[-]][-]C[-][[-]+[-]][-]C[-][[-]+[-]]
[-]E[-][[-]+[-]][-]S[-][[-]+[-]][-]S[-][[-]+[-]][-]][-][[-]+[-]][-]>[-][[-]+[-]][-][[-][[-]+[-]][-]S[-][[-]+[-]][-]U[-][[-]+[-]]
[-]C[-][[-]+[-]][-]C[-][[-]+[-]][-]E[-][[-]+[-]][-]S[-][[-]+[-]][-]S[-][[-]+[-]][-]][-][[-]+[-]][-][[-][[-]+[-]][-][[-][[-]+[-]]
[-]S[-][[-]+[-]][-]U[-][[-]+[-]][-]C[-][[-]+[-]][-]C[-][[-]+[-]][-]E[-][[-]+[-]][-]S[-][[-]+[-]][-]S[-][[-]+[-]][-]][-][[-]+[-]]
[-]I[-][[-]+[-]][-][[-][[-]+[-]][-]S[-][[-]+[-]][-]U[-][[-]+[-]][-]C[-][[-]+[-]][-]C[-][[-]+[-]][-]E[-][[-]+[-]][-]S[-][[-]+[-]]
[-]S[-][[-]+[-]][-]][-][[-]+[-]][-]N[-][[-]+[-]][-][[-][[-]+[-]][-]S[-][[-]+[-]][-]U[-][[-]+[-]][-]C[-][[-]+[-]][-]C[-][[-]+[-]]
[-]E[-][[-]+[-]][-]S[-][[-]+[-]][-]S[-][[-]+[-]][-]][-][[-]+[-]][-]F[-][[-]+[-]][-][[-][[-]+[-]][-]S[-][[-]+[-]][-]U[-][[-]+[-]]
[-]C[-][[-]+[-]][-]C[-][[-]+[-]][-]E[-][[-]+[-]][-]S[-][[-]+[-]][-]S[-][[-]+[-]][-]][-][[-]+[-]][-]O[-][[-]+[-]][-][[-][[-]+[-]]
[-]S[-][[-]+[-]][-]U[-][[-]+[-]][-]C[-][[-]+[-]][-]C[-][[-]+[-]][-]E[-][[-]+[-]][-]S[-][[-]+[-]][-]S[-][[-]+[-]][-]][-][[-]+[-]]
[-]][-][[-]+[-]][-][[-][[-]+[-]][-]S[-][[-]+[-]][-]U[-][[-]+[-]][-]C[-][[-]+[-]][-]C[-][[-]+[-]][-]E[-][[-]+[-]][-]S[-][[-]+[-]]
[-]S[-][[-]+[-]][-]][-][[-]+[-]][-]][-][[-]+[-]][-][[-][[-]+[-]][-]S[-][[-]+[-]][-]U[-][[-]+[-]][-]C[-][[-]+[-]][-]C[-][[-]+[-]]
[-]E[-][[-]+[-]][-]S[-][[-]+[-]][-]S[-][[-]+[-]][-]][-][[-]+[-]][-][[-][[-]+[-]][-][[-][[-]+[-]][-]S[-][[-]+[-]][-]U[-][[-]+[-]]
[-]C[-][[-]+[-]][-]C[-][[-]+[-]][-]E[-][[-]+[-]][-]S[-][[-]+[-]][-]S[-][[-]+[-]][-]][-][[-]+[-]][-]I[-][[-]+[-]][-][[-][[-]+[-]]
[-]S[-][[-]+[-]][-]U[-][[-]+[-]][-]C[-][[-]+[-]][-]C[-][[-]+[-]][-]E[-][[-]+[-]][-]S[-][[-]+[-]][-]S[-][[-]+[-]][-]][-][[-]+[-]]
[-]N[-][[-]+[-]][-][[-][[-]+[-]][-]S[-][[-]+[-]][-]U[-][[-]+[-]][-]C[-][[-]+[-]][-]C[-][[-]+[-]][-]E[-][[-]+[-]][-]S[-][[-]+[-]]
[-]S[-][[-]+[-]][-]][-][[-]+[-]][-]F[-][[-]+[-]][-][[-][[-]+[-]][-]S[-][[-]+[-]][-]U[-][[-]+[-]][-]C[-][[-]+[-]][-]C[-][[-]+[-]]
[-]E[-][[-]+[-]][-]S[-][[-]+[-]][-]S[-][[-]+[-]][-]][-][[-]+[-]][-]O[-][[-]+[-]][-][[-][[-]+[-]][-]S[-][[-]+[-]][-]U[-][[-]+[-]]
[-]C[-][[-]+[-]][-]C[-][[-]+[-]][-]E[-][[-]+[-]][-]S[-][[-]+[-]][-]S[-][[-]+[-]][-]][-][[-]+[-]][-]][-][[-]+[-]][-][[-][[-]+[-]]
[-]S[-][[-]+[-]][-]U[-][[-]+[-]][-]C[-][[-]+[-]][-]C[-][[-]+[-]][-]E[-][[-]+[-]][-]S[-][[-]+[-]][-]S[-][[-]+[-]][-]][-][[-]+[-]]
[-][[-][[-]+[-]][-][[-][[-]+[-]][-]S[-][[-]+[-]][-]U[-][[-]+[-]][-]C[-][[-]+[-]][-]C[-][[-]+[-]][-]E[-][[-]+[-]][-]S[-][[-]+[-]]
[-]S[-][[-]+[-]][-]][-][[-]+[-]][-][[-][[-]+[-]][-][[-][[-]+[-]][-]S[-][[-]+[-]][-]U[-][[-]+[-]][-]C[-][[-]+[-]][-]C[-][[-]+[-]]
[-]E[-][[-]+[-]][-]S[-][[-]+[-]][-]S[-][[-]+[-]][-]][-][[-]+[-]][-]I[-][[-]+[-]][-][[-][[-]+[-]][-]S[-][[-]+[-]][-]U[-][[-]+[-]]
[-]C[-][[-]+[-]][-]C[-][[-]+[-]][-]E[-][[-]+[-]][-]S[-][[-]+[-]][-]S[-][[-]+[-]][-]][-][[-]+[-]][-]N[-][[-]+[-]][-][[-][[-]+[-]]
[-]S[-][[-]+[-]][-]U[-][[-]+[-]][-]C[-][[-]+[-]][-]C[-][[-]+[-]][-]E[-][[-]+[-]][-]S[-][[-]+[-]][-]S[-][[-]+[-]][-]][-][[-]+[-]]
[-]F[-][[-]+[-]][-][[-][[-]+[-]][-]S[-][[-]+[-]][-]U[-][[-]+[-]][-]C[-][[-]+[-]][-]C[-][[-]+[-]][-]E[-][[-]+[-]][-]S[-][[-]+[-]]
[-]S[-][[-]+[-]][-]][-][[-]+[-]][-]O[-][[-]+[-]][-][[-][[-]+[-]][-]S[-][[-]+[-]][-]U[-][[-]+[-]][-]C[-][[-]+[-]][-]C[-][[-]+[-]]
[-]E[-][[-]+[-]][-]S[-][[-]+[-]][-]S[-][[-]+[-]][-]][-][[-]+[-]][-]][-][[-]+[-]][-][[-][[-]+[-]][-]S[-][[-]+[-]][-]U[-][[-]+[-]]
[-]C[-][[-]+[-]][-]C[-][[-]+[-]][-]E[-][[-]+[-]][-]S[-][[-]+[-]][-]S[-][[-]+[-]][-]][-][[-]+[-]][-][[-][[-]+[-]][-][[-][[-]+[-]]
[-]S[-][[-]+[-]][-]U[-][[-]+[-]][-]C[-][[-]+[-]][-]C[-][[-]+[-]][-]E[-][[-]+[-]][-]S[-][[-]+[-]][-]S[-][[-]+[-]][-]][-][[-]+[-]]
[-][[-][[-]+[-]][-][[-][[-]+[-]][-]S[-][[-]+[-]][-]U[-][[-]+[-]][-]C[-][[-]+[-]][-]C[-][[-]+[-]][-]E[-][[-]+[-]][-]S[-][[-]+[-]]
[-]S[-][[-]+[-]][-]][-][[-]+[-]][-]I[-][[-]+[-]][-][[-][[-]+[-]][-]S[-][[-]+[-]][-]U[-][[-]+[-]][-]C[-][[-]+[-]][-]C[-][[-]+[-]]
[-]E[-][[-]+[-]][-]S[-][[-]+[-]][-]S[-][[-]+[-]][-]][-][[-]+[-]][-]N[-][[-]+[-]][-][[-][[-]+[-]][-]S[-][[-]+[-]][-]U[-][[-]+[-]]
[-]C[-][[-]+[-]][-]C[-][[-]+[-]][-]E[-][[-]+[-]][-]S[-][[-]+[-]][-]S[-][[-]+[-]][-]][-][[-]+[-]][-]F[-][[-]+[-]][-][[-][[-]+[-]]
[-]S[-][[-]+[-]][-]U[-][[-]+[-]][-]C[-][[-]+[-]][-]C[-][[-]+[-]][-]E[-][[-]+[-]][-]S[-][[-]+[-]][-]S[-][[-]+[-]][-]][-][[-]+[-]]
[-]O[-][[-]+[-]][-][[-][[-]+[-]][-]S[-][[-]+[-]][-]U[-][[-]+[-]][-]C[-][[-]+[-]][-]C[-][[-]+[-]][-]E[-][[-]+[-]][-]S[-][[-]+[-]]
[-]S[-][[-]+[-]][-]][-][[-]+[-]][-]][-][[-]+[-]][-][[-][[-]+[-]][-]S[-][[-]+[-]][-]U[-][[-]+[-]][-]C[-][[-]+[-]][-]C[-][[-]+[-]]
[-]E[-][[-]+[-]][-]S[-][[-]+[-]][-]S[-][[-]+[-]][-]][-][[-]+[-]][-]>[-][[-]+[-]][-][[-][[-]+[-]][-]S[-][[-]+[-]][-]U[-][[-]+[-]]
[-]C[-][[-]+[-]][-]C[-][[-]+[-]][-]E[-][[-]+[-]][-]S[-][[-]+[-]][-]S[-][[-]+[-]][-]][-][[-]+[-]][-][[-][[-]+[-]][-][[-][[-]+[-]]
[-]S[-][[-]+[-]][-]U[-][[-]+[-]][-]C[-][[-]+[-]][-]C[-][[-]+[-]][-]E[-][[-]+[-]][-]S[-][[-]+[-]][-]S[-][[-]+[-]][-]][-][[-]+[-]]
[-]I[-][[-]+[-]][-][[-][[-]+[-]][-]S[-][[-]+[-]][-]U[-][[-]+[-]][-]C[-][[-]+[-]][-]C[-][[-]+[-]][-]E[-][[-]+[-]][-]S[-][[-]+[-]]
[-]S[-][[-]+[-]][-]][-][[-]+[-]][-]N[-][[-]+[-]][-][[-][[-]+[-]][-]S[-][[-]+[-]][-]U[-][[-]+[-]][-]C[-][[-]+[-]][-]C[-][[-]+[-]]
[-]E[-][[-]+[-]][-]S[-][[-]+[-]][-]S[-][[-]+[-]][-]][-][[-]+[-]][-]F[-][[-]+[-]][-][[-][[-]+[-]][-]S[-][[-]+[-]][-]U[-][[-]+[-]]
[-]C[-][[-]+[-]][-]C[-][[-]+[-]][-]E[-][[-]+[-]][-]S[-][[-]+[-]][-]S[-][[-]+[-]][-]][-][[-]+[-]][-]O[-][[-]+[-]][-][[-][[-]+[-]]
[-]S[-][[-]+[-]][-]U[-][[-]+[-]][-]C[-][[-]+[-]][-]C[-][[-]+[-]][-]E[-][[-]+[-]][-]S[-][[-]+[-]][-]S[-][[-]+[-]][-]][-][[-]+[-]]
[-]][-][[-]+[-]][-][[-][[-]+[-]][-]S[-][[-]+[-]][-]U[-][[-]+[-]][-]C[-][[-]+[-]][-]C[-][[-]+[-]][-]E[-][[-]+[-]][-]S[-][[-]+[-]]
[-]S[-][[-]+[-]][-]][-][[-]+[-]][-]][-][[-]+[-]][-][[-][[-]+[-]][-]S[-][[-]+[-]][-]U[-][[-]+[-]][-]C[-][[-]+[-]][-]C[-][[-]+[-]]
[-]E[-][[-]+[-]][-]S[-][[-]+[-]][-]S[-][[-]+[-]][-]][-][[-]+[-]][-][[-][[-]+[-]][-][[-][[-]+[-]][-]S[-][[-]+[-]][-]U[-][[-]+[-]]
[-]C[-][[-]+[-]][-]C[-][[-]+[-]][-]E[-][[-]+[-]][-]S[-][[-]+[-]][-]S[-][[-]+[-]][-]][-][[-]+[-]][-]I[-][[-]+[-]][-][[-][[-]+[-]]
[-]S[-][[-]+[-]][-]U[-][[-]+[-]][-]C[-][[-]+[-]][-]C[-][[-]+[-]][-]E[-][[-]+[-]][-]S[-][[-]+[-]][-]S[-][[-]+[-]][-]][-][[-]+[-]]
[-]N[-][[-]+[-]][-][[-][[-]+[-]][-]S[-][[-]+[-]][-]U[-][[-]+[-]][-]C[-][[-]+[-]][-]C[-][[-]+[-]][-]E[-][[-]+[-]][-]S[-][[-]+[-]]
[-]S[-][[-]+[-]][-]][-][[-]+[-]][-]F[-][[-]+[-]][-][[-][[-]+[-]][-]S[-][[-]+[-]][-]U[-][[-]+[-]][-]C[-][[-]+[-]][-]C[-][[-]+[-]]
[-]E[-][[-]+[-]][-]S[-][[-]+[-]][-]S[-][[-]+[-]][-]][-][[-]+[-]][-]O[-][[-]+[-]][-][[-][[-]+[-]][-]S[-][[-]+[-]][-]U[-][[-]+[-]]
[-]C[-][[-]+[-]][-]C[-][[-]+[-]][-]E[-][[-]+[-]][-]S[-][[-]+[-]][-]S[-][[-]+[-]][-]][-][[-]+[-]][-]][-][[-]+[-]][-][[-][[-]+[-]]
[-]S[-][[-]+[-]][-]U[-][[-]+[-]][-]C[-][[-]+[-]][-]C[-][[-]+[-]][-]E[-][[-]+[-]][-]S[-][[-]+[-]][-]S[-][[-]+[-]][-]][-][[-]+[-]]
[-]O[-][[-]+[-]][-][[-][[-]+[-]][-]S[-][[-]+[-]][-]U[-][[-]+[-]][-]C[-][[-]+[-]][-]C[-][[-]+[-]][-]E[-][[-]+[-]][-]S[-][[-]+[-]]
[-]S[-][[-]+[-]][-]][-][[-]+[-]][-][[-][[-]+[-]][-][[-][[-]+[-]][-]S[-][[-]+[-]][-]U[-][[-]+[-]][-]C[-][[-]+[-]][-]C[-][[-]+[-]]
[-]E[-][[-]+[-]][-]S[-][[-]+[-]][-]S[-][[-]+[-]][-]][-][[-]+[-]][-]I[-][[-]+[-]][-][[-][[-]+[-]][-]S[-][[-]+[-]][-]U[-][[-]+[-]]
[-]C[-][[-]+[-]][-]C[-][[-]+[-]][-]E[-][[-]+[-]][-]S[-][[-]+[-]][-]S[-][[-]+[-]][-]][-][[-]+[-]][-]N[-][[-]+[-]][-][[-][[-]+[-]]
[-]S[-][[-]+[-]][-]U[-][[-]+[-]][-]C[-][[-]+[-]][-]C[-][[-]+[-]][-]E[-][[-]+[-]][-]S[-][[-]+[-]][-]S[-][[-]+[-]][-]][-][[-]+[-]]
[-]F[-][[-]+[-]][-][[-][[-]+[-]][-]S[-][[-]+[-]][-]U[-][[-]+[-]][-]C[-][[-]+[-]][-]C[-][[-]+[-]][-]E[-][[-]+[-]][-]S[-][[-]+[-]]
[-]S[-][[-]+[-]][-]][-][[-]+[-]][-]O[-][[-]+[-]][-][[-][[-]+[-]][-]S[-][[-]+[-]][-]U[-][[-]+[-]][-]C[-][[-]+[-]][-]C[-][[-]+[-]]
[-]E[-][[-]+[-]][-]S[-][[-]+[-]][-]S[-][[-]+[-]][-]][-][[-]+[-]][-]][-][[-]+[-]][-][[-][[-]+[-]][-]S[-][[-]+[-]][-]U[-][[-]+[-]]
[-]C[-][[-]+[-]][-]C[-][[-]+[-]][-]E[-][[-]+[-]][-]S[-][[-]+[-]][-]S[-][[-]+[-]][-]][-][[-]+[-]][-][[-][[-]+[-]][-][[-][[-]+[-]]
[-]S[-][[-]+[-]][-]U[-][[-]+[-]][-]C[-][[-]+[-]][-]C[-][[-]+[-]][-]E[-][[-]+[-]][-]S[-][[-]+[-]][-]S[-][[-]+[-]][-]][-][[-]+[-]]
[-][[-][[-]+[-]][-][[-][[-]+[-]][-]S[-][[-]+[-]][-]U[-][[-]+[-]][-]C[-][[-]+[-]][-]C[-][[-]+[-]][-]E[-][[-]+[-]][-]S[-][[-]+[-]]
[-]S[-][[-]+[-]][-]][-][[-]+[-]][-]I[-][[-]+[-]][-][[-][[-]+[-]][-]S[-][[-]+[-]][-]U[-][[-]+[-]][-]C[-][[-]+[-]][-]C[-][[-]+[-]]
[-]E[-][[-]+[-]][-]S[-][[-]+[-]][-]S[-][[-]+[-]][-]][-][[-]+[-]][-]N[-][[-]+[-]][-][[-][[-]+[-]][-]S[-][[-]+[-]][-]U[-][[-]+[-]]
[-]C[-][[-]+[-]][-]C[-][[-]+[-]][-]E[-][[-]+[-]][-]S[-][[-]+[-]][-]S[-][[-]+[-]][-]][-][[-]+[-]][-]F[-][[-]+[-]][-][[-][[-]+[-]]
[-]S[-][[-]+[-]][-]U[-][[-]+[-]][-]C[-][[-]+[-]][-]C[-][[-]+[-]][-]E[-][[-]+[-]][-]S[-][[-]+[-]][-]S[-][[-]+[-]][-]][-][[-]+[-]]
[-]O[-][[-]+[-]][-][[-][[-]+[-]][-]S[-][[-]+[-]][-]U[-][[-]+[-]][-]C[-][[-]+[-]][-]C[-][[-]+[-]][-]E[-][[-]+[-]][-]S[-][[-]+[-]]
[-]S[-][[-]+[-]][-]][-][[-]+[-]][-]][-][[-]+[-]][-][[-][[-]+[-]][-]S[-][[-]+[-]][-]U[-][[-]+[-]][-]C[-][[-]+[-]][-]C[-][[-]+[-]]
[-]E[-][[-]+[-]][-]S[-][[-]+[-]][-]S[-][[-]+[-]][-]][-][[-]+[-]][-]>[-][[-]+[-]][-][[-][[-]+[-]][-]S[-][[-]+[-]][-]U[-][[-]+[-]]
[-]C[-][[-]+[-]][-]C[-][[-]+[-]][-]E[-][[-]+[-]][-]S[-][[-]+[-]][-]S[-][[-]+[-]][-]][-][[-]+[-]][-][[-][[-]+[-]][-][[-][[-]+[-]]
[-]S[-][[-]+[-]][-]U[-][[-]+[-]][-]C[-][[-]+[-]][-]C[-][[-]+[-]][-]E[-][[-]+[-]][-]S[-][[-]+[-]][-]S[-][[-]+[-]][-]][-][[-]+[-]]
[-]I[-][[-]+[-]][-][[-][[-]+[-]][-]S[-][[-]+[-]][-]U[-][[-]+[-]][-]C[-][[-]+[-]][-]C[-][[-]+[-]][-]E[-][[-]+[-]][-]S[-][[-]+[-]]
[-]S[-][[-]+[-]][-]][-][[-]+[-]][-]N[-][[-]+[-]][-][[-][[-]+[-]][-]S[-][[-]+[-]][-]U[-][[-]+[-]][-]C[-][[-]+[-]][-]C[-][[-]+[-]]
[-]E[-][[-]+[-]][-]S[-][[-]+[-]][-]S[-][[-]+[-]][-]][-][[-]+[-]][-]F[-][[-]+[-]][-][[-][[-]+[-]][-]S[-][[-]+[-]][-]U[-][[-]+[-]]
[-]C[-][[-]+[-]][-]C[-][[-]+[-]][-]E[-][[-]+[-]][-]S[-][[-]+[-]][-]S[-][[-]+[-]][-]][-][[-]+[-]][-]O[-][[-]+[-]][-][[-][[-]+[-]]
[-]S[-][[-]+[-]][-]U[-][[-]+[-]][-]C[-][[-]+[-]][-]C[-][[-]+[-]][-]E[-][[-]+[-]][-]S[-][[-]+[-]][-]S[-][[-]+[-]][-]][-][[-]+[-]]
[-]][-][[-]+[-]][-][[-][[-]+[-]][-]S[-][[-]+[-]][-]U[-][[-]+[-]][-]C[-][[-]+[-]][-]C[-][[-]+[-]][-]E[-][[-]+[-]][-]S[-][[-]+[-]]
[-]S[-][[-]+[-]][-]][-][[-]+[-]][-]][-][[-]+[-]][-][[-][[-]+[-]][-]S[-][[-]+[-]][-]U[-][[-]+[-]][-]C[-][[-]+[-]][-]C[-][[-]+[-]]
[-]E[-][[-]+[-]][-]S[-][[-]+[-]][-]S[-][[-]+[-]][-]][-][[-]+[-]][-][[-][[-]+[-]][-][[-][[-]+[-]][-]S[-][[-]+[-]][-]U[-][[-]+[-]]
[-]C[-][[-]+[-]][-]C[-][[-]+[-]][-]E[-][[-]+[-]][-]S[-][[-]+[-]][-]S[-][[-]+[-]][-]][-][[-]+[-]][-]I[-][[-]+[-]][-][[-][[-]+[-]]
[-]S[-][[-]+[-]][-]U[-][[-]+[-]][-]C[-][[-]+[-]][-]C[-][[-]+[-]][-]E[-][[-]+[-]][-]S[-][[-]+[-]][-]S[-][[-]+[-]][-]][-][[-]+[-]]
[-]N[-][[-]+[-]][-][[-][[-]+[-]][-]S[-][[-]+[-]][-]U[-][[-]+[-]][-]C[-][[-]+[-]][-]C[-][[-]+[-]][-]E[-][[-]+[-]][-]S[-][[-]+[-]]
[-]S[-][[-]+[-]][-]][-][[-]+[-]][-]F[-][[-]+[-]][-][[-][[-]+[-]][-]S[-][[-]+[-]][-]U[-][[-]+[-]][-]C[-][[-]+[-]][-]C[-][[-]+[-]]
[-]E[-][[-]+[-]][-]S[-][[-]+[-]][-]S[-][[-]+[-]][-]][-][[-]+[-]][-]O[-][[-]+[-]][-][[-][[-]+[-]][-]S[-][[-]+[-]][-]U[-][[-]+[-]]
[-]C[-][[-]+[-]][-]C[-][[-]+[-]][-]E[-][[-]+[-]][-]S[-][[-]+[-]][-]S[-][[-]+[-]][-]][-][[-]+[-]][-]][-][[-]+[-]][-][[-][[-]+[-]]
[-]S[-][[-]+[-]][-]U[-][[-]+[-]][-]C[-][[-]+[-]][-]C[-][[-]+[-]][-]E[-][[-]+[-]][-]S[-][[-]+[-]][-]S[-][[-]+[-]][-]][-][[-]+[-]]
[-]K[-][[-]+[-]][-][[-][[-]+[-]][-]S[-][[-]+[-]][-]U[-][[-]+[-]][-]C[-][[-]+[-]][-]C[-][[-]+[-]][-]E[-][[-]+[-]][-]S[-][[-]+[-]]
[-]S[-][[-]+[-]][-]][-][[-]+[-]][-][[-][[-]+[-]][-][[-][[-]+[-]][-]S[-][[-]+[-]][-]U[-][[-]+[-]][-]C[-][[-]+[-]][-]C[-][[-]+[-]]
[-]E[-][[-]+[-]][-]S[-][[-]+[-]][-]S[-][[-]+[-]][-]][-][[-]+[-]][-]I[-][[-]+[-]][-][[-][[-]+[-]][-]S[-][[-]+[-]][-]U[-][[-]+[-]]
[-]C[-][[-]+[-]][-]C[-][[-]+[-]][-]E[-][[-]+[-]][-]S[-][[-]+[-]][-]S[-][[-]+[-]][-]][-][[-]+[-]][-]N[-][[-]+[-]][-][[-][[-]+[-]]
[-]S[-][[-]+[-]][-]U[-][[-]+[-]][-]C[-][[-]+[-]][-]C[-][[-]+[-]][-]E[-][[-]+[-]][-]S[-][[-]+[-]][-]S[-][[-]+[-]][-]][-][[-]+[-]]
[-]F[-][[-]+[-]][-][[-][[-]+[-]][-]S[-][[-]+[-]][-]U[-][[-]+[-]][-]C[-][[-]+[-]][-]C[-][[-]+[-]][-]E[-][[-]+[-]][-]S[-][[-]+[-]]
[-]S[-][[-]+[-]][-]][-][[-]+[-]][-]O[-][[-]+[-]][-][[-][[-]+[-]][-]S[-][[-]+[-]][-]U[-][[-]+[-]][-]C[-][[-]+[-]][-]C[-][[-]+[-]]
[-]E[-][[-]+[-]][-]S[-][[-]+[-]][-]S[-][[-]+[-]][-]][-][[-]+[-]][-]][-][[-]+[-]][-][[-][[-]+[-]][-]S[-][[-]+[-]][-]U[-][[-]+[-]]
[-]C[-][[-]+[-]][-]C[-][[-]+[-]][-]E[-][[-]+[-]][-]S[-][[-]+[-]][-]S[-][[-]+[-]][-]][-][[-]+[-]][-][[-][[-]+[-]][-][[-][[-]+[-]]
[-]S[-][[-]+[-]][-]U[-][[-]+[-]][-]C[-][[-]+[-]][-]C[-][[-]+[-]][-]E[-][[-]+[-]][-]S[-][[-]+[-]][-]S[-][[-]+[-]][-]][-][[-]+[-]]
[-][[-][[-]+[-]][-][[-][[-]+[-]][-]S[-][[-]+[-]][-]U[-][[-]+[-]][-]C[-][[-]+[-]][-]C[-][[-]+[-]][-]E[-][[-]+[-]][-]S[-][[-]+[-]]
[-]S[-][[-]+[-]][-]][-][[-]+[-]][-]I[-][[-]+[-]][-][[-][[-]+[-]][-]S[-][[-]+[-]][-]U[-][[-]+[-]][-]C[-][[-]+[-]][-]C[-][[-]+[-]]
[-]E[-][[-]+[-]][-]S[-][[-]+[-]][-]S[-][[-]+[-]][-]][-][[-]+[-]][-]N[-][[-]+[-]][-][[-][[-]+[-]][-]S[-][[-]+[-]][-]U[-][[-]+[-]]
[-]C[-][[-]+[-]][-]C[-][[-]+[-]][-]E[-][[-]+[-]][-]S[-][[-]+[-]][-]S[-][[-]+[-]][-]][-][[-]+[-]][-]F[-][[-]+[-]][-][[-][[-]+[-]]
[-]S[-][[-]+[-]][-]U[-][[-]+[-]][-]C[-][[-]+[-]][-]C[-][[-]+[-]][-]E[-][[-]+[-]][-]S[-][[-]+[-]][-]S[-][[-]+[-]][-]][-][[-]+[-]]
[-]O[-][[-]+[-]][-][[-][[-]+[-]][-]S[-][[-]+[-]][-]U[-][[-]+[-]][-]C[-][[-]+[-]][-]C[-][[-]+[-]][-]E[-][[-]+[-]][-]S[-][[-]+[-]]
[-]S[-][[-]+[-]][-]][-][[-]+[-]][-]][-][[-]+[-]][-][[-][[-]+[-]][-]S[-][[-]+[-]][-]U[-][[-]+[-]][-]C[-][[-]+[-]][-]C[-][[-]+[-]]
[-]E[-][[-]+[-]][-]S[-][[-]+[-]][-]S[-][[-]+[-]][-]][-][[-]+[-]][-]>[-][[-]+[-]][-][[-][[-]+[-]][-]S[-][[-]+[-]][-]U[-][[-]+[-]]
[-]C[-][[-]+[-]][-]C[-][[-]+[-]][-]E[-][[-]+[-]][-]S[-][[-]+[-]][-]S[-][[-]+[-]][-]][-][[-]+[-]][-][[-][[-]+[-]][-][[-][[-]+[-]]
[-]S[-][[-]+[-]][-]U[-][[-]+[-]][-]C[-][[-]+[-]][-]C[-][[-]+[-]][-]E[-][[-]+[-]][-]S[-][[-]+[-]][-]S[-][[-]+[-]][-]][-][[-]+[-]]
[-]I[-][[-]+[-]][-][[-][[-]+[-]][-]S[-][[-]+[-]][-]U[-][[-]+[-]][-]C[-][[-]+[-]][-]C[-][[-]+[-]][-]E[-][[-]+[-]][-]S[-][[-]+[-]]
[-]S[-][[-]+[-]][-]][-][[-]+[-]][-]N[-][[-]+[-]][-][[-][[-]+[-]][-]S[-][[-]+[-]][-]U[-][[-]+[-]][-]C[-][[-]+[-]][-]C[-][[-]+[-]]
[-]E[-][[-]+[-]][-]S[-][[-]+[-]][-]S[-][[-]+[-]][-]][-][[-]+[-]][-]F[-][[-]+[-]][-][[-][[-]+[-]][-]S[-][[-]+[-]][-]U[-][[-]+[-]]
[-]C[-][[-]+[-]][-]C[-][[-]+[-]][-]E[-][[-]+[-]][-]S[-][[-]+[-]][-]S[-][[-]+[-]][-]][-][[-]+[-]][-]O[-][[-]+[-]][-][[-][[-]+[-]]
[-]S[-][[-]+[-]][-]U[-][[-]+[-]][-]C[-][[-]+[-]][-]C[-][[-]+[-]][-]E[-][[-]+[-]][-]S[-][[-]+[-]][-]S[-][[-]+[-]][-]][-][[-]+[-]]
[-]][-][[-]+[-]][-][[-][[-]+[-]][-]S[-][[-]+[-]][-]U[-][[-]+[-]][-]C[-][[-]+[-]][-]C[-][[-]+[-]][-]E[-][[-]+[-]][-]S[-][[-]+[-]]
[-]S[-][[-]+[-]][-]][-][[-]+[-]][-]][-][[-]+[-]][-][[-][[-]+[-]][-]S[-][[-]+[-]][-]U[-][[-]+[-]][-]C[-][[-]+[-]][-]C[-][[-]+[-]]
[-]E[-][[-]+[-]][-]S[-][[-]+[-]][-]S[-][[-]+[-]][-]][-][[-]+[-]][-][[-][[-]+[-]][-][[-][[-]+[-]][-]S[-][[-]+[-]][-]U[-][[-]+[-]]
[-]C[-][[-]+[-]][-]C[-][[-]+[-]][-]E[-][[-]+[-]][-]S[-][[-]+[-]][-]S[-][[-]+[-]][-]][-][[-]+[-]][-]I[-][[-]+[-]][-][[-][[-]+[-]]
[-]S[-][[-]+[-]][-]U[-][[-]+[-]][-]C[-][[-]+[-]][-]C[-][[-]+[-]][-]E[-][[-]+[-]][-]S[-][[-]+[-]][-]S[-][[-]+[-]][-]][-][[-]+[-]]
[-]N[-][[-]+[-]][-][[-][[-]+[-]][-]S[-][[-]+[-]][-]U[-][[-]+[-]][-]C[-][[-]+[-]][-]C[-][[-]+[-]][-]E[-][[-]+[-]][-]S[-][[-]+[-]]
[-]S[-][[-]+[-]][-]][-][[-]+[-]][-]F[-][[-]+[-]][-][[-][[-]+[-]][-]S[-][[-]+[-]][-]U[-][[-]+[-]][-]C[-][[-]+[-]][-]C[-][[-]+[-]]
[-]E[-][[-]+[-]][-]S[-][[-]+[-]][-]S[-][[-]+[-]][-]][-][[-]+[-]][-]O[-][[-]+[-]][-][[-][[-]+[-]][-]S[-][[-]+[-]][-]U[-][[-]+[-]]
[-]C[-][[-]+[-]][-]C[-][[-]+[-]][-]E[-][[-]+[-]][-]S[-][[-]+[-]][-]S[-][[-]+[-]][-]][-][[-]+[-]][-]][-][[-]+[-]][-][[-][[-]+[-]]
[-]S[-][[-]+[-]][-]U[-][[-]+[-]][-]C[-][[-]+[-]][-]C[-][[-]+[-]][-]E[-][[-]+[-]][-]S[-][[-]+[-]][-]S[-][[-]+[-]][-]][-][[-]+[-]]
[-]][-][[-]+[-]][-][[-][[-]+[-]][-]S[-][[-]+[-]][-]U[-][[-]+[-]][-]C[-][[-]+[-]][-]C[-][[-]+[-]][-]E[-][[-]+[-]][-]S[-][[-]+[-]]
[-]S[-][[-]+[-]][-]][-][[-]+[-]][-][[-][[-]+[-]][-][[-][[-]+[-]][-]S[-][[-]+[-]][-]U[-][[-]+[-]][-]C[-][[-]+[-]][-]C[-][[-]+[-]]
[-]E[-][[-]+[-]][-]S[-][[-]+[-]][-]S[-][[-]+[-]][-]][-][[-]+[-]][-]I[-][[-]+[-]][-][[-][[-]+[-]][-]S[-][[-]+[-]][-]U[-][[-]+[-]]
[-]C[-][[-]+[-]][-]C[-][[-]+[-]][-]E[-][[-]+[-]][-]S[-][[-]+[-]][-]S[-][[-]+[-]][-]][-][[-]+[-]][-]N[-][[-]+[-]][-][[-][[-]+[-]]
[-]S[-][[-]+[-]][-]U[-][[-]+[-]][-]C[-][[-]+[-]][-]C[-][[-]+[-]][-]E[-][[-]+[-]][-]S[-][[-]+[-]][-]S[-][[-]+[-]][-]][-][[-]+[-]]
[-]F[-][[-]+[-]][-][[-][[-]+[-]][-]S[-][[-]+[-]][-]U[-][[-]+[-]][-]C[-][[-]+[-]][-]C[-][[-]+[-]][-]E[-][[-]+[-]][-]S[-][[-]+[-]]
[-]S[-][[-]+[-]][-]][-][[-]+[-]][-]O[-][[-]+[-]][-][[-][[-]+[-]][-]S[-][[-]+[-]][-]U[-][[-]+[-]][-]C[-][[-]+[-]][-]C[-][[-]+[-]]
[-]E[-][[-]+[-]][-]S[-][[-]+[-]][-]S[-][[-]+[-]][-]][-][[-]+[-]][-]][-][[-]+[-]][-][[-][[-]+[-]][-]S[-][[-]+[-]][-]U[-][[-]+[-]]
[-]C[-][[-]+[-]][-]C[-][[-]+[-]][-]E[-][[-]+[-]][-]S[-][[-]+[-]][-]S[-][[-]+[-]][-]][-][[-]+[-]][-][[-][[-]+[-]][-][[-][[-]+[-]]
[-]S[-][[-]+[-]][-]U[-][[-]+[-]][-]C[-][[-]+[-]][-]C[-][[-]+[-]][-]E[-][[-]+[-]][-]S[-][[-]+[-]][-]S[-][[-]+[-]][-]][-][[-]+[-]]
[-][[-][[-]+[-]][-][[-][[-]+[-]][-]S[-][[-]+[-]][-]U[-][[-]+[-]][-]C[-][[-]+[-]][-]C[-][[-]+[-]][-]E[-][[-]+[-]][-]S[-][[-]+[-]]
[-]S[-][[-]+[-]][-]][-][[-]+[-]][-]I[-][[-]+[-]][-][[-][[-]+[-]][-]S[-][[-]+[-]][-]U[-][[-]+[-]][-]C[-][[-]+[-]][-]C[-][[-]+[-]]
[-]E[-][[-]+[-]][-]S[-][[-]+[-]][-]S[-][[-]+[-]][-]][-][[-]+[-]][-]N[-][[-]+[-]][-][[-][[-]+[-]][-]S[-][[-]+[-]][-]U[-][[-]+[-]]
[-]C[-][[-]+[-]][-]C[-][[-]+[-]][-]E[-][[-]+[-]][-]S[-][[-]+[-]][-]S[-][[-]+[-]][-]][-][[-]+[-]][-]F[-][[-]+[-]][-][[-][[-]+[-]]
[-]S[-][[-]+[-]][-]U[-][[-]+[-]][-]C[-][[-]+[-]][-]C[-][[-]+[-]][-]E[-][[-]+[-]][-]S[-][[-]+[-]][-]S[-][[-]+[-]][-]][-][[-]+[-]]
[-]O[-][[-]+[-]][-][[-][[-]+[-]][-]S[-][[-]+[-]][-]U[-][[-]+[-]][-]C[-][[-]+[-]][-]C[-][[-]+[-]][-]E[-][[-]+[-]][-]S[-][[-]+[-]]
[-]S[-][[-]+[-]][-]][-][[-]+[-]][-]][-][[-]+[-]][-][[-][[-]+[-]][-]S[-][[-]+[-]][-]U[-][[-]+[-]][-]C[-][[-]+[-]][-]C[-][[-]+[-]]
[-]E[-][[-]+[-]][-]S[-][[-]+[-]][-]S[-][[-]+[-]][-]][-][[-]+[-]][-]>[-][[-]+[-]][-][[-][[-]+[-]][-]S[-][[-]+[-]][-]U[-][[-]+[-]]
[-]C[-][[-]+[-]][-]C[-][[-]+[-]][-]E[-][[-]+[-]][-]S[-][[-]+[-]][-]S[-][[-]+[-]][-]][-][[-]+[-]][-][[-][[-]+[-]][-][[-][[-]+[-]]
[-]S[-][[-]+[-]][-]U[-][[-]+[-]][-]C[-][[-]+[-]][-]C[-][[-]+[-]][-]E[-][[-]+[-]][-]S[-][[-]+[-]][-]S[-][[-]+[-]][-]][-][[-]+[-]]
[-]I[-][[-]+[-]][-][[-][[-]+[-]][-]S[-][[-]+[-]][-]U[-][[-]+[-]][-]C[-][[-]+[-]][-]C[-][[-]+[-]][-]E[-][[-]+[-]][-]S[-][[-]+[-]]
[-]S[-][[-]+[-]][-]][-][[-]+[-]][-]N[-][[-]+[-]][-][[-][[-]+[-]][-]S[-][[-]+[-]][-]U[-][[-]+[-]][-]C[-][[-]+[-]][-]C[-][[-]+[-]]
[-]E[-][[-]+[-]][-]S[-][[-]+[-]][-]S[-][[-]+[-]][-]][-][[-]+[-]][-]F[-][[-]+[-]][-][[-][[-]+[-]][-]S[-][[-]+[-]][-]U[-][[-]+[-]]
[-]C[-][[-]+[-]][-]C[-][[-]+[-]][-]E[-][[-]+[-]][-]S[-][[-]+[-]][-]S[-][[-]+[-]][-]][-][[-]+[-]][-]O[-][[-]+[-]][-][[-][[-]+[-]]
[-]S[-][[-]+[-]][-]U[-][[-]+[-]][-]C[-][[-]+[-]][-]C[-][[-]+[-]][-]E[-][[-]+[-]][-]S[-][[-]+[-]][-]S[-][[-]+[-]][-]][-][[-]+[-]]
[-]][-][[-]+[-]][-][[-][[-]+[-]][-]S[-][[-]+[-]][-]U[-][[-]+[-]][-]C[-][[-]+[-]][-]C[-][[-]+[-]][-]E[-][[-]+[-]][-]S[-][[-]+[-]]
[-]S[-][[-]+[-]][-]][-][[-]+[-]][-]][-][[-]+[-]][-][[-][[-]+[-]][-]S[-][[-]+[-]][-]U[-][[-]+[-]][-]C[-][[-]+[-]][-]C[-][[-]+[-]]
[-]E[-][[-]+[-]][-]S[-][[-]+[-]][-]S[-][[-]+[-]][-]][-][[-]+[-]][-][[-][[-]+[-]][-][[-][[-]+[-]][-]S[-][[-]+[-]][-]U[-][[-]+[-]]
[-]C[-][[-]+[-]][-]C[-][[-]+[-]][-]E[-][[-]+[-]][-]S[-][[-]+[-]][-]S[-][[-]+[-]][-]][-][[-]+[-]][-]I[-][[-]+[-]][-][[-][[-]+[-]]
[-]S[-][[-]+[-]][-]U[-][[-]+[-]][-]C[-][[-]+[-]][-]C[-][[-]+[-]][-]E[-][[-]+[-]][-]S[-][[-]+[-]][-]S[-][[-]+[-]][-]][-][[-]+[-]]
[-]N[-][[-]+[-]][-][[-][[-]+[-]][-]S[-][[-]+[-]][-]U[-][[-]+[-]][-]C[-][[-]+[-]][-]C[-][[-]+[-]][-]E[-][[-]+[-]][-]S[-][[-]+[-]]
[-]S[-][[-]+[-]][-]][-][[-]+[-]][-]F[-][[-]+[-]][-][[-][[-]+[-]][-]S[-][[-]+[-]][-]U[-][[-]+[-]][-]C[-][[-]+[-]][-]C[-][[-]+[-]]
[-]E[-][[-]+[-]][-]S[-][[-]+[-]][-]S[-][[-]+[-]][-]][-][[-]+[-]][-]O[-][[-]+[-]][-][[-][[-]+[-]][-]S[-][[-]+[-]][-]U[-][[-]+[-]]
[-]C[-][[-]+[-]][-]C[-][[-]+[-]][-]E[-][[-]+[-]][-]S[-][[-]+[-]][-]S[-][[-]+[-]][-]][-][[-]+[-]][-]][-][[-]+[-]][-][[-][[-]+[-]]
[-]S[-][[-]+[-]][-]U[-][[-]+[-]][-]C[-][[-]+[-]][-]C[-][[-]+[-]][-]E[-][[-]+[-]][-]S[-][[-]+[-]][-]S[-][[-]+[-]][-]][-][[-]+[-]]
[-]"[-][[-]+[-]][-][[-][[-]+[-]][-]S[-][[-]+[-]][-]U[-][[-]+[-]][-]C[-][[-]+[-]][-]C[-][[-]+[-]][-]E[-][[-]+[-]][-]S[-][[-]+[-]]
[-]S[-][[-]+[-]][-]][-][[-]+[-]][-][[-][[-]+[-]][-][[-][[-]+[-]][-]S[-][[-]+[-]][-]U[-][[-]+[-]][-]C[-][[-]+[-]][-]C[-][[-]+[-]]
[-]E[-][[-]+[-]][-]S[-][[-]+[-]][-]S[-][[-]+[-]][-]][-][[-]+[-]][-]I[-][[-]+[-]][-][[-][[-]+[-]][-]S[-][[-]+[-]][-]U[-][[-]+[-]]
[-]C[-][[-]+[-]][-]C[-][[-]+[-]][-]E[-][[-]+[-]][-]S[-][[-]+[-]][-]S[-][[-]+[-]][-]][-][[-]+[-]][-]N[-][[-]+[-]][-][[-][[-]+[-]]
[-]S[-][[-]+[-]][-]U[-][[-]+[-]][-]C[-][[-]+[-]][-]C[-][[-]+[-]][-]E[-][[-]+[-]][-]S[-][[-]+[-]][-]S[-][[-]+[-]][-]][-][[-]+[-]]
[-]F[-][[-]+[-]][-][[-][[-]+[-]][-]S[-][[-]+[-]][-]U[-][[-]+[-]][-]C[-][[-]+[-]][-]C[-][[-]+[-]][-]E[-][[-]+[-]][-]S[-][[-]+[-]]
[-]S[-][[-]+[-]][-]][-][[-]+[-]][-]O[-][[-]+[-]][-][[-][[-]+[-]][-]S[-][[-]+[-]][-]U[-][[-]+[-]][-]C[-][[-]+[-]][-]C[-][[-]+[-]]
[-]E[-][[-]+[-]][-]S[-][[-]+[-]][-]S[-][[-]+[-]][-]][-][[-]+[-]][-]][-][[-]+[-]][-][[-][[-]+[-]][-]S[-][[-]+[-]][-]U[-][[-]+[-]]
[-]C[-][[-]+[-]][-]C[-][[-]+[-]][-]E[-][[-]+[-]][-]S[-][[-]+[-]][-]S[-][[-]+[-]][-]][-][[-]+[-]][-][[-][[-]+[-]][-][[-][[-]+[-]]
[-]S[-][[-]+[-]][-]U[-][[-]+[-]][-]C[-][[-]+[-]][-]C[-][[-]+[-]][-]E[-][[-]+[-]][-]S[-][[-]+[-]][-]S[-][[-]+[-]][-]][-][[-]+[-]]
[-][[-][[-]+[-]][-][[-][[-]+[-]][-]S[-][[-]+[-]][-]U[-][[-]+[-]][-]C[-][[-]+[-]][-]C[-][[-]+[-]][-]E[-][[-]+[-]][-]S[-][[-]+[-]]
[-]S[-][[-]+[-]][-]][-][[-]+[-]][-]I[-][[-]+[-]][-][[-][[-]+[-]][-]S[-][[-]+[-]][-]U[-][[-]+[-]][-]C[-][[-]+[-]][-]C[-][[-]+[-]]
[-]E[-][[-]+[-]][-]S[-][[-]+[-]][-]S[-][[-]+[-]][-]][-][[-]+[-]][-]N[-][[-]+[-]][-][[-][[-]+[-]][-]S[-][[-]+[-]][-]U[-][[-]+[-]]
[-]C[-][[-]+[-]][-]C[-][[-]+[-]][-]E[-][[-]+[-]][-]S[-][[-]+[-]][-]S[-][[-]+[-]][-]][-][[-]+[-]][-]F[-][[-]+[-]][-][[-][[-]+[-]]
[-]S[-][[-]+[-]][-]U[-][[-]+[-]][-]C[-][[-]+[-]][-]C[-][[-]+[-]][-]E[-][[-]+[-]][-]S[-][[-]+[-]][-]S[-][[-]+[-]][-]][-][[-]+[-]]
[-]O[-][[-]+[-]][-][[-][[-]+[-]][-]S[-][[-]+[-]][-]U[-][[-]+[-]][-]C[-][[-]+[-]][-]C[-][[-]+[-]][-]E[-][[-]+[-]][-]S[-][[-]+[-]]
[-]S[-][[-]+[-]][-]][-][[-]+[-]][-]][-][[-]+[-]][-][[-][[-]+[-]][-]S[-][[-]+[-]][-]U[-][[-]+[-]][-]C[-][[-]+[-]][-]C[-][[-]+[-]]
[-]E[-][[-]+[-]][-]S[-][[-]+[-]][-]S[-][[-]+[-]][-]][-][[-]+[-]][-]>[-][[-]+[-]][-][[-][[-]+[-]][-]S[-][[-]+[-]][-]U[-][[-]+[-]]
[-]C[-][[-]+[-]][-]C[-][[-]+[-]][-]E[-][[-]+[-]][-]S[-][[-]+[-]][-]S[-][[-]+[-]][-]][-][[-]+[-]][-][[-][[-]+[-]][-][[-][[-]+[-]]
[-]S[-][[-]+[-]][-]U[-][[-]+[-]][-]C[-][[-]+[-]][-]C[-][[-]+[-]][-]E[-][[-]+[-]][-]S[-][[-]+[-]][-]S[-][[-]+[-]][-]][-][[-]+[-]]
[-]I[-][[-]+[-]][-][[-][[-]+[-]][-]S[-][[-]+[-]][-]U[-][[-]+[-]][-]C[-][[-]+[-]][-]C[-][[-]+[-]][-]E[-][[-]+[-]][-]S[-][[-]+[-]]
[-]S[-][[-]+[-]][-]][-][[-]+[-]][-]N[-][[-]+[-]][-][[-][[-]+[-]][-]S[-][[-]+[-]][-]U[-][[-]+[-]][-]C[-][[-]+[-]][-]C[-][[-]+[-]]
[-]E[-][[-]+[-]][-]S[-][[-]+[-]][-]S[-][[-]+[-]][-]][-][[-]+[-]][-]F[-][[-]+[-]][-][[-][[-]+[-]][-]S[-][[-]+[-]][-]U[-][[-]+[-]]
[-]C[-][[-]+[-]][-]C[-][[-]+[-]][-]E[-][[-]+[-]][-]S[-][[-]+[-]][-]S[-][[-]+[-]][-]][-][[-]+[-]][-]O[-][[-]+[-]][-][[-][[-]+[-]]
[-]S[-][[-]+[-]][-]U[-][[-]+[-]][-]C[-][[-]+[-]][-]C[-][[-]+[-]][-]E[-][[-]+[-]][-]S[-][[-]+[-]][-]S[-][[-]+[-]][-]][-][[-]+[-]]
[-]][-][[-]+[-]][-][[-][[-]+[-]][-]S[-][[-]+[-]][-]U[-][[-]+[-]][-]C[-][[-]+[-]][-]C[-][[-]+[-]][-]E[-][[-]+[-]][-]S[-][[-]+[-]]
[-]S[-][[-]+[-]][-]][-][[-]+[-]][-]][-][[-]+[-]][-][[-][[-]+[-]][-]S[-][[-]+[-]][-]U[-][[-]+[-]][-]C[-][[-]+[-]][-]C[-][[-]+[-]]
[-]E[-][[-]+[-]][-]S[-][[-]+[-]][-]S[-][[-]+[-]][-]][-][[-]+[-]][-][[-][[-]+[-]][-][[-][[-]+[-]][-]S[-][[-]+[-]][-]U[-][[-]+[-]]
[-]C[-][[-]+[-]][-]C[-][[-]+[-]][-]E[-][[-]+[-]][-]S[-][[-]+[-]][-]S[-][[-]+[-]][-]][-][[-]+[-]][-]I[-][[-]+[-]][-][[-][[-]+[-]]
[-]S[-][[-]+[-]][-]U[-][[-]+[-]][-]C[-][[-]+[-]][-]C[-][[-]+[-]][-]E[-][[-]+[-]][-]S[-][[-]+[-]][-]S[-][[-]+[-]][-]][-][[-]+[-]]
[-]N[-][[-]+[-]][-][[-][[-]+[-]][-]S[-][[-]+[-]][-]U[-][[-]+[-]][-]C[-][[-]+[-]][-]C[-][[-]+[-]][-]E[-][[-]+[-]][-]S[-][[-]+[-]]
[-]S[-][[-]+[-]][-]][-][[-]+[-]][-]F[-][[-]+[-]][-][[-][[-]+[-]][-]S[-][[-]+[-]][-]U[-][[-]+[-]][-]C[-][[-]+[-]][-]C[-][[-]+[-]]
[-]E[-][[-]+[-]][-]S[-][[-]+[-]][-]S[-][[-]+[-]][-]][-][[-]+[-]][-]O[-][[-]+[-]][-][[-][[-]+[-]][-]S[-][[-]+[-]][-]U[-][[-]+[-]]
[-]C[-][[-]+[-]][-]C[-][[-]+[-]][-]E[-][[-]+[-]][-]S[-][[-]+[-]][-]S[-][[-]+[-]][-]][-][[-]+[-]][-]][-][[-]+[-]][-][[-][[-]+[-]]
[-]S[-][[-]+[-]][-]U[-][[-]+[-]][-]C[-][[-]+[-]][-]C[-][[-]+[-]][-]E[-][[-]+[-]][-]S[-][[-]+[-]][-]S[-][[-]+[-]][-]][-][[-]+[-]]
[-][[-][[-]+[-]][-][[-][[-]+[-]][-]S[-][[-]+[-]][-]U[-][[-]+[-]][-]C[-][[-]+[-]][-]C[-][[-]+[-]][-]E[-][[-]+[-]][-]S[-][[-]+[-]]
[-]S[-][[-]+[-]][-]][-][[-]+[-]][-][[-][[-]+[-]][-][[-][[-]+[-]][-]S[-][[-]+[-]][-]U[-][[-]+[-]][-]C[-][[-]+[-]][-]C[-][[-]+[-]]
[-]E[-][[-]+[-]][-]S[-][[-]+[-]][-]S[-][[-]+[-]][-]][-][[-]+[-]][-]I[-][[-]+[-]][-][[-][[-]+[-]][-]S[-][[-]+[-]][-]U[-][[-]+[-]]
[-]C[-][[-]+[-]][-]C[-][[-]+[-]][-]E[-][[-]+[-]][-]S[-][[-]+[-]][-]S[-][[-]+[-]][-]][-][[-]+[-]][-]N[-][[-]+[-]][-][[-][[-]+[-]]
[-]S[-][[-]+[-]][-]U[-][[-]+[-]][-]C[-][[-]+[-]][-]C[-][[-]+[-]][-]E[-][[-]+[-]][-]S[-][[-]+[-]][-]S[-][[-]+[-]][-]][-][[-]+[-]]
[-]F[-][[-]+[-]][-][[-][[-]+[-]][-]S[-][[-]+[-]][-]U[-][[-]+[-]][-]C[-][[-]+[-]][-]C[-][[-]+[-]][-]E[-][[-]+[-]][-]S[-][[-]+[-]]
[-]S[-][[-]+[-]][-]][-][[-]+[-]][-]O[-][[-]+[-]][-][[-][[-]+[-]][-]S[-][[-]+[-]][-]U[-][[-]+[-]][-]C[-][[-]+[-]][-]C[-][[-]+[-]]
[-]E[-][[-]+[-]][-]S[-][[-]+[-]][-]S[-][[-]+[-]][-]][-][[-]+[-]][-]][-][[-]+[-]][-][[-][[-]+[-]][-]S[-][[-]+[-]][-]U[-][[-]+[-]]
[-]C[-][[-]+[-]][-]C[-][[-]+[-]][-]E[-][[-]+[-]][-]S[-][[-]+[-]][-]S[-][[-]+[-]][-]][-][[-]+[-]][-][[-][[-]+[-]][-][[-][[-]+[-]]
[-]S[-][[-]+[-]][-]U[-][[-]+[-]][-]C[-][[-]+[-]][-]C[-][[-]+[-]][-]E[-][[-]+[-]][-]S[-][[-]+[-]][-]S[-][[-]+[-]][-]][-][[-]+[-]]
[-][[-][[-]+[-]][-][[-][[-]+[-]][-]S[-][[-]+[-]][-]U[-][[-]+[-]][-]C[-][[-]+[-]][-]C[-][[-]+[-]][-]E[-][[-]+[-]][-]S[-][[-]+[-]]
[-]S[-][[-]+[-]][-]][-][[-]+[-]][-]I[-][[-]+[-]][-][[-][[-]+[-]][-]S[-][[-]+[-]][-]U[-][[-]+[-]][-]C[-][[-]+[-]][-]C[-][[-]+[-]]
[-]E[-][[-]+[-]][-]S[-][[-]+[-]][-]S[-][[-]+[-]][-]][-][[-]+[-]][-]N[-][[-]+[-]][-][[-][[-]+[-]][-]S[-][[-]+[-]][-]U[-][[-]+[-]]
[-]C[-][[-]+[-]][-]C[-][[-]+[-]][-]E[-][[-]+[-]][-]S[-][[-]+[-]][-]S[-][[-]+[-]][-]][-][[-]+[-]][-]F[-][[-]+[-]][-][[-][[-]+[-]]
[-]S[-][[-]+[-]][-]U[-][[-]+[-]][-]C[-][[-]+[-]][-]C[-][[-]+[-]][-]E[-][[-]+[-]][-]S[-][[-]+[-]][-]S[-][[-]+[-]][-]][-][[-]+[-]]
[-]O[-][[-]+[-]][-][[-][[-]+[-]][-]S[-][[-]+[-]][-]U[-][[-]+[-]][-]C[-][[-]+[-]][-]C[-][[-]+[-]][-]E[-][[-]+[-]][-]S[-][[-]+[-]]
[-]S[-][[-]+[-]][-]][-][[-]+[-]][-]][-][[-]+[-]][-][[-][[-]+[-]][-]S[-][[-]+[-]][-]U[-][[-]+[-]][-]C[-][[-]+[-]][-]C[-][[-]+[-]]
[-]E[-][[-]+[-]][-]S[-][[-]+[-]][-]S[-][[-]+[-]][-]][-][[-]+[-]][-]>[-][[-]+[-]][-][[-][[-]+[-]][-]S[-][[-]+[-]][-]U[-][[-]+[-]]
[-]C[-][[-]+[-]][-]C[-][[-]+[-]][-]E[-][[-]+[-]][-]S[-][[-]+[-]][-]S[-][[-]+[-]][-]][-][[-]+[-]][-][[-][[-]+[-]][-][[-][[-]+[-]]
[-]S[-][[-]+[-]][-]U[-][[-]+[-]][-]C[-][[-]+[-]][-]C[-][[-]+[-]][-]E[-][[-]+[-]][-]S[-][[-]+[-]][-]S[-][[-]+[-]][-]][-][[-]+[-]]
[-]I[-][[-]+[-]][-][[-][[-]+[-]][-]S[-][[-]+[-]][-]U[-][[-]+[-]][-]C[-][[-]+[-]][-]C[-][[-]+[-]][-]E[-][[-]+[-]][-]S[-][[-]+[-]]
[-]S[-][[-]+[-]][-]][-][[-]+[-]][-]N[-][[-]+[-]][-][[-][[-]+[-]][-]S[-][[-]+[-]][-]U[-][[-]+[-]][-]C[-][[-]+[-]][-]C[-][[-]+[-]]
[-]E[-][[-]+[-]][-]S[-][[-]+[-]][-]S[-][[-]+[-]][-]][-][[-]+[-]][-]F[-][[-]+[-]][-][[-][[-]+[-]][-]S[-][[-]+[-]][-]U[-][[-]+[-]]
[-]C[-][[-]+[-]][-]C[-][[-]+[-]][-]E[-][[-]+[-]][-]S[-][[-]+[-]][-]S[-][[-]+[-]][-]][-][[-]+[-]][-]O[-][[-]+[-]][-][[-][[-]+[-]]
[-]S[-][[-]+[-]][-]U[-][[-]+[-]][-]C[-][[-]+[-]][-]C[-][[-]+[-]][-]E[-][[-]+[-]][-]S[-][[-]+[-]][-]S[-][[-]+[-]][-]][-][[-]+[-]]
[-]][-][[-]+[-]][-][[-][[-]+[-]][-]S[-][[-]+[-]][-]U[-][[-]+[-]][-]C[-][[-]+[-]][-]C[-][[-]+[-]][-]E[-][[-]+[-]][-]S[-][[-]+[-]]
[-]S[-][[-]+[-]][-]][-][[-]+[-]][-]][-][[-]+[-]][-][[-][[-]+[-]][-]S[-][[-]+[-]][-]U[-][[-]+[-]][-]C[-][[-]+[-]][-]C[-][[-]+[-]]
[-]E[-][[-]+[-]][-]S[-][[-]+[-]][-]S[-][[-]+[-]][-]][-][[-]+[-]][-][[-][[-]+[-]][-][[-][[-]+[-]][-]S[-][[-]+[-]][-]U[-][[-]+[-]]
[-]C[-][[-]+[-]][-]C[-][[-]+[-]][-]E[-][[-]+[-]][-]S[-][[-]+[-]][-]S[-][[-]+[-]][-]][-][[-]+[-]][-]I[-][[-]+[-]][-][[-][[-]+[-]]
[-]S[-][[-]+[-]][-]U[-][[-]+[-]][-]C[-][[-]+[-]][-]C[-][[-]+[-]][-]E[-][[-]+[-]][-]S[-][[-]+[-]][-]S[-][[-]+[-]][-]][-][[-]+[-]]
[-]N[-][[-]+[-]][-][[-][[-]+[-]][-]S[-][[-]+[-]][-]U[-][[-]+[-]][-]C[-][[-]+[-]][-]C[-][[-]+[-]][-]E[-][[-]+[-]][-]S[-][[-]+[-]]
[-]S[-][[-]+[-]][-]][-][[-]+[-]][-]F[-][[-]+[-]][-][[-][[-]+[-]][-]S[-][[-]+[-]][-]U[-][[-]+[-]][-]C[-][[-]+[-]][-]C[-][[-]+[-]]
[-]E[-][[-]+[-]][-]S[-][[-]+[-]][-]S[-][[-]+[-]][-]][-][[-]+[-]][-]O[-][[-]+[-]][-][[-][[-]+[-]][-]S[-][[-]+[-]][-]U[-][[-]+[-]]
[-]C[-][[-]+[-]][-]C[-][[-]+[-]][-]E[-][[-]+[-]][-]S[-][[-]+[-]][-]S[-][[-]+[-]][-]][-][[-]+[-]][-]][-][[-]+[-]][-][[-][[-]+[-]]
[-]S[-][[-]+[-]][-]U[-][[-]+[-]][-]C[-][[-]+[-]][-]C[-][[-]+[-]][-]E[-][[-]+[-]][-]S[-][[-]+[-]][-]S[-][[-]+[-]][-]][-][[-]+[-]]
[-]O[-][[-]+[-]][-][[-][[-]+[-]][-]S[-][[-]+[-]][-]U[-][[-]+[-]][-]C[-][[-]+[-]][-]C[-][[-]+[-]][-]E[-][[-]+[-]][-]S[-][[-]+[-]]
[-]S[-][[-]+[-]][-]][-][[-]+[-]][-][[-][[-]+[-]][-][[-][[-]+[-]][-]S[-][[-]+[-]][-]U[-][[-]+[-]][-]C[-][[-]+[-]][-]C[-][[-]+[-]]
[-]E[-][[-]+[-]][-]S[-][[-]+[-]][-]S[-][[-]+[-]][-]][-][[-]+[-]][-]I[-][[-]+[-]][-][[-][[-]+[-]][-]S[-][[-]+[-]][-]U[-][[-]+[-]]
[-]C[-][[-]+[-]][-]C[-][[-]+[-]][-]E[-][[-]+[-]][-]S[-][[-]+[-]][-]S[-][[-]+[-]][-]][-][[-]+[-]][-]N[-][[-]+[-]][-][[-][[-]+[-]]
[-]S[-][[-]+[-]][-]U[-][[-]+[-]][-]C[-][[-]+[-]][-]C[-][[-]+[-]][-]E[-][[-]+[-]][-]S[-][[-]+[-]][-]S[-][[-]+[-]][-]][-][[-]+[-]]
[-]F[-][[-]+[-]][-][[-][[-]+[-]][-]S[-][[-]+[-]][-]U[-][[-]+[-]][-]C[-][[-]+[-]][-]C[-][[-]+[-]][-]E[-][[-]+[-]][-]S[-][[-]+[-]]
[-]S[-][[-]+[-]][-]][-][[-]+[-]][-]O[-][[-]+[-]][-][[-][[-]+[-]][-]S[-][[-]+[-]][-]U[-][[-]+[-]][-]C[-][[-]+[-]][-]C[-][[-]+[-]]
[-]E[-][[-]+[-]][-]S[-][[-]+[-]][-]S[-][[-]+[-]][-]][-][[-]+[-]][-]][-][[-]+[-]][-][[-][[-]+[-]][-]S[-][[-]+[-]][-]U[-][[-]+[-]]
[-]C[-][[-]+[-]][-]C[-][[-]+[-]][-]E[-][[-]+[-]][-]S[-][[-]+[-]][-]S[-][[-]+[-]][-]][-][[-]+[-]][-][[-][[-]+[-]][-][[-][[-]+[-]]
[-]S[-][[-]+[-]][-]U[-][[-]+[-]][-]C[-][[-]+[-]][-]C[-][[-]+[-]][-]E[-][[-]+[-]][-]S[-][[-]+[-]][-]S[-][[-]+[-]][-]][-][[-]+[-]]
[-][[-][[-]+[-]][-][[-][[-]+[-]][-]S[-][[-]+[-]][-]U[-][[-]+[-]][-]C[-][[-]+[-]][-]C[-][[-]+[-]][-]E[-][[-]+[-]][-]S[-][[-]+[-]]
[-]S[-][[-]+[-]][-]][-][[-]+[-]][-]I[-][[-]+[-]][-][[-][[-]+[-]][-]S[-][[-]+[-]][-]U[-][[-]+[-]][-]C[-][[-]+[-]][-]C[-][[-]+[-]]
[-]E[-][[-]+[-]][-]S[-][[-]+[-]][-]S[-][[-]+[-]][-]][-][[-]+[-]][-]N[-][[-]+[-]][-][[-][[-]+[-]][-]S[-][[-]+[-]][-]U[-][[-]+[-]]
[-]C[-][[-]+[-]][-]C[-][[-]+[-]][-]E[-][[-]+[-]][-]S[-][[-]+[-]][-]S[-][[-]+[-]][-]][-][[-]+[-]][-]F[-][[-]+[-]][-][[-][[-]+[-]]
[-]S[-][[-]+[-]][-]U[-][[-]+[-]][-]C[-][[-]+[-]][-]C[-][[-]+[-]][-]E[-][[-]+[-]][-]S[-][[-]+[-]][-]S[-][[-]+[-]][-]][-][[-]+[-]]
[-]O[-][[-]+[-]][-][[-][[-]+[-]][-]S[-][[-]+[-]][-]U[-][[-]+[-]][-]C[-][[-]+[-]][-]C[-][[-]+[-]][-]E[-][[-]+[-]][-]S[-][[-]+[-]]
[-]S[-][[-]+[-]][-]][-][[-]+[-]][-]][-][[-]+[-]][-][[-][[-]+[-]][-]S[-][[-]+[-]][-]U[-][[-]+[-]][-]C[-][[-]+[-]][-]C[-][[-]+[-]]
[-]E[-][[-]+[-]][-]S[-][[-]+[-]][-]S[-][[-]+[-]][-]][-][[-]+[-]][-]>[-][[-]+[-]][-][[-][[-]+[-]][-]S[-][[-]+[-]][-]U[-][[-]+[-]]
[-]C[-][[-]+[-]][-]C[-][[-]+[-]][-]E[-][[-]+[-]][-]S[-][[-]+[-]][-]S[-][[-]+[-]][-]][-][[-]+[-]][-][[-][[-]+[-]][-][[-][[-]+[-]]
[-]S[-][[-]+[-]][-]U[-][[-]+[-]][-]C[-][[-]+[-]][-]C[-][[-]+[-]][-]E[-][[-]+[-]][-]S[-][[-]+[-]][-]S[-][[-]+[-]][-]][-][[-]+[-]]
[-]I[-][[-]+[-]][-][[-][[-]+[-]][-]S[-][[-]+[-]][-]U[-][[-]+[-]][-]C[-][[-]+[-]][-]C[-][[-]+[-]][-]E[-][[-]+[-]][-]S[-][[-]+[-]]
[-]S[-][[-]+[-]][-]][-][[-]+[-]][-]N[-][[-]+[-]][-][[-][[-]+[-]][-]S[-][[-]+[-]][-]U[-][[-]+[-]][-]C[-][[-]+[-]][-]C[-][[-]+[-]]
[-]E[-][[-]+[-]][-]S[-][[-]+[-]][-]S[-][[-]+[-]][-]][-][[-]+[-]][-]F[-][[-]+[-]][-][[-][[-]+[-]][-]S[-][[-]+[-]][-]U[-][[-]+[-]]
[-]C[-][[-]+[-]][-]C[-][[-]+[-]][-]E[-][[-]+[-]][-]S[-][[-]+[-]][-]S[-][[-]+[-]][-]][-][[-]+[-]][-]O[-][[-]+[-]][-][[-][[-]+[-]]
[-]S[-][[-]+[-]][-]U[-][[-]+[-]][-]C[-][[-]+[-]][-]C[-][[-]+[-]][-]E[-][[-]+[-]][-]S[-][[-]+[-]][-]S[-][[-]+[-]][-]][-][[-]+[-]]
[-]][-][[-]+[-]][-][[-][[-]+[-]][-]S[-][[-]+[-]][-]U[-][[-]+[-]][-]C[-][[-]+[-]][-]C[-][[-]+[-]][-]E[-][[-]+[-]][-]S[-][[-]+[-]]
[-]S[-][[-]+[-]][-]][-][[-]+[-]][-]][-][[-]+[-]][-][[-][[-]+[-]][-]S[-][[-]+[-]][-]U[-][[-]+[-]][-]C[-][[-]+[-]][-]C[-][[-]+[-]]
[-]E[-][[-]+[-]][-]S[-][[-]+[-]][-]S[-][[-]+[-]][-]][-][[-]+[-]][-][[-][[-]+[-]][-][[-][[-]+[-]][-]S[-][[-]+[-]][-]U[-][[-]+[-]]
[-]C[-][[-]+[-]][-]C[-][[-]+[-]][-]E[-][[-]+[-]][-]S[-][[-]+[-]][-]S[-][[-]+[-]][-]][-][[-]+[-]][-]I[-][[-]+[-]][-][[-][[-]+[-]]
[-]S[-][[-]+[-]][-]U[-][[-]+[-]][-]C[-][[-]+[-]][-]C[-][[-]+[-]][-]E[-][[-]+[-]][-]S[-][[-]+[-]][-]S[-][[-]+[-]][-]][-][[-]+[-]]
[-]N[-][[-]+[-]][-][[-][[-]+[-]][-]S[-][[-]+[-]][-]U[-][[-]+[-]][-]C[-][[-]+[-]][-]C[-][[-]+[-]][-]E[-][[-]+[-]][-]S[-][[-]+[-]]
[-]S[-][[-]+[-]][-]][-][[-]+[-]][-]F[-][[-]+[-]][-][[-][[-]+[-]][-]S[-][[-]+[-]][-]U[-][[-]+[-]][-]C[-][[-]+[-]][-]C[-][[-]+[-]]
[-]E[-][[-]+[-]][-]S[-][[-]+[-]][-]S[-][[-]+[-]][-]][-][[-]+[-]][-]O[-][[-]+[-]][-][[-][[-]+[-]][-]S[-][[-]+[-]][-]U[-][[-]+[-]]
[-]C[-][[-]+[-]][-]C[-][[-]+[-]][-]E[-][[-]+[-]][-]S[-][[-]+[-]][-]S[-][[-]+[-]][-]][-][[-]+[-]][-]][-][[-]+[-]][-][[-][[-]+[-]]
[-]S[-][[-]+[-]][-]U[-][[-]+[-]][-]C[-][[-]+[-]][-]C[-][[-]+[-]][-]E[-][[-]+[-]][-]S[-][[-]+[-]][-]S[-][[-]+[-]][-]][-][[-]+[-]]
[-]K[-][[-]+[-]][-][[-][[-]+[-]][-]S[-][[-]+[-]][-]U[-][[-]+[-]][-]C[-][[-]+[-]][-]C[-][[-]+[-]][-]E[-][[-]+[-]][-]S[-][[-]+[-]]
[-]S[-][[-]+[-]][-]][-][[-]+[-]][-][[-][[-]+[-]][-][[-][[-]+[-]][-]S[-][[-]+[-]][-]U[-][[-]+[-]][-]C[-][[-]+[-]][-]C[-][[-]+[-]]
[-]E[-][[-]+[-]][-]S[-][[-]+[-]][-]S[-][[-]+[-]][-]][-][[-]+[-]][-]I[-][[-]+[-]][-][[-][[-]+[-]][-]S[-][[-]+[-]][-]U[-][[-]+[-]]
[-]C[-][[-]+[-]][-]C[-][[-]+[-]][-]E[-][[-]+[-]][-]S[-][[-]+[-]][-]S[-][[-]+[-]][-]][-][[-]+[-]][-]N[-][[-]+[-]][-][[-][[-]+[-]]
[-]S[-][[-]+[-]][-]U[-][[-]+[-]][-]C[-][[-]+[-]][-]C[-][[-]+[-]][-]E[-][[-]+[-]][-]S[-][[-]+[-]][-]S[-][[-]+[-]][-]][-][[-]+[-]]
[-]F[-][[-]+[-]][-][[-][[-]+[-]][-]S[-][[-]+[-]][-]U[-][[-]+[-]][-]C[-][[-]+[-]][-]C[-][[-]+[-]][-]E[-][[-]+[-]][-]S[-][[-]+[-]]
[-]S[-][[-]+[-]][-]][-][[-]+[-]][-]O[-][[-]+[-]][-][[-][[-]+[-]][-]S[-][[-]+[-]][-]U[-][[-]+[-]][-]C[-][[-]+[-]][-]C[-][[-]+[-]]
[-]E[-][[-]+[-]][-]S[-][[-]+[-]][-]S[-][[-]+[-]][-]][-][[-]+[-]][-]][-][[-]+[-]][-][[-][[-]+[-]][-]S[-][[-]+[-]][-]U[-][[-]+[-]]
[-]C[-][[-]+[-]][-]C[-][[-]+[-]][-]E[-][[-]+[-]][-]S[-][[-]+[-]][-]S[-][[-]+[-]][-]][-][[-]+[-]][-][[-][[-]+[-]][-][[-][[-]+[-]]
[-]S[-][[-]+[-]][-]U[-][[-]+[-]][-]C[-][[-]+[-]][-]C[-][[-]+[-]][-]E[-][[-]+[-]][-]S[-][[-]+[-]][-]S[-][[-]+[-]][-]][-][[-]+[-]]
[-][[-][[-]+[-]][-][[-][[-]+[-]][-]S[-][[-]+[-]][-]U[-][[-]+[-]][-]C[-][[-]+[-]][-]C[-][[-]+[-]][-]E[-][[-]+[-]][-]S[-][[-]+[-]]
[-]S[-][[-]+[-]][-]][-][[-]+[-]][-]I[-][[-]+[-]][-][[-][[-]+[-]][-]S[-][[-]+[-]][-]U[-][[-]+[-]][-]C[-][[-]+[-]][-]C[-][[-]+[-]]
[-]E[-][[-]+[-]][-]S[-][[-]+[-]][-]S[-][[-]+[-]][-]][-][[-]+[-]][-]N[-][[-]+[-]][-][[-][[-]+[-]][-]S[-][[-]+[-]][-]U[-][[-]+[-]]
[-]C[-][[-]+[-]][-]C[-][[-]+[-]][-]E[-][[-]+[-]][-]S[-][[-]+[-]][-]S[-][[-]+[-]][-]][-][[-]+[-]][-]F[-][[-]+[-]][-][[-][[-]+[-]]
[-]S[-][[-]+[-]][-]U[-][[-]+[-]][-]C[-][[-]+[-]][-]C[-][[-]+[-]][-]E[-][[-]+[-]][-]S[-][[-]+[-]][-]S[-][[-]+[-]][-]][-][[-]+[-]]
[-]O[-][[-]+[-]][-][[-][[-]+[-]][-]S[-][[-]+[-]][-]U[-][[-]+[-]][-]C[-][[-]+[-]][-]C[-][[-]+[-]][-]E[-][[-]+[-]][-]S[-][[-]+[-]]
[-]S[-][[-]+[-]][-]][-][[-]+[-]][-]][-][[-]+[-]][-][[-][[-]+[-]][-]S[-][[-]+[-]][-]U[-][[-]+[-]][-]C[-][[-]+[-]][-]C[-][[-]+[-]]
[-]E[-][[-]+[-]][-]S[-][[-]+[-]][-]S[-][[-]+[-]][-]][-][[-]+[-]][-]>[-][[-]+[-]][-][[-][[-]+[-]][-]S[-][[-]+[-]][-]U[-][[-]+[-]]
[-]C[-][[-]+[-]][-]C[-][[-]+[-]][-]E[-][[-]+[-]][-]S[-][[-]+[-]][-]S[-][[-]+[-]][-]][-][[-]+[-]][-][[-][[-]+[-]][-][[-][[-]+[-]]
[-]S[-][[-]+[-]][-]U[-][[-]+[-]][-]C[-][[-]+[-]][-]C[-][[-]+[-]][-]E[-][[-]+[-]][-]S[-][[-]+[-]][-]S[-][[-]+[-]][-]][-][[-]+[-]]
[-]I[-][[-]+[-]][-][[-][[-]+[-]][-]S[-][[-]+[-]][-]U[-][[-]+[-]][-]C[-][[-]+[-]][-]C[-][[-]+[-]][-]E[-][[-]+[-]][-]S[-][[-]+[-]]
[-]S[-][[-]+[-]][-]][-][[-]+[-]][-]N[-][[-]+[-]][-][[-][[-]+[-]][-]S[-][[-]+[-]][-]U[-][[-]+[-]][-]C[-][[-]+[-]][-]C[-][[-]+[-]]
[-]E[-][[-]+[-]][-]S[-][[-]+[-]][-]S[-][[-]+[-]][-]][-][[-]+[-]][-]F[-][[-]+[-]][-][[-][[-]+[-]][-]S[-][[-]+[-]][-]U[-][[-]+[-]]
[-]C[-][[-]+[-]][-]C[-][[-]+[-]][-]E[-][[-]+[-]][-]S[-][[-]+[-]][-]S[-][[-]+[-]][-]][-][[-]+[-]][-]O[-][[-]+[-]][-][[-][[-]+[-]]
[-]S[-][[-]+[-]][-]U[-][[-]+[-]][-]C[-][[-]+[-]][-]C[-][[-]+[-]][-]E[-][[-]+[-]][-]S[-][[-]+[-]][-]S[-][[-]+[-]][-]][-][[-]+[-]]
[-]][-][[-]+[-]][-][[-][[-]+[-]][-]S[-][[-]+[-]][-]U[-][[-]+[-]][-]C[-][[-]+[-]][-]C[-][[-]+[-]][-]E[-][[-]+[-]][-]S[-][[-]+[-]]
[-]S[-][[-]+[-]][-]][-][[-]+[-]][-]][-][[-]+[-]][-][[-][[-]+[-]][-]S[-][[-]+[-]][-]U[-][[-]+[-]][-]C[-][[-]+[-]][-]C[-][[-]+[-]]
[-]E[-][[-]+[-]][-]S[-][[-]+[-]][-]S[-][[-]+[-]][-]][-][[-]+[-]][-][[-][[-]+[-]][-][[-][[-]+[-]][-]S[-][[-]+[-]][-]U[-][[-]+[-]]
[-]C[-][[-]+[-]][-]C[-][[-]+[-]][-]E[-][[-]+[-]][-]S[-][[-]+[-]][-]S[-][[-]+[-]][-]][-][[-]+[-]][-]I[-][[-]+[-]][-][[-][[-]+[-]]
[-]S[-][[-]+[-]][-]U[-][[-]+[-]][-]C[-][[-]+[-]][-]C[-][[-]+[-]][-]E[-][[-]+[-]][-]S[-][[-]+[-]][-]S[-][[-]+[-]][-]][-][[-]+[-]]
[-]N[-][[-]+[-]][-][[-][[-]+[-]][-]S[-][[-]+[-]][-]U[-][[-]+[-]][-]C[-][[-]+[-]][-]C[-][[-]+[-]][-]E[-][[-]+[-]][-]S[-][[-]+[-]]
[-]S[-][[-]+[-]][-]][-][[-]+[-]][-]F[-][[-]+[-]][-][[-][[-]+[-]][-]S[-][[-]+[-]][-]U[-][[-]+[-]][-]C[-][[-]+[-]][-]C[-][[-]+[-]]
[-]E[-][[-]+[-]][-]S[-][[-]+[-]][-]S[-][[-]+[-]][-]][-][[-]+[-]][-]O[-][[-]+[-]][-][[-][[-]+[-]][-]S[-][[-]+[-]][-]U[-][[-]+[-]]
[-]C[-][[-]+[-]][-]C[-][[-]+[-]][-]E[-][[-]+[-]][-]S[-][[-]+[-]][-]S[-][[-]+[-]][-]][-][[-]+[-]][-]][-][[-]+[-]][-][[-][[-]+[-]]
[-]S[-][[-]+[-]][-]U[-][[-]+[-]][-]C[-][[-]+[-]][-]C[-][[-]+[-]][-]E[-][[-]+[-]][-]S[-][[-]+[-]][-]S[-][[-]+[-]][-]][-][[-]+[-]]
[-]][-][[-]+[-]][-][[-][[-]+[-]][-]S[-][[-]+[-]][-]U[-][[-]+[-]][-]C[-][[-]+[-]][-]C[-][[-]+[-]][-]E[-][[-]+[-]][-]S[-][[-]+[-]]
[-]S[-][[-]+[-]][-]][-][[-]+[-]][-][[-][[-]+[-]][-][[-][[-]+[-]][-]S[-][[-]+[-]][-]U[-][[-]+[-]][-]C[-][[-]+[-]][-]C[-][[-]+[-]]
[-]E[-][[-]+[-]][-]S[-][[-]+[-]][-]S[-][[-]+[-]][-]][-][[-]+[-]][-]I[-][[-]+[-]][-][[-][[-]+[-]][-]S[-][[-]+[-]][-]U[-][[-]+[-]]
[-]C[-][[-]+[-]][-]C[-][[-]+[-]][-]E[-][[-]+[-]][-]S[-][[-]+[-]][-]S[-][[-]+[-]][-]][-][[-]+[-]][-]N[-][[-]+[-]][-][[-][[-]+[-]]
[-]S[-][[-]+[-]][-]U[-][[-]+[-]][-]C[-][[-]+[-]][-]C[-][[-]+[-]][-]E[-][[-]+[-]][-]S[-][[-]+[-]][-]S[-][[-]+[-]][-]][-][[-]+[-]]
[-]F[-][[-]+[-]][-][[-][[-]+[-]][-]S[-][[-]+[-]][-]U[-][[-]+[-]][-]C[-][[-]+[-]][-]C[-][[-]+[-]][-]E[-][[-]+[-]][-]S[-][[-]+[-]]
[-]S[-][[-]+[-]][-]][-][[-]+[-]][-]O[-][[-]+[-]][-][[-][[-]+[-]][-]S[-][[-]+[-]][-]U[-][[-]+[-]][-]C[-][[-]+[-]][-]C[-][[-]+[-]]
[-]E[-][[-]+[-]][-]S[-][[-]+[-]][-]S[-][[-]+[-]][-]][-][[-]+[-]][-]][-][[-]+[-]][-][[-][[-]+[-]][-]S[-][[-]+[-]][-]U[-][[-]+[-]]
[-]C[-][[-]+[-]][-]C[-][[-]+[-]][-]E[-][[-]+[-]][-]S[-][[-]+[-]][-]S[-][[-]+[-]][-]][-][[-]+[-]][-][[-][[-]+[-]][-][[-][[-]+[-]]
[-]S[-][[-]+[-]][-]U[-][[-]+[-]][-]C[-][[-]+[-]][-]C[-][[-]+[-]][-]E[-][[-]+[-]][-]S[-][[-]+[-]][-]S[-][[-]+[-]][-]][-][[-]+[-]]
[-][[-][[-]+[-]][-][[-][[-]+[-]][-]S[-][[-]+[-]][-]U[-][[-]+[-]][-]C[-][[-]+[-]][-]C[-][[-]+[-]][-]E[-][[-]+[-]][-]S[-][[-]+[-]]
[-]S[-][[-]+[-]][-]][-][[-]+[-]][-]I[-][[-]+[-]][-][[-][[-]+[-]][-]S[-][[-]+[-]][-]U[-][[-]+[-]][-]C[-][[-]+[-]][-]C[-][[-]+[-]]
[-]E[-][[-]+[-]][-]S[-][[-]+[-]][-]S[-][[-]+[-]][-]][-][[-]+[-]][-]N[-][[-]+[-]][-][[-][[-]+[-]][-]S[-][[-]+[-]][-]U[-][[-]+[-]]
[-]C[-][[-]+[-]][-]C[-][[-]+[-]][-]E[-][[-]+[-]][-]S[-][[-]+[-]][-]S[-][[-]+[-]][-]][-][[-]+[-]][-]F[-][[-]+[-]][-][[-][[-]+[-]]
[-]S[-][[-]+[-]][-]U[-][[-]+[-]][-]C[-][[-]+[-]][-]C[-][[-]+[-]][-]E[-][[-]+[-]][-]S[-][[-]+[-]][-]S[-][[-]+[-]][-]][-][[-]+[-]]
[-]O[-][[-]+[-]][-][[-][[-]+[-]][-]S[-][[-]+[-]][-]U[-][[-]+[-]][-]C[-][[-]+[-]][-]C[-][[-]+[-]][-]E[-][[-]+[-]][-]S[-][[-]+[-]]
[-]S[-][[-]+[-]][-]][-][[-]+[-]][-]][-][[-]+[-]][-][[-][[-]+[-]][-]S[-][[-]+[-]][-]U[-][[-]+[-]][-]C[-][[-]+[-]][-]C[-][[-]+[-]]
[-]E[-][[-]+[-]][-]S[-][[-]+[-]][-]S[-][[-]+[-]][-]][-][[-]+[-]][-]>[-][[-]+[-]][-][[-][[-]+[-]][-]S[-][[-]+[-]][-]U[-][[-]+[-]]
[-]C[-][[-]+[-]][-]C[-][[-]+[-]][-]E[-][[-]+[-]][-]S[-][[-]+[-]][-]S[-][[-]+[-]][-]][-][[-]+[-]][-][[-][[-]+[-]][-][[-][[-]+[-]]
[-]S[-][[-]+[-]][-]U[-][[-]+[-]][-]C[-][[-]+[-]][-]C[-][[-]+[-]][-]E[-][[-]+[-]][-]S[-][[-]+[-]][-]S[-][[-]+[-]][-]][-][[-]+[-]]
[-]I[-][[-]+[-]][-][[-][[-]+[-]][-]S[-][[-]+[-]][-]U[-][[-]+[-]][-]C[-][[-]+[-]][-]C[-][[-]+[-]][-]E[-][[-]+[-]][-]S[-][[-]+[-]]
[-]S[-][[-]+[-]][-]][-][[-]+[-]][-]N[-][[-]+[-]][-][[-][[-]+[-]][-]S[-][[-]+[-]][-]U[-][[-]+[-]][-]C[-][[-]+[-]][-]C[-][[-]+[-]]
[-]E[-][[-]+[-]][-]S[-][[-]+[-]][-]S[-][[-]+[-]][-]][-][[-]+[-]][-]F[-][[-]+[-]][-][[-][[-]+[-]][-]S[-][[-]+[-]][-]U[-][[-]+[-]]
[-]C[-][[-]+[-]][-]C[-][[-]+[-]][-]E[-][[-]+[-]][-]S[-][[-]+[-]][-]S[-][[-]+[-]][-]][-][[-]+[-]][-]O[-][[-]+[-]][-][[-][[-]+[-]]
[-]S[-][[-]+[-]][-]U[-][[-]+[-]][-]C[-][[-]+[-]][-]C[-][[-]+[-]][-]E[-][[-]+[-]][-]S[-][[-]+[-]][-]S[-][[-]+[-]][-]][-][[-]+[-]]
[-]][-][[-]+[-]][-][[-][[-]+[-]][-]S[-][[-]+[-]][-]U[-][[-]+[-]][-]C[-][[-]+[-]][-]C[-][[-]+[-]][-]E[-][[-]+[-]][-]S[-][[-]+[-]]
[-]S[-][[-]+[-]][-]][-][[-]+[-]][-]][-][[-]+[-]][-][[-][[-]+[-]][-]S[-][[-]+[-]][-]U[-][[-]+[-]][-]C[-][[-]+[-]][-]C[-][[-]+[-]]
[-]E[-][[-]+[-]][-]S[-][[-]+[-]][-]S[-][[-]+[-]][-]][-][[-]+[-]][-][[-][[-]+[-]][-][[-][[-]+[-]][-]S[-][[-]+[-]][-]U[-][[-]+[-]]
[-]C[-][[-]+[-]][-]C[-][[-]+[-]][-]E[-][[-]+[-]][-]S[-][[-]+[-]][-]S[-][[-]+[-]][-]][-][[-]+[-]][-]I[-][[-]+[-]][-][[-][[-]+[-]]
[-]S[-][[-]+[-]][-]U[-][[-]+[-]][-]C[-][[-]+[-]][-]C[-][[-]+[-]][-]E[-][[-]+[-]][-]S[-][[-]+[-]][-]S[-][[-]+[-]][-]][-][[-]+[-]]
[-]N[-][[-]+[-]][-][[-][[-]+[-]][-]S[-][[-]+[-]][-]U[-][[-]+[-]][-]C[-][[-]+[-]][-]C[-][[-]+[-]][-]E[-][[-]+[-]][-]S[-][[-]+[-]]
[-]S[-][[-]+[-]][-]][-][[-]+[-]][-]F[-][[-]+[-]][-][[-][[-]+[-]][-]S[-][[-]+[-]][-]U[-][[-]+[-]][-]C[-][[-]+[-]][-]C[-][[-]+[-]]
[-]E[-][[-]+[-]][-]S[-][[-]+[-]][-]S[-][[-]+[-]][-]][-][[-]+[-]][-]O[-][[-]+[-]][-][[-][[-]+[-]][-]S[-][[-]+[-]][-]U[-][[-]+[-]]
[-]C[-][[-]+[-]][-]C[-][[-]+[-]][-]E[-][[-]+[-]][-]S[-][[-]+[-]][-]S[-][[-]+[-]][-]][-][[-]+[-]][-]][-][[-]+[-]][-][[-][[-]+[-]]
[-]S[-][[-]+[-]][-]U[-][[-]+[-]][-]C[-][[-]+[-]][-]C[-][[-]+[-]][-]E[-][[-]+[-]][-]S[-][[-]+[-]][-]S[-][[-]+[-]][-]][-][[-]+[-]]
[-][[-][[-]+[-]][-][[-][[-]+[-]][-]S[-][[-]+[-]][-]U[-][[-]+[-]][-]C[-][[-]+[-]][-]C[-][[-]+[-]][-]E[-][[-]+[-]][-]S[-][[-]+[-]]
[-]S[-][[-]+[-]][-]][-][[-]+[-]][-][[-][[-]+[-]][-][[-][[-]+[-]][-]S[-][[-]+[-]][-]U[-][[-]+[-]][-]C[-][[-]+[-]][-]C[-][[-]+[-]]
[-]E[-][[-]+[-]][-]S[-][[-]+[-]][-]S[-][[-]+[-]][-]][-][[-]+[-]][-]I[-][[-]+[-]][-][[-][[-]+[-]][-]S[-][[-]+[-]][-]U[-][[-]+[-]]
[-]C[-][[-]+[-]][-]C[-][[-]+[-]][-]E[-][[-]+[-]][-]S[-][[-]+[-]][-]S[-][[-]+[-]][-]][-][[-]+[-]][-]N[-][[-]+[-]][-][[-][[-]+[-]]
[-]S[-][[-]+[-]][-]U[-][[-]+[-]][-]C[-][[-]+[-]][-]C[-][[-]+[-]][-]E[-][[-]+[-]][-]S[-][[-]+[-]][-]S[-][[-]+[-]][-]][-][[-]+[-]]
[-]F[-][[-]+[-]][-][[-][[-]+[-]][-]S[-][[-]+[-]][-]U[-][[-]+[-]][-]C[-][[-]+[-]][-]C[-][[-]+[-]][-]E[-][[-]+[-]][-]S[-][[-]+[-]]
[-]S[-][[-]+[-]][-]][-][[-]+[-]][-]O[-][[-]+[-]][-][[-][[-]+[-]][-]S[-][[-]+[-]][-]U[-][[-]+[-]][-]C[-][[-]+[-]][-]C[-][[-]+[-]]
[-]E[-][[-]+[-]][-]S[-][[-]+[-]][-]S[-][[-]+[-]][-]][-][[-]+[-]][-]][-][[-]+[-]][-][[-][[-]+[-]][-]S[-][[-]+[-]][-]U[-][[-]+[-]]
[-]C[-][[-]+[-]][-]C[-][[-]+[-]][-]E[-][[-]+[-]][-]S[-][[-]+[-]][-]S[-][[-]+[-]][-]][-][[-]+[-]][-][[-][[-]+[-]][-][[-][[-]+[-]]
[-]S[-][[-]+[-]][-]U[-][[-]+[-]][-]C[-][[-]+[-]][-]C[-][[-]+[-]][-]E[-][[-]+[-]][-]S[-][[-]+[-]][-]S[-][[-]+[-]][-]][-][[-]+[-]]
[-][[-][[-]+[-]][-][[-][[-]+[-]][-]S[-][[-]+[-]][-]U[-][[-]+[-]][-]C[-][[-]+[-]][-]C[-][[-]+[-]][-]E[-][[-]+[-]][-]S[-][[-]+[-]]
[-]S[-][[-]+[-]][-]][-][[-]+[-]][-]I[-][[-]+[-]][-][[-][[-]+[-]][-]S[-][[-]+[-]][-]U[-][[-]+[-]][-]C[-][[-]+[-]][-]C[-][[-]+[-]]
[-]E[-][[-]+[-]][-]S[-][[-]+[-]][-]S[-][[-]+[-]][-]][-][[-]+[-]][-]N[-][[-]+[-]][-][[-][[-]+[-]][-]S[-][[-]+[-]][-]U[-][[-]+[-]]
[-]C[-][[-]+[-]][-]C[-][[-]+[-]][-]E[-][[-]+[-]][-]S[-][[-]+[-]][-]S[-][[-]+[-]][-]][-][[-]+[-]][-]F[-][[-]+[-]][-][[-][[-]+[-]]
[-]S[-][[-]+[-]][-]U[-][[-]+[-]][-]C[-][[-]+[-]][-]C[-][[-]+[-]][-]E[-][[-]+[-]][-]S[-][[-]+[-]][-]S[-][[-]+[-]][-]][-][[-]+[-]]
[-]O[-][[-]+[-]][-][[-][[-]+[-]][-]S[-][[-]+[-]][-]U[-][[-]+[-]][-]C[-][[-]+[-]][-]C[-][[-]+[-]][-]E[-][[-]+[-]][-]S[-][[-]+[-]]
[-]S[-][[-]+[-]][-]][-][[-]+[-]][-]][-][[-]+[-]][-][[-][[-]+[-]][-]S[-][[-]+[-]][-]U[-][[-]+[-]][-]C[-][[-]+[-]][-]C[-][[-]+[-]]
[-]E[-][[-]+[-]][-]S[-][[-]+[-]][-]S[-][[-]+[-]][-]][-][[-]+[-]][-]>[-][[-]+[-]][-][[-][[-]+[-]][-]S[-][[-]+[-]][-]U[-][[-]+[-]]
[-]C[-][[-]+[-]][-]C[-][[-]+[-]][-]E[-][[-]+[-]][-]S[-][[-]+[-]][-]S[-][[-]+[-]][-]][-][[-]+[-]][-][[-][[-]+[-]][-][[-][[-]+[-]]
[-]S[-][[-]+[-]][-]U[-][[-]+[-]][-]C[-][[-]+[-]][-]C[-][[-]+[-]][-]E[-][[-]+[-]][-]S[-][[-]+[-]][-]S[-][[-]+[-]][-]][-][[-]+[-]]
[-]I[-][[-]+[-]][-][[-][[-]+[-]][-]S[-][[-]+[-]][-]U[-][[-]+[-]][-]C[-][[-]+[-]][-]C[-][[-]+[-]][-]E[-][[-]+[-]][-]S[-][[-]+[-]]
[-]S[-][[-]+[-]][-]][-][[-]+[-]][-]N[-][[-]+[-]][-][[-][[-]+[-]][-]S[-][[-]+[-]][-]U[-][[-]+[-]][-]C[-][[-]+[-]][-]C[-][[-]+[-]]
[-]E[-][[-]+[-]][-]S[-][[-]+[-]][-]S[-][[-]+[-]][-]][-][[-]+[-]][-]F[-][[-]+[-]][-][[-][[-]+[-]][-]S[-][[-]+[-]][-]U[-][[-]+[-]]
[-]C[-][[-]+[-]][-]C[-][[-]+[-]][-]E[-][[-]+[-]][-]S[-][[-]+[-]][-]S[-][[-]+[-]][-]][-][[-]+[-]][-]O[-][[-]+[-]][-][[-][[-]+[-]]
[-]S[-][[-]+[-]][-]U[-][[-]+[-]][-]C[-][[-]+[-]][-]C[-][[-]+[-]][-]E[-][[-]+[-]][-]S[-][[-]+[-]][-]S[-][[-]+[-]][-]][-][[-]+[-]]
[-]][-][[-]+[-]][-][[-][[-]+[-]][-]S[-][[-]+[-]][-]U[-][[-]+[-]][-]C[-][[-]+[-]][-]C[-][[-]+[-]][-]E[-][[-]+[-]][-]S[-][[-]+[-]]
[-]S[-][[-]+[-]][-]][-][[-]+[-]][-]][-][[-]+[-]][-][[-][[-]+[-]][-]S[-][[-]+[-]][-]U[-][[-]+[-]][-]C[-][[-]+[-]][-]C[-][[-]+[-]]
[-]E[-][[-]+[-]][-]S[-][[-]+[-]][-]S[-][[-]+[-]][-]][-][[-]+[-]][-][[-][[-]+[-]][-][[-][[-]+[-]][-]S[-][[-]+[-]][-]U[-][[-]+[-]]
[-]C[-][[-]+[-]][-]C[-][[-]+[-]][-]E[-][[-]+[-]][-]S[-][[-]+[-]][-]S[-][[-]+[-]][-]][-][[-]+[-]][-]I[-][[-]+[-]][-][[-][[-]+[-]]
[-]S[-][[-]+[-]][-]U[-][[-]+[-]][-]C[-][[-]+[-]][-]C[-][[-]+[-]][-]E[-][[-]+[-]][-]S[-][[-]+[-]][-]S[-][[-]+[-]][-]][-][[-]+[-]]
[-]N[-][[-]+[-]][-][[-][[-]+[-]][-]S[-][[-]+[-]][-]U[-][[-]+[-]][-]C[-][[-]+[-]][-]C[-][[-]+[-]][-]E[-][[-]+[-]][-]S[-][[-]+[-]]
[-]S[-][[-]+[-]][-]][-][[-]+[-]][-]F[-][[-]+[-]][-][[-][[-]+[-]][-]S[-][[-]+[-]][-]U[-][[-]+[-]][-]C[-][[-]+[-]][-]C[-][[-]+[-]]
[-]E[-][[-]+[-]][-]S[-][[-]+[-]][-]S[-][[-]+[-]][-]][-][[-]+[-]][-]O[-][[-]+[-]][-][[-][[-]+[-]][-]S[-][[-]+[-]][-]U[-][[-]+[-]]
[-]C[-][[-]+[-]][-]C[-][[-]+[-]][-]E[-][[-]+[-]][-]S[-][[-]+[-]][-]S[-][[-]+[-]][-]][-][[-]+[-]][-]][-][[-]+[-]][-][[-][[-]+[-]]
[-]S[-][[-]+[-]][-]U[-][[-]+[-]][-]C[-][[-]+[-]][-]C[-][[-]+[-]][-]E[-][[-]+[-]][-]S[-][[-]+[-]][-]S[-][[-]+[-]][-]][-][[-]+[-]]
[-][[-][[-]+[-]][-][[-][[-]+[-]][-]S[-][[-]+[-]][-]U[-][[-]+[-]][-]C[-][[-]+[-]][-]C[-][[-]+[-]][-]E[-][[-]+[-]][-]S[-][[-]+[-]]
[-]S[-][[-]+[-]][-]][-][[-]+[-]][-][[-][[-]+[-]][-][[-][[-]+[-]][-]S[-][[-]+[-]][-]U[-][[-]+[-]][-]C[-][[-]+[-]][-]C[-][[-]+[-]]
[-]E[-][[-]+[-]][-]S[-][[-]+[-]][-]S[-][[-]+[-]][-]][-][[-]+[-]][-]I[-][[-]+[-]][-][[-][[-]+[-]][-]S[-][[-]+[-]][-]U[-][[-]+[-]]
[-]C[-][[-]+[-]][-]C[-][[-]+[-]][-]E[-][[-]+[-]][-]S[-][[-]+[-]][-]S[-][[-]+[-]][-]][-][[-]+[-]][-]N[-][[-]+[-]][-][[-][[-]+[-]]
[-]S[-][[-]+[-]][-]U[-][[-]+[-]][-]C[-][[-]+[-]][-]C[-][[-]+[-]][-]E[-][[-]+[-]][-]S[-][[-]+[-]][-]S[-][[-]+[-]][-]][-][[-]+[-]]
[-]F[-][[-]+[-]][-][[-][[-]+[-]][-]S[-][[-]+[-]][-]U[-][[-]+[-]][-]C[-][[-]+[-]][-]C[-][[-]+[-]][-]E[-][[-]+[-]][-]S[-][[-]+[-]]
[-]S[-][[-]+[-]][-]][-][[-]+[-]][-]O[-][[-]+[-]][-][[-][[-]+[-]][-]S[-][[-]+[-]][-]U[-][[-]+[-]][-]C[-][[-]+[-]][-]C[-][[-]+[-]]
[-]E[-][[-]+[-]][-]S[-][[-]+[-]][-]S[-][[-]+[-]][-]][-][[-]+[-]][-]][-][[-]+[-]][-][[-][[-]+[-]][-]S[-][[-]+[-]][-]U[-][[-]+[-]]
[-]C[-][[-]+[-]][-]C[-][[-]+[-]][-]E[-][[-]+[-]][-]S[-][[-]+[-]][-]S[-][[-]+[-]][-]][-][[-]+[-]][-][[-][[-]+[-]][-][[-][[-]+[-]]
[-]S[-][[-]+[-]][-]U[-][[-]+[-]][-]C[-][[-]+[-]][-]C[-][[-]+[-]][-]E[-][[-]+[-]][-]S[-][[-]+[-]][-]S[-][[-]+[-]][-]][-][[-]+[-]]
[-][[-][[-]+[-]][-][[-][[-]+[-]][-]S[-][[-]+[-]][-]U[-][[-]+[-]][-]C[-][[-]+[-]][-]C[-][[-]+[-]][-]E[-][[-]+[-]][-]S[-][[-]+[-]]
[-]S[-][[-]+[-]][-]][-][[-]+[-]][-]I[-][[-]+[-]][-][[-][[-]+[-]][-]S[-][[-]+[-]][-]U[-][[-]+[-]][-]C[-][[-]+[-]][-]C[-][[-]+[-]]
[-]E[-][[-]+[-]][-]S[-][[-]+[-]][-]S[-][[-]+[-]][-]][-][[-]+[-]][-]N[-][[-]+[-]][-][[-][[-]+[-]][-]S[-][[-]+[-]][-]U[-][[-]+[-]]
[-]C[-][[-]+[-]][-]C[-][[-]+[-]][-]E[-][[-]+[-]][-]S[-][[-]+[-]][-]S[-][[-]+[-]][-]][-][[-]+[-]][-]F[-][[-]+[-]][-][[-][[-]+[-]]
[-]S[-][[-]+[-]][-]U[-][[-]+[-]][-]C[-][[-]+[-]][-]C[-][[-]+[-]][-]E[-][[-]+[-]][-]S[-][[-]+[-]][-]S[-][[-]+[-]][-]][-][[-]+[-]]
[-]O[-][[-]+[-]][-][[-][[-]+[-]][-]S[-][[-]+[-]][-]U[-][[-]+[-]][-]C[-][[-]+[-]][-]C[-][[-]+[-]][-]E[-][[-]+[-]][-]S[-][[-]+[-]]
[-]S[-][[-]+[-]][-]][-][[-]+[-]][-]][-][[-]+[-]][-][[-][[-]+[-]][-]S[-][[-]+[-]][-]U[-][[-]+[-]][-]C[-][[-]+[-]][-]C[-][[-]+[-]]
[-]E[-][[-]+[-]][-]S[-][[-]+[-]][-]S[-][[-]+[-]][-]][-][[-]+[-]][-]>[-][[-]+[-]][-][[-][[-]+[-]][-]S[-][[-]+[-]][-]U[-][[-]+[-]]
[-]C[-][[-]+[-]][-]C[-][[-]+[-]][-]E[-][[-]+[-]][-]S[-][[-]+[-]][-]S[-][[-]+[-]][-]][-][[-]+[-]][-][[-][[-]+[-]][-][[-][[-]+[-]]
[-]S[-][[-]+[-]][-]U[-][[-]+[-]][-]C[-][[-]+[-]][-]C[-][[-]+[-]][-]E[-][[-]+[-]][-]S[-][[-]+[-]][-]S[-][[-]+[-]][-]][-][[-]+[-]]
[-]I[-][[-]+[-]][-][[-][[-]+[-]][-]S[-][[-]+[-]][-]U[-][[-]+[-]][-]C[-][[-]+[-]][-]C[-][[-]+[-]][-]E[-][[-]+[-]][-]S[-][[-]+[-]]
[-]S[-][[-]+[-]][-]][-][[-]+[-]][-]N[-][[-]+[-]][-][[-][[-]+[-]][-]S[-][[-]+[-]][-]U[-][[-]+[-]][-]C[-][[-]+[-]][-]C[-][[-]+[-]]
[-]E[-][[-]+[-]][-]S[-][[-]+[-]][-]S[-][[-]+[-]][-]][-][[-]+[-]][-]F[-][[-]+[-]][-][[-][[-]+[-]][-]S[-][[-]+[-]][-]U[-][[-]+[-]]
[-]C[-][[-]+[-]][-]C[-][[-]+[-]][-]E[-][[-]+[-]][-]S[-][[-]+[-]][-]S[-][[-]+[-]][-]][-][[-]+[-]][-]O[-][[-]+[-]][-][[-][[-]+[-]]
[-]S[-][[-]+[-]][-]U[-][[-]+[-]][-]C[-][[-]+[-]][-]C[-][[-]+[-]][-]E[-][[-]+[-]][-]S[-][[-]+[-]][-]S[-][[-]+[-]][-]][-][[-]+[-]]
[-]][-][[-]+[-]][-][[-][[-]+[-]][-]S[-][[-]+[-]][-]U[-][[-]+[-]][-]C[-][[-]+[-]][-]C[-][[-]+[-]][-]E[-][[-]+[-]][-]S[-][[-]+[-]]
[-]S[-][[-]+[-]][-]][-][[-]+[-]][-]][-][[-]+[-]][-][[-][[-]+[-]][-]S[-][[-]+[-]][-]U[-][[-]+[-]][-]C[-][[-]+[-]][-]C[-][[-]+[-]]
[-]E[-][[-]+[-]][-]S[-][[-]+[-]][-]S[-][[-]+[-]][-]][-][[-]+[-]][-][[-][[-]+[-]][-][[-][[-]+[-]][-]S[-][[-]+[-]][-]U[-][[-]+[-]]
[-]C[-][[-]+[-]][-]C[-][[-]+[-]][-]E[-][[-]+[-]][-]S[-][[-]+[-]][-]S[-][[-]+[-]][-]][-][[-]+[-]][-]I[-][[-]+[-]][-][[-][[-]+[-]]
[-]S[-][[-]+[-]][-]U[-][[-]+[-]][-]C[-][[-]+[-]][-]C[-][[-]+[-]][-]E[-][[-]+[-]][-]S[-][[-]+[-]][-]S[-][[-]+[-]][-]][-][[-]+[-]]
[-]N[-][[-]+[-]][-][[-][[-]+[-]][-]S[-][[-]+[-]][-]U[-][[-]+[-]][-]C[-][[-]+[-]][-]C[-][[-]+[-]][-]E[-][[-]+[-]][-]S[-][[-]+[-]]
[-]S[-][[-]+[-]][-]][-][[-]+[-]][-]F[-][[-]+[-]][-][[-][[-]+[-]][-]S[-][[-]+[-]][-]U[-][[-]+[-]][-]C[-][[-]+[-]][-]C[-][[-]+[-]]
[-]E[-][[-]+[-]][-]S[-][[-]+[-]][-]S[-][[-]+[-]][-]][-][[-]+[-]][-]O[-][[-]+[-]][-][[-][[-]+[-]][-]S[-][[-]+[-]][-]U[-][[-]+[-]]
[-]C[-][[-]+[-]][-]C[-][[-]+[-]][-]E[-][[-]+[-]][-]S[-][[-]+[-]][-]S[-][[-]+[-]][-]][-][[-]+[-]][-]][-][[-]+[-]][-][[-][[-]+[-]]
[-]S[-][[-]+[-]][-]U[-][[-]+[-]][-]C[-][[-]+[-]][-]C[-][[-]+[-]][-]E[-][[-]+[-]][-]S[-][[-]+[-]][-]S[-][[-]+[-]][-]][-][[-]+[-]]
[-]O[-][[-]+[-]][-][[-][[-]+[-]][-]S[-][[-]+[-]][-]U[-][[-]+[-]][-]C[-][[-]+[-]][-]C[-][[-]+[-]][-]E[-][[-]+[-]][-]S[-][[-]+[-]]
[-]S[-][[-]+[-]][-]][-][[-]+[-]][-][[-][[-]+[-]][-][[-][[-]+[-]][-]S[-][[-]+[-]][-]U[-][[-]+[-]][-]C[-][[-]+[-]][-]C[-][[-]+[-]]
[-]E[-][[-]+[-]][-]S[-][[-]+[-]][-]S[-][[-]+[-]][-]][-][[-]+[-]][-]I[-][[-]+[-]][-][[-][[-]+[-]][-]S[-][[-]+[-]][-]U[-][[-]+[-]]
[-]C[-][[-]+[-]][-]C[-][[-]+[-]][-]E[-][[-]+[-]][-]S[-][[-]+[-]][-]S[-][[-]+[-]][-]][-][[-]+[-]][-]N[-][[-]+[-]][-][[-][[-]+[-]]
[-]S[-][[-]+[-]][-]U[-][[-]+[-]][-]C[-][[-]+[-]][-]C[-][[-]+[-]][-]E[-][[-]+[-]][-]S[-][[-]+[-]][-]S[-][[-]+[-]][-]][-][[-]+[-]]
[-]F[-][[-]+[-]][-][[-][[-]+[-]][-]S[-][[-]+[-]][-]U[-][[-]+[-]][-]C[-][[-]+[-]][-]C[-][[-]+[-]][-]E[-][[-]+[-]][-]S[-][[-]+[-]]
[-]S[-][[-]+[-]][-]][-][[-]+[-]][-]O[-][[-]+[-]][-][[-][[-]+[-]][-]S[-][[-]+[-]][-]U[-][[-]+[-]][-]C[-][[-]+[-]][-]C[-][[-]+[-]]
[-]E[-][[-]+[-]][-]S[-][[-]+[-]][-]S[-][[-]+[-]][-]][-][[-]+[-]][-]][-][[-]+[-]][-][[-][[-]+[-]][-]S[-][[-]+[-]][-]U[-][[-]+[-]]
[-]C[-][[-]+[-]][-]C[-][[-]+[-]][-]E[-][[-]+[-]][-]S[-][[-]+[-]][-]S[-][[-]+[-]][-]][-][[-]+[-]][-][[-][[-]+[-]][-][[-][[-]+[-]]
[-]S[-][[-]+[-]][-]U[-][[-]+[-]][-]C[-][[-]+[-]][-]C[-][[-]+[-]][-]E[-][[-]+[-]][-]S[-][[-]+[-]][-]S[-][[-]+[-]][-]][-][[-]+[-]]
[-][[-][[-]+[-]][-][[-][[-]+[-]][-]S[-][[-]+[-]][-]U[-][[-]+[-]][-]C[-][[-]+[-]][-]C[-][[-]+[-]][-]E[-][[-]+[-]][-]S[-][[-]+[-]]
[-]S[-][[-]+[-]][-]][-][[-]+[-]][-]I[-][[-]+[-]][-][[-][[-]+[-]][-]S[-][[-]+[-]][-]U[-][[-]+[-]][-]C[-][[-]+[-]][-]C[-][[-]+[-]]
[-]E[-][[-]+[-]][-]S[-][[-]+[-]][-]S[-][[-]+[-]][-]][-][[-]+[-]][-]N[-][[-]+[-]][-][[-][[-]+[-]][-]S[-][[-]+[-]][-]U[-][[-]+[-]]
[-]C[-][[-]+[-]][-]C[-][[-]+[-]][-]E[-][[-]+[-]][-]S[-][[-]+[-]][-]S[-][[-]+[-]][-]][-][[-]+[-]][-]F[-][[-]+[-]][-][[-][[-]+[-]]
[-]S[-][[-]+[-]][-]U[-][[-]+[-]][-]C[-][[-]+[-]][-]C[-][[-]+[-]][-]E[-][[-]+[-]][-]S[-][[-]+[-]][-]S[-][[-]+[-]][-]][-][[-]+[-]]
[-]O[-][[-]+[-]][-][[-][[-]+[-]][-]S[-][[-]+[-]][-]U[-][[-]+[-]][-]C[-][[-]+[-]][-]C[-][[-]+[-]][-]E[-][[-]+[-]][-]S[-][[-]+[-]]
[-]S[-][[-]+[-]][-]][-][[-]+[-]][-]][-][[-]+[-]][-][[-][[-]+[-]][-]S[-][[-]+[-]][-]U[-][[-]+[-]][-]C[-][[-]+[-]][-]C[-][[-]+[-]]
[-]E[-][[-]+[-]][-]S[-][[-]+[-]][-]S[-][[-]+[-]][-]][-][[-]+[-]][-]>[-][[-]+[-]][-][[-][[-]+[-]][-]S[-][[-]+[-]][-]U[-][[-]+[-]]
[-]C[-][[-]+[-]][-]C[-][[-]+[-]][-]E[-][[-]+[-]][-]S[-][[-]+[-]][-]S[-][[-]+[-]][-]][-][[-]+[-]][-][[-][[-]+[-]][-][[-][[-]+[-]]
[-]S[-][[-]+[-]][-]U[-][[-]+[-]][-]C[-][[-]+[-]][-]C[-][[-]+[-]][-]E[-][[-]+[-]][-]S[-][[-]+[-]][-]S[-][[-]+[-]][-]][-][[-]+[-]]
[-]I[-][[-]+[-]][-][[-][[-]+[-]][-]S[-][[-]+[-]][-]U[-][[-]+[-]][-]C[-][[-]+[-]][-]C[-][[-]+[-]][-]E[-][[-]+[-]][-]S[-][[-]+[-]]
[-]S[-][[-]+[-]][-]][-][[-]+[-]][-]N[-][[-]+[-]][-][[-][[-]+[-]][-]S[-][[-]+[-]][-]U[-][[-]+[-]][-]C[-][[-]+[-]][-]C[-][[-]+[-]]
[-]E[-][[-]+[-]][-]S[-][[-]+[-]][-]S[-][[-]+[-]][-]][-][[-]+[-]][-]F[-][[-]+[-]][-][[-][[-]+[-]][-]S[-][[-]+[-]][-]U[-][[-]+[-]]
[-]C[-][[-]+[-]][-]C[-][[-]+[-]][-]E[-][[-]+[-]][-]S[-][[-]+[-]][-]S[-][[-]+[-]][-]][-][[-]+[-]][-]O[-][[-]+[-]][-][[-][[-]+[-]]
[-]S[-][[-]+[-]][-]U[-][[-]+[-]][-]C[-][[-]+[-]][-]C[-][[-]+[-]][-]E[-][[-]+[-]][-]S[-][[-]+[-]][-]S[-][[-]+[-]][-]][-][[-]+[-]]
[-]][-][[-]+[-]][-][[-][[-]+[-]][-]S[-][[-]+[-]][-]U[-][[-]+[-]][-]C[-][[-]+[-]][-]C[-][[-]+[-]][-]E[-][[-]+[-]][-]S[-][[-]+[-]]
[-]S[-][[-]+[-]][-]][-][[-]+[-]][-]][-][[-]+[-]][-][[-][[-]+[-]][-]S[-][[-]+[-]][-]U[-][[-]+[-]][-]C[-][[-]+[-]][-]C[-][[-]+[-]]
[-]E[-][[-]+[-]][-]S[-][[-]+[-]][-]S[-][[-]+[-]][-]][-][[-]+[-]][-][[-][[-]+[-]][-][[-][[-]+[-]][-]S[-][[-]+[-]][-]U[-][[-]+[-]]
[-]C[-][[-]+[-]][-]C[-][[-]+[-]][-]E[-][[-]+[-]][-]S[-][[-]+[-]][-]S[-][[-]+[-]][-]][-][[-]+[-]][-]I[-][[-]+[-]][-][[-][[-]+[-]]
[-]S[-][[-]+[-]][-]U[-][[-]+[-]][-]C[-][[-]+[-]][-]C[-][[-]+[-]][-]E[-][[-]+[-]][-]S[-][[-]+[-]][-]S[-][[-]+[-]][-]][-][[-]+[-]]
[-]N[-][[-]+[-]][-][[-][[-]+[-]][-]S[-][[-]+[-]][-]U[-][[-]+[-]][-]C[-][[-]+[-]][-]C[-][[-]+[-]][-]E[-][[-]+[-]][-]S[-][[-]+[-]]
[-]S[-][[-]+[-]][-]][-][[-]+[-]][-]F[-][[-]+[-]][-][[-][[-]+[-]][-]S[-][[-]+[-]][-]U[-][[-]+[-]][-]C[-][[-]+[-]][-]C[-][[-]+[-]]
[-]E[-][[-]+[-]][-]S[-][[-]+[-]][-]S[-][[-]+[-]][-]][-][[-]+[-]][-]O[-][[-]+[-]][-][[-][[-]+[-]][-]S[-][[-]+[-]][-]U[-][[-]+[-]]
[-]C[-][[-]+[-]][-]C[-][[-]+[-]][-]E[-][[-]+[-]][-]S[-][[-]+[-]][-]S[-][[-]+[-]][-]][-][[-]+[-]][-]][-][[-]+[-]][-][[-][[-]+[-]]
[-]S[-][[-]+[-]][-]U[-][[-]+[-]][-]C[-][[-]+[-]][-]C[-][[-]+[-]][-]E[-][[-]+[-]][-]S[-][[-]+[-]][-]S[-][[-]+[-]][-]][-][[-]+[-]]
[-]K[-][[-]+[-]][-][[-][[-]+[-]][-]S[-][[-]+[-]][-]U[-][[-]+[-]][-]C[-][[-]+[-]][-]C[-][[-]+[-]][-]E[-][[-]+[-]][-]S[-][[-]+[-]]
[-]S[-][[-]+[-]][-]][-][[-]+[-]][-][[-][[-]+[-]][-][[-][[-]+[-]][-]S[-][[-]+[-]][-]U[-][[-]+[-]][-]C[-][[-]+[-]][-]C[-][[-]+[-]]
[-]E[-][[-]+[-]][-]S[-][[-]+[-]][-]S[-][[-]+[-]][-]][-][[-]+[-]][-]I[-][[-]+[-]][-][[-][[-]+[-]][-]S[-][[-]+[-]][-]U[-][[-]+[-]]
[-]C[-][[-]+[-]][-]C[-][[-]+[-]][-]E[-][[-]+[-]][-]S[-][[-]+[-]][-]S[-][[-]+[-]][-]][-][[-]+[-]][-]N[-][[-]+[-]][-][[-][[-]+[-]]
[-]S[-][[-]+[-]][-]U[-][[-]+[-]][-]C[-][[-]+[-]][-]C[-][[-]+[-]][-]E[-][[-]+[-]][-]S[-][[-]+[-]][-]S[-][[-]+[-]][-]][-][[-]+[-]]
[-]F[-][[-]+[-]][-][[-][[-]+[-]][-]S[-][[-]+[-]][-]U[-][[-]+[-]][-]C[-][[-]+[-]][-]C[-][[-]+[-]][-]E[-][[-]+[-]][-]S[-][[-]+[-]]
[-]S[-][[-]+[-]][-]][-][[-]+[-]][-]O[-][[-]+[-]][-][[-][[-]+[-]][-]S[-][[-]+[-]][-]U[-][[-]+[-]][-]C[-][[-]+[-]][-]C[-][[-]+[-]]
[-]E[-][[-]+[-]][-]S[-][[-]+[-]][-]S[-][[-]+[-]][-]][-][[-]+[-]][-]][-][[-]+[-]][-][[-][[-]+[-]][-]S[-][[-]+[-]][-]U[-][[-]+[-]]
[-]C[-][[-]+[-]][-]C[-][[-]+[-]][-]E[-][[-]+[-]][-]S[-][[-]+[-]][-]S[-][[-]+[-]][-]][-][[-]+[-]][-][[-][[-]+[-]][-][[-][[-]+[-]]
[-]S[-][[-]+[-]][-]U[-][[-]+[-]][-]C[-][[-]+[-]][-]C[-][[-]+[-]][-]E[-][[-]+[-]][-]S[-][[-]+[-]][-]S[-][[-]+[-]][-]][-][[-]+[-]]
[-][[-][[-]+[-]][-][[-][[-]+[-]][-]S[-][[-]+[-]][-]U[-][[-]+[-]][-]C[-][[-]+[-]][-]C[-][[-]+[-]][-]E[-][[-]+[-]][-]S[-][[-]+[-]]
[-]S[-][[-]+[-]][-]][-][[-]+[-]][-]I[-][[-]+[-]][-][[-][[-]+[-]][-]S[-][[-]+[-]][-]U[-][[-]+[-]][-]C[-][[-]+[-]][-]C[-][[-]+[-]]
[-]E[-][[-]+[-]][-]S[-][[-]+[-]][-]S[-][[-]+[-]][-]][-][[-]+[-]][-]N[-][[-]+[-]][-][[-][[-]+[-]][-]S[-][[-]+[-]][-]U[-][[-]+[-]]
[-]C[-][[-]+[-]][-]C[-][[-]+[-]][-]E[-][[-]+[-]][-]S[-][[-]+[-]][-]S[-][[-]+[-]][-]][-][[-]+[-]][-]F[-][[-]+[-]][-][[-][[-]+[-]]
[-]S[-][[-]+[-]][-]U[-][[-]+[-]][-]C[-][[-]+[-]][-]C[-][[-]+[-]][-]E[-][[-]+[-]][-]S[-][[-]+[-]][-]S[-][[-]+[-]][-]][-][[-]+[-]]
[-]O[-][[-]+[-]][-][[-][[-]+[-]][-]S[-][[-]+[-]][-]U[-][[-]+[-]][-]C[-][[-]+[-]][-]C[-][[-]+[-]][-]E[-][[-]+[-]][-]S[-][[-]+[-]]
[-]S[-][[-]+[-]][-]][-][[-]+[-]][-]][-][[-]+[-]][-][[-][[-]+[-]][-]S[-][[-]+[-]][-]U[-][[-]+[-]][-]C[-][[-]+[-]][-]C[-][[-]+[-]]
[-]E[-][[-]+[-]][-]S[-][[-]+[-]][-]S[-][[-]+[-]][-]][-][[-]+[-]][-]>[-][[-]+[-]][-][[-][[-]+[-]][-]S[-][[-]+[-]][-]U[-][[-]+[-]]
[-]C[-][[-]+[-]][-]C[-][[-]+[-]][-]E[-][[-]+[-]][-]S[-][[-]+[-]][-]S[-][[-]+[-]][-]][-][[-]+[-]][-][[-][[-]+[-]][-][[-][[-]+[-]]
[-]S[-][[-]+[-]][-]U[-][[-]+[-]][-]C[-][[-]+[-]][-]C[-][[-]+[-]][-]E[-][[-]+[-]][-]S[-][[-]+[-]][-]S[-][[-]+[-]][-]][-][[-]+[-]]
[-]I[-][[-]+[-]][-][[-][[-]+[-]][-]S[-][[-]+[-]][-]U[-][[-]+[-]][-]C[-][[-]+[-]][-]C[-][[-]+[-]][-]E[-][[-]+[-]][-]S[-][[-]+[-]]
[-]S[-][[-]+[-]][-]][-][[-]+[-]][-]N[-][[-]+[-]][-][[-][[-]+[-]][-]S[-][[-]+[-]][-]U[-][[-]+[-]][-]C[-][[-]+[-]][-]C[-][[-]+[-]]
[-]E[-][[-]+[-]][-]S[-][[-]+[-]][-]S[-][[-]+[-]][-]][-][[-]+[-]][-]F[-][[-]+[-]][-][[-][[-]+[-]][-]S[-][[-]+[-]][-]U[-][[-]+[-]]
[-]C[-][[-]+[-]][-]C[-][[-]+[-]][-]E[-][[-]+[-]][-]S[-][[-]+[-]][-]S[-][[-]+[-]][-]][-][[-]+[-]][-]O[-][[-]+[-]][-][[-][[-]+[-]]
[-]S[-][[-]+[-]][-]U[-][[-]+[-]][-]C[-][[-]+[-]][-]C[-][[-]+[-]][-]E[-][[-]+[-]][-]S[-][[-]+[-]][-]S[-][[-]+[-]][-]][-][[-]+[-]]
[-]][-][[-]+[-]][-][[-][[-]+[-]][-]S[-][[-]+[-]][-]U[-][[-]+[-]][-]C[-][[-]+[-]][-]C[-][[-]+[-]][-]E[-][[-]+[-]][-]S[-][[-]+[-]]
[-]S[-][[-]+[-]][-]][-][[-]+[-]][-]][-][[-]+[-]][-][[-][[-]+[-]][-]S[-][[-]+[-]][-]U[-][[-]+[-]][-]C[-][[-]+[-]][-]C[-][[-]+[-]]
[-]E[-][[-]+[-]][-]S[-][[-]+[-]][-]S[-][[-]+[-]][-]][-][[-]+[-]][-][[-][[-]+[-]][-][[-][[-]+[-]][-]S[-][[-]+[-]][-]U[-][[-]+[-]]
[-]C[-][[-]+[-]][-]C[-][[-]+[-]][-]E[-][[-]+[-]][-]S[-][[-]+[-]][-]S[-][[-]+[-]][-]][-][[-]+[-]][-]I[-][[-]+[-]][-][[-][[-]+[-]]
[-]S[-][[-]+[-]][-]U[-][[-]+[-]][-]C[-][[-]+[-]][-]C[-][[-]+[-]][-]E[-][[-]+[-]][-]S[-][[-]+[-]][-]S[-][[-]+[-]][-]][-][[-]+[-]]
[-]N[-][[-]+[-]][-][[-][[-]+[-]][-]S[-][[-]+[-]][-]U[-][[-]+[-]][-]C[-][[-]+[-]][-]C[-][[-]+[-]][-]E[-][[-]+[-]][-]S[-][[-]+[-]]
[-]S[-][[-]+[-]][-]][-][[-]+[-]][-]F[-][[-]+[-]][-][[-][[-]+[-]][-]S[-][[-]+[-]][-]U[-][[-]+[-]][-]C[-][[-]+[-]][-]C[-][[-]+[-]]
[-]E[-][[-]+[-]][-]S[-][[-]+[-]][-]S[-][[-]+[-]][-]][-][[-]+[-]][-]O[-][[-]+[-]][-][[-][[-]+[-]][-]S[-][[-]+[-]][-]U[-][[-]+[-]]
[-]C[-][[-]+[-]][-]C[-][[-]+[-]][-]E[-][[-]+[-]][-]S[-][[-]+[-]][-]S[-][[-]+[-]][-]][-][[-]+[-]][-]][-][[-]+[-]][-][[-][[-]+[-]]
[-]S[-][[-]+[-]][-]U[-][[-]+[-]][-]C[-][[-]+[-]][-]C[-][[-]+[-]][-]E[-][[-]+[-]][-]S[-][[-]+[-]][-]S[-][[-]+[-]][-]][-][[-]+[-]]
[-]][-][[-]+[-]][-][[-][[-]+[-]][-]S[-][[-]+[-]][-]U[-][[-]+[-]][-]C[-][[-]+[-]][-]C[-][[-]+[-]][-]E[-][[-]+[-]][-]S[-][[-]+[-]]
[-]S[-][[-]+[-]][-]][-][[-]+[-]][-][[-][[-]+[-]][-][[-][[-]+[-]][-]S[-][[-]+[-]][-]U[-][[-]+[-]][-]C[-][[-]+[-]][-]C[-][[-]+[-]]
[-]E[-][[-]+[-]][-]S[-][[-]+[-]][-]S[-][[-]+[-]][-]][-][[-]+[-]][-]I[-][[-]+[-]][-][[-][[-]+[-]][-]S[-][[-]+[-]][-]U[-][[-]+[-]]
[-]C[-][[-]+[-]][-]C[-][[-]+[-]][-]E[-][[-]+[-]][-]S[-][[-]+[-]][-]S[-][[-]+[-]][-]][-][[-]+[-]][-]N[-][[-]+[-]][-][[-][[-]+[-]]
[-]S[-][[-]+[-]][-]U[-][[-]+[-]][-]C[-][[-]+[-]][-]C[-][[-]+[-]][-]E[-][[-]+[-]][-]S[-][[-]+[-]][-]S[-][[-]+[-]][-]][-][[-]+[-]]
[-]F[-][[-]+[-]][-][[-][[-]+[-]][-]S[-][[-]+[-]][-]U[-][[-]+[-]][-]C[-][[-]+[-]][-]C[-][[-]+[-]][-]E[-][[-]+[-]][-]S[-][[-]+[-]]
[-]S[-][[-]+[-]][-]][-][[-]+[-]][-]O[-][[-]+[-]][-][[-][[-]+[-]][-]S[-][[-]+[-]][-]U[-][[-]+[-]][-]C[-][[-]+[-]][-]C[-][[-]+[-]]
[-]E[-][[-]+[-]][-]S[-][[-]+[-]][-]S[-][[-]+[-]][-]][-][[-]+[-]][-]][-][[-]+[-]][-][[-][[-]+[-]][-]S[-][[-]+[-]][-]U[-][[-]+[-]]
[-]C[-][[-]+[-]][-]C[-][[-]+[-]][-]E[-][[-]+[-]][-]S[-][[-]+[-]][-]S[-][[-]+[-]][-]][-][[-]+[-]][-][[-][[-]+[-]][-][[-][[-]+[-]]
[-]S[-][[-]+[-]][-]U[-][[-]+[-]][-]C[-][[-]+[-]][-]C[-][[-]+[-]][-]E[-][[-]+[-]][-]S[-][[-]+[-]][-]S[-][[-]+[-]][-]][-][[-]+[-]]
[-][[-][[-]+[-]][-][[-][[-]+[-]][-]S[-][[-]+[-]][-]U[-][[-]+[-]][-]C[-][[-]+[-]][-]C[-][[-]+[-]][-]E[-][[-]+[-]][-]S[-][[-]+[-]]
[-]S[-][[-]+[-]][-]][-][[-]+[-]][-]I[-][[-]+[-]][-][[-][[-]+[-]][-]S[-][[-]+[-]][-]U[-][[-]+[-]][-]C[-][[-]+[-]][-]C[-][[-]+[-]]
[-]E[-][[-]+[-]][-]S[-][[-]+[-]][-]S[-][[-]+[-]][-]][-][[-]+[-]][-]N[-][[-]+[-]][-][[-][[-]+[-]][-]S[-][[-]+[-]][-]U[-][[-]+[-]]
[-]C[-][[-]+[-]][-]C[-][[-]+[-]][-]E[-][[-]+[-]][-]S[-][[-]+[-]][-]S[-][[-]+[-]][-]][-][[-]+[-]][-]F[-][[-]+[-]][-][[-][[-]+[-]]
[-]S[-][[-]+[-]][-]U[-][[-]+[-]][-]C[-][[-]+[-]][-]C[-][[-]+[-]][-]E[-][[-]+[-]][-]S[-][[-]+[-]][-]S[-][[-]+[-]][-]][-][[-]+[-]]
[-]O[-][[-]+[-]][-][[-][[-]+[-]][-]S[-][[-]+[-]][-]U[-][[-]+[-]][-]C[-][[-]+[-]][-]C[-][[-]+[-]][-]E[-][[-]+[-]][-]S[-][[-]+[-]]
[-]S[-][[-]+[-]][-]][-][[-]+[-]][-]][-][[-]+[-]][-][[-][[-]+[-]][-]S[-][[-]+[-]][-]U[-][[-]+[-]][-]C[-][[-]+[-]][-]C[-][[-]+[-]]
[-]E[-][[-]+[-]][-]S[-][[-]+[-]][-]S[-][[-]+[-]][-]][-][[-]+[-]][-]>[-][[-]+[-]][-][[-][[-]+[-]][-]S[-][[-]+[-]][-]U[-][[-]+[-]]
[-]C[-][[-]+[-]][-]C[-][[-]+[-]][-]E[-][[-]+[-]][-]S[-][[-]+[-]][-]S[-][[-]+[-]][-]][-][[-]+[-]][-][[-][[-]+[-]][-][[-][[-]+[-]]
[-]S[-][[-]+[-]][-]U[-][[-]+[-]][-]C[-][[-]+[-]][-]C[-][[-]+[-]][-]E[-][[-]+[-]][-]S[-][[-]+[-]][-]S[-][[-]+[-]][-]][-][[-]+[-]]
[-]I[-][[-]+[-]][-][[-][[-]+[-]][-]S[-][[-]+[-]][-]U[-][[-]+[-]][-]C[-][[-]+[-]][-]C[-][[-]+[-]][-]E[-][[-]+[-]][-]S[-][[-]+[-]]
[-]S[-][[-]+[-]][-]][-][[-]+[-]][-]N[-][[-]+[-]][-][[-][[-]+[-]][-]S[-][[-]+[-]][-]U[-][[-]+[-]][-]C[-][[-]+[-]][-]C[-][[-]+[-]]
[-]E[-][[-]+[-]][-]S[-][[-]+[-]][-]S[-][[-]+[-]][-]][-][[-]+[-]][-]F[-][[-]+[-]][-][[-][[-]+[-]][-]S[-][[-]+[-]][-]U[-][[-]+[-]]
[-]C[-][[-]+[-]][-]C[-][[-]+[-]][-]E[-][[-]+[-]][-]S[-][[-]+[-]][-]S[-][[-]+[-]][-]][-][[-]+[-]][-]O[-][[-]+[-]][-][[-][[-]+[-]]
[-]S[-][[-]+[-]][-]U[-][[-]+[-]][-]C[-][[-]+[-]][-]C[-][[-]+[-]][-]E[-][[-]+[-]][-]S[-][[-]+[-]][-]S[-][[-]+[-]][-]][-][[-]+[-]]
[-]][-][[-]+[-]][-][[-][[-]+[-]][-]S[-][[-]+[-]][-]U[-][[-]+[-]][-]C[-][[-]+[-]][-]C[-][[-]+[-]][-]E[-][[-]+[-]][-]S[-][[-]+[-]]
[-]S[-][[-]+[-]][-]][-][[-]+[-]][-]][-][[-]+[-]][-][[-][[-]+[-]][-]S[-][[-]+[-]][-]U[-][[-]+[-]][-]C[-][[-]+[-]][-]C[-][[-]+[-]]
[-]E[-][[-]+[-]][-]S[-][[-]+[-]][-]S[-][[-]+[-]][-]][-][[-]+[-]][-][[-][[-]+[-]][-][[-][[-]+[-]][-]S[-][[-]+[-]][-]U[-][[-]+[-]]
[-]C[-][[-]+[-]][-]C[-][[-]+[-]][-]E[-][[-]+[-]][-]S[-][[-]+[-]][-]S[-][[-]+[-]][-]][-][[-]+[-]][-]I[-][[-]+[-]][-][[-][[-]+[-]]
[-]S[-][[-]+[-]][-]U[-][[-]+[-]][-]C[-][[-]+[-]][-]C[-][[-]+[-]][-]E[-][[-]+[-]][-]S[-][[-]+[-]][-]S[-][[-]+[-]][-]][-][[-]+[-]]
[-]N[-][[-]+[-]][-][[-][[-]+[-]][-]S[-][[-]+[-]][-]U[-][[-]+[-]][-]C[-][[-]+[-]][-]C[-][[-]+[-]][-]E[-][[-]+[-]][-]S[-][[-]+[-]]
[-]S[-][[-]+[-]][-]][-][[-]+[-]][-]F[-][[-]+[-]][-][[-][[-]+[-]][-]S[-][[-]+[-]][-]U[-][[-]+[-]][-]C[-][[-]+[-]][-]C[-][[-]+[-]]
[-]E[-][[-]+[-]][-]S[-][[-]+[-]][-]S[-][[-]+[-]][-]][-][[-]+[-]][-]O[-][[-]+[-]][-][[-][[-]+[-]][-]S[-][[-]+[-]][-]U[-][[-]+[-]]
[-]C[-][[-]+[-]][-]C[-][[-]+[-]][-]E[-][[-]+[-]][-]S[-][[-]+[-]][-]S[-][[-]+[-]][-]][-][[-]+[-]][-]][-][[-]+[-]][-][[-][[-]+[-]]
[-]S[-][[-]+[-]][-]U[-][[-]+[-]][-]C[-][[-]+[-]][-]C[-][[-]+[-]][-]E[-][[-]+[-]][-]S[-][[-]+[-]][-]S[-][[-]+[-]][-]][-][[-]+[-]]
[-]*[-][[-]+[-]][-][[-][[-]+[-]][-]S[-][[-]+[-]][-]U[-][[-]+[-]][-]C[-][[-]+[-]][-]C[-][[-]+[-]][-]E[-][[-]+[-]][-]S[-][[-]+[-]]
[-]S[-][[-]+[-]][-]][-][[-]+[-]][-][[-][[-]+[-]][-][[-][[-]+[-]][-]S[-][[-]+[-]][-]U[-][[-]+[-]][-]C[-][[-]+[-]][-]C[-][[-]+[-]]
[-]E[-][[-]+[-]][-]S[-][[-]+[-]][-]S[-][[-]+[-]][-]][-][[-]+[-]][-]I[-][[-]+[-]][-][[-][[-]+[-]][-]S[-][[-]+[-]][-]U[-][[-]+[-]]
[-]C[-][[-]+[-]][-]C[-][[-]+[-]][-]E[-][[-]+[-]][-]S[-][[-]+[-]][-]S[-][[-]+[-]][-]][-][[-]+[-]][-]N[-][[-]+[-]][-][[-][[-]+[-]]
[-]S[-][[-]+[-]][-]U[-][[-]+[-]][-]C[-][[-]+[-]][-]C[-][[-]+[-]][-]E[-][[-]+[-]][-]S[-][[-]+[-]][-]S[-][[-]+[-]][-]][-][[-]+[-]]
[-]F[-][[-]+[-]][-][[-][[-]+[-]][-]S[-][[-]+[-]][-]U[-][[-]+[-]][-]C[-][[-]+[-]][-]C[-][[-]+[-]][-]E[-][[-]+[-]][-]S[-][[-]+[-]]
[-]S[-][[-]+[-]][-]][-][[-]+[-]][-]O[-][[-]+[-]][-][[-][[-]+[-]][-]S[-][[-]+[-]][-]U[-][[-]+[-]][-]C[-][[-]+[-]][-]C[-][[-]+[-]]
[-]E[-][[-]+[-]][-]S[-][[-]+[-]][-]S[-][[-]+[-]][-]][-][[-]+[-]][-]][-][[-]+[-]][-][[-][[-]+[-]][-]S[-][[-]+[-]][-]U[-][[-]+[-]]
[-]C[-][[-]+[-]][-]C[-][[-]+[-]][-]E[-][[-]+[-]][-]S[-][[-]+[-]][-]S[-][[-]+[-]][-]][-][[-]+[-]][-][[-][[-]+[-]][-][[-][[-]+[-]]
[-]S[-][[-]+[-]][-]U[-][[-]+[-]][-]C[-][[-]+[-]][-]C[-][[-]+[-]][-]E[-][[-]+[-]][-]S[-][[-]+[-]][-]S[-][[-]+[-]][-]][-][[-]+[-]]
[-][[-][[-]+[-]][-][[-][[-]+[-]][-]S[-][[-]+[-]][-]U[-][[-]+[-]][-]C[-][[-]+[-]][-]C[-][[-]+[-]][-]E[-][[-]+[-]][-]S[-][[-]+[-]]
[-]S[-][[-]+[-]][-]][-][[-]+[-]][-]I[-][[-]+[-]][-][[-][[-]+[-]][-]S[-][[-]+[-]][-]U[-][[-]+[-]][-]C[-][[-]+[-]][-]C[-][[-]+[-]]
[-]E[-][[-]+[-]][-]S[-][[-]+[-]][-]S[-][[-]+[-]][-]][-][[-]+[-]][-]N[-][[-]+[-]][-][[-][[-]+[-]][-]S[-][[-]+[-]][-]U[-][[-]+[-]]
[-]C[-][[-]+[-]][-]C[-][[-]+[-]][-]E[-][[-]+[-]][-]S[-][[-]+[-]][-]S[-][[-]+[-]][-]][-][[-]+[-]][-]F[-][[-]+[-]][-][[-][[-]+[-]]
[-]S[-][[-]+[-]][-]U[-][[-]+[-]][-]C[-][[-]+[-]][-]C[-][[-]+[-]][-]E[-][[-]+[-]][-]S[-][[-]+[-]][-]S[-][[-]+[-]][-]][-][[-]+[-]]
[-]O[-][[-]+[-]][-][[-][[-]+[-]][-]S[-][[-]+[-]][-]U[-][[-]+[-]][-]C[-][[-]+[-]][-]C[-][[-]+[-]][-]E[-][[-]+[-]][-]S[-][[-]+[-]]
[-]S[-][[-]+[-]][-]][-][[-]+[-]][-]][-][[-]+[-]][-][[-][[-]+[-]][-]S[-][[-]+[-]][-]U[-][[-]+[-]][-]C[-][[-]+[-]][-]C[-][[-]+[-]]
[-]E[-][[-]+[-]][-]S[-][[-]+[-]][-]S[-][[-]+[-]][-]][-][[-]+[-]][-]>[-][[-]+[-]][-][[-][[-]+[-]][-]S[-][[-]+[-]][-]U[-][[-]+[-]]
[-]C[-][[-]+[-]][-]C[-][[-]+[-]][-]E[-][[-]+[-]][-]S[-][[-]+[-]][-]S[-][[-]+[-]][-]][-][[-]+[-]][-][[-][[-]+[-]][-][[-][[-]+[-]]
[-]S[-][[-]+[-]][-]U[-][[-]+[-]][-]C[-][[-]+[-]][-]C[-][[-]+[-]][-]E[-][[-]+[-]][-]S[-][[-]+[-]][-]S[-][[-]+[-]][-]][-][[-]+[-]]
[-]I[-][[-]+[-]][-][[-][[-]+[-]][-]S[-][[-]+[-]][-]U[-][[-]+[-]][-]C[-][[-]+[-]][-]C[-][[-]+[-]][-]E[-][[-]+[-]][-]S[-][[-]+[-]]
[-]S[-][[-]+[-]][-]][-][[-]+[-]][-]N[-][[-]+[-]][-][[-][[-]+[-]][-]S[-][[-]+[-]][-]U[-][[-]+[-]][-]C[-][[-]+[-]][-]C[-][[-]+[-]]
[-]E[-][[-]+[-]][-]S[-][[-]+[-]][-]S[-][[-]+[-]][-]][-][[-]+[-]][-]F[-][[-]+[-]][-][[-][[-]+[-]][-]S[-][[-]+[-]][-]U[-][[-]+[-]]
[-]C[-][[-]+[-]][-]C[-][[-]+[-]][-]E[-][[-]+[-]][-]S[-][[-]+[-]][-]S[-][[-]+[-]][-]][-][[-]+[-]][-]O[-][[-]+[-]][-][[-][[-]+[-]]
[-]S[-][[-]+[-]][-]U[-][[-]+[-]][-]C[-][[-]+[-]][-]C[-][[-]+[-]][-]E[-][[-]+[-]][-]S[-][[-]+[-]][-]S[-][[-]+[-]][-]][-][[-]+[-]]
[-]][-][[-]+[-]][-][[-][[-]+[-]][-]S[-][[-]+[-]][-]U[-][[-]+[-]][-]C[-][[-]+[-]][-]C[-][[-]+[-]][-]E[-][[-]+[-]][-]S[-][[-]+[-]]
[-]S[-][[-]+[-]][-]][-][[-]+[-]][-]][-][[-]+[-]][-][[-][[-]+[-]][-]S[-][[-]+[-]][-]U[-][[-]+[-]][-]C[-][[-]+[-]][-]C[-][[-]+[-]]
[-]E[-][[-]+[-]][-]S[-][[-]+[-]][-]S[-][[-]+[-]][-]][-][[-]+[-]][-][[-][[-]+[-]][-][[-][[-]+[-]][-]S[-][[-]+[-]][-]U[-][[-]+[-]]
[-]C[-][[-]+[-]][-]C[-][[-]+[-]][-]E[-][[-]+[-]][-]S[-][[-]+[-]][-]S[-][[-]+[-]][-]][-][[-]+[-]][-]I[-][[-]+[-]][-][[-][[-]+[-]]
[-]S[-][[-]+[-]][-]U[-][[-]+[-]][-]C[-][[-]+[-]][-]C[-][[-]+[-]][-]E[-][[-]+[-]][-]S[-][[-]+[-]][-]S[-][[-]+[-]][-]][-][[-]+[-]]
[-]N[-][[-]+[-]][-][[-][[-]+[-]][-]S[-][[-]+[-]][-]U[-][[-]+[-]][-]C[-][[-]+[-]][-]C[-][[-]+[-]][-]E[-][[-]+[-]][-]S[-][[-]+[-]]
[-]S[-][[-]+[-]][-]][-][[-]+[-]][-]F[-][[-]+[-]][-][[-][[-]+[-]][-]S[-][[-]+[-]][-]U[-][[-]+[-]][-]C[-][[-]+[-]][-]C[-][[-]+[-]]
[-]E[-][[-]+[-]][-]S[-][[-]+[-]][-]S[-][[-]+[-]][-]][-][[-]+[-]][-]O[-][[-]+[-]][-][[-][[-]+[-]][-]S[-][[-]+[-]][-]U[-][[-]+[-]]
[-]C[-][[-]+[-]][-]C[-][[-]+[-]][-]E[-][[-]+[-]][-]S[-][[-]+[-]][-]S[-][[-]+[-]][-]][-][[-]+[-]][-]][-][[-]+[-]][-][[-][[-]+[-]]
[-]S[-][[-]+[-]][-]U[-][[-]+[-]][-]C[-][[-]+[-]][-]C[-][[-]+[-]][-]E[-][[-]+[-]][-]S[-][[-]+[-]][-]S[-][[-]+[-]][-]][-][[-]+[-]]
[-][[-][[-]+[-]][-][[-][[-]+[-]][-]S[-][[-]+[-]][-]U[-][[-]+[-]][-]C[-][[-]+[-]][-]C[-][[-]+[-]][-]E[-][[-]+[-]][-]S[-][[-]+[-]]
[-]S[-][[-]+[-]][-]][-][[-]+[-]][-][[-][[-]+[-]][-][[-][[-]+[-]][-]S[-][[-]+[-]][-]U[-][[-]+[-]][-]C[-][[-]+[-]][-]C[-][[-]+[-]]
[-]E[-][[-]+[-]][-]S[-][[-]+[-]][-]S[-][[-]+[-]][-]][-][[-]+[-]][-]I[-][[-]+[-]][-][[-][[-]+[-]][-]S[-][[-]+[-]][-]U[-][[-]+[-]]
[-]C[-][[-]+[-]][-]C[-][[-]+[-]][-]E[-][[-]+[-]][-]S[-][[-]+[-]][-]S[-][[-]+[-]][-]][-][[-]+[-]][-]N[-][[-]+[-]][-][[-][[-]+[-]]
[-]S[-][[-]+[-]][-]U[-][[-]+[-]][-]C[-][[-]+[-]][-]C[-][[-]+[-]][-]E[-][[-]+[-]][-]S[-][[-]+[-]][-]S[-][[-]+[-]][-]][-][[-]+[-]]
[-]F[-][[-]+[-]][-][[-][[-]+[-]][-]S[-][[-]+[-]][-]U[-][[-]+[-]][-]C[-][[-]+[-]][-]C[-][[-]+[-]][-]E[-][[-]+[-]][-]S[-][[-]+[-]]
[-]S[-][[-]+[-]][-]][-][[-]+[-]][-]O[-][[-]+[-]][-][[-][[-]+[-]][-]S[-][[-]+[-]][-]U[-][[-]+[-]][-]C[-][[-]+[-]][-]C[-][[-]+[-]]
[-]E[-][[-]+[-]][-]S[-][[-]+[-]][-]S[-][[-]+[-]][-]][-][[-]+[-]][-]][-][[-]+[-]][-][[-][[-]+[-]][-]S[-][[-]+[-]][-]U[-][[-]+[-]]
[-]C[-][[-]+[-]][-]C[-][[-]+[-]][-]E[-][[-]+[-]][-]S[-][[-]+[-]][-]S[-][[-]+[-]][-]][-][[-]+[-]][-][[-][[-]+[-]][-][[-][[-]+[-]]
[-]S[-][[-]+[-]][-]U[-][[-]+[-]][-]C[-][[-]+[-]][-]C[-][[-]+[-]][-]E[-][[-]+[-]][-]S[-][[-]+[-]][-]S[-][[-]+[-]][-]][-][[-]+[-]]
[-][[-][[-]+[-]][-][[-][[-]+[-]][-]S[-][[-]+[-]][-]U[-][[-]+[-]][-]C[-][[-]+[-]][-]C[-][[-]+[-]][-]E[-][[-]+[-]][-]S[-][[-]+[-]]
[-]S[-][[-]+[-]][-]][-][[-]+[-]][-]I[-][[-]+[-]][-][[-][[-]+[-]][-]S[-][[-]+[-]][-]U[-][[-]+[-]][-]C[-][[-]+[-]][-]C[-][[-]+[-]]
[-]E[-][[-]+[-]][-]S[-][[-]+[-]][-]S[-][[-]+[-]][-]][-][[-]+[-]][-]N[-][[-]+[-]][-][[-][[-]+[-]][-]S[-][[-]+[-]][-]U[-][[-]+[-]]
[-]C[-][[-]+[-]][-]C[-][[-]+[-]][-]E[-][[-]+[-]][-]S[-][[-]+[-]][-]S[-][[-]+[-]][-]][-][[-]+[-]][-]F[-][[-]+[-]][-][[-][[-]+[-]]
[-]S[-][[-]+[-]][-]U[-][[-]+[-]][-]C[-][[-]+[-]][-]C[-][[-]+[-]][-]E[-][[-]+[-]][-]S[-][[-]+[-]][-]S[-][[-]+[-]][-]][-][[-]+[-]]
[-]O[-][[-]+[-]][-][[-][[-]+[-]][-]S[-][[-]+[-]][-]U[-][[-]+[-]][-]C[-][[-]+[-]][-]C[-][[-]+[-]][-]E[-][[-]+[-]][-]S[-][[-]+[-]]
[-]S[-][[-]+[-]][-]][-][[-]+[-]][-]][-][[-]+[-]][-][[-][[-]+[-]][-]S[-][[-]+[-]][-]U[-][[-]+[-]][-]C[-][[-]+[-]][-]C[-][[-]+[-]]
[-]E[-][[-]+[-]][-]S[-][[-]+[-]][-]S[-][[-]+[-]][-]][-][[-]+[-]][-]>[-][[-]+[-]][-][[-][[-]+[-]][-]S[-][[-]+[-]][-]U[-][[-]+[-]]
[-]C[-][[-]+[-]][-]C[-][[-]+[-]][-]E[-][[-]+[-]][-]S[-][[-]+[-]][-]S[-][[-]+[-]][-]][-][[-]+[-]][-][[-][[-]+[-]][-][[-][[-]+[-]]
[-]S[-][[-]+[-]][-]U[-][[-]+[-]][-]C[-][[-]+[-]][-]C[-][[-]+[-]][-]E[-][[-]+[-]][-]S[-][[-]+[-]][-]S[-][[-]+[-]][-]][-][[-]+[-]]
[-]I[-][[-]+[-]][-][[-][[-]+[-]][-]S[-][[-]+[-]][-]U[-][[-]+[-]][-]C[-][[-]+[-]][-]C[-][[-]+[-]][-]E[-][[-]+[-]][-]S[-][[-]+[-]]
[-]S[-][[-]+[-]][-]][-][[-]+[-]][-]N[-][[-]+[-]][-][[-][[-]+[-]][-]S[-][[-]+[-]][-]U[-][[-]+[-]][-]C[-][[-]+[-]][-]C[-][[-]+[-]]
[-]E[-][[-]+[-]][-]S[-][[-]+[-]][-]S[-][[-]+[-]][-]][-][[-]+[-]][-]F[-][[-]+[-]][-][[-][[-]+[-]][-]S[-][[-]+[-]][-]U[-][[-]+[-]]
[-]C[-][[-]+[-]][-]C[-][[-]+[-]][-]E[-][[-]+[-]][-]S[-][[-]+[-]][-]S[-][[-]+[-]][-]][-][[-]+[-]][-]O[-][[-]+[-]][-][[-][[-]+[-]]
[-]S[-][[-]+[-]][-]U[-][[-]+[-]][-]C[-][[-]+[-]][-]C[-][[-]+[-]][-]E[-][[-]+[-]][-]S[-][[-]+[-]][-]S[-][[-]+[-]][-]][-][[-]+[-]]
[-]][-][[-]+[-]][-][[-][[-]+[-]][-]S[-][[-]+[-]][-]U[-][[-]+[-]][-]C[-][[-]+[-]][-]C[-][[-]+[-]][-]E[-][[-]+[-]][-]S[-][[-]+[-]]
[-]S[-][[-]+[-]][-]][-][[-]+[-]][-]][-][[-]+[-]][-][[-][[-]+[-]][-]S[-][[-]+[-]][-]U[-][[-]+[-]][-]C[-][[-]+[-]][-]C[-][[-]+[-]]
[-]E[-][[-]+[-]][-]S[-][[-]+[-]][-]S[-][[-]+[-]][-]][-][[-]+[-]][-][[-][[-]+[-]][-][[-][[-]+[-]][-]S[-][[-]+[-]][-]U[-][[-]+[-]]
[-]C[-][[-]+[-]][-]C[-][[-]+[-]][-]E[-][[-]+[-]][-]S[-][[-]+[-]][-]S[-][[-]+[-]][-]][-][[-]+[-]][-]I[-][[-]+[-]][-][[-][[-]+[-]]
[-]S[-][[-]+[-]][-]U[-][[-]+[-]][-]C[-][[-]+[-]][-]C[-][[-]+[-]][-]E[-][[-]+[-]][-]S[-][[-]+[-]][-]S[-][[-]+[-]][-]][-][[-]+[-]]
[-]N[-][[-]+[-]][-][[-][[-]+[-]][-]S[-][[-]+[-]][-]U[-][[-]+[-]][-]C[-][[-]+[-]][-]C[-][[-]+[-]][-]E[-][[-]+[-]][-]S[-][[-]+[-]]
[-]S[-][[-]+[-]][-]][-][[-]+[-]][-]F[-][[-]+[-]][-][[-][[-]+[-]][-]S[-][[-]+[-]][-]U[-][[-]+[-]][-]C[-][[-]+[-]][-]C[-][[-]+[-]]
[-]E[-][[-]+[-]][-]S[-][[-]+[-]][-]S[-][[-]+[-]][-]][-][[-]+[-]][-]O[-][[-]+[-]][-][[-][[-]+[-]][-]S[-][[-]+[-]][-]U[-][[-]+[-]]
[-]C[-][[-]+[-]][-]C[-][[-]+[-]][-]E[-][[-]+[-]][-]S[-][[-]+[-]][-]S[-][[-]+[-]][-]][-][[-]+[-]][-]][-][[-]+[-]][-][[-][[-]+[-]]
[-]S[-][[-]+[-]][-]U[-][[-]+[-]][-]C[-][[-]+[-]][-]C[-][[-]+[-]][-]E[-][[-]+[-]][-]S[-][[-]+[-]][-]S[-][[-]+[-]][-]][-][[-]+[-]]
[-]O[-][[-]+[-]][-][[-][[-]+[-]][-]S[-][[-]+[-]][-]U[-][[-]+[-]][-]C[-][[-]+[-]][-]C[-][[-]+[-]][-]E[-][[-]+[-]][-]S[-][[-]+[-]]
[-]S[-][[-]+[-]][-]][-][[-]+[-]][-][[-][[-]+[-]][-][[-][[-]+[-]][-]S[-][[-]+[-]][-]U[-][[-]+[-]][-]C[-][[-]+[-]][-]C[-][[-]+[-]]
[-]E[-][[-]+[-]][-]S[-][[-]+[-]][-]S[-][[-]+[-]][-]][-][[-]+[-]][-]I[-][[-]+[-]][-][[-][[-]+[-]][-]S[-][[-]+[-]][-]U[-][[-]+[-]]
[-]C[-][[-]+[-]][-]C[-][[-]+[-]][-]E[-][[-]+[-]][-]S[-][[-]+[-]][-]S[-][[-]+[-]][-]][-][[-]+[-]][-]N[-][[-]+[-]][-][[-][[-]+[-]]
[-]S[-][[-]+[-]][-]U[-][[-]+[-]][-]C[-][[-]+[-]][-]C[-][[-]+[-]][-]E[-][[-]+[-]][-]S[-][[-]+[-]][-]S[-][[-]+[-]][-]][-][[-]+[-]]
[-]F[-][[-]+[-]][-][[-][[-]+[-]][-]S[-][[-]+[-]][-]U[-][[-]+[-]][-]C[-][[-]+[-]][-]C[-][[-]+[-]][-]E[-][[-]+[-]][-]S[-][[-]+[-]]
[-]S[-][[-]+[-]][-]][-][[-]+[-]][-]O[-][[-]+[-]][-][[-][[-]+[-]][-]S[-][[-]+[-]][-]U[-][[-]+[-]][-]C[-][[-]+[-]][-]C[-][[-]+[-]]
[-]E[-][[-]+[-]][-]S[-][[-]+[-]][-]S[-][[-]+[-]][-]][-][[-]+[-]][-]][-][[-]+[-]][-][[-][[-]+[-]][-]S[-][[-]+[-]][-]U[-][[-]+[-]]
[-]C[-][[-]+[-]][-]C[-][[-]+[-]][-]E[-][[-]+[-]][-]S[-][[-]+[-]][-]S[-][[-]+[-]][-]][-][[-]+[-]][-][[-][[-]+[-]][-][[-][[-]+[-]]
[-]S[-][[-]+[-]][-]U[-][[-]+[-]][-]C[-][[-]+[-]][-]C[-][[-]+[-]][-]E[-][[-]+[-]][-]S[-][[-]+[-]][-]S[-][[-]+[-]][-]][-][[-]+[-]]
[-][[-][[-]+[-]][-][[-][[-]+[-]][-]S[-][[-]+[-]][-]U[-][[-]+[-]][-]C[-][[-]+[-]][-]C[-][[-]+[-]][-]E[-][[-]+[-]][-]S[-][[-]+[-]]
[-]S[-][[-]+[-]][-]][-][[-]+[-]][-]I[-][[-]+[-]][-][[-][[-]+[-]][-]S[-][[-]+[-]][-]U[-][[-]+[-]][-]C[-][[-]+[-]][-]C[-][[-]+[-]]
[-]E[-][[-]+[-]][-]S[-][[-]+[-]][-]S[-][[-]+[-]][-]][-][[-]+[-]][-]N[-][[-]+[-]][-][[-][[-]+[-]][-]S[-][[-]+[-]][-]U[-][[-]+[-]]
[-]C[-][[-]+[-]][-]C[-][[-]+[-]][-]E[-][[-]+[-]][-]S[-][[-]+[-]][-]S[-][[-]+[-]][-]][-][[-]+[-]][-]F[-][[-]+[-]][-][[-][[-]+[-]]
[-]S[-][[-]+[-]][-]U[-][[-]+[-]][-]C[-][[-]+[-]][-]C[-][[-]+[-]][-]E[-][[-]+[-]][-]S[-][[-]+[-]][-]S[-][[-]+[-]][-]][-][[-]+[-]]
[-]O[-][[-]+[-]][-][[-][[-]+[-]][-]S[-][[-]+[-]][-]U[-][[-]+[-]][-]C[-][[-]+[-]][-]C[-][[-]+[-]][-]E[-][[-]+[-]][-]S[-][[-]+[-]]
[-]S[-][[-]+[-]][-]][-][[-]+[-]][-]][-][[-]+[-]][-][[-][[-]+[-]][-]S[-][[-]+[-]][-]U[-][[-]+[-]][-]C[-][[-]+[-]][-]C[-][[-]+[-]]
[-]E[-][[-]+[-]][-]S[-][[-]+[-]][-]S[-][[-]+[-]][-]][-][[-]+[-]][-]>[-][[-]+[-]][-][[-][[-]+[-]][-]S[-][[-]+[-]][-]U[-][[-]+[-]]
[-]C[-][[-]+[-]][-]C[-][[-]+[-]][-]E[-][[-]+[-]][-]S[-][[-]+[-]][-]S[-][[-]+[-]][-]][-][[-]+[-]][-][[-][[-]+[-]][-][[-][[-]+[-]]
[-]S[-][[-]+[-]][-]U[-][[-]+[-]][-]C[-][[-]+[-]][-]C[-][[-]+[-]][-]E[-][[-]+[-]][-]S[-][[-]+[-]][-]S[-][[-]+[-]][-]][-][[-]+[-]]
[-]I[-][[-]+[-]][-][[-][[-]+[-]][-]S[-][[-]+[-]][-]U[-][[-]+[-]][-]C[-][[-]+[-]][-]C[-][[-]+[-]][-]E[-][[-]+[-]][-]S[-][[-]+[-]]
[-]S[-][[-]+[-]][-]][-][[-]+[-]][-]N[-][[-]+[-]][-][[-][[-]+[-]][-]S[-][[-]+[-]][-]U[-][[-]+[-]][-]C[-][[-]+[-]][-]C[-][[-]+[-]]
[-]E[-][[-]+[-]][-]S[-][[-]+[-]][-]S[-][[-]+[-]][-]][-][[-]+[-]][-]F[-][[-]+[-]][-][[-][[-]+[-]][-]S[-][[-]+[-]][-]U[-][[-]+[-]]
[-]C[-][[-]+[-]][-]C[-][[-]+[-]][-]E[-][[-]+[-]][-]S[-][[-]+[-]][-]S[-][[-]+[-]][-]][-][[-]+[-]][-]O[-][[-]+[-]][-][[-][[-]+[-]]
[-]S[-][[-]+[-]][-]U[-][[-]+[-]][-]C[-][[-]+[-]][-]C[-][[-]+[-]][-]E[-][[-]+[-]][-]S[-][[-]+[-]][-]S[-][[-]+[-]][-]][-][[-]+[-]]
[-]][-][[-]+[-]][-][[-][[-]+[-]][-]S[-][[-]+[-]][-]U[-][[-]+[-]][-]C[-][[-]+[-]][-]C[-][[-]+[-]][-]E[-][[-]+[-]][-]S[-][[-]+[-]]
[-]S[-][[-]+[-]][-]][-][[-]+[-]][-]][-][[-]+[-]][-][[-][[-]+[-]][-]S[-][[-]+[-]][-]U[-][[-]+[-]][-]C[-][[-]+[-]][-]C[-][[-]+[-]]
[-]E[-][[-]+[-]][-]S[-][[-]+[-]][-]S[-][[-]+[-]][-]][-][[-]+[-]][-][[-][[-]+[-]][-][[-][[-]+[-]][-]S[-][[-]+[-]][-]U[-][[-]+[-]]
[-]C[-][[-]+[-]][-]C[-][[-]+[-]][-]E[-][[-]+[-]][-]S[-][[-]+[-]][-]S[-][[-]+[-]][-]][-][[-]+[-]][-]I[-][[-]+[-]][-][[-][[-]+[-]]
[-]S[-][[-]+[-]][-]U[-][[-]+[-]][-]C[-][[-]+[-]][-]C[-][[-]+[-]][-]E[-][[-]+[-]][-]S[-][[-]+[-]][-]S[-][[-]+[-]][-]][-][[-]+[-]]
[-]N[-][[-]+[-]][-][[-][[-]+[-]][-]S[-][[-]+[-]][-]U[-][[-]+[-]][-]C[-][[-]+[-]][-]C[-][[-]+[-]][-]E[-][[-]+[-]][-]S[-][[-]+[-]]
[-]S[-][[-]+[-]][-]][-][[-]+[-]][-]F[-][[-]+[-]][-][[-][[-]+[-]][-]S[-][[-]+[-]][-]U[-][[-]+[-]][-]C[-][[-]+[-]][-]C[-][[-]+[-]]
[-]E[-][[-]+[-]][-]S[-][[-]+[-]][-]S[-][[-]+[-]][-]][-][[-]+[-]][-]O[-][[-]+[-]][-][[-][[-]+[-]][-]S[-][[-]+[-]][-]U[-][[-]+[-]]
[-]C[-][[-]+[-]][-]C[-][[-]+[-]][-]E[-][[-]+[-]][-]S[-][[-]+[-]][-]S[-][[-]+[-]][-]][-][[-]+[-]][-]][-][[-]+[-]][-][[-][[-]+[-]]
[-]S[-][[-]+[-]][-]U[-][[-]+[-]][-]C[-][[-]+[-]][-]C[-][[-]+[-]][-]E[-][[-]+[-]][-]S[-][[-]+[-]][-]S[-][[-]+[-]][-]][-][[-]+[-]]
[-]K[-][[-]+[-]][-][[-][[-]+[-]][-]S[-][[-]+[-]][-]U[-][[-]+[-]][-]C[-][[-]+[-]][-]C[-][[-]+[-]][-]E[-][[-]+[-]][-]S[-][[-]+[-]]
[-]S[-][[-]+[-]][-]][-][[-]+[-]][-][[-][[-]+[-]][-][[-][[-]+[-]][-]S[-][[-]+[-]][-]U[-][[-]+[-]][-]C[-][[-]+[-]][-]C[-][[-]+[-]]
[-]E[-][[-]+[-]][-]S[-][[-]+[-]][-]S[-][[-]+[-]][-]][-][[-]+[-]][-]I[-][[-]+[-]][-][[-][[-]+[-]][-]S[-][[-]+[-]][-]U[-][[-]+[-]]
[-]C[-][[-]+[-]][-]C[-][[-]+[-]][-]E[-][[-]+[-]][-]S[-][[-]+[-]][-]S[-][[-]+[-]][-]][-][[-]+[-]][-]N[-][[-]+[-]][-][[-][[-]+[-]]
[-]S[-][[-]+[-]][-]U[-][[-]+[-]][-]C[-][[-]+[-]][-]C[-][[-]+[-]][-]E[-][[-]+[-]][-]S[-][[-]+[-]][-]S[-][[-]+[-]][-]][-][[-]+[-]]
[-]F[-][[-]+[-]][-][[-][[-]+[-]][-]S[-][[-]+[-]][-]U[-][[-]+[-]][-]C[-][[-]+[-]][-]C[-][[-]+[-]][-]E[-][[-]+[-]][-]S[-][[-]+[-]]
[-]S[-][[-]+[-]][-]][-][[-]+[-]][-]O[-][[-]+[-]][-][[-][[-]+[-]][-]S[-][[-]+[-]][-]U[-][[-]+[-]][-]C[-][[-]+[-]][-]C[-][[-]+[-]]
[-]E[-][[-]+[-]][-]S[-][[-]+[-]][-]S[-][[-]+[-]][-]][-][[-]+[-]][-]][-][[-]+[-]][-][[-][[-]+[-]][-]S[-][[-]+[-]][-]U[-][[-]+[-]]
[-]C[-][[-]+[-]][-]C[-][[-]+[-]][-]E[-][[-]+[-]][-]S[-][[-]+[-]][-]S[-][[-]+[-]][-]][-][[-]+[-]][-][[-][[-]+[-]][-][[-][[-]+[-]]
[-]S[-][[-]+[-]][-]U[-][[-]+[-]][-]C[-][[-]+[-]][-]C[-][[-]+[-]][-]E[-][[-]+[-]][-]S[-][[-]+[-]][-]S[-][[-]+[-]][-]][-][[-]+[-]]
[-][[-][[-]+[-]][-][[-][[-]+[-]][-]S[-][[-]+[-]][-]U[-][[-]+[-]][-]C[-][[-]+[-]][-]C[-][[-]+[-]][-]E[-][[-]+[-]][-]S[-][[-]+[-]]
[-]S[-][[-]+[-]][-]][-][[-]+[-]][-]I[-][[-]+[-]][-][[-][[-]+[-]][-]S[-][[-]+[-]][-]U[-][[-]+[-]][-]C[-][[-]+[-]][-]C[-][[-]+[-]]
[-]E[-][[-]+[-]][-]S[-][[-]+[-]][-]S[-][[-]+[-]][-]][-][[-]+[-]][-]N[-][[-]+[-]][-][[-][[-]+[-]][-]S[-][[-]+[-]][-]U[-][[-]+[-]]
[-]C[-][[-]+[-]][-]C[-][[-]+[-]][-]E[-][[-]+[-]][-]S[-][[-]+[-]][-]S[-][[-]+[-]][-]][-][[-]+[-]][-]F[-][[-]+[-]][-][[-][[-]+[-]]
[-]S[-][[-]+[-]][-]U[-][[-]+[-]][-]C[-][[-]+[-]][-]C[-][[-]+[-]][-]E[-][[-]+[-]][-]S[-][[-]+[-]][-]S[-][[-]+[-]][-]][-][[-]+[-]]
[-]O[-][[-]+[-]][-][[-][[-]+[-]][-]S[-][[-]+[-]][-]U[-][[-]+[-]][-]C[-][[-]+[-]][-]C[-][[-]+[-]][-]E[-][[-]+[-]][-]S[-][[-]+[-]]
[-]S[-][[-]+[-]][-]][-][[-]+[-]][-]][-][[-]+[-]][-][[-][[-]+[-]][-]S[-][[-]+[-]][-]U[-][[-]+[-]][-]C[-][[-]+[-]][-]C[-][[-]+[-]]
[-]E[-][[-]+[-]][-]S[-][[-]+[-]][-]S[-][[-]+[-]][-]][-][[-]+[-]][-]>[-][[-]+[-]][-][[-][[-]+[-]][-]S[-][[-]+[-]][-]U[-][[-]+[-]]
[-]C[-][[-]+[-]][-]C[-][[-]+[-]][-]E[-][[-]+[-]][-]S[-][[-]+[-]][-]S[-][[-]+[-]][-]][-][[-]+[-]][-][[-][[-]+[-]][-][[-][[-]+[-]]
[-]S[-][[-]+[-]][-]U[-][[-]+[-]][-]C[-][[-]+[-]][-]C[-][[-]+[-]][-]E[-][[-]+[-]][-]S[-][[-]+[-]][-]S[-][[-]+[-]][-]][-][[-]+[-]]
[-]I[-][[-]+[-]][-][[-][[-]+[-]][-]S[-][[-]+[-]][-]U[-][[-]+[-]][-]C[-][[-]+[-]][-]C[-][[-]+[-]][-]E[-][[-]+[-]][-]S[-][[-]+[-]]
[-]S[-][[-]+[-]][-]][-][[-]+[-]][-]N[-][[-]+[-]][-][[-][[-]+[-]][-]S[-][[-]+[-]][-]U[-][[-]+[-]][-]C[-][[-]+[-]][-]C[-][[-]+[-]]
[-]E[-][[-]+[-]][-]S[-][[-]+[-]][-]S[-][[-]+[-]][-]][-][[-]+[-]][-]F[-][[-]+[-]][-][[-][[-]+[-]][-]S[-][[-]+[-]][-]U[-][[-]+[-]]
[-]C[-][[-]+[-]][-]C[-][[-]+[-]][-]E[-][[-]+[-]][-]S[-][[-]+[-]][-]S[-][[-]+[-]][-]][-][[-]+[-]][-]O[-][[-]+[-]][-][[-][[-]+[-]]
[-]S[-][[-]+[-]][-]U[-][[-]+[-]][-]C[-][[-]+[-]][-]C[-][[-]+[-]][-]E[-][[-]+[-]][-]S[-][[-]+[-]][-]S[-][[-]+[-]][-]][-][[-]+[-]]
[-]][-][[-]+[-]][-][[-][[-]+[-]][-]S[-][[-]+[-]][-]U[-][[-]+[-]][-]C[-][[-]+[-]][-]C[-][[-]+[-]][-]E[-][[-]+[-]][-]S[-][[-]+[-]]
[-]S[-][[-]+[-]][-]][-][[-]+[-]][-]][-][[-]+[-]][-][[-][[-]+[-]][-]S[-][[-]+[-]][-]U[-][[-]+[-]][-]C[-][[-]+[-]][-]C[-][[-]+[-]]
[-]E[-][[-]+[-]][-]S[-][[-]+[-]][-]S[-][[-]+[-]][-]][-][[-]+[-]][-][[-][[-]+[-]][-][[-][[-]+[-]][-]S[-][[-]+[-]][-]U[-][[-]+[-]]
[-]C[-][[-]+[-]][-]C[-][[-]+[-]][-]E[-][[-]+[-]][-]S[-][[-]+[-]][-]S[-][[-]+[-]][-]][-][[-]+[-]][-]I[-][[-]+[-]][-][[-][[-]+[-]]
[-]S[-][[-]+[-]][-]U[-][[-]+[-]][-]C[-][[-]+[-]][-]C[-][[-]+[-]][-]E[-][[-]+[-]][-]S[-][[-]+[-]][-]S[-][[-]+[-]][-]][-][[-]+[-]]
[-]N[-][[-]+[-]][-][[-][[-]+[-]][-]S[-][[-]+[-]][-]U[-][[-]+[-]][-]C[-][[-]+[-]][-]C[-][[-]+[-]][-]E[-][[-]+[-]][-]S[-][[-]+[-]]
[-]S[-][[-]+[-]][-]][-][[-]+[-]][-]F[-][[-]+[-]][-][[-][[-]+[-]][-]S[-][[-]+[-]][-]U[-][[-]+[-]][-]C[-][[-]+[-]][-]C[-][[-]+[-]]
[-]E[-][[-]+[-]][-]S[-][[-]+[-]][-]S[-][[-]+[-]][-]][-][[-]+[-]][-]O[-][[-]+[-]][-][[-][[-]+[-]][-]S[-][[-]+[-]][-]U[-][[-]+[-]]
[-]C[-][[-]+[-]][-]C[-][[-]+[-]][-]E[-][[-]+[-]][-]S[-][[-]+[-]][-]S[-][[-]+[-]][-]][-][[-]+[-]][-]][-][[-]+[-]][-][[-][[-]+[-]]
[-]S[-][[-]+[-]][-]U[-][[-]+[-]][-]C[-][[-]+[-]][-]C[-][[-]+[-]][-]E[-][[-]+[-]][-]S[-][[-]+[-]][-]S[-][[-]+[-]][-]][-][[-]+[-]]
[-]][-][[-]+[-]][-][[-][[-]+[-]][-]S[-][[-]+[-]][-]U[-][[-]+[-]][-]C[-][[-]+[-]][-]C[-][[-]+[-]][-]E[-][[-]+[-]][-]S[-][[-]+[-]]
[-]S[-][[-]+[-]][-]][-][[-]+[-]][-][[-][[-]+[-]][-][[-][[-]+[-]][-]S[-][[-]+[-]][-]U[-][[-]+[-]][-]C[-][[-]+[-]][-]C[-][[-]+[-]]
[-]E[-][[-]+[-]][-]S[-][[-]+[-]][-]S[-][[-]+[-]][-]][-][[-]+[-]][-]I[-][[-]+[-]][-][[-][[-]+[-]][-]S[-][[-]+[-]][-]U[-][[-]+[-]]
[-]C[-][[-]+[-]][-]C[-][[-]+[-]][-]E[-][[-]+[-]][-]S[-][[-]+[-]][-]S[-][[-]+[-]][-]][-][[-]+[-]][-]N[-][[-]+[-]][-][[-][[-]+[-]]
[-]S[-][[-]+[-]][-]U[-][[-]+[-]][-]C[-][[-]+[-]][-]C[-][[-]+[-]][-]E[-][[-]+[-]][-]S[-][[-]+[-]][-]S[-][[-]+[-]][-]][-][[-]+[-]]
[-]F[-][[-]+[-]][-][[-][[-]+[-]][-]S[-][[-]+[-]][-]U[-][[-]+[-]][-]C[-][[-]+[-]][-]C[-][[-]+[-]][-]E[-][[-]+[-]][-]S[-][[-]+[-]]
[-]S[-][[-]+[-]][-]][-][[-]+[-]][-]O[-][[-]+[-]][-][[-][[-]+[-]][-]S[-][[-]+[-]][-]U[-][[-]+[-]][-]C[-][[-]+[-]][-]C[-][[-]+[-]]
[-]E[-][[-]+[-]][-]S[-][[-]+[-]][-]S[-][[-]+[-]][-]][-][[-]+[-]][-]][-][[-]+[-]][-][[-][[-]+[-]][-]S[-][[-]+[-]][-]U[-][[-]+[-]]
[-]C[-][[-]+[-]][-]C[-][[-]+[-]][-]E[-][[-]+[-]][-]S[-][[-]+[-]][-]S[-][[-]+[-]][-]][-][[-]+[-]][-][[-][[-]+[-]][-][[-][[-]+[-]]
[-]S[-][[-]+[-]][-]U[-][[-]+[-]][-]C[-][[-]+[-]][-]C[-][[-]+[-]][-]E[-][[-]+[-]][-]S[-][[-]+[-]][-]S[-][[-]+[-]][-]][-][[-]+[-]]
[-][[-][[-]+[-]][-][[-][[-]+[-]][-]S[-][[-]+[-]][-]U[-][[-]+[-]][-]C[-][[-]+[-]][-]C[-][[-]+[-]][-]E[-][[-]+[-]][-]S[-][[-]+[-]]
[-]S[-][[-]+[-]][-]][-][[-]+[-]][-]I[-][[-]+[-]][-][[-][[-]+[-]][-]S[-][[-]+[-]][-]U[-][[-]+[-]][-]C[-][[-]+[-]][-]C[-][[-]+[-]]
[-]E[-][[-]+[-]][-]S[-][[-]+[-]][-]S[-][[-]+[-]][-]][-][[-]+[-]][-]N[-][[-]+[-]][-][[-][[-]+[-]][-]S[-][[-]+[-]][-]U[-][[-]+[-]]
[-]C[-][[-]+[-]][-]C[-][[-]+[-]][-]E[-][[-]+[-]][-]S[-][[-]+[-]][-]S[-][[-]+[-]][-]][-][[-]+[-]][-]F[-][[-]+[-]][-][[-][[-]+[-]]
[-]S[-][[-]+[-]][-]U[-][[-]+[-]][-]C[-][[-]+[-]][-]C[-][[-]+[-]][-]E[-][[-]+[-]][-]S[-][[-]+[-]][-]S[-][[-]+[-]][-]][-][[-]+[-]]
[-]O[-][[-]+[-]][-][[-][[-]+[-]][-]S[-][[-]+[-]][-]U[-][[-]+[-]][-]C[-][[-]+[-]][-]C[-][[-]+[-]][-]E[-][[-]+[-]][-]S[-][[-]+[-]]
[-]S[-][[-]+[-]][-]][-][[-]+[-]][-]][-][[-]+[-]][-][[-][[-]+[-]][-]S[-][[-]+[-]][-]U[-][[-]+[-]][-]C[-][[-]+[-]][-]C[-][[-]+[-]]
[-]E[-][[-]+[-]][-]S[-][[-]+[-]][-]S[-][[-]+[-]][-]][-][[-]+[-]][-]>[-][[-]+[-]][-][[-][[-]+[-]][-]S[-][[-]+[-]][-]U[-][[-]+[-]]
[-]C[-][[-]+[-]][-]C[-][[-]+[-]][-]E[-][[-]+[-]][-]S[-][[-]+[-]][-]S[-][[-]+[-]][-]][-][[-]+[-]][-][[-][[-]+[-]][-][[-][[-]+[-]]
[-]S[-][[-]+[-]][-]U[-][[-]+[-]][-]C[-][[-]+[-]][-]C[-][[-]+[-]][-]E[-][[-]+[-]][-]S[-][[-]+[-]][-]S[-][[-]+[-]][-]][-][[-]+[-]]
[-]I[-][[-]+[-]][-][[-][[-]+[-]][-]S[-][[-]+[-]][-]U[-][[-]+[-]][-]C[-][[-]+[-]][-]C[-][[-]+[-]][-]E[-][[-]+[-]][-]S[-][[-]+[-]]
[-]S[-][[-]+[-]][-]][-][[-]+[-]][-]N[-][[-]+[-]][-][[-][[-]+[-]][-]S[-][[-]+[-]][-]U[-][[-]+[-]][-]C[-][[-]+[-]][-]C[-][[-]+[-]]
[-]E[-][[-]+[-]][-]S[-][[-]+[-]][-]S[-][[-]+[-]][-]][-][[-]+[-]][-]F[-][[-]+[-]][-][[-][[-]+[-]][-]S[-][[-]+[-]][-]U[-][[-]+[-]]
[-]C[-][[-]+[-]][-]C[-][[-]+[-]][-]E[-][[-]+[-]][-]S[-][[-]+[-]][-]S[-][[-]+[-]][-]][-][[-]+[-]][-]O[-][[-]+[-]][-][[-][[-]+[-]]
[-]S[-][[-]+[-]][-]U[-][[-]+[-]][-]C[-][[-]+[-]][-]C[-][[-]+[-]][-]E[-][[-]+[-]][-]S[-][[-]+[-]][-]S[-][[-]+[-]][-]][-][[-]+[-]]
[-]][-][[-]+[-]][-][[-][[-]+[-]][-]S[-][[-]+[-]][-]U[-][[-]+[-]][-]C[-][[-]+[-]][-]C[-][[-]+[-]][-]E[-][[-]+[-]][-]S[-][[-]+[-]]
[-]S[-][[-]+[-]][-]][-][[-]+[-]][-]][-][[-]+[-]][-][[-][[-]+[-]][-]S[-][[-]+[-]][-]U[-][[-]+[-]][-]C[-][[-]+[-]][-]C[-][[-]+[-]]
[-]E[-][[-]+[-]][-]S[-][[-]+[-]][-]S[-][[-]+[-]][-]][-][[-]+[-]][-][[-][[-]+[-]][-][[-][[-]+[-]][-]S[-][[-]+[-]][-]U[-][[-]+[-]]
[-]C[-][[-]+[-]][-]C[-][[-]+[-]][-]E[-][[-]+[-]][-]S[-][[-]+[-]][-]S[-][[-]+[-]][-]][-][[-]+[-]][-]I[-][[-]+[-]][-][[-][[-]+[-]]
[-]S[-][[-]+[-]][-]U[-][[-]+[-]][-]C[-][[-]+[-]][-]C[-][[-]+[-]][-]E[-][[-]+[-]][-]S[-][[-]+[-]][-]S[-][[-]+[-]][-]][-][[-]+[-]]
[-]N[-][[-]+[-]][-][[-][[-]+[-]][-]S[-][[-]+[-]][-]U[-][[-]+[-]][-]C[-][[-]+[-]][-]C[-][[-]+[-]][-]E[-][[-]+[-]][-]S[-][[-]+[-]]
[-]S[-][[-]+[-]][-]][-][[-]+[-]][-]F[-][[-]+[-]][-][[-][[-]+[-]][-]S[-][[-]+[-]][-]U[-][[-]+[-]][-]C[-][[-]+[-]][-]C[-][[-]+[-]]
[-]E[-][[-]+[-]][-]S[-][[-]+[-]][-]S[-][[-]+[-]][-]][-][[-]+[-]][-]O[-][[-]+[-]][-][[-][[-]+[-]][-]S[-][[-]+[-]][-]U[-][[-]+[-]]
[-]C[-][[-]+[-]][-]C[-][[-]+[-]][-]E[-][[-]+[-]][-]S[-][[-]+[-]][-]S[-][[-]+[-]][-]][-][[-]+[-]][-]][-][[-]+[-]][-][[-][[-]+[-]]
[-]S[-][[-]+[-]][-]U[-][[-]+[-]][-]C[-][[-]+[-]][-]C[-][[-]+[-]][-]E[-][[-]+[-]][-]S[-][[-]+[-]][-]S[-][[-]+[-]][-]][-][[-]+[-]]
[-]][-][[-]+[-]][-][[-][[-]+[-]][-]S[-][[-]+[-]][-]U[-][[-]+[-]][-]C[-][[-]+[-]][-]C[-][[-]+[-]][-]E[-][[-]+[-]][-]S[-][[-]+[-]]
[-]S[-][[-]+[-]][-]][-][[-]+[-]][-][[-][[-]+[-]][-][[-][[-]+[-]][-]S[-][[-]+[-]][-]U[-][[-]+[-]][-]C[-][[-]+[-]][-]C[-][[-]+[-]]
[-]E[-][[-]+[-]][-]S[-][[-]+[-]][-]S[-][[-]+[-]][-]][-][[-]+[-]][-]I[-][[-]+[-]][-][[-][[-]+[-]][-]S[-][[-]+[-]][-]U[-][[-]+[-]]
[-]C[-][[-]+[-]][-]C[-][[-]+[-]][-]E[-][[-]+[-]][-]S[-][[-]+[-]][-]S[-][[-]+[-]][-]][-][[-]+[-]][-]N[-][[-]+[-]][-][[-][[-]+[-]]
[-]S[-][[-]+[-]][-]U[-][[-]+[-]][-]C[-][[-]+[-]][-]C[-][[-]+[-]][-]E[-][[-]+[-]][-]S[-][[-]+[-]][-]S[-][[-]+[-]][-]][-][[-]+[-]]
[-]F[-][[-]+[-]][-][[-][[-]+[-]][-]S[-][[-]+[-]][-]U[-][[-]+[-]][-]C[-][[-]+[-]][-]C[-][[-]+[-]][-]E[-][[-]+[-]][-]S[-][[-]+[-]]
[-]S[-][[-]+[-]][-]][-][[-]+[-]][-]O[-][[-]+[-]][-][[-][[-]+[-]][-]S[-][[-]+[-]][-]U[-][[-]+[-]][-]C[-][[-]+[-]][-]C[-][[-]+[-]]
[-]E[-][[-]+[-]][-]S[-][[-]+[-]][-]S[-][[-]+[-]][-]][-][[-]+[-]][-]][-][[-]+[-]][-][[-][[-]+[-]][-]S[-][[-]+[-]][-]U[-][[-]+[-]]
[-]C[-][[-]+[-]][-]C[-][[-]+[-]][-]E[-][[-]+[-]][-]S[-][[-]+[-]][-]S[-][[-]+[-]][-]][-][[-]+[-]][-][[-][[-]+[-]][-][[-][[-]+[-]]
[-]S[-][[-]+[-]][-]U[-][[-]+[-]][-]C[-][[-]+[-]][-]C[-][[-]+[-]][-]E[-][[-]+[-]][-]S[-][[-]+[-]][-]S[-][[-]+[-]][-]][-][[-]+[-]]
[-][[-][[-]+[-]][-][[-][[-]+[-]][-]S[-][[-]+[-]][-]U[-][[-]+[-]][-]C[-][[-]+[-]][-]C[-][[-]+[-]][-]E[-][[-]+[-]][-]S[-][[-]+[-]]
[-]S[-][[-]+[-]][-]][-][[-]+[-]][-]I[-][[-]+[-]][-][[-][[-]+[-]][-]S[-][[-]+[-]][-]U[-][[-]+[-]][-]C[-][[-]+[-]][-]C[-][[-]+[-]]
[-]E[-][[-]+[-]][-]S[-][[-]+[-]][-]S[-][[-]+[-]][-]][-][[-]+[-]][-]N[-][[-]+[-]][-][[-][[-]+[-]][-]S[-][[-]+[-]][-]U[-][[-]+[-]]
[-]C[-][[-]+[-]][-]C[-][[-]+[-]][-]E[-][[-]+[-]][-]S[-][[-]+[-]][-]S[-][[-]+[-]][-]][-][[-]+[-]][-]F[-][[-]+[-]][-][[-][[-]+[-]]
[-]S[-][[-]+[-]][-]U[-][[-]+[-]][-]C[-][[-]+[-]][-]C[-][[-]+[-]][-]E[-][[-]+[-]][-]S[-][[-]+[-]][-]S[-][[-]+[-]][-]][-][[-]+[-]]
[-]O[-][[-]+[-]][-][[-][[-]+[-]][-]S[-][[-]+[-]][-]U[-][[-]+[-]][-]C[-][[-]+[-]][-]C[-][[-]+[-]][-]E[-][[-]+[-]][-]S[-][[-]+[-]]
[-]S[-][[-]+[-]][-]][-][[-]+[-]][-]][-][[-]+[-]][-][[-][[-]+[-]][-]S[-][[-]+[-]][-]U[-][[-]+[-]][-]C[-][[-]+[-]][-]C[-][[-]+[-]]
[-]E[-][[-]+[-]][-]S[-][[-]+[-]][-]S[-][[-]+[-]][-]][-][[-]+[-]][-]>[-][[-]+[-]][-][[-][[-]+[-]][-]S[-][[-]+[-]][-]U[-][[-]+[-]]
[-]C[-][[-]+[-]][-]C[-][[-]+[-]][-]E[-][[-]+[-]][-]S[-][[-]+[-]][-]S[-][[-]+[-]][-]][-][[-]+[-]][-][[-][[-]+[-]][-][[-][[-]+[-]]
[-]S[-][[-]+[-]][-]U[-][[-]+[-]][-]C[-][[-]+[-]][-]C[-][[-]+[-]][-]E[-][[-]+[-]][-]S[-][[-]+[-]][-]S[-][[-]+[-]][-]][-][[-]+[-]]
[-]I[-][[-]+[-]][-][[-][[-]+[-]][-]S[-][[-]+[-]][-]U[-][[-]+[-]][-]C[-][[-]+[-]][-]C[-][[-]+[-]][-]E[-][[-]+[-]][-]S[-][[-]+[-]]
[-]S[-][[-]+[-]][-]][-][[-]+[-]][-]N[-][[-]+[-]][-][[-][[-]+[-]][-]S[-][[-]+[-]][-]U[-][[-]+[-]][-]C[-][[-]+[-]][-]C[-][[-]+[-]]
[-]E[-][[-]+[-]][-]S[-][[-]+[-]][-]S[-][[-]+[-]][-]][-][[-]+[-]][-]F[-][[-]+[-]][-][[-][[-]+[-]][-]S[-][[-]+[-]][-]U[-][[-]+[-]]
[-]C[-][[-]+[-]][-]C[-][[-]+[-]][-]E[-][[-]+[-]][-]S[-][[-]+[-]][-]S[-][[-]+[-]][-]][-][[-]+[-]][-]O[-][[-]+[-]][-][[-][[-]+[-]]
[-]S[-][[-]+[-]][-]U[-][[-]+[-]][-]C[-][[-]+[-]][-]C[-][[-]+[-]][-]E[-][[-]+[-]][-]S[-][[-]+[-]][-]S[-][[-]+[-]][-]][-][[-]+[-]]
[-]][-][[-]+[-]][-][[-][[-]+[-]][-]S[-][[-]+[-]][-]U[-][[-]+[-]][-]C[-][[-]+[-]][-]C[-][[-]+[-]][-]E[-][[-]+[-]][-]S[-][[-]+[-]]
[-]S[-][[-]+[-]][-]][-][[-]+[-]][-]][-][[-]+[-]][-][[-][[-]+[-]][-]S[-][[-]+[-]][-]U[-][[-]+[-]][-]C[-][[-]+[-]][-]C[-][[-]+[-]]
[-]E[-][[-]+[-]][-]S[-][[-]+[-]][-]S[-][[-]+[-]][-]][-][[-]+[-]][-][[-][[-]+[-]][-][[-][[-]+[-]][-]S[-][[-]+[-]][-]U[-][[-]+[-]]
[-]C[-][[-]+[-]][-]C[-][[-]+[-]][-]E[-][[-]+[-]][-]S[-][[-]+[-]][-]S[-][[-]+[-]][-]][-][[-]+[-]][-]I[-][[-]+[-]][-][[-][[-]+[-]]
[-]S[-][[-]+[-]][-]U[-][[-]+[-]][-]C[-][[-]+[-]][-]C[-][[-]+[-]][-]E[-][[-]+[-]][-]S[-][[-]+[-]][-]S[-][[-]+[-]][-]][-][[-]+[-]]
[-]N[-][[-]+[-]][-][[-][[-]+[-]][-]S[-][[-]+[-]][-]U[-][[-]+[-]][-]C[-][[-]+[-]][-]C[-][[-]+[-]][-]E[-][[-]+[-]][-]S[-][[-]+[-]]
[-]S[-][[-]+[-]][-]][-][[-]+[-]][-]F[-][[-]+[-]][-][[-][[-]+[-]][-]S[-][[-]+[-]][-]U[-][[-]+[-]][-]C[-][[-]+[-]][-]C[-][[-]+[-]]
[-]E[-][[-]+[-]][-]S[-][[-]+[-]][-]S[-][[-]+[-]][-]][-][[-]+[-]][-]O[-][[-]+[-]][-][[-][[-]+[-]][-]S[-][[-]+[-]][-]U[-][[-]+[-]]
[-]C[-][[-]+[-]][-]C[-][[-]+[-]][-]E[-][[-]+[-]][-]S[-][[-]+[-]][-]S[-][[-]+[-]][-]][-][[-]+[-]][-]][-][[-]+[-]][-][[-][[-]+[-]]
[-]S[-][[-]+[-]][-]U[-][[-]+[-]][-]C[-][[-]+[-]][-]C[-][[-]+[-]][-]E[-][[-]+[-]][-]S[-][[-]+[-]][-]S[-][[-]+[-]][-]][-][[-]+[-]]
[-][[-][[-]+[-]][-][[-][[-]+[-]][-]S[-][[-]+[-]][-]U[-][[-]+[-]][-]C[-][[-]+[-]][-]C[-][[-]+[-]][-]E[-][[-]+[-]][-]S[-][[-]+[-]]
[-]S[-][[-]+[-]][-]][-][[-]+[-]][-][[-][[-]+[-]][-][[-][[-]+[-]][-]S[-][[-]+[-]][-]U[-][[-]+[-]][-]C[-][[-]+[-]][-]C[-][[-]+[-]]
[-]E[-][[-]+[-]][-]S[-][[-]+[-]][-]S[-][[-]+[-]][-]][-][[-]+[-]][-]I[-][[-]+[-]][-][[-][[-]+[-]][-]S[-][[-]+[-]][-]U[-][[-]+[-]]
[-]C[-][[-]+[-]][-]C[-][[-]+[-]][-]E[-][[-]+[-]][-]S[-][[-]+[-]][-]S[-][[-]+[-]][-]][-][[-]+[-]][-]N[-][[-]+[-]][-][[-][[-]+[-]]
[-]S[-][[-]+[-]][-]U[-][[-]+[-]][-]C[-][[-]+[-]][-]C[-][[-]+[-]][-]E[-][[-]+[-]][-]S[-][[-]+[-]][-]S[-][[-]+[-]][-]][-][[-]+[-]]
[-]F[-][[-]+[-]][-][[-][[-]+[-]][-]S[-][[-]+[-]][-]U[-][[-]+[-]][-]C[-][[-]+[-]][-]C[-][[-]+[-]][-]E[-][[-]+[-]][-]S[-][[-]+[-]]
[-]S[-][[-]+[-]][-]][-][[-]+[-]][-]O[-][[-]+[-]][-][[-][[-]+[-]][-]S[-][[-]+[-]][-]U[-][[-]+[-]][-]C[-][[-]+[-]][-]C[-][[-]+[-]]
[-]E[-][[-]+[-]][-]S[-][[-]+[-]][-]S[-][[-]+[-]][-]][-][[-]+[-]][-]][-][[-]+[-]][-][[-][[-]+[-]][-]S[-][[-]+[-]][-]U[-][[-]+[-]]
[-]C[-][[-]+[-]][-]C[-][[-]+[-]][-]E[-][[-]+[-]][-]S[-][[-]+[-]][-]S[-][[-]+[-]][-]][-][[-]+[-]][-][[-][[-]+[-]][-][[-][[-]+[-]]
[-]S[-][[-]+[-]][-]U[-][[-]+[-]][-]C[-][[-]+[-]][-]C[-][[-]+[-]][-]E[-][[-]+[-]][-]S[-][[-]+[-]][-]S[-][[-]+[-]][-]][-][[-]+[-]]
[-][[-][[-]+[-]][-][[-][[-]+[-]][-]S[-][[-]+[-]][-]U[-][[-]+[-]][-]C[-][[-]+[-]][-]C[-][[-]+[-]][-]E[-][[-]+[-]][-]S[-][[-]+[-]]
[-]S[-][[-]+[-]][-]][-][[-]+[-]][-]I[-][[-]+[-]][-][[-][[-]+[-]][-]S[-][[-]+[-]][-]U[-][[-]+[-]][-]C[-][[-]+[-]][-]C[-][[-]+[-]]
[-]E[-][[-]+[-]][-]S[-][[-]+[-]][-]S[-][[-]+[-]][-]][-][[-]+[-]][-]N[-][[-]+[-]][-][[-][[-]+[-]][-]S[-][[-]+[-]][-]U[-][[-]+[-]]
[-]C[-][[-]+[-]][-]C[-][[-]+[-]][-]E[-][[-]+[-]][-]S[-][[-]+[-]][-]S[-][[-]+[-]][-]][-][[-]+[-]][-]F[-][[-]+[-]][-][[-][[-]+[-]]
[-]S[-][[-]+[-]][-]U[-][[-]+[-]][-]C[-][[-]+[-]][-]C[-][[-]+[-]][-]E[-][[-]+[-]][-]S[-][[-]+[-]][-]S[-][[-]+[-]][-]][-][[-]+[-]]
[-]O[-][[-]+[-]][-][[-][[-]+[-]][-]S[-][[-]+[-]][-]U[-][[-]+[-]][-]C[-][[-]+[-]][-]C[-][[-]+[-]][-]E[-][[-]+[-]][-]S[-][[-]+[-]]
[-]S[-][[-]+[-]][-]][-][[-]+[-]][-]][-][[-]+[-]][-][[-][[-]+[-]][-]S[-][[-]+[-]][-]U[-][[-]+[-]][-]C[-][[-]+[-]][-]C[-][[-]+[-]]
[-]E[-][[-]+[-]][-]S[-][[-]+[-]][-]S[-][[-]+[-]][-]][-][[-]+[-]][-]>[-][[-]+[-]][-][[-][[-]+[-]][-]S[-][[-]+[-]][-]U[-][[-]+[-]]
[-]C[-][[-]+[-]][-]C[-][[-]+[-]][-]E[-][[-]+[-]][-]S[-][[-]+[-]][-]S[-][[-]+[-]][-]][-][[-]+[-]][-][[-][[-]+[-]][-][[-][[-]+[-]]
[-]S[-][[-]+[-]][-]U[-][[-]+[-]][-]C[-][[-]+[-]][-]C[-][[-]+[-]][-]E[-][[-]+[-]][-]S[-][[-]+[-]][-]S[-][[-]+[-]][-]][-][[-]+[-]]
[-]I[-][[-]+[-]][-][[-][[-]+[-]][-]S[-][[-]+[-]][-]U[-][[-]+[-]][-]C[-][[-]+[-]][-]C[-][[-]+[-]][-]E[-][[-]+[-]][-]S[-][[-]+[-]]
[-]S[-][[-]+[-]][-]][-][[-]+[-]][-]N[-][[-]+[-]][-][[-][[-]+[-]][-]S[-][[-]+[-]][-]U[-][[-]+[-]][-]C[-][[-]+[-]][-]C[-][[-]+[-]]
[-]E[-][[-]+[-]][-]S[-][[-]+[-]][-]S[-][[-]+[-]][-]][-][[-]+[-]][-]F[-][[-]+[-]][-][[-][[-]+[-]][-]S[-][[-]+[-]][-]U[-][[-]+[-]]
[-]C[-][[-]+[-]][-]C[-][[-]+[-]][-]E[-][[-]+[-]][-]S[-][[-]+[-]][-]S[-][[-]+[-]][-]][-][[-]+[-]][-]O[-][[-]+[-]][-][[-][[-]+[-]]
[-]S[-][[-]+[-]][-]U[-][[-]+[-]][-]C[-][[-]+[-]][-]C[-][[-]+[-]][-]E[-][[-]+[-]][-]S[-][[-]+[-]][-]S[-][[-]+[-]][-]][-][[-]+[-]]
[-]][-][[-]+[-]][-][[-][[-]+[-]][-]S[-][[-]+[-]][-]U[-][[-]+[-]][-]C[-][[-]+[-]][-]C[-][[-]+[-]][-]E[-][[-]+[-]][-]S[-][[-]+[-]]
[-]S[-][[-]+[-]][-]][-][[-]+[-]][-]][-][[-]+[-]][-][[-][[-]+[-]][-]S[-][[-]+[-]][-]U[-][[-]+[-]][-]C[-][[-]+[-]][-]C[-][[-]+[-]]
[-]E[-][[-]+[-]][-]S[-][[-]+[-]][-]S[-][[-]+[-]][-]][-][[-]+[-]][-][[-][[-]+[-]][-][[-][[-]+[-]][-]S[-][[-]+[-]][-]U[-][[-]+[-]]
[-]C[-][[-]+[-]][-]C[-][[-]+[-]][-]E[-][[-]+[-]][-]S[-][[-]+[-]][-]S[-][[-]+[-]][-]][-][[-]+[-]][-]I[-][[-]+[-]][-][[-][[-]+[-]]
[-]S[-][[-]+[-]][-]U[-][[-]+[-]][-]C[-][[-]+[-]][-]C[-][[-]+[-]][-]E[-][[-]+[-]][-]S[-][[-]+[-]][-]S[-][[-]+[-]][-]][-][[-]+[-]]
[-]N[-][[-]+[-]][-][[-][[-]+[-]][-]S[-][[-]+[-]][-]U[-][[-]+[-]][-]C[-][[-]+[-]][-]C[-][[-]+[-]][-]E[-][[-]+[-]][-]S[-][[-]+[-]]
[-]S[-][[-]+[-]][-]][-][[-]+[-]][-]F[-][[-]+[-]][-][[-][[-]+[-]][-]S[-][[-]+[-]][-]U[-][[-]+[-]][-]C[-][[-]+[-]][-]C[-][[-]+[-]]
[-]E[-][[-]+[-]][-]S[-][[-]+[-]][-]S[-][[-]+[-]][-]][-][[-]+[-]][-]O[-][[-]+[-]][-][[-][[-]+[-]][-]S[-][[-]+[-]][-]U[-][[-]+[-]]
[-]C[-][[-]+[-]][-]C[-][[-]+[-]][-]E[-][[-]+[-]][-]S[-][[-]+[-]][-]S[-][[-]+[-]][-]][-][[-]+[-]][-]][-][[-]+[-]][-][[-][[-]+[-]]
[-]S[-][[-]+[-]][-]U[-][[-]+[-]][-]C[-][[-]+[-]][-]C[-][[-]+[-]][-]E[-][[-]+[-]][-]S[-][[-]+[-]][-]S[-][[-]+[-]][-]][-][[-]+[-]]
[-]O[-][[-]+[-]][-][[-][[-]+[-]][-]S[-][[-]+[-]][-]U[-][[-]+[-]][-]C[-][[-]+[-]][-]C[-][[-]+[-]][-]E[-][[-]+[-]][-]S[-][[-]+[-]]
[-]S[-][[-]+[-]][-]][-][[-]+[-]][-][[-][[-]+[-]][-][[-][[-]+[-]][-]S[-][[-]+[-]][-]U[-][[-]+[-]][-]C[-][[-]+[-]][-]C[-][[-]+[-]]
[-]E[-][[-]+[-]][-]S[-][[-]+[-]][-]S[-][[-]+[-]][-]][-][[-]+[-]][-]I[-][[-]+[-]][-][[-][[-]+[-]][-]S[-][[-]+[-]][-]U[-][[-]+[-]]
[-]C[-][[-]+[-]][-]C[-][[-]+[-]][-]E[-][[-]+[-]][-]S[-][[-]+[-]][-]S[-][[-]+[-]][-]][-][[-]+[-]][-]N[-][[-]+[-]][-][[-][[-]+[-]]
[-]S[-][[-]+[-]][-]U[-][[-]+[-]][-]C[-][[-]+[-]][-]C[-][[-]+[-]][-]E[-][[-]+[-]][-]S[-][[-]+[-]][-]S[-][[-]+[-]][-]][-][[-]+[-]]
[-]F[-][[-]+[-]][-][[-][[-]+[-]][-]S[-][[-]+[-]][-]U[-][[-]+[-]][-]C[-][[-]+[-]][-]C[-][[-]+[-]][-]E[-][[-]+[-]][-]S[-][[-]+[-]]
[-]S[-][[-]+[-]][-]][-][[-]+[-]][-]O[-][[-]+[-]][-][[-][[-]+[-]][-]S[-][[-]+[-]][-]U[-][[-]+[-]][-]C[-][[-]+[-]][-]C[-][[-]+[-]]
[-]E[-][[-]+[-]][-]S[-][[-]+[-]][-]S[-][[-]+[-]][-]][-][[-]+[-]][-]][-][[-]+[-]][-][[-][[-]+[-]][-]S[-][[-]+[-]][-]U[-][[-]+[-]]
[-]C[-][[-]+[-]][-]C[-][[-]+[-]][-]E[-][[-]+[-]][-]S[-][[-]+[-]][-]S[-][[-]+[-]][-]][-][[-]+[-]][-][[-][[-]+[-]][-][[-][[-]+[-]]
[-]S[-][[-]+[-]][-]U[-][[-]+[-]][-]C[-][[-]+[-]][-]C[-][[-]+[-]][-]E[-][[-]+[-]][-]S[-][[-]+[-]][-]S[-][[-]+[-]][-]][-][[-]+[-]]
[-][[-][[-]+[-]][-][[-][[-]+[-]][-]S[-][[-]+[-]][-]U[-][[-]+[-]][-]C[-][[-]+[-]][-]C[-][[-]+[-]][-]E[-][[-]+[-]][-]S[-][[-]+[-]]
[-]S[-][[-]+[-]][-]][-][[-]+[-]][-]I[-][[-]+[-]][-][[-][[-]+[-]][-]S[-][[-]+[-]][-]U[-][[-]+[-]][-]C[-][[-]+[-]][-]C[-][[-]+[-]]
[-]E[-][[-]+[-]][-]S[-][[-]+[-]][-]S[-][[-]+[-]][-]][-][[-]+[-]][-]N[-][[-]+[-]][-][[-][[-]+[-]][-]S[-][[-]+[-]][-]U[-][[-]+[-]]
[-]C[-][[-]+[-]][-]C[-][[-]+[-]][-]E[-][[-]+[-]][-]S[-][[-]+[-]][-]S[-][[-]+[-]][-]][-][[-]+[-]][-]F[-][[-]+[-]][-][[-][[-]+[-]]
[-]S[-][[-]+[-]][-]U[-][[-]+[-]][-]C[-][[-]+[-]][-]C[-][[-]+[-]][-]E[-][[-]+[-]][-]S[-][[-]+[-]][-]S[-][[-]+[-]][-]][-][[-]+[-]]
[-]O[-][[-]+[-]][-][[-][[-]+[-]][-]S[-][[-]+[-]][-]U[-][[-]+[-]][-]C[-][[-]+[-]][-]C[-][[-]+[-]][-]E[-][[-]+[-]][-]S[-][[-]+[-]]
[-]S[-][[-]+[-]][-]][-][[-]+[-]][-]][-][[-]+[-]][-][[-][[-]+[-]][-]S[-][[-]+[-]][-]U[-][[-]+[-]][-]C[-][[-]+[-]][-]C[-][[-]+[-]]
[-]E[-][[-]+[-]][-]S[-][[-]+[-]][-]S[-][[-]+[-]][-]][-][[-]+[-]][-]>[-][[-]+[-]][-][[-][[-]+[-]][-]S[-][[-]+[-]][-]U[-][[-]+[-]]
[-]C[-][[-]+[-]][-]C[-][[-]+[-]][-]E[-][[-]+[-]][-]S[-][[-]+[-]][-]S[-][[-]+[-]][-]][-][[-]+[-]][-][[-][[-]+[-]][-][[-][[-]+[-]]
[-]S[-][[-]+[-]][-]U[-][[-]+[-]][-]C[-][[-]+[-]][-]C[-][[-]+[-]][-]E[-][[-]+[-]][-]S[-][[-]+[-]][-]S[-][[-]+[-]][-]][-][[-]+[-]]
[-]I[-][[-]+[-]][-][[-][[-]+[-]][-]S[-][[-]+[-]][-]U[-][[-]+[-]][-]C[-][[-]+[-]][-]C[-][[-]+[-]][-]E[-][[-]+[-]][-]S[-][[-]+[-]]
[-]S[-][[-]+[-]][-]][-][[-]+[-]][-]N[-][[-]+[-]][-][[-][[-]+[-]][-]S[-][[-]+[-]][-]U[-][[-]+[-]][-]C[-][[-]+[-]][-]C[-][[-]+[-]]
[-]E[-][[-]+[-]][-]S[-][[-]+[-]][-]S[-][[-]+[-]][-]][-][[-]+[-]][-]F[-][[-]+[-]][-][[-][[-]+[-]][-]S[-][[-]+[-]][-]U[-][[-]+[-]]
[-]C[-][[-]+[-]][-]C[-][[-]+[-]][-]E[-][[-]+[-]][-]S[-][[-]+[-]][-]S[-][[-]+[-]][-]][-][[-]+[-]][-]O[-][[-]+[-]][-][[-][[-]+[-]]
[-]S[-][[-]+[-]][-]U[-][[-]+[-]][-]C[-][[-]+[-]][-]C[-][[-]+[-]][-]E[-][[-]+[-]][-]S[-][[-]+[-]][-]S[-][[-]+[-]][-]][-][[-]+[-]]
[-]][-][[-]+[-]][-][[-][[-]+[-]][-]S[-][[-]+[-]][-]U[-][[-]+[-]][-]C[-][[-]+[-]][-]C[-][[-]+[-]][-]E[-][[-]+[-]][-]S[-][[-]+[-]]
[-]S[-][[-]+[-]][-]][-][[-]+[-]][-]][-][[-]+[-]][-][[-][[-]+[-]][-]S[-][[-]+[-]][-]U[-][[-]+[-]][-]C[-][[-]+[-]][-]C[-][[-]+[-]]
[-]E[-][[-]+[-]][-]S[-][[-]+[-]][-]S[-][[-]+[-]][-]][-][[-]+[-]][-][[-][[-]+[-]][-][[-][[-]+[-]][-]S[-][[-]+[-]][-]U[-][[-]+[-]]
[-]C[-][[-]+[-]][-]C[-][[-]+[-]][-]E[-][[-]+[-]][-]S[-][[-]+[-]][-]S[-][[-]+[-]][-]][-][[-]+[-]][-]I[-][[-]+[-]][-][[-][[-]+[-]]
[-]S[-][[-]+[-]][-]U[-][[-]+[-]][-]C[-][[-]+[-]][-]C[-][[-]+[-]][-]E[-][[-]+[-]][-]S[-][[-]+[-]][-]S[-][[-]+[-]][-]][-][[-]+[-]]
[-]N[-][[-]+[-]][-][[-][[-]+[-]][-]S[-][[-]+[-]][-]U[-][[-]+[-]][-]C[-][[-]+[-]][-]C[-][[-]+[-]][-]E[-][[-]+[-]][-]S[-][[-]+[-]]
[-]S[-][[-]+[-]][-]][-][[-]+[-]][-]F[-][[-]+[-]][-][[-][[-]+[-]][-]S[-][[-]+[-]][-]U[-][[-]+[-]][-]C[-][[-]+[-]][-]C[-][[-]+[-]]
[-]E[-][[-]+[-]][-]S[-][[-]+[-]][-]S[-][[-]+[-]][-]][-][[-]+[-]][-]O[-][[-]+[-]][-][[-][[-]+[-]][-]S[-][[-]+[-]][-]U[-][[-]+[-]]
[-]C[-][[-]+[-]][-]C[-][[-]+[-]][-]E[-][[-]+[-]][-]S[-][[-]+[-]][-]S[-][[-]+[-]][-]][-][[-]+[-]][-]][-][[-]+[-]][-][[-][[-]+[-]]
[-]S[-][[-]+[-]][-]U[-][[-]+[-]][-]C[-][[-]+[-]][-]C[-][[-]+[-]][-]E[-][[-]+[-]][-]S[-][[-]+[-]][-]S[-][[-]+[-]][-]][-][[-]+[-]]
[-]K[-][[-]+[-]][-][[-][[-]+[-]][-]S[-][[-]+[-]][-]U[-][[-]+[-]][-]C[-][[-]+[-]][-]C[-][[-]+[-]][-]E[-][[-]+[-]][-]S[-][[-]+[-]]
[-]S[-][[-]+[-]][-]][-][[-]+[-]][-][[-][[-]+[-]][-][[-][[-]+[-]][-]S[-][[-]+[-]][-]U[-][[-]+[-]][-]C[-][[-]+[-]][-]C[-][[-]+[-]]
[-]E[-][[-]+[-]][-]S[-][[-]+[-]][-]S[-][[-]+[-]][-]][-][[-]+[-]][-]I[-][[-]+[-]][-][[-][[-]+[-]][-]S[-][[-]+[-]][-]U[-][[-]+[-]]
[-]C[-][[-]+[-]][-]C[-][[-]+[-]][-]E[-][[-]+[-]][-]S[-][[-]+[-]][-]S[-][[-]+[-]][-]][-][[-]+[-]][-]N[-][[-]+[-]][-][[-][[-]+[-]]
[-]S[-][[-]+[-]][-]U[-][[-]+[-]][-]C[-][[-]+[-]][-]C[-][[-]+[-]][-]E[-][[-]+[-]][-]S[-][[-]+[-]][-]S[-][[-]+[-]][-]][-][[-]+[-]]
[-]F[-][[-]+[-]][-][[-][[-]+[-]][-]S[-][[-]+[-]][-]U[-][[-]+[-]][-]C[-][[-]+[-]][-]C[-][[-]+[-]][-]E[-][[-]+[-]][-]S[-][[-]+[-]]
[-]S[-][[-]+[-]][-]][-][[-]+[-]][-]O[-][[-]+[-]][-][[-][[-]+[-]][-]S[-][[-]+[-]][-]U[-][[-]+[-]][-]C[-][[-]+[-]][-]C[-][[-]+[-]]
[-]E[-][[-]+[-]][-]S[-][[-]+[-]][-]S[-][[-]+[-]][-]][-][[-]+[-]][-]][-][[-]+[-]][-][[-][[-]+[-]][-]S[-][[-]+[-]][-]U[-][[-]+[-]]
[-]C[-][[-]+[-]][-]C[-][[-]+[-]][-]E[-][[-]+[-]][-]S[-][[-]+[-]][-]S[-][[-]+[-]][-]][-][[-]+[-]][-][[-][[-]+[-]][-][[-][[-]+[-]]
[-]S[-][[-]+[-]][-]U[-][[-]+[-]][-]C[-][[-]+[-]][-]C[-][[-]+[-]][-]E[-][[-]+[-]][-]S[-][[-]+[-]][-]S[-][[-]+[-]][-]][-][[-]+[-]]
[-][[-][[-]+[-]][-][[-][[-]+[-]][-]S[-][[-]+[-]][-]U[-][[-]+[-]][-]C[-][[-]+[-]][-]C[-][[-]+[-]][-]E[-][[-]+[-]][-]S[-][[-]+[-]]
[-]S[-][[-]+[-]][-]][-][[-]+[-]][-]I[-][[-]+[-]][-][[-][[-]+[-]][-]S[-][[-]+[-]][-]U[-][[-]+[-]][-]C[-][[-]+[-]][-]C[-][[-]+[-]]
[-]E[-][[-]+[-]][-]S[-][[-]+[-]][-]S[-][[-]+[-]][-]][-][[-]+[-]][-]N[-][[-]+[-]][-][[-][[-]+[-]][-]S[-][[-]+[-]][-]U[-][[-]+[-]]
[-]C[-][[-]+[-]][-]C[-][[-]+[-]][-]E[-][[-]+[-]][-]S[-][[-]+[-]][-]S[-][[-]+[-]][-]][-][[-]+[-]][-]F[-][[-]+[-]][-][[-][[-]+[-]]
[-]S[-][[-]+[-]][-]U[-][[-]+[-]][-]C[-][[-]+[-]][-]C[-][[-]+[-]][-]E[-][[-]+[-]][-]S[-][[-]+[-]][-]S[-][[-]+[-]][-]][-][[-]+[-]]
[-]O[-][[-]+[-]][-][[-][[-]+[-]][-]S[-][[-]+[-]][-]U[-][[-]+[-]][-]C[-][[-]+[-]][-]C[-][[-]+[-]][-]E[-][[-]+[-]][-]S[-][[-]+[-]]
[-]S[-][[-]+[-]][-]][-][[-]+[-]][-]][-][[-]+[-]][-][[-][[-]+[-]][-]S[-][[-]+[-]][-]U[-][[-]+[-]][-]C[-][[-]+[-]][-]C[-][[-]+[-]]
[-]E[-][[-]+[-]][-]S[-][[-]+[-]][-]S[-][[-]+[-]][-]][-][[-]+[-]][-]>[-][[-]+[-]][-][[-][[-]+[-]][-]S[-][[-]+[-]][-]U[-][[-]+[-]]
[-]C[-][[-]+[-]][-]C[-][[-]+[-]][-]E[-][[-]+[-]][-]S[-][[-]+[-]][-]S[-][[-]+[-]][-]][-][[-]+[-]][-][[-][[-]+[-]][-][[-][[-]+[-]]
[-]S[-][[-]+[-]][-]U[-][[-]+[-]][-]C[-][[-]+[-]][-]C[-][[-]+[-]][-]E[-][[-]+[-]][-]S[-][[-]+[-]][-]S[-][[-]+[-]][-]][-][[-]+[-]]
[-]I[-][[-]+[-]][-][[-][[-]+[-]][-]S[-][[-]+[-]][-]U[-][[-]+[-]][-]C[-][[-]+[-]][-]C[-][[-]+[-]][-]E[-][[-]+[-]][-]S[-][[-]+[-]]
[-]S[-][[-]+[-]][-]][-][[-]+[-]][-]N[-][[-]+[-]][-][[-][[-]+[-]][-]S[-][[-]+[-]][-]U[-][[-]+[-]][-]C[-][[-]+[-]][-]C[-][[-]+[-]]
[-]E[-][[-]+[-]][-]S[-][[-]+[-]][-]S[-][[-]+[-]][-]][-][[-]+[-]][-]F[-][[-]+[-]][-][[-][[-]+[-]][-]S[-][[-]+[-]][-]U[-][[-]+[-]]
[-]C[-][[-]+[-]][-]C[-][[-]+[-]][-]E[-][[-]+[-]][-]S[-][[-]+[-]][-]S[-][[-]+[-]][-]][-][[-]+[-]][-]O[-][[-]+[-]][-][[-][[-]+[-]]
[-]S[-][[-]+[-]][-]U[-][[-]+[-]][-]C[-][[-]+[-]][-]C[-][[-]+[-]][-]E[-][[-]+[-]][-]S[-][[-]+[-]][-]S[-][[-]+[-]][-]][-][[-]+[-]]
[-]][-][[-]+[-]][-][[-][[-]+[-]][-]S[-][[-]+[-]][-]U[-][[-]+[-]][-]C[-][[-]+[-]][-]C[-][[-]+[-]][-]E[-][[-]+[-]][-]S[-][[-]+[-]]
[-]S[-][[-]+[-]][-]][-][[-]+[-]][-]][-][[-]+[-]][-][[-][[-]+[-]][-]S[-][[-]+[-]][-]U[-][[-]+[-]][-]C[-][[-]+[-]][-]C[-][[-]+[-]]
[-]E[-][[-]+[-]][-]S[-][[-]+[-]][-]S[-][[-]+[-]][-]][-][[-]+[-]][-][[-][[-]+[-]][-][[-][[-]+[-]][-]S[-][[-]+[-]][-]U[-][[-]+[-]]
[-]C[-][[-]+[-]][-]C[-][[-]+[-]][-]E[-][[-]+[-]][-]S[-][[-]+[-]][-]S[-][[-]+[-]][-]][-][[-]+[-]][-]I[-][[-]+[-]][-][[-][[-]+[-]]
[-]S[-][[-]+[-]][-]U[-][[-]+[-]][-]C[-][[-]+[-]][-]C[-][[-]+[-]][-]E[-][[-]+[-]][-]S[-][[-]+[-]][-]S[-][[-]+[-]][-]][-][[-]+[-]]
[-]N[-][[-]+[-]][-][[-][[-]+[-]][-]S[-][[-]+[-]][-]U[-][[-]+[-]][-]C[-][[-]+[-]][-]C[-][[-]+[-]][-]E[-][[-]+[-]][-]S[-][[-]+[-]]
[-]S[-][[-]+[-]][-]][-][[-]+[-]][-]F[-][[-]+[-]][-][[-][[-]+[-]][-]S[-][[-]+[-]][-]U[-][[-]+[-]][-]C[-][[-]+[-]][-]C[-][[-]+[-]]
[-]E[-][[-]+[-]][-]S[-][[-]+[-]][-]S[-][[-]+[-]][-]][-][[-]+[-]][-]O[-][[-]+[-]][-][[-][[-]+[-]][-]S[-][[-]+[-]][-]U[-][[-]+[-]]
[-]C[-][[-]+[-]][-]C[-][[-]+[-]][-]E[-][[-]+[-]][-]S[-][[-]+[-]][-]S[-][[-]+[-]][-]][-][[-]+[-]][-]][-][[-]+[-]][-][[-][[-]+[-]]
[-]S[-][[-]+[-]][-]U[-][[-]+[-]][-]C[-][[-]+[-]][-]C[-][[-]+[-]][-]E[-][[-]+[-]][-]S[-][[-]+[-]][-]S[-][[-]+[-]][-]][-][[-]+[-]]
[-]][-][[-]+[-]][-][[-][[-]+[-]][-]S[-][[-]+[-]][-]U[-][[-]+[-]][-]C[-][[-]+[-]][-]C[-][[-]+[-]][-]E[-][[-]+[-]][-]S[-][[-]+[-]]
[-]S[-][[-]+[-]][-]][-][[-]+[-]][-][[-][[-]+[-]][-][[-][[-]+[-]][-]S[-][[-]+[-]][-]U[-][[-]+[-]][-]C[-][[-]+[-]][-]C[-][[-]+[-]]
[-]E[-][[-]+[-]][-]S[-][[-]+[-]][-]S[-][[-]+[-]][-]][-][[-]+[-]][-]I[-][[-]+[-]][-][[-][[-]+[-]][-]S[-][[-]+[-]][-]U[-][[-]+[-]]
[-]C[-][[-]+[-]][-]C[-][[-]+[-]][-]E[-][[-]+[-]][-]S[-][[-]+[-]][-]S[-][[-]+[-]][-]][-][[-]+[-]][-]N[-][[-]+[-]][-][[-][[-]+[-]]
[-]S[-][[-]+[-]][-]U[-][[-]+[-]][-]C[-][[-]+[-]][-]C[-][[-]+[-]][-]E[-][[-]+[-]][-]S[-][[-]+[-]][-]S[-][[-]+[-]][-]][-][[-]+[-]]
[-]F[-][[-]+[-]][-][[-][[-]+[-]][-]S[-][[-]+[-]][-]U[-][[-]+[-]][-]C[-][[-]+[-]][-]C[-][[-]+[-]][-]E[-][[-]+[-]][-]S[-][[-]+[-]]
[-]S[-][[-]+[-]][-]][-][[-]+[-]][-]O[-][[-]+[-]][-][[-][[-]+[-]][-]S[-][[-]+[-]][-]U[-][[-]+[-]][-]C[-][[-]+[-]][-]C[-][[-]+[-]]
[-]E[-][[-]+[-]][-]S[-][[-]+[-]][-]S[-][[-]+[-]][-]][-][[-]+[-]][-]][-][[-]+[-]][-][[-][[-]+[-]][-]S[-][[-]+[-]][-]U[-][[-]+[-]]
[-]C[-][[-]+[-]][-]C[-][[-]+[-]][-]E[-][[-]+[-]][-]S[-][[-]+[-]][-]S[-][[-]+[-]][-]][-][[-]+[-]][-][[-][[-]+[-]][-][[-][[-]+[-]]
[-]S[-][[-]+[-]][-]U[-][[-]+[-]][-]C[-][[-]+[-]][-]C[-][[-]+[-]][-]E[-][[-]+[-]][-]S[-][[-]+[-]][-]S[-][[-]+[-]][-]][-][[-]+[-]]
[-][[-][[-]+[-]][-][[-][[-]+[-]][-]S[-][[-]+[-]][-]U[-][[-]+[-]][-]C[-][[-]+[-]][-]C[-][[-]+[-]][-]E[-][[-]+[-]][-]S[-][[-]+[-]]
[-]S[-][[-]+[-]][-]][-][[-]+[-]][-]I[-][[-]+[-]][-][[-][[-]+[-]][-]S[-][[-]+[-]][-]U[-][[-]+[-]][-]C[-][[-]+[-]][-]C[-][[-]+[-]]
[-]E[-][[-]+[-]][-]S[-][[-]+[-]][-]S[-][[-]+[-]][-]][-][[-]+[-]][-]N[-][[-]+[-]][-][[-][[-]+[-]][-]S[-][[-]+[-]][-]U[-][[-]+[-]]
[-]C[-][[-]+[-]][-]C[-][[-]+[-]][-]E[-][[-]+[-]][-]S[-][[-]+[-]][-]S[-][[-]+[-]][-]][-][[-]+[-]][-]F[-][[-]+[-]][-][[-][[-]+[-]]
[-]S[-][[-]+[-]][-]U[-][[-]+[-]][-]C[-][[-]+[-]][-]C[-][[-]+[-]][-]E[-][[-]+[-]][-]S[-][[-]+[-]][-]S[-][[-]+[-]][-]][-][[-]+[-]]
[-]O[-][[-]+[-]][-][[-][[-]+[-]][-]S[-][[-]+[-]][-]U[-][[-]+[-]][-]C[-][[-]+[-]][-]C[-][[-]+[-]][-]E[-][[-]+[-]][-]S[-][[-]+[-]]
[-]S[-][[-]+[-]][-]][-][[-]+[-]][-]][-][[-]+[-]][-][[-][[-]+[-]][-]S[-][[-]+[-]][-]U[-][[-]+[-]][-]C[-][[-]+[-]][-]C[-][[-]+[-]]
[-]E[-][[-]+[-]][-]S[-][[-]+[-]][-]S[-][[-]+[-]][-]][-][[-]+[-]][-]>[-][[-]+[-]][-][[-][[-]+[-]][-]S[-][[-]+[-]][-]U[-][[-]+[-]]
[-]C[-][[-]+[-]][-]C[-][[-]+[-]][-]E[-][[-]+[-]][-]S[-][[-]+[-]][-]S[-][[-]+[-]][-]][-][[-]+[-]][-][[-][[-]+[-]][-][[-][[-]+[-]]
[-]S[-][[-]+[-]][-]U[-][[-]+[-]][-]C[-][[-]+[-]][-]C[-][[-]+[-]][-]E[-][[-]+[-]][-]S[-][[-]+[-]][-]S[-][[-]+[-]][-]][-][[-]+[-]]
[-]I[-][[-]+[-]][-][[-][[-]+[-]][-]S[-][[-]+[-]][-]U[-][[-]+[-]][-]C[-][[-]+[-]][-]C[-][[-]+[-]][-]E[-][[-]+[-]][-]S[-][[-]+[-]]
[-]S[-][[-]+[-]][-]][-][[-]+[-]][-]N[-][[-]+[-]][-][[-][[-]+[-]][-]S[-][[-]+[-]][-]U[-][[-]+[-]][-]C[-][[-]+[-]][-]C[-][[-]+[-]]
[-]E[-][[-]+[-]][-]S[-][[-]+[-]][-]S[-][[-]+[-]][-]][-][[-]+[-]][-]F[-][[-]+[-]][-][[-][[-]+[-]][-]S[-][[-]+[-]][-]U[-][[-]+[-]]
[-]C[-][[-]+[-]][-]C[-][[-]+[-]][-]E[-][[-]+[-]][-]S[-][[-]+[-]][-]S[-][[-]+[-]][-]][-][[-]+[-]][-]O[-][[-]+[-]][-][[-][[-]+[-]]
[-]S[-][[-]+[-]][-]U[-][[-]+[-]][-]C[-][[-]+[-]][-]C[-][[-]+[-]][-]E[-][[-]+[-]][-]S[-][[-]+[-]][-]S[-][[-]+[-]][-]][-][[-]+[-]]
[-]][-][[-]+[-]][-][[-][[-]+[-]][-]S[-][[-]+[-]][-]U[-][[-]+[-]][-]C[-][[-]+[-]][-]C[-][[-]+[-]][-]E[-][[-]+[-]][-]S[-][[-]+[-]]
[-]S[-][[-]+[-]][-]][-][[-]+[-]][-]][-][[-]+[-]][-][[-][[-]+[-]][-]S[-][[-]+[-]][-]U[-][[-]+[-]][-]C[-][[-]+[-]][-]C[-][[-]+[-]]
[-]E[-][[-]+[-]][-]S[-][[-]+[-]][-]S[-][[-]+[-]][-]][-][[-]+[-]][-][[-][[-]+[-]][-][[-][[-]+[-]][-]S[-][[-]+[-]][-]U[-][[-]+[-]]
[-]C[-][[-]+[-]][-]C[-][[-]+[-]][-]E[-][[-]+[-]][-]S[-][[-]+[-]][-]S[-][[-]+[-]][-]][-][[-]+[-]][-]I[-][[-]+[-]][-][[-][[-]+[-]]
[-]S[-][[-]+[-]][-]U[-][[-]+[-]][-]C[-][[-]+[-]][-]C[-][[-]+[-]][-]E[-][[-]+[-]][-]S[-][[-]+[-]][-]S[-][[-]+[-]][-]][-][[-]+[-]]
[-]N[-][[-]+[-]][-][[-][[-]+[-]][-]S[-][[-]+[-]][-]U[-][[-]+[-]][-]C[-][[-]+[-]][-]C[-][[-]+[-]][-]E[-][[-]+[-]][-]S[-][[-]+[-]]
[-]S[-][[-]+[-]][-]][-][[-]+[-]][-]F[-][[-]+[-]][-][[-][[-]+[-]][-]S[-][[-]+[-]][-]U[-][[-]+[-]][-]C[-][[-]+[-]][-]C[-][[-]+[-]]
[-]E[-][[-]+[-]][-]S[-][[-]+[-]][-]S[-][[-]+[-]][-]][-][[-]+[-]][-]O[-][[-]+[-]][-][[-][[-]+[-]][-]S[-][[-]+[-]][-]U[-][[-]+[-]]
[-]C[-][[-]+[-]][-]C[-][[-]+[-]][-]E[-][[-]+[-]][-]S[-][[-]+[-]][-]S[-][[-]+[-]][-]][-][[-]+[-]][-]][-][[-]+[-]][-][[-][[-]+[-]]
[-]S[-][[-]+[-]][-]U[-][[-]+[-]][-]C[-][[-]+[-]][-]C[-][[-]+[-]][-]E[-][[-]+[-]][-]S[-][[-]+[-]][-]S[-][[-]+[-]][-]][-][[-]+[-]]
[-]
                                                                                                                                
                                                                                                                                
                                                                                                                                
                                                                                                                                
                                                                                                                                
                                                                                                                                
                                                                                                                                
                                                                                                                                
                                                                                                                                
                                                                                                                                
                                                                                                                                
                                                                                                                                
                                                                                                                                
                                                                                                                                
                                                                                                                                
                                                                                                                                
                                                                                                                                
                                                                                                                                
                                                                                                                                
                                                                                                                                
                                                                                                                                
                                                                                                                                
                                                                                                                                
                                                                                                                                
                                                                                                                                
                                                                                                                                
                                                                                                                                
                                                                                                                                
                                                                                                                                
                                                                                                                                
                                                                                                                                
                                                                                                                                
                                                                                                                                
                                                                                                                                
                                                                                                                                
                                                                                                                                
                                                                                                                                
                                                                                                                                
                                                                                                                                
                                                                                                                                
                                                                                                                                
                                                                                                                                
                                                                                                                                
                                                                                                                                
                                                                                                                                
                                                                                                                                
                                                                                                                                
                                                                                                                                
                                                                                                                                
                                                                                                                                
                                                                                                                                
                                                                                                                                
                                                                                                                                
                                                                                                                                
                                                                                                                                
                                                                                                                                
                                                                                                                                
                                                                                                                                
                                                                                                                                
                                                                                                                                
                                                                                                                                
                                                                                                                                
                                                                                                                                
                                                                                                                                
                                                                                                                                
                                                                                                                                
                                                                                                                                
                                                                                                                                
                                                                                                                                
                                                                                                                                
                                                                                                                                
                                                                                                                                
                                                                                                                                
                                                                                                                                
                                                                                                                                
                                                                                                                                
                                                                                                                                
                                                                                                                                
                                                                                                                                
                                                                                                                                
                                                                                                                                
                                                                                                                                
                                                                                                                                
                                                                                                                                
                                                                                                                                
                                                                                                                                
                                                                                                                                
                                                                                                                                
                                                                                                                                
                                                                                                                                
                                                                                                                                
                                                                                                                                
                                                                                                                                
                                                                                                                                
                                                                                                                                
                                                                                                                                
                                                                                                                                
                                                                                                                                
                                                                                                                                
                                                                                                                                
                                                                                                                                
                                                                                                                                
                                                                                                                                
                                                                                                                                
                                                                                                                                
                                                                                                                                
                                                                                                                                
                                                                                                                                
                                                                                                                                
                                                                                                                                
                                                                                                                                
                                                                                                                                
                                                                                                                                
                                                                                                                                
                                                                                                                                
                                                                                                                                
                                                                                                                                
                                                                                                                                
                                                                                                                                
                                                                                                                                
                                                                                                                                
                                                                                                                                
                                                                                                                                
                                                                                                                                
                                                                                                                                
                                                                                                                                
                                                                                                                                
                                                                                                                                
                                                                                                                                
                                                                                                                                
                                                                                                                                
                                                                                                                                
                                                                                                                                
                                                                                                                                
                                                                                                                                
                                                                                                                                
                                                                                                                                
                                                                                                                                
                                                                                                                                
                                                                                                                                
                                                                                                                                
                                                                                                                                
                                                                                                                                
                                                                                                                                
                                                                                                                                
                                                                                                                                
                                                                                                                                
                                                                                                                                
                                                                                                                                
                                                                                                                                
                                                                                                                                
                                                                                                                                
                                                                                                                                
                                                                                                                                
                                                                                                                                
                                                                                                                                
                                                                                                                                
                                                                                                                                
                                                                                                                                
                                                                                                                                
                                                                                                                                
                                                                                                                                
                                                                                                                                
                                                                                                                                
                                                                                                                                
                                                                                                                                
                                                                                                                                
                                                                                                                                
                                                                                                                                
                                                                                                                                
                                                                                                                                
                                                                                                                                
                                                                                                                                
                                                                                                                                
                                                                                                                                
                                                                                                                                
                                                                                                                                
                                                                                                                                
                                                                                                                                
                                                                                                                                
                                                                                                                                
                                                                                                                                
                                                                                                                                
                                                                                                                                
                                                                                                                                
                                                                                                                                
                                                                                                                                
                                                                                                                                
                                                                                                                                
                                                                                                                                
                                                                                                                                
                                                                                                                                
                                                                                                                                
                                                                                                                                
                                                                                                                                
                                                                                                                                
                                                                                                                                
                                                                                                                                
                                                                                                                                
                                                                                                                                
                                                                                                                                
                                                                                                                                
                                                                                                                                
                                                                                                                                
                                                                                                                                
                                                                                                                                
                                                                                                                                
                                                                                                                                
                                                                                                                                
                                                                                                                                
                                                                                                                                
                                                                                                                                
                                                                                                                                
                                                                                                                                
                                                                                                                                
                                                                                                                                
                                                                                                                                
                                                                                                                                
                                                                                                                                
                                                                                                                                
                                                                                                                                
                                                                                                                                
                                                                                                                                
                                                                                                                                
                                                                                                                                
                                                                                                                                
                                                                                                                                
                                                                                                                                
                                                                                                                                
                                                                                                                                
                                                                                                                                
                                                                                                                                
                                                                                                                                
                                                                                                                                
                                                                                                                                
                                                                                                                                
                                                                                                                                
                                                                                                                                
                                                                                                                                
                                                                                                                                
                                                                                                                                
                                                                                                                                
                                                                                                                                
                                                                                                                                
                                                                                                                                
                                                                                                                                
                                                                                                                                
                                                                                                                                
                                                                                                                                
                                                                                                                                
                                                                                                                                
                                                                                                                                
                                                                                                                                
                                                                                                                                
                                                                                                                                
                                                                                                                                
                                                                                                                                
                                                                                                                                
                                                                                                                                
                                                                                                                                
                                                                                                                                
                                                                                                                                
                                                                                                                                
                                                                                                                                
                                                                                                                                
                                                                                                                                
                                                                                                                                
                                                                                                                                
                                                                                                                                
                                                                                                                                
                                                                                                                                
                                                                                                                                
                                                                                                                                
                                                                                                                                
                                                                                                                                
                                                                                                                                
                                                                                                                                
                                                                                                                                
                                                                                                                                
                                                                                                                                
                                                                                                                                
                                                                                                                                
                                                                                                                                
                                                                                                                                
                                                                                                                                
                                                                                                                                
                                                                                                                                
                                                                                                                                
                                                                                                                                
                                                                                                                                
                                                                                                                                
                                                                                                                                
                                                                                                                                
                                                                                                                                
                                                                                                                                
                                                                                                                                
                                                                                                                                
                                                                                                                                
                                                                                                                                
                                                                                                                                
                                                                                                                                
                                                                                                                                
                                                                                                                                
                                                                                                                                
                                                                                                                                
                                                                                                                                
                                                                                                                                
                                                                                                                                
                                                                                                                                
                                                                                                                                
                                                                                                                                
                                                                                                                                
                                                                                                                                
                                                                                                                                
                                                                                                                                
                                                                                                                                
                                                                                                                                
                                                                                                                                
                                                                                                                                
                                                                                                                                
                                                                                                                                
                                                                                                                                
                                                                                                                                
                                                                                                                                
                                                                                                                                
                                                                                                                                
                                                                                                                                
                                                                                                                                
                                                                                                                                
                                                                                                                                
                                                                                                                                
                                                                                                                                
                                                                                                                                
                                                                                                                                
                                                                                                                                
                                                                                                                                
                                                                                                                                
                                                                                                                                
                                                                                                                                
                                                                                                                                
                                                                                                                                
                                                                                                                                
                                                                                                                                
                                                                                                                                
                                                                                                                                
                                                                                                                                
                                                                                                                                
                                                                                                                                
                                                                                                                                
                                                                                                                                
                                                                                                                                
                                                                                                                                
                                                                                                                                
                                                                                                                                
                                                                                                                                
                                                                                                                                
                                                                                                                                
                                                                                                                                
                                                                                                                                
                                                                                                                                
                                                                                                                                
                                                                                                                                
                                                                                                                                
                                                                                                                                
                                                                                                                                
                                                                                                                                
                                                                                                                                
                                                                                                                                
                                                                                                                                
                                                                                                                                
                                                                                                                                
                                                                                                                                
                                                                                                                                
                                                                                                                                
                                                                                                                                
                                                                                                                                
                                                                                                                                
                                                                                                                                
                                                                                                                                
                                                                                                                                
                                                                                                                                
                                                                                                                                
                                                                                                                                
                                                                                                                                
                                                                                                                                
                                                                                                                                
                                                                                                                                
                                                                                                                                
                                                                                                                                
                                                                                                                                
                                                                                                                                
                                                                                                                                
                                                                                                                                
                                                                                                                                
                                                                                                                                
                                                                                                                                
                                                                                                                                
                                                                                                                                
                                                                                                                                
                                                                                                                                
                                                                                                                                
                                                                                                                                
                                                                                                                                
                                                                                                                                
                                                                                                                                
                                                                                                                                
                                                                                                                                
                                                                                                                                
                                                                                                                                
                                                                                                                                
                                                                                                                                
                                                                                                                                
                                                                                                                                
                                                                                                                                
                                                                                                                                
                                                                                                                                
                                                                                                                                
                                                                                                                                
                                                                                                                                
                                                                                                                                
                                                                                                                                
                                                                                                                                
                                                                                                                                
                                                                                                                                
                                                                                                                                
                                                                                                                                
                                                                                                                                
                                                                                                                                
                                                                                                                                
                                                                                                                                
                                                                                                                                
                                                                                                                                
                                                                                                                                
                                                                                                                                
                                                                                                                                
                                                                                                                                
                                                                                                                                
                                                                                                                                
                                                                                                                                
                                                                                                                                
                                                                                                                                
                                                                                                                                
                                                                                                                                
                                                                                                                                
                                                                                                                                
                                                                                                                                
                                                                                                                                
                                                                                                                                
                                                                                                                                
                                                                                                                                
                                                                                                                                
                                                                                                                                
                                                                                                                                
                                                                                                                                
                                                                                                                                
                                                                                                                                
                                                                                                                                
                                                                                                                                
                                                                                                                                
                                                                                                                                
                                                                                                                                
                                                                                                                                
                                                                                                                                
                                                                                                                                
                                                                                                                                
                                                                                                                                
                                                                                                                                
                                                                                                                                
                                                                                                                                
                                                                                                                                
                                                                                                                                
                                                                                                                                
                                                                                                                                
                                                                                                                                
                                                                                                                                
                                                                                                                                
                                                                                                                                
                                                                                                                                
                                                                                                                                
                                                                                                                                
                                                                                                                                
                                                                                                                                
                                                                                                                                
                                                                                                                                
                                                                                                                                
                                                                                                                                
                                                                                                                                
                                                                                                                                
                                                                                                                                
                                                                                                                                
                                                                                                                                
                                                                                                                                
                                                                                                                                
                                                                                                                                
                                                                                                                                
                                                                                                                                
                                                                                                                                
                                                                                                                                
                                                                                                                                
                                                                                                                                
                                                                                                                                
                                                                                                                                
                                                                                                                                
                                                                                                                                
                                                                                                                                
                                                                                                                                
                                                                                                                                
                                                                                                                                
                                                                                                                                
                                                                                                                                
                                                                                                                                
                                                                                                                                
                                                                                                                                
                                                                                                                                
                                                                                                                                
                                                                                                                                
                                                                                                                                
                                                                                                                                
                                                                                                                                
                                                                                                                                
                                                                                                                                
                                                                                                                                
                                                                                                                                
                                                                                                                                
                                                                                                                                
                                                                                                                                
                                                                                                                                
                                                                                                                                
                                                                                                                                
                                                                                                                                
                                                                                                                                
                                                                                                                                
                                                                                                                                
                                                                                                                                
                                                                                                                                
                                                                                                                                
                                                                                                                                
                                                                                                                                
                                                                                                                                
                                                                                                                                
                                                                                                                                
                                                                                                                                
                                                                                                                                
                                                                                                                                
                                                                                                                                
                                                                                                                                
                                                                                                                                
                                                                                                                                
                                                                                                                                
                                                                                                                                
                                                                                                                                
                                                                                                                                
                                                                                                                                
                                                                                                                                
                                                                                                                                
                                                                                                                                
                                                                                                                                
                                                                                                                                
                                                                                                                                
                                                                                                                                
                                                                                                                                
                                                                                                                                
                                                                                                                                
                                                                                                                                
                                                                                                                                
                                                                                                                                
                                                                                                                                
                                                                                                                                
                                                                                                                                
                                                                                                                                
                                                                                                                                
                                                                                                                                
                                                                                                                                
                                                                                                                                
                                                                                                                                
                                                                                                                                
                                                                                                                                
                                                                                                                                
                                                                                                                                
                                                                                                                                
                                                                                                                                
                                                                                                                                
                                                                                                                                
                                                                                                                                
                                                                                                                                
                                                                                                                                
                                                                                                                                
                                                                                                                                
                                                                                                                                
                                                                                                                                
                                                                                                                                
                                                                                                                                
                                                                                                                                
                                                                                                                                
                                                                                                                                
                                                                                                                                
                                                                                                                                
                                                                                                                                
                                                                                                                                
                                                                                                                                
                                                                                                                                
                                                                                                                                
                                                                                                                                
                                                                                                                                
                                                                                                                                
                                                                                                                                
                                                                                                                                
                                                                                                                                
                                                                                                                                
                                                                                                                                
                                                                                                                                
                                                                                                                                
                                                                                                                                
                                                                                                                                
                                                                                                                                
                                                                                                                                
                                                                                                                                
                                                                                                                                
                                                                                                                                
                                                                                                                                
                                                                                                                                
                                                                                                                                
                                                                                                                                
                                                                                                                                
                                                                                                                                
                                                                                                                                
                                                                                                                                
                                                                                                                                
                                                                                                                                
                                                                                                                                
                                                                                                                                
                                                                                                                                
                                                                                                                                
                                                                                                                                
                                                                                                                                
                                                                                                                                
                                                                                                                                
                                                                                                                                
                                                                                                                                
                                                                                                                                
                                                                                                                                
                                                                                                                                
                                                                                                                                
                                                                                                                                
                                                                                                                                
                                                                                                                                
                                                                                                                                
                                                                                                                                
                                                                                                                                
                                                                                                                                
                                                                                                                                
                                                                                                                                
                                                                                                                                
                                                                                                                                
                                                                                                                                
                                                                                                                                
                                                                                                                                
                                                                                                                                
                                                                                                                                
                                                                                                                                
                                                                                                                                
                                                                                                                                
                                                                                                                                
                                                                                                                                
                                                                                                                                
                                                                                                                                
                                                                                                                                
                                                                                                                                
                                                                                                                                
                                                                                                                                
                                                                                                                                
                                                                                                                                
                                                                                                                                
                                                                                                                                
                                                                                                                                
                                                                                                                                
                                                                                                                                
                                                                                                                                
                                                                                                                                
                                                                                                                                
                                                                                                                                
                                                                                                                                
                                                                                                                                
                                                                                                                                
                                                                                                                                
                                                                                                                                
                                                                                                                                
                                                                                                                                
                                                                                                                                
                                                                                                                                
                                                                                                                                
                                                                                                                                
                                                                                                                                
                                                                                                                                
                                                                                                                                
                                                                                                                                
                                                                                                                                
                                                                                                                                
                                                                                                                                
                                                                                                                                
                                                                                                                                
                                                                                                                                
                                                                                                                                
                                                                                                                                
                                                                                                                                
                                                                                                                                
                                                                                                                                
                                                                                                                                
                                                                                                                                
                                                                                                                                
                                                                                                                                
                                                                                                                                
                                                                                                                                
                                                                                                                                
                                                                                                                                
                                                                                                                                
                                                                                                                                
                                                                                                                                
                                                                                                                                
                                                                                                                                
                                                                                                                                
                                                                                                                                
                                                                                                                                
                                                                                                                                
                                                                                                                                
                                                                                                                                
                                                                                                                                
                                                                                                                                
                                                                                                                                
                                                                                                                                
                                                                                                                                
                                                                                                                                
                                                                                                                                
                                                                                                                                
                                                                                                                                
                                                                                                                                
                                                                                                                                
                                                                                                                                
                                                                                                                                
                                                                                                                                
                                                                                                                                
                                                                                                                                
                                                                                                                                
                                                                                                                                
                                                                                                                                
                                                                                                                                
                                                                                                                                
                                                                                                                                
                                                                                                                                
                                                                                                                                
                                                                                                                                
                                                                                                                                
                                                                                                                                
                                                                                                                                
                                                                                                                                
                                                                                                                                
                                                                                                                                
                                                                                                                                
                                                                                                                                
                                                                                                                                
                                                                                                                                
                                                                                                                                
                                                                                                                                
                                                                                                                                
                                                                                                                                
                                                                                                                                
                                                                                                                                
                                                                                                                                
                                                                                                                                
                                                                                                                                
                                                                                                                                
                                                                                                                                
                                                                                                                                
                                                                                                                                
                                                                                                                                
                                                                                                                                
                                                                                                                                
                                                                                                                                
                                                                                                                                
                                                                                                                                
                                                                                                                                
                                                                                                                                
                                                                                                                                
                                                                                                                                
                                                                                                                                
                                                                                                                                
                                                                                                                                
                                                                                                                                
                                                                                                                                
                                                                                                                                
                                                                                                                                
                                                                                                                                
                                                                                                                                
                                                                                                                                
                                                                                                                                
                                                                                                                                
                                                                                                                                
                                                                                                                                
                                                                                                                                
                                                                                                                                
                                                                                                                                
                                                                                                                                
                                                                                                                                
                                                                                                                                
                                                                                                                                
                                                                                                                                
                                                                                                                                
                                                                                                                                
                                                                                                                                
                                                                                                                                
                                                                                                                                
                                                                                                                                
                                                                                                                                
                                                                                                                                
                                                                                                                                
                                                                                                                                
                                                                                                                                
                                                                                                                                
                                                                                                                                
                                                                                                                                
                                                                                                                                
                                                                                                                                
                                                                                                                                
                                                                                                                                
                                                                                                                                
                                                                                                                                
                                                                                                                                
                                                                                                                                
                                                                                                                                
                                                                                                                                
                                                                                                                                
                                                                                                                                
                                                                                                                                
                                                                                                                                
                                                                                                                                
                                                                                                                                
                                                                                                                                
                                                                                                                                
                                                                                                                                
                                                                                                                                
                                                                                                                                
                                                                                                                                
                                                                                                                                
                                                                                                                                
                                                                                                                                
                                                                                                                                
                                                                                                                                
                                                                                                                                
                                                                                                                                
                                                                                                                                
                                                                                                                                
                                                                                                                                
                                                                                                                                
                                                                                                                                
                                                                                                                                
                                                                                                                                
                                                                                                                                
                                                                                                                                
                                                                                                                                
                                                                                                                                
                                                                                                                                
                                                                                                                                
                                                                                                                                
                                                                                                                                
                                                                                                                                
                                                                                                                                
                                                                                                                                
                                                                                                                                
                                                                                                                                
                                                                                                                                
                                                                                                                                
                                                                                                                                
                                                                                                                                
                                                                                                                                
                                                                                                                                
                                                                                                                                
                                                                                                                                
                                                                                                                                
                                                                                                                                
                                                                                                                                
                                                                                                                                
                                                                                                                                
                                                                                                                                
                                                                                                                                
                                                                                                                                
                                                                                                                                
                                                                                                                                
                                                                                                                                
                                                                                                                                
                                                                                                                                
                                                                                                                                
                                                                                                                                
                                                                                                                                
                                                                                                                                
                                                                                                                                
                                                                                                                                
                                                                                                                                
                                                                                                                                
                                                                                                                                
                                                                                                                                
                                                                                                                                
                                                                                                                                
                                                                                                                                
                                                                                                                                
                                                                                                                                
                                                                                                                                
                                                                                                                                
                                                                                                                                
                                                                                                                                
                                                                                                                                
                                                                                                                                
                                                                                                                                
                                                                                                                                
                                                                                                                                
                                                                                                                                
                                                                                                                                
                                                                                                                                
                                                                                                                                
                                                                                                                                
                                                                                                                                
                                                                                                                                
                                                                                                                                
                                                                                                                                
                                                                                                                                
                                                                                                                                
                                                                                                                                
                                                                                                                                
                                                                                                                                
                                                                                                                                
                                                                                                                                
                                                                                                                                
                                                                                                                                
                                                                                                                                
                                                                                                                                
                                                                                                                                
                                                                                                                                
                                                                                                                                
                                                                                                                                
                                                                                                                                
                                                                                                                                
                                                                                                                                
                                                                                                                                
                                                                                                                                
                                                                                                                                
                                                                                                                                
                                                                                                                                
                                                                                                                                
                                                                                                                                
                                                                                                                                
                                                                                                                                
                                                                                                                                
                                                                                                                                
                                                                                                                                
                                                                                                                                
                                                                                                                                
                                                                                                                                
                                                                                                                                
                                                                                                                                
                                                                                                                                
                                                                                                                                
                                                                                                                                
                                                                                                                                
                                                                                                                                
                                                                                                                                
                                                                                                                                
                                                                                                                                
                                                                                                                                
                                                                                                                                
                                                                                                                                
                                                                                                                                
                                                                                                                                
                                                                                                                                
                                                                                                                                
                                                                                                                                
                                                                                                                                
                                                                                                                                
                                                                                                                                
                                                                                                                                
                                                                                                                                
                                                                                                                                
                                                                                                                                
                                                                                                                                
                                                                                                                                
                                                                                                                                
                                                                                                                                
                                                                                                                                
                                                                                                                                
                                                                                                                                
                                                                                                                                
                                                                                                                                
                                                                                                                                
                                                                                                                                
                                                                                                                                
                                                                                                                                
                                                                                                                                
                                                                                                                                
                                                                                                                                
                                                                                                                                
                                                                                                                                
                                                                                                                                
                                                                                                                                
                                                                                                                                
                                                                                                                                
                                                                                                                                
                                                                                                                                
                                                                                                                                
                                                                                                                                
                                                                                                                                
                                                                                                                                
                                                                                                                                
                                                                                                                                
                                                                                                                                
                                                                                                                                
                                                                                                                                
                                                                                                                                
                                                                                                                                
                                                                                                                                
                                                                                                                                
                                                                                                                                
                                                                                                                                
                                                                                                                                
                                                                                                                                
                                                                                                                                
                                                                                                                                
                                                                                                                                
                                                                                                                                
                                                                                                                                
                                                                                                                                
                                                                                                                                
                                                                                                                                
                                                                                                                                
                                                                                                                                
                                                                                                                                
                                                                                                                                
                                                                                                                                
                                                                                                                                
                                                                                                                                
                                                                                                                                
                                                                                                                                
                                                                                                                                
                                                                                                                                
                                                                                                                                
                                                                                                                                
                                                                                                                                
                                                                                                                                
                                                                                                                                
                                                                                                                                
                                                                                                                                
                                                                                                                                
                                                                                                                                
                                                                                                                                
                                                                                                                                
                                                                                                                                
                                                                                                                                
                                                                                                                                
                                                                                                                                
                                                                                                                                
                                                                                                                                
                                                                                                                                
                                                                                                                                
                                                                                                                                
                                                                                                                                
                                                                                                                                
                                                                                                                                
                                                                                                                                
                                                                                                                                
                                                                                                                                
                                                                                                                                
                                                                                                                                
                                                                                                                                
                                                                                                                                
                                                                                                                                
                                                                                                                                
                                                                                                                                
                                                                                                                                
                                                                                                                                
                                                                                                                                
                                                                                                                                
                                                                                                                                
                                                                                                                                
                                                                                                                                
                                                                                                                                
                                                                                                                                
                                                                                                                                
                                                                                                                                
                                                                                                                                
                                                                                                                                
                                                                                                                                
                                                                                                                                
                                                                                                                                
                                                                                                                                
                                                                                                                                
                                                                                                                                
                                                                                                                                
                                                                                                                                
                                                                                                                                
                                                                                                                                
                                                                                                                                
                                                                                                                                
                                                                                                                                
                                                                                                                                
                                                                                                                                
                                                                                                                                
                                                                                                                                
                                                                                                                                
                                                                                                                                
                                                                                                                                
                                                                                                                                
                                                                                                                                
                                                                                                                                
                                                                                                                                
                                                                                                                                
                                                                                                                                
                                                                                                                                
                                                                                                                                
                                                                                                                                
                                                                                                                                
                                                                                                                                
                                                                                                                                
                                                                                                                                
                                                                                                                                
                                                                                                                                
                                                                                                                                
                                                                                                                                
                                                                                                                                
                                                                                                                                
                                                                                                                                
                                                                                                                                
                                                                                                                                
                                                                                                                                
                                                                                                                                
                                                                                                                                
                                                                                                                                
                                                                                                                                
                                                                                                                                
                                                                                                                                
                                                                                                                                
                                                                                                                                
                                                                                                                                
                                                                                                                                
                                                                                                                                
                                                                                                                                
                                                                                                                                
                                                                                                                                
                                                                                                                                
                                                                                                                                
                                                                                                                                
                                                                                                                                
                                                                                                                                
                                                                                                                                
                                                                                                                                
                                                                                                                                
                                                                                                                                
                                                                                                                                
                                                                                                                                
                                                                                                                                
                                                                                                                                
                                                                                                                                
                                                                                                                                
                                                                                                                                
                                                                                                                                
                                                                                                                                
                                                                                                                                
                                                                                                                                
                                                                                                                                
                                                                                                                                
                                                                                                                                
                                                                                                                                
                                                                                                                                
                                                                                                                                
                                                                                                                                
                                                                                                                                
                                                                                                                                
                                                                                                                                
                                                                                                                                
                                                                                                                                
                                                                                                                                
                                                                                                                                
                                                                                                                                
                                                                                                                                
                                                                                                                                
                                                                                                                                
                                                                                                                                
                                                                                                                                
                                                                                                                                
                                                                                                                                
                                                                                                                                
                                                                                                                                
                                                                                                                                
                                                                                                                                
                                                                                                                                
                                                                                                                                
                                                                                                                                
                                                                                                                                
                                                                                                                                
                                                                                                                                
                                                                                                                                
                                                                                                                                
                                                                                                                                
                                                                                                                                
                                                                                                                                
                                                                                                                                
                                                                                                                                
                                                                                                                                
                                                                                                                                
                                                                                                                                
                                                                                                                                
                                                                                                                                
                                                                                                                                
                                                                                                                                
                                                                                                                                
                                                                                                                                
                                                                                                                                
                                                                                                                                
                                                                                                                                
                                                                                                                                
                                                                                                                                
                                                                                                                                
                                                                                                                                
                                                                                                                                
                                                                                                                                
                                                                                                                                
                                                                                                                                
                                                                                                                                
                                                                                                                                
                                                                                                                                
                                                                                                                                
                                                                                                                                
                                                                                                                                
                                                                                                                                
                                                                                                                                
                                                                                                                                
                                                                                                                                
                                                                                                                                
                                                                                                                                
                                                                                                                                
                                                                                                                                
                                                                                                                                
                                                                                                                                
                                                                                                                                
                                                                                                                                
                                                                                                                                
                                                                                                                                
                                                                                                                                
                                                                                                                                
                                                                                                                                
                                                                                                                                
                                                                                                                                
                                                                                                                                
                                                                                                                                
                                                                                                                                
                                                                                                                                
                                                                                                                                
                                                                                                                                
                                                                                                                                
                                                                                                                                
                                                                                                                                
                                                                                                                                
                                                                                                                                
                                                                                                                                
                                                                                                                                
                                                                                                                                
                                                                                                                                
                                                                                                                                
                                                                                                                                
                                                                                                                                
                                                                                                                                
                                                                                                                                
                                                                                                                                
                                                                                                                                
                                                                                                                                
                                                                                                                                
                                                                                                                                
                                                                                                                                
                                                                                                                                
                                                                                                                                
                                                                                                                                
                                                                                                                                
                                                                                                                                
                                                                                                                                
                                                                                                                                
                                                                                                                                
                                                                                                                                
                                                                                                                                
                                                                                                                                
                                                                                                                                
                                                                                                                                
                                                                                                                                
                                                                                                                                
                                                                                                                                
                                                                                                                                
                                                                                                                                
                                                                                                                                
                                                                                                                                
                                                                                                                                
                                                                                                                                
                                                                                                                                
                                                                                                                                
                                                                                                                                
                                                                                                                                
                                                                                                                                
                                                                                                                                
                                                                                                                                
                                                                                                                                
                                                                                                                                
                                                                                                                                
                                                                                                                                
                                                                                                                                
                                                                                                                                
                                                                                                                                
                                                                                                                                
                                                                                                                                
                                                                                                                                
                                                                                                                                
                                                                                                                                
                                                                                                                                
                                                                                                                                
                                                                                                                                
                                                                                                                                
                                                                                                                                
                                                                                                                                
                                                                                                                                
                                                                                                                                
                                                                                                                                
                                                                                                                                
                                                                                                                                
                                                                                                                                
                                                                                                                                
                                                                                                                                
                                                                                                                                
                                                                                                                                
                                                                                                                                
                                                                                                                                
                                                                                                                                
                                                                                                                                
                                                                                                                                
                                                                                                                                
                                                                                                                                
                                                                                                                                
                                                                                                                                
                                                                                                                                
                                                                                                                                
                                                                                                                                
                                                                                                                                
                                                                                                                                
                                                                                                                                
                                                                                                                                
                                                                                                                                
                                                                                                                                
                                                                                                                                
                                                                                                                                
                                                                                                                                
                                                                                                                                
                                                                                                                                
                                                                                                                                
                                                                                                                                
                                                                                                                                
                                                                                                                                
                                                                                                                                
                                                                                                                                
                                                                                                                                
                                                                                                                                
                                                                                                                                
                                                                                                                                
                                                                                                                                
                                                                                                                                
                                                                                                                                
                                                                                                                                
                                                                                                                                
                                                                                                                                
                                                                                                                                
                                                                                                                                
                                                                                                                                
                                                                                                                                
                                                                                                                                
                                                                                                                                
                                                                                                                                
                                                                                                                                
                                                                                                                                
                                                                                                                                
                                                                                                                                
                                                                                                                                
                                                                                                                                
                                                                                                                                
                                                                                                                                
                                                                                                                                
                                                                                                                                
                                                                                                                                
                                                                                                                                
                                                                                                                                
                                                                                                                                
                                                                                                                                
                                                                                                                                
                                                                                                                                
                                                                                                                                
                                                                                                                                
                                                                                                                                
                                                                                                                                
                                                                                                                                
                                                                                                                                
                                                                                                                                
                                                                                                                                
                                                                                                                                
                                                                                                                                
                                                                                                                                
                                                                                                                                
                                                                                                                                
                                                                                                                                
                                                                                                                                
                                                                                                                                
                                                                                                                                
                                                                                                                                
                                                                                                                                
                                                                                                                                
                                                                                                                                
                                                                                                                                
                                                                                                                                
                                                                                                                                
                                                                                                                                
                                                                                                                                
                                                                                                                                
                                                                                                                                
                                                                                                                                
                                                                                                                                
                                                                                                                                
                                                                                                                                
                                                                                                                                
                                                                                                                                
                                                                                                                                
                                                                                                                                
                                                                                                                                
                                                                                                                                
                                                                                                                                
                                                                                                                                
                                                                                                                                
                                                                                                                                
                                                                                                                                
                                                                                                                                
                                                                                                                                
                                                                                                                                
                                                                                                                                
                                                                                                                                
                                                                                                                                
                                                                                                                                
                                                                                                                                
                                                                                                                                
                                                                                                                                
                                                                                                                                
                                                                                                                                
                                                                                                                                
                                                                                                                                
                                                                                                                                
                                                                                                                                
                                                                                                                                
                                                                                                                                
                                                                                                                                
                                                                                                                                
                                                                                                                                
                                                                                                                                
                                                                                                                                
                                                                                                                                
                                                                                                                                
                                                                                                                                
                                                                                                                                
                                                                                                                                
                                                                                                                                
                                                                                                                                
                                                                                                                                
                                                                                                                                
                                                                                                                                
                                                                                                                                
                                                                                                                                
                                                                                                                                
                                                                                                                                
                                                                                                                                
                                                                                                                                
                                                                                                                                
                                                                                                                                
                                                                                                                                
                                                                                                                                
                                                                                                                                
                                                                                                                                
                                                                                                                                
                                                                                                                                
                                                                                                                                
                                                                                                                                
                                                                                                                                
                                                                                                                                
                                                                                                                                
                                                                                                                                
                                                                                                                                
                                                                                                                                
                                                                                                                                
                                                                                                                                
                                                                                                                                
                                                                                                                                
                                                                                                                                
                                                                                                                                
                                                                                                                                
                                                                                                                                
                                                                                                                                
                                                                                                                                
                                                                                                                                
                                                                                                                                
                                                                                                                                
                                                                                                                                
                                                                                                                                
                                                                                                                                
                                                                                                                                
                                                                                                                                
                                                                                                                                
                                                                                                                                
                                                                                                                                
                                                                                                                                
                                                                                                                                
                                                                                                                                
                                                                                                                                
                                                                                                                                
                                                                                                                                
                                                                                                                                
                                                                                                                                
                                                                                                                                
                                                                                                                                
                                                                                                                                
                                                                                                                                
                                                                                                                                
                                                                                                                                
                                                                                                                                
                                                                                                                                
                                                                                                                                
                                                                                                                                
                                                                                                                                
                                                                                                                                
                                                                                                                                
                                                                                                                                
                                                                                                                                
                                                                                                                                
                                                                                                                                
                                                                                                                                
                                                                                                                                
                                                                                                                                
                                                                                                                                
                                                                                                                                
                                                                                                                                
                                                                                                                                
                                                                                                                                
                                                                                                                                
                                                                                                                                
                                                                                                                                
                                                                                                                                
                                                                                                                                
                                                                                                                                
                                                                                                                                
                                                                                                                                
                                                                                                                                
                                                                                                                                
                                                                                                                                
                                                                                                                                
                                                                                                                                
                                                                                                                                
                                                                                                                                
                                                                                                                                
                                                                                                                                
                                                                                                                                
                                                                                                                                
                                                                                                                                
                                                                                                                                
                                                                                                                                
                                                                                                                                
                                                                                                                                
                                                                                                                                
                                                                                                                                
                                                                                                                                
                                                                                                                                
                                                                                                                                
                                                                                                                                
                                                                                                                                
                                                                                                                                
                                                                                                                                
                                                                                                                                
                                                                                                                                
                                                                                                                                
                                                                                                                                
                                                                                                                                
                                                                                                                                
                                                                                                                                
                                                                                                                                
                                                                                                                                
                                                                                                                                
                                                                                                                                
                                                                                                                                
                                                                                                                                
                                                                                                                                
                                                                                                                                
                                                                                                                                
                                                                                                                                
                                                                                                                                
                                                                                                                                
                                                                                                                                
                                                                                                                                
                                                                                                                                
                                                                                                                                
                                                                                                                                
                                                                                                                                
                                                                                                                                
                                                                                                                                
                                                                                                                                
                                                                                                                                
                                                                                                                                
                                                                                                                                
                                                                                                                                
                                                                                                                                
                                                                                                                                
                                                                                                                                
                                                                                                                                
                                                                                                                                
                                                                                                                                
                                                                                                                                
                                                                                                                                
                                                                                                                                
                                                                                                                                
                                                                                                                                
                                                                                                                                
                                                                                                                                
                                                                                                                                
                                                                                                                                
                                                                                                                                
                                                                                                                                
                                                                                                                                
                                                                                                                                
                                                                                                                                
                                                                                                                                
                                                                                                                                
                                                                                                                                
                                                                                                                                
                                                                                                                                
                                                                                                                                
                                                                                                                                
                                                                                                                                
                                                                                                                                
                                                                                                                                
                                                                                                                                
                                                                                                                                
                                                                                                                                
                                                                                                                                
                                                                                                                                
                                                                                                                                
                                                                                                                                
                                                                                                                                
                                                                                                                                
                                                                                                                                
                                                                                                                                
                                                                                                                                
                                                                                                                                
                                                                                                                                
                                                                                                                                
                                                                                                                                
                                                                                                                                
                                                                                                                                
                                                                                                                                
                                                                                                                                
                                                                                                                                
                                                                                                                                
                                                                                                                                
                                                                                                                                
                                                                                                                                
                                                                                                                                
                                                                                                                                
                                                                                                                                
                                                                                                                                
                                                                                                                                
                                                                                                                                
                                                                                                                                
                                                                                                                                
                                                                                                                                
                                                                                                                                
                                                                                                                                
                                                                                                                                
                                                                                                                                
                                                                                                                                
                                                                                                                                
                                                                                                                                
                                                                                                                                
                                                                                                                                
                                                                                                                                
                                                                                                                                
                                                                                                                                
                                                                                                                                
                                                                                                                                
                                                                                                                                
                                                                                                                                
                                                                                                                                
                                                                                                                                
                                                                                                                                
                                                                                                                                
                                                                                                                                
                                                                                                                                
                                                                                                                                
                                                                                                                                
                                                                                                                                
                                                                                                                                
                                                                                                                                
                                                                                                                                
                                                                                                                                
                                                                                                                                
                                                                                                                                
                                                                                                                                
                                                                                                                                
                                                                                                                                
                                                                                                                                
                                                                                                                                
                                                                                                                                
                                                                                                                                
                                                                                                                                
                                                                                                                                
                                                                                                                                
                                                                                                                                
                                                                                                                                
                                                                                                                                
                                                                                                                                
                                                                                                                                
                                                                                                                                
                                                                                                                                
                                                                                                                                
                                                                                                                                
                                                                                                                                
                                                                                                                                
                                                                                                                                
                                                                                                                                
                                                                                                                                
                                                                                                                                
                                                                                                                                
                                                                                                                                
                                                                                                                                
                                                                                                                                
                                                                                                                                
                                                                                                                                
                                                                                                                                
                                                                                                                                
                                                                                                                                
                                                                                                                                
                                                                                                                                
                                                                                                                                
                                                                                                                                
                                                                                                                                
                                                                                                                                
                                                                                                                                
                                                                                                                                
                                                                                                                                
                                                                                                                                
                                                                                                                                
                                                                                                                                
                                                                                                                                
                                                                                                                                
                                                                                                                                
                                                                                                                                
                                                                                                                                
                                                                                                                                
                                                                                                                                
                                                                                                                                
                                                                                                                                
                                                                                                                                
                                                                                                                                
                                                                                                                                
                                                                                                                                
                                                                                                                                
                                                                                                                                
                                                                                                                                
                                                                                                                                
                                                                                                                                
                                                                                                                                
                                                                                                                                
                                                                                                                                
                                                                                                                                
                                                                                                                                
                                                                                                                                
                                                                                                                                
                                                                                                                                
                                                                                                                                
                                                                                                                                
                                                                                                                                
                                                                                                                                
                                                                                                                                
                                                                                                                                
                                                                                                                                
                                                                                                                                
                                                                                                                                
                                                                                                                                
                                                                                                                                
                                                                                                                                
                                                                                                                                
                                                                                                                                
                                                                                                                                
                                                                                                                                
                                                                                                                                
                                                                                                                                
                                                                                                                                
                                                                                                                                
                                                                                                                                
                                                                                                                                
                                                                                                                                
                                                                                                                                
                                                                                                                                
                                                                                                                                
                                                                                                                                
                                                                                                                                
                                                                                                                                
                                                                                                                                
                                                                                                                                
                                                                                                                                
                                                                                                                                
                                                                                                                                
                                                                                                                                
                                                                                                                                
                                                                                                                                
                                                                                                                                
                                                                                                                                
                                                                                                                                
                                                                                                                                
                                                                                                                                
                                                                                                                                
                                                                                                                                
                                                                                                                                
                                                                                                                                
                                                                                                                                
                                                                                                                                
                                                                                                                                
                                                                                                                                
                                                                                                                                
                                                                                                                                
                                                                                                                                
                                                                                                                                
                                                                                                                                
                                                                                                                                
                                                                                                                                
                                                                                                                                
                                                                                                                                
                                                                                                                                
                                                                                                                                
                                                                                                                                
                                                                                                                                
                                                                                                                                
                                                                                                                                
                                                                                                                                
                                                                                                                                
                                                                                                                                
                                                                                                                                
                                                                                                                                
                                                                                                                                
                                                                                                                                
                                                                                                                                
                                                                                                                                
                                                                                                                                
                                                                                                                                
                                                                                                                                
                                                                                                                                
                                                                                                                                
                                                                                                                                
                                                                                                                                
                                                                                                                                
                                                                                                                                
                                                                                                                                
                                                                                                                                
                                                                                                                                
                                                                                                                                
                                                                                                                                
                                                                                                                                
                                                                                                                                
                                                                                                                                
                                                                                                                                
                                                                                                                                
                                                                                                                                
                                                                                                                                
                                                                                                                                
                                                                                                                                
                                                                                                                                
                                                                                                                                
                                                                                                                                
                                                                                                                                
                                                                                                                                
                                                                                                                                
                                                                                                                                
                                                                                                                                
                                                                                                                                
                                                                                                                                
                                                                                                                                
                                                                                                                                
                                                                                                                                
                                                                                                                                
                                                                                                                                
                                                                                                                                
                                                                                                                                
                                                                                                                                
                                                                                                                                
                                                                                                                                
                                                                                                                                
                                                                                                                                
                                                                                                                                
                                                                                                                                
                                                                                                                                
                                                                                                                                
                                                                                                                                
                                                                                                                                
                                                                                                                                
                                                                                                                                
                                                                                                                                
                                                                                                                                
                                                                                                                                
                                                                                                                                
                                                                                                                                
                                                                                                                                
                                                                                                                                
                                                                                                                                
                                                                                                                                
                                                                                                                                
                                                                                                                                
                                                                                                                                
                                                                                                                                
                                                                                                                                
                                                                                                                                
                                                                                                                                
                                                                                                                                
                                                                                                                                
                                                                                                                                
                                                                                                                                
                                                                                                                                
                                                                                                                                
                                                                                                                                
                                                                                                                                
                                                                                                                                
                                                                                                                                
                                                                                                                                
                                                                                                                                
                                                                                                                                
                                                                                                                                
                                                                                                                                
                                                                                                                                
                                                                                                                                
                                                                                                                                
                                                                                                                                
                                                                                                                                
                                                                                                                                
                                                                                                                                
                                                                                                                                
                                                                                                                                
                                                                                                                                
                                                                                                                                
                                                                                                                                
                                                                                                                                
                                                                                                                                
                                                                                                                                
                                                                                                                                
                                                                                                                                
                                                                                                                                
                                                                                                                                
                                                                                                                                
                                                                                                                                
                                                                                                                                
                                                                                                                                
                                                                                                                                
                                                                                                                                
                                                                                                                                
                                                                                                                                
                                                                                                                                
                                                                                                                                
                                                                                                                                
                                                                                                                                
                                                                                                                                
                                                                                                                                
                                                                                                                                
                                                                                                                                
                                                                                                                                
                                                                                                                                
                                                                                                                                
                                                                                                                                
                                                                                                                                
                                                                                                                                
                                                                                                                                
                                                                                                                                
                                                                                                                                
                                                                                                                                
                                                                                                                                
                                                                                                                                
                                                                                                                                
                                                                                                                                
                                                                                                                                
                                                                                                                                
                                                                                                                                
                                                                                                                                
                                                                                                                                
                                                                                                                                
                                                                                                                                
                                                                                                                                
                                                                                                                                
                                                                                                                                
                                                                                                                                
                                                                                                                                
                                                                                                                                
                                                                                                                                
                                                                                                                                
                                                                                                                                
                                                                                                                                
                                                                                                                                
                                                                                                                                
                                                                                                                                
                                                                                                                                
                                                                                                                                
                                                                                                                                
                                                                                                                                
                                                                                                                                
                                                                                                                                
                                                                                                                                
                                                                                                                                
                                                                                                                                
                                                                                                                                
                                                                                                                                
                                                                                                                                
                                                                                                                                
                                                                                                                                
                                                                                                                                
                                                                                                                                
                                                                                                                                
                                                                                                                                
                                                                                                                                
                                                                                                                                
                                                                                                                                
                                                                                                                                
                                                                                                                                
                                                                                                                                
                                                                                                                                
                                                                                                                                
                                                                                                                                
                                                                                                                                
                                                                                                                                
                                                                                                                                
                                                                                                                                
                                                                                                                                
                                                                                                                                
                                                                                                                                
                                                                                                                                
                                                                                                                                
                                                                                                                                
                                                                                                                                
                                                                                                                                
                                                                                                                                
                                                                                                                                
                                                                                                                                
                                                                                                                                
                                                                                                                                
                                                                                                                                
                                                                                                                                
                                                                                                                                
                                                                                                                                
                                                                                                                                
                                                                                                                                
                                                                                                                                
                                                                                                                                
                                                                                                                                
                                                                                                                                
                                                                                                                                
                                                                                                                                
                                                                                                                                
                                                                                                                                
                                                                                                                                
                                                                                                                                
                                                                                                                                
                                                                                                                                
                                                                                                                                
                                                                                                                                
                                                                                                                                
                                                                                                                                
                                                                                                                                
                                                                                                                                
                                                                                                                                
                                                                                                                                
                                                                                                                                
                                                                                                                                
                                                                                                                                
                                                                                                                                
                                                                                                                                
                                                                                                                                
                                                                                                                                
                                                                                                                                
                                                                                                                                
                                                                                                                                
                                                                                                                                
                                                                                                                                
                                                                                                                                
                                                                                                                                
                                                                                                                                
                                                                                                                                
                                                                                                                                
                                                                                                                                
                                                                                                                                
                                                                                                                                
                                                                                                                                
                                                                                                                                
                                                                                                                                
                                                                                                                                
                                                                                                                                
   ^
SyntaxError: unterminated string literal (detected at line 1)
